******************************************************************************
                  TI ARM Linker PC v5.2.5                      
******************************************************************************
>> Linked Wed Oct 28 12:40:28 2015

OUTPUT FILE NAME:   <TivaControlBoard.out>
ENTRY POINT SYMBOL: "_c_int00"  address: 00001729


MEMORY CONFIGURATION

         name            origin    length      used     unused   attr    fill
----------------------  --------  ---------  --------  --------  ----  --------
  FLASH                 00000000   00040000  00002858  0003d7a8  R  X
  SRAM                  20000000   00008000  00000618  000079e8  RW X


SEGMENT ALLOCATION MAP

run origin  load origin   length   init length attrs members
----------  ----------- ---------- ----------- ----- -------
00000000    00000000    00002858   00002858    r-x
  00000000    00000000    0000026c   0000026c    r-- .intvecs
  0000026c    0000026c    00002088   00002088    r-x .text
  000022f4    000022f4    000004cc   000004cc    r-- .const
  000027c0    000027c0    00000098   00000098    r-- .cinit
20000000    20000000    00000618   00000000    rw-
  20000000    20000000    0000026c   00000000    rw- .vtable
  2000026c    2000026c    00000200   00000000    rw- .stack
  2000046c    2000046c    00000110   00000000    rw- .bss
  2000057c    2000057c    0000009c   00000000    rw- .data


SECTION ALLOCATION MAP

 output                                  attributes/
section   page    origin      length       input sections
--------  ----  ----------  ----------   ----------------
.intvecs   0    00000000    0000026c     
                  00000000    0000026c     startup_ccs.obj (.intvecs)

.text      0    0000026c    00002088     
                  0000026c    00000256     esp8266.obj (.text:send_esp8266)
                  000004c2    00000002     startup_ccs.obj (.text:FaultISR)
                  000004c4    00000140     dht22.obj (.text:PortEIntHandler)
                  00000604    00000130     driverlib.lib : gpio.obj (.text:GPIOPadConfigSet)
                  00000734    00000110     timers.obj (.text:main)
                  00000844    0000010c     driverlib.lib : sysctl.obj (.text:SysCtlClockGet)
                  00000950    000000f0                   : sysctl.obj (.text:SysCtlClockSet)
                  00000a40    000000e0     lcd_nokia5510.obj (.text:nokiaLCDinit)
                  00000b20    000000d8     esp8266.obj (.text:esp8266_send)
                  00000bf8    000000bc     sensors.obj (.text:change_mode)
                  00000cb4    000000ac     sensors.obj (.text:check_sensor1)
                  00000d60    000000a4     esp8266.obj (.text:init_esp8266)
                  00000e04    0000009c     rtsv7M4_T_le_v4SPD16_eabi.lib : memcpy_t2.obj (.text)
                  00000ea0    00000090     tiva_ssi.obj (.text:SSI_init)
                  00000f30    0000008c     dht22.obj (.text:init_dht22)
                  00000fbc    00000084     sensors.obj (.text:check_fan_timer)
                  00001040    0000007a     rtsv7M4_T_le_v4SPD16_eabi.lib : memset_t2.obj (.text)
                  000010ba    00000002     startup_ccs.obj (.text:IntDefaultHandler)
                  000010bc    00000078     ds1820.obj (.text:read_ds1820)
                  00001134    00000070     dht22.obj (.text:startDHT)
                  000011a4    0000006c     rtsv7M4_T_le_v4SPD16_eabi.lib : autoinit.obj (.text)
                  00001210    0000006a                                   : copy_decompress_rle.obj (.text)
                  0000127a    00000002     startup_ccs.obj (.text:NmiSR)
                  0000127c    00000068     driverlib.lib : interrupt.obj (.text:IntEnable)
                  000012e4    00000068     sensors.obj (.text:check_sensor2)
                  0000134c    00000068     lcd_nokia5510.obj (.text:lcd_puts)
                  000013b4    00000064     timers.obj (.text:check_sensors)
                  00001418    00000060     driverlib.lib : timer.obj (.text:TimerConfigure)
                  00001478    00000060     ds1820.obj (.text:read_scratchpad)
                  000014d8    00000058     sensors.obj (.text:init_sensors)
                  00001530    00000058     lcd_nokia5510.obj (.text:nokiaLCDtext)
                  00001588    00000058     ds1820.obj (.text:writeslot)
                  000015e0    00000056     driverlib.lib : gpio.obj (.text:GPIOIntTypeSet)
                  00001636    00000052     ds1820.obj (.text:reset_ds1820)
                  00001688    00000050     driverlib.lib : sysctl.obj (.text:SysCtlPeripheralReset)
                  000016d8    00000050     co2sensor.obj (.text:init_co2sensor)
                  00001728    00000050     rtsv7M4_T_le_v4SPD16_eabi.lib : boot.obj (.text)
                  00001778    0000004e     ds1820.obj (.text:readslot)
                  000017c6    00000002     --HOLE-- [fill = 0]
                  000017c8    0000004d     timers.obj (.text:init_system)
                  00001815    00000003     --HOLE-- [fill = 0]
                  00001818    0000004c     sensors.obj (.text:PortFIntHandler)
                  00001864    0000004c     lcd_nokia5510.obj (.text:nokiaLCDwrite)
                  000018b0    0000004c     rtsv7M4_T_le_v4SPD16_eabi.lib : cpy_tbl.obj (.text)
                  000018fc    00000048     driverlib.lib : gpio.obj (.text:GPIOPinConfigure)
                  00001944    00000048     sensors.obj (.text:check_sensor3)
                  0000198c    00000048     sensors.obj (.text:check_sensor4)
                  000019d4    00000048     sensors.obj (.text:update_thingspeak)
                  00001a1c    00000046     esp8266.obj (.text:esp8266_reset)
                  00001a62    00000046     ds1820.obj (.text:write_ds1820)
                  00001aa8    00000044     rtsv7M4_T_le_v4SPD16_eabi.lib : exit.obj (.text)
                  00001aec    00000042     driverlib.lib : uart.obj (.text:UARTConfigSetExpClk)
                  00001b2e    00000002     --HOLE-- [fill = 0]
                  00001b30    00000040                   : gpio.obj (.text:_GPIOIntNumberGet)
                  00001b70    00000040     lcd_nokia5510.obj (.text:nokiaLCDclear)
                  00001bb0    00000040     dht22.obj (.text:read_dht22)
                  00001bf0    0000003c     driverlib.lib : ssi.obj (.text:SSIConfigSetExpClk)
                  00001c2c    0000003c     timers.obj (.text:WatchdogIntHandler)
                  00001c68    00000038     timers.obj (.text:SysTickIntHandler)
                  00001ca0    00000038     actuators.obj (.text:init_actuators)
                  00001cd8    00000038     ds1820.obj (.text:set_line)
                  00001d10    00000034     driverlib.lib : interrupt.obj (.text:IntRegister)
                  00001d44    00000034                   : sysctl.obj (.text:SysCtlPeripheralEnable)
                  00001d78    00000034     dht22.obj (.text:dht22_readhumidity)
                  00001dac    00000034     dht22.obj (.text:dht22_readtemp)
                  00001de0    00000034     rtsv7M4_T_le_v4SPD16_eabi.lib : strstr.obj (.text)
                  00001e14    00000034     esp8266.obj (.text:uart_send)
                  00001e48    00000030     tiva_ssi.obj (.text:SSI_write)
                  00001e78    00000030     dht22.obj (.text:setDHTinput)
                  00001ea8    0000002e     timers.obj (.text:delay_us)
                  00001ed6    0000002a     driverlib.lib : gpio.obj (.text:GPIODirModeSet)
                  00001f00    0000002a     lcd_nokia5510.obj (.text:nokiaLCDsetXY)
                  00001f2a    00000002     --HOLE-- [fill = 0]
                  00001f2c    00000028     actuators.obj (.text:set_actuator1)
                  00001f54    00000028     actuators.obj (.text:set_actuator2)
                  00001f7c    00000028     sensors.obj (.text:update_lcd)
                  00001fa4    00000022     lcd_nokia5510.obj (.text:validate_char)
                  00001fc6    0000001e     rtsv7M4_T_le_v4SPD16_eabi.lib : strcat.obj (.text)
                  00001fe4    0000001c     dht22.obj (.text:Timer0IntHandler)
                  00002000    0000001c     driverlib.lib : uart.obj (.text:UARTDisable)
                  0000201c    0000001c     ds1820.obj (.text:get_line)
                  00002038    0000001c     ds1820.obj (.text:set_mode_input)
                  00002054    0000001c     ds1820.obj (.text:set_mode_output)
                  00002070    00000018     driverlib.lib : gpio.obj (.text:GPIOIntRegister)
                  00002088    00000018                   : gpio.obj (.text:GPIOPinTypeGPIOOutput)
                  000020a0    00000018     ds1820.obj (.text:read_ds1820_1)
                  000020b8    00000018     ds1820.obj (.text:read_ds1820_2)
                  000020d0    00000018     rtsv7M4_T_le_v4SPD16_eabi.lib : args_main.obj (.text)
                  000020e8    00000014     driverlib.lib : systick.obj (.text:SysTickEnable)
                  000020fc    00000014                   : systick.obj (.text:SysTickIntEnable)
                  00002110    00000014                   : uart.obj (.text:UARTEnable)
                  00002124    00000014     rtsv7M4_T_le_v4SPD16_eabi.lib : _lock.obj (.text)
                  00002138    00000014                                   : strcpy.obj (.text)
                  0000214c    00000012     driverlib.lib : gpio.obj (.text:GPIOPinTypeGPIOInput)
                  0000215e    00000012                   : gpio.obj (.text:GPIOPinTypeSSI)
                  00002170    00000012                   : gpio.obj (.text:GPIOPinTypeUART)
                  00002182    00000012                   : ssi.obj (.text:SSIDataGetNonBlocking)
                  00002194    00000012                   : timer.obj (.text:TimerLoadSet)
                  000021a6    00000010                   : interrupt.obj (.text:IntMasterDisable)
                  000021b6    00000010                   : interrupt.obj (.text:IntMasterEnable)
                  000021c6    00000002     --HOLE-- [fill = 0]
                  000021c8    00000010                   : systick.obj (.text:SysTickPeriodSet)
                  000021d8    00000010     ds1820.obj (.text:init_ds1820)
                  000021e8    0000000e     driverlib.lib : gpio.obj (.text:GPIOIntStatus)
                  000021f6    0000000e                   : timer.obj (.text:TimerEnable)
                  00002204    0000000e                   : uart.obj (.text:UARTCharGetNonBlocking)
                  00002212    0000000e     rtsv7M4_T_le_v4SPD16_eabi.lib : copy_decompress_none.obj (.text:decompress:none)
                  00002220    0000000c     driverlib.lib : cpu.obj (.text:CPUcpsid)
                  0000222c    0000000c                   : cpu.obj (.text:CPUcpsie)
                  00002238    0000000c                   : gpio.obj (.text:GPIOIntEnable)
                  00002244    0000000c                   : ssi.obj (.text:SSIDataGet)
                  00002250    0000000c                   : uart.obj (.text:UARTCharsAvail)
                  0000225c    0000000c     rtsv7M4_T_le_v4SPD16_eabi.lib : copy_zero_init.obj (.text:decompress:ZI)
                  00002268    0000000c     dht22.obj (.text:getTimer0ChAvalue)
                  00002274    0000000c     timers.obj (.text:kick_watchdog)
                  00002280    0000000a     driverlib.lib : ssi.obj (.text:SSIDataPut)
                  0000228a    0000000a                   : ssi.obj (.text:SSIDisable)
                  00002294    0000000a                   : ssi.obj (.text:SSIEnable)
                  0000229e    0000000a                   : uart.obj (.text:UARTCharGet)
                  000022a8    0000000a                   : uart.obj (.text:UARTCharPut)
                  000022b2    00000008                   : ssi.obj (.text:SSIBusy)
                  000022ba    00000008                   : timer.obj (.text:TimerIntEnable)
                  000022c2    00000006                   : gpio.obj (.text:GPIOIntClear)
                  000022c8    00000006                   : gpio.obj (.text:GPIOPinRead)
                  000022ce    00000006                   : gpio.obj (.text:GPIOPinWrite)
                  000022d4    00000006     startup_ccs.obj (.text:ResetISR)
                  000022da    00000006     driverlib.lib : ssi.obj (.text:SSIClockSourceSet)
                  000022e0    00000006                   : sysctl.obj (.text:SysCtlDelay)
                  000022e6    00000006     rtsv7M4_T_le_v4SPD16_eabi.lib : copy_decompress_rle.obj (.text:decompress:rle24)
                  000022ec    00000004     driverlib.lib : timer.obj (.text:TimerIntClear)
                  000022f0    00000004     rtsv7M4_T_le_v4SPD16_eabi.lib : pre_init.obj (.text)

.const     0    000022f4    000004cc     
                  000022f4    000001e0     lcd_nokia5510.obj (.const:ASCII)
                  000024d4    000000c0     driverlib.lib : gpio.obj (.const:g_ppui32GPIOIntMapBlizzard)
                  00002594    000000c0                   : gpio.obj (.const:g_ppui32GPIOIntMapSnowflake)
                  00002654    00000090                   : gpio.obj (.const:g_pui32GPIOBaseAddrs)
                  000026e4    00000070                   : interrupt.obj (.const)
                  00002754    0000006c                   : sysctl.obj (.const:g_pui32Xtals)

.cinit     0    000027c0    00000098     
                  000027c0    0000005d     (.cinit..data.load) [load image, compression = rle]
                  0000281d    00000003     --HOLE-- [fill = 0]
                  00002820    0000000c     (__TI_handler_table)
                  0000282c    00000004     --HOLE-- [fill = 0]
                  00002830    00000008     (.cinit..bss.load) [load image, compression = zero_init]
                  00002838    00000008     (.cinit..vtable.load) [load image, compression = zero_init]
                  00002840    00000018     (__TI_cinit_table)

.init_array 
*          0    00000000    00000000     UNINITIALIZED

.vtable    0    20000000    0000026c     UNINITIALIZED
                  20000000    0000026c     driverlib.lib : interrupt.obj (.vtable)

.stack     0    2000026c    00000200     UNINITIALIZED
                  2000026c    00000200     --HOLE--

.bss       0    2000046c    00000110     UNINITIALIZED
                  2000046c    000000c8     dht22.obj (.bss:receivedBits)
                  20000534    00000020     (.common:uart_data)
                  20000554    00000004     (.common:checksum)
                  20000558    00000004     (.common:dhtBitCount)
                  2000055c    00000004     (.common:g_ui32SecondsCounter)
                  20000560    00000004     (.common:g_ui32SysTickCounter)
                  20000564    00000004     (.common:humidity)
                  20000568    00000004     (.common:temp_secondsCounter$2)
                  2000056c    00000004     (.common:temperature)
                  20000570    00000004     (.common:timerACounter)
                  20000574    00000002     (.common:temp_ds1820)
                  20000576    00000001     (.common:dhtBit)
                  20000577    00000001     (.common:ds1820_data_bit)
                  20000578    00000001     (.common:dummy$1)
                  20000579    00000001     (.common:operating_mode)
                  2000057a    00000001     (.common:readDHT)
                  2000057b    00000001     (.common:uart_data_counter)

.TI.noinit 
*          0    2000046c    00000000     UNINITIALIZED

.data      0    2000057c    0000009c     UNINITIALIZED
                  2000057c    0000006d     sensors.obj (.data)
                  200005e9    00000003     --HOLE--
                  200005ec    0000000c     dht22.obj (.data)
                  200005f8    0000000c     timers.obj (.data)
                  20000604    00000008     rtsv7M4_T_le_v4SPD16_eabi.lib : _lock.obj (.data)
                  2000060c    00000008                                   : exit.obj (.data)
                  20000614    00000004                                   : stkdepth_vars.obj (.data)

.TI.persistent 
*          0    2000057c    00000000     UNINITIALIZED


LINKER GENERATED COPY TABLES

__TI_cinit_table @ 00002840 records: 3, size/record: 8, table size: 24
	.data: load addr=000027c0, load size=0000005d bytes, run addr=2000057c, run size=0000009c bytes, compression=rle
	.bss: load addr=00002830, load size=00000008 bytes, run addr=2000046c, run size=00000110 bytes, compression=zero_init
	.vtable: load addr=00002838, load size=00000008 bytes, run addr=20000000, run size=0000026c bytes, compression=zero_init


LINKER GENERATED HANDLER TABLE

__TI_handler_table @ 00002820 records: 3, size/record: 4, table size: 12
	index: 0, handler: __TI_zero_init
	index: 1, handler: __TI_decompress_rle24
	index: 2, handler: __TI_decompress_none


GLOBAL SYMBOLS: SORTED ALPHABETICALLY BY Name 

address   name                     
-------   ----                     
00001aa9  C$$EXIT                  
00002221  CPUcpsid                 
0000222d  CPUcpsie                 
00001ed7  GPIODirModeSet           
000022c3  GPIOIntClear             
00002239  GPIOIntEnable            
00002071  GPIOIntRegister          
000021e9  GPIOIntStatus            
000015e1  GPIOIntTypeSet           
00000605  GPIOPadConfigSet         
000018fd  GPIOPinConfigure         
000022c9  GPIOPinRead              
0000214d  GPIOPinTypeGPIOInput     
00002089  GPIOPinTypeGPIOOutput    
0000215f  GPIOPinTypeSSI           
00002171  GPIOPinTypeUART          
000022cf  GPIOPinWrite             
0000127d  IntEnable                
000021a7  IntMasterDisable         
000021b7  IntMasterEnable          
00001d11  IntRegister              
000004c5  PortEIntHandler          
00001819  PortFIntHandler          
000022d5  ResetISR                 
UNDEFED   SHT$$INIT_ARRAY$$Base    
UNDEFED   SHT$$INIT_ARRAY$$Limit   
000022b3  SSIBusy                  
000022db  SSIClockSourceSet        
00001bf1  SSIConfigSetExpClk       
00002245  SSIDataGet               
00002183  SSIDataGetNonBlocking    
00002281  SSIDataPut               
0000228b  SSIDisable               
00002295  SSIEnable                
00000ea1  SSI_init                 
00001e49  SSI_write                
00000845  SysCtlClockGet           
00000951  SysCtlClockSet           
000022e1  SysCtlDelay              
00001d45  SysCtlPeripheralEnable   
00001689  SysCtlPeripheralReset    
000020e9  SysTickEnable            
000020fd  SysTickIntEnable         
00001c69  SysTickIntHandler        
000021c9  SysTickPeriodSet         
00001fe5  Timer0IntHandler         
00001419  TimerConfigure           
000021f7  TimerEnable              
000022ed  TimerIntClear            
000022bb  TimerIntEnable           
00002195  TimerLoadSet             
0000229f  UARTCharGet              
00002205  UARTCharGetNonBlocking   
000022a9  UARTCharPut              
00002251  UARTCharsAvail           
00001aed  UARTConfigSetExpClk      
00002001  UARTDisable              
00002111  UARTEnable               
00001c2d  WatchdogIntHandler       
2000046c  __STACK_END              
00000200  __STACK_SIZE             
2000036c  __STACK_TOP              
00002840  __TI_CINIT_Base          
00002858  __TI_CINIT_Limit         
00002820  __TI_Handler_Table_Base  
0000282c  __TI_Handler_Table_Limit 
000011a5  __TI_auto_init           
2000060c  __TI_cleanup_ptr         
00002213  __TI_decompress_none     
000022e7  __TI_decompress_rle24    
20000610  __TI_dtors_ptr           
00000000  __TI_static_base__       
0000225d  __TI_zero_init           
00001041  __aeabi_memclr           
00001041  __aeabi_memclr4          
00001041  __aeabi_memclr8          
00000e05  __aeabi_memcpy           
00000e05  __aeabi_memcpy4          
00000e05  __aeabi_memcpy8          
00001043  __aeabi_memset           
00001043  __aeabi_memset4          
00001043  __aeabi_memset8          
ffffffff  __binit__                
ffffffff  __c_args__               
2000026c  __stack                  
000020d1  _args_main               
00001729  _c_int00                 
20000604  _lock                    
00002133  _nop                     
0000212b  _register_lock           
00002125  _register_unlock         
000022f1  _system_pre_init         
20000608  _unlock                  
00001aad  abort                    
ffffffff  binit                    
00000bf9  change_mode              
00000fbd  check_fan_timer          
00000cb5  check_sensor1            
000012e5  check_sensor2            
00001945  check_sensor3            
0000198d  check_sensor4            
000013b5  check_sensors            
20000554  checksum                 
000018b1  copy_in                  
00001ea9  delay_us                 
00001d79  dht22_readhumidity       
00001dad  dht22_readtemp           
20000576  dhtBit                   
20000558  dhtBitCount              
20000577  ds1820_data_bit          
200005c4  esp8266_data             
00001a1d  esp8266_reset            
00000b21  esp8266_send             
00001ab5  exit                     
200005f8  g_bFeedWatchdog          
200005f9  g_bWatchdogTimeoutMsgSent
20000000  g_pfnRAMVectors          
00000000  g_pfnVectors             
2000055c  g_ui32SecondsCounter     
20000560  g_ui32SysTickCounter     
00002269  getTimer0ChAvalue        
0000201d  get_line                 
20000564  humidity                 
00001ca1  init_actuators           
000016d9  init_co2sensor           
00000f31  init_dht22               
000021d9  init_ds1820              
00000d61  init_esp8266             
000014d9  init_sensors             
000017c9  init_system              
00002275  kick_watchdog            
0000134d  lcd_puts                 
00000735  main                     
20000614  main_func_sp             
00000e05  memcpy                   
00001049  memset                   
00001b71  nokiaLCDclear            
00000a41  nokiaLCDinit             
00001f01  nokiaLCDsetXY            
00001531  nokiaLCDtext             
00001865  nokiaLCDwrite            
20000579  operating_mode           
2000057a  readDHT                  
00001bb1  read_dht22               
000010bd  read_ds1820              
000020a1  read_ds1820_1            
000020b9  read_ds1820_2            
00001479  read_scratchpad          
00001779  readslot                 
2000046c  receivedBits             
00001637  reset_ds1820             
0000026d  send_esp8266             
00001e79  setDHTinput              
00001f2d  set_actuator1            
00001f55  set_actuator2            
00001cd9  set_line                 
00002039  set_mode_input           
00002055  set_mode_output          
00001135  startDHT                 
00001fc7  strcat                   
00002139  strcpy                   
00001de1  strstr                   
20000574  temp_ds1820              
2000056c  temperature              
200005b8  threshold_co2            
200005a0  threshold_humidity       
200005ac  threshold_temperature    
20000570  timerACounter            
20000534  uart_data                
2000057b  uart_data_counter        
00001e15  uart_send                
00001f7d  update_lcd               
000019d5  update_thingspeak        
00001fa5  validate_char            
00001a63  write_ds1820             
00001589  writeslot                


GLOBAL SYMBOLS: SORTED BY Symbol Address 

address   name                     
-------   ----                     
00000000  __TI_static_base__       
00000000  g_pfnVectors             
00000200  __STACK_SIZE             
0000026d  send_esp8266             
000004c5  PortEIntHandler          
00000605  GPIOPadConfigSet         
00000735  main                     
00000845  SysCtlClockGet           
00000951  SysCtlClockSet           
00000a41  nokiaLCDinit             
00000b21  esp8266_send             
00000bf9  change_mode              
00000cb5  check_sensor1            
00000d61  init_esp8266             
00000e05  __aeabi_memcpy           
00000e05  __aeabi_memcpy4          
00000e05  __aeabi_memcpy8          
00000e05  memcpy                   
00000ea1  SSI_init                 
00000f31  init_dht22               
00000fbd  check_fan_timer          
00001041  __aeabi_memclr           
00001041  __aeabi_memclr4          
00001041  __aeabi_memclr8          
00001043  __aeabi_memset           
00001043  __aeabi_memset4          
00001043  __aeabi_memset8          
00001049  memset                   
000010bd  read_ds1820              
00001135  startDHT                 
000011a5  __TI_auto_init           
0000127d  IntEnable                
000012e5  check_sensor2            
0000134d  lcd_puts                 
000013b5  check_sensors            
00001419  TimerConfigure           
00001479  read_scratchpad          
000014d9  init_sensors             
00001531  nokiaLCDtext             
00001589  writeslot                
000015e1  GPIOIntTypeSet           
00001637  reset_ds1820             
00001689  SysCtlPeripheralReset    
000016d9  init_co2sensor           
00001729  _c_int00                 
00001779  readslot                 
000017c9  init_system              
00001819  PortFIntHandler          
00001865  nokiaLCDwrite            
000018b1  copy_in                  
000018fd  GPIOPinConfigure         
00001945  check_sensor3            
0000198d  check_sensor4            
000019d5  update_thingspeak        
00001a1d  esp8266_reset            
00001a63  write_ds1820             
00001aa9  C$$EXIT                  
00001aad  abort                    
00001ab5  exit                     
00001aed  UARTConfigSetExpClk      
00001b71  nokiaLCDclear            
00001bb1  read_dht22               
00001bf1  SSIConfigSetExpClk       
00001c2d  WatchdogIntHandler       
00001c69  SysTickIntHandler        
00001ca1  init_actuators           
00001cd9  set_line                 
00001d11  IntRegister              
00001d45  SysCtlPeripheralEnable   
00001d79  dht22_readhumidity       
00001dad  dht22_readtemp           
00001de1  strstr                   
00001e15  uart_send                
00001e49  SSI_write                
00001e79  setDHTinput              
00001ea9  delay_us                 
00001ed7  GPIODirModeSet           
00001f01  nokiaLCDsetXY            
00001f2d  set_actuator1            
00001f55  set_actuator2            
00001f7d  update_lcd               
00001fa5  validate_char            
00001fc7  strcat                   
00001fe5  Timer0IntHandler         
00002001  UARTDisable              
0000201d  get_line                 
00002039  set_mode_input           
00002055  set_mode_output          
00002071  GPIOIntRegister          
00002089  GPIOPinTypeGPIOOutput    
000020a1  read_ds1820_1            
000020b9  read_ds1820_2            
000020d1  _args_main               
000020e9  SysTickEnable            
000020fd  SysTickIntEnable         
00002111  UARTEnable               
00002125  _register_unlock         
0000212b  _register_lock           
00002133  _nop                     
00002139  strcpy                   
0000214d  GPIOPinTypeGPIOInput     
0000215f  GPIOPinTypeSSI           
00002171  GPIOPinTypeUART          
00002183  SSIDataGetNonBlocking    
00002195  TimerLoadSet             
000021a7  IntMasterDisable         
000021b7  IntMasterEnable          
000021c9  SysTickPeriodSet         
000021d9  init_ds1820              
000021e9  GPIOIntStatus            
000021f7  TimerEnable              
00002205  UARTCharGetNonBlocking   
00002213  __TI_decompress_none     
00002221  CPUcpsid                 
0000222d  CPUcpsie                 
00002239  GPIOIntEnable            
00002245  SSIDataGet               
00002251  UARTCharsAvail           
0000225d  __TI_zero_init           
00002269  getTimer0ChAvalue        
00002275  kick_watchdog            
00002281  SSIDataPut               
0000228b  SSIDisable               
00002295  SSIEnable                
0000229f  UARTCharGet              
000022a9  UARTCharPut              
000022b3  SSIBusy                  
000022bb  TimerIntEnable           
000022c3  GPIOIntClear             
000022c9  GPIOPinRead              
000022cf  GPIOPinWrite             
000022d5  ResetISR                 
000022db  SSIClockSourceSet        
000022e1  SysCtlDelay              
000022e7  __TI_decompress_rle24    
000022ed  TimerIntClear            
000022f1  _system_pre_init         
00002820  __TI_Handler_Table_Base  
0000282c  __TI_Handler_Table_Limit 
00002840  __TI_CINIT_Base          
00002858  __TI_CINIT_Limit         
20000000  g_pfnRAMVectors          
2000026c  __stack                  
2000036c  __STACK_TOP              
2000046c  __STACK_END              
2000046c  receivedBits             
20000534  uart_data                
20000554  checksum                 
20000558  dhtBitCount              
2000055c  g_ui32SecondsCounter     
20000560  g_ui32SysTickCounter     
20000564  humidity                 
2000056c  temperature              
20000570  timerACounter            
20000574  temp_ds1820              
20000576  dhtBit                   
20000577  ds1820_data_bit          
20000579  operating_mode           
2000057a  readDHT                  
2000057b  uart_data_counter        
200005a0  threshold_humidity       
200005ac  threshold_temperature    
200005b8  threshold_co2            
200005c4  esp8266_data             
200005f8  g_bFeedWatchdog          
200005f9  g_bWatchdogTimeoutMsgSent
20000604  _lock                    
20000608  _unlock                  
2000060c  __TI_cleanup_ptr         
20000610  __TI_dtors_ptr           
20000614  main_func_sp             
ffffffff  __binit__                
ffffffff  __c_args__               
ffffffff  binit                    
UNDEFED   SHT$$INIT_ARRAY$$Base    
UNDEFED   SHT$$INIT_ARRAY$$Limit   

[176 symbols]
