******************************************************************************
                  TI ARM Linker PC v5.2.6                      
******************************************************************************
>> Linked Tue Jan 26 13:56:46 2016

OUTPUT FILE NAME:   <TivaControlBoard.out>
ENTRY POINT SYMBOL: "_c_int00"  address: 00002691


MEMORY CONFIGURATION

         name            origin    length      used     unused   attr    fill
----------------------  --------  ---------  --------  --------  ----  --------
  FLASH                 00000000   00040000  00003a5e  0003c5a2  R  X
  SRAM                  20000000   00008000  00000788  00007878  RW X


SEGMENT ALLOCATION MAP

run origin  load origin   length   init length attrs members
----------  ----------- ---------- ----------- ----- -------
00000000    00000000    00003a60   00003a60    r-x
  00000000    00000000    0000026c   0000026c    r-- .intvecs
  0000026c    0000026c    00003248   00003248    r-x .text
  000034b4    000034b4    000004fa   000004fa    r-- .const
  000039b0    000039b0    000000b0   000000b0    r-- .cinit
20000000    20000000    00000788   00000000    rw-
  20000000    20000000    0000026c   00000000    rw- .vtable
  2000026c    2000026c    00000254   00000000    rw- .bss
  200004c0    200004c0    00000200   00000000    rw- .stack
  200006c0    200006c0    000000c8   00000000    rw- .data


SECTION ALLOCATION MAP

 output                                  attributes/
section   page    origin      length       input sections
--------  ----  ----------  ----------   ----------------
.intvecs   0    00000000    0000026c     
                  00000000    0000026c     startup_ccs.obj (.intvecs)

.text      0    0000026c    00003248     
                  0000026c    00000323     esp8266.obj (.text:send_esp8266)
                  0000058f    00000001     --HOLE-- [fill = 0]
                  00000590    0000030c     uartstdio.obj (.text:UARTvprintf)
                  0000089c    000002d4     rtsv7M4_T_le_v4SPD16_eabi.lib : trgdrv.obj (.text)
                  00000b70    0000018a     rtc.obj (.text:getRtc)
                  00000cfa    00000002     startup_ccs.obj (.text:FaultISR)
                  00000cfc    00000150     dht22.obj (.text:PortEIntHandler)
                  00000e4c    00000134     timers.obj (.text:main)
                  00000f80    00000132     driverlib.lib : gpio.obj (.text:GPIOPadConfigSet)
                  000010b2    00000002     startup_ccs.obj (.text:IntDefaultHandler)
                  000010b4    00000110     driverlib.lib : sysctl.obj (.text:SysCtlClockGet)
                  000011c4    000000f4                   : sysctl.obj (.text:SysCtlClockSet)
                  000012b8    000000e0     lcd_nokia5510.obj (.text:nokiaLCDinit)
                  00001398    000000dc     esp8266.obj (.text:esp8266_send)
                  00001474    000000d0     sensors.obj (.text:check_sensor1)
                  00001544    000000cc     rtc.obj (.text:compare_rtc)
                  00001610    000000bc     sensors.obj (.text:change_mode)
                  000016cc    000000b0     sensors.obj (.text:check_fan_timer)
                  0000177c    000000a8     ds1820.obj (.text:read_scratchpad)
                  00001824    000000a4     esp8266.obj (.text:init_esp8266)
                  000018c8    000000a0     co2sensor.obj (.text:get_co2level)
                  00001968    0000009c     rtsv7M4_T_le_v4SPD16_eabi.lib : memcpy_t2.obj (.text)
                  00001a04    00000094     utils.obj (.text:uitoa)
                  00001a98    00000090     tiva_ssi.obj (.text:SSI_init)
                  00001b28    0000008c     dht22.obj (.text:init_dht22)
                  00001bb4    00000084     rtc.obj (.text:init_limits_rtc)
                  00001c38    00000080     utils.obj (.text:atoui)
                  00001cb8    0000007c     sensors.obj (.text:check_sensor5)
                  00001d34    0000007a     rtsv7M4_T_le_v4SPD16_eabi.lib : memset_t2.obj (.text)
                  00001dae    00000002     startup_ccs.obj (.text:NmiSR)
                  00001db0    00000078     sensors.obj (.text:init_sensors)
                  00001e28    00000078     ds1820.obj (.text:read_ds1820)
                  00001ea0    00000074     uartstdio.obj (.text:UARTStdioConfig)
                  00001f14    00000070     dht22.obj (.text:startDHT)
                  00001f84    0000006c     timers.obj (.text:check_sensors)
                  00001ff0    0000006c     rtsv7M4_T_le_v4SPD16_eabi.lib : autoinit.obj (.text)
                  0000205c    0000006a                                   : copy_decompress_rle.obj (.text)
                  000020c6    00000002                                   : i_div0.obj (.text)
                  000020c8    00000068     driverlib.lib : interrupt.obj (.text:IntEnable)
                  00002130    00000068     sensors.obj (.text:check_sensor2)
                  00002198    00000068     tiva_i2c.obj (.text:initI2C0)
                  00002200    00000068     lcd_nokia5510.obj (.text:lcd_puts)
                  00002268    00000068     rtsv7M4_T_le_v4SPD16_eabi.lib : trgmsg.obj (.text)
                  000022d0    00000060     driverlib.lib : timer.obj (.text:TimerConfigure)
                  00002330    00000060     tiva_i2c.obj (.text:readI2C0)
                  00002390    0000005c     uartstdio.obj (.text:UARTwrite)
                  000023ec    00000058     utils.obj (.text:ConfigureUART0)
                  00002444    00000058     lcd_nokia5510.obj (.text:nokiaLCDtext)
                  0000249c    00000058     ds1820.obj (.text:writeslot)
                  000024f4    00000056     driverlib.lib : gpio.obj (.text:GPIOIntTypeSet)
                  0000254a    00000052     ds1820.obj (.text:reset_ds1820)
                  0000259c    00000051     timers.obj (.text:init_system)
                  000025ed    00000003     --HOLE-- [fill = 0]
                  000025f0    00000050     driverlib.lib : sysctl.obj (.text:SysCtlPeripheralReset)
                  00002640    00000050     co2sensor.obj (.text:init_co2sensor)
                  00002690    00000050     rtsv7M4_T_le_v4SPD16_eabi.lib : boot.obj (.text)
                  000026e0    0000004e     ds1820.obj (.text:readslot)
                  0000272e    00000002     --HOLE-- [fill = 0]
                  00002730    0000004c     driverlib.lib : i2c.obj (.text:I2CMasterInitExpClk)
                  0000277c    0000004c     sensors.obj (.text:PortFIntHandler)
                  000027c8    0000004c     rtc.obj (.text:isTimeToActuate)
                  00002814    0000004c     lcd_nokia5510.obj (.text:nokiaLCDwrite)
                  00002860    0000004c     rtsv7M4_T_le_v4SPD16_eabi.lib : cpy_tbl.obj (.text)
                  000028ac    0000004c                                   : rand.obj (.text)
                  000028f8    00000048     driverlib.lib : gpio.obj (.text:GPIOPinConfigure)
                  00002940    00000048     sensors.obj (.text:check_sensor3)
                  00002988    00000048     sensors.obj (.text:check_sensor4)
                  000029d0    00000048     sensors.obj (.text:update_thingspeak)
                  00002a18    00000046     driverlib.lib : uart.obj (.text:UARTConfigSetExpClk)
                  00002a5e    00000002     --HOLE-- [fill = 0]
                  00002a60    00000046     esp8266.obj (.text:esp8266_reset)
                  00002aa6    00000046     ds1820.obj (.text:write_ds1820)
                  00002aec    00000044     rtsv7M4_T_le_v4SPD16_eabi.lib : exit.obj (.text)
                  00002b30    00000040     driverlib.lib : gpio.obj (.text:_GPIOIntNumberGet)
                  00002b70    00000040     lcd_nokia5510.obj (.text:nokiaLCDclear)
                  00002bb0    00000040     utils.obj (.text:power)
                  00002bf0    00000040     dht22.obj (.text:read_dht22)
                  00002c30    00000040     rtsv7M4_T_le_v4SPD16_eabi.lib : u_divt2.obj (.text)
                  00002c70    0000003c     driverlib.lib : ssi.obj (.text:SSIConfigSetExpClk)
                  00002cac    0000003c     timers.obj (.text:WatchdogIntHandler)
                  00002ce8    00000038     timers.obj (.text:SysTickIntHandler)
                  00002d20    00000038     actuators.obj (.text:init_actuators)
                  00002d58    00000038     ds1820.obj (.text:set_line)
                  00002d90    00000034     driverlib.lib : interrupt.obj (.text:IntRegister)
                  00002dc4    00000034                   : sysctl.obj (.text:SysCtlPeripheralEnable)
                  00002df8    00000034     dht22.obj (.text:dht22_readhumidity)
                  00002e2c    00000034     dht22.obj (.text:dht22_readtemp)
                  00002e60    00000034     rtsv7M4_T_le_v4SPD16_eabi.lib : strstr.obj (.text)
                  00002e94    00000034     esp8266.obj (.text:uart_send)
                  00002ec8    00000034     sensors.obj (.text:update_lcd)
                  00002efc    00000030     tiva_ssi.obj (.text:SSI_write)
                  00002f2c    00000030     sensors.obj (.text:check_rtcTimer)
                  00002f5c    00000030     dht22.obj (.text:setDHTinput)
                  00002f8c    0000002e     timers.obj (.text:delay_us)
                  00002fba    0000002a     driverlib.lib : gpio.obj (.text:GPIODirModeSet)
                  00002fe4    0000002a     lcd_nokia5510.obj (.text:nokiaLCDsetXY)
                  0000300e    00000028     rtsv7M4_T_le_v4SPD16_eabi.lib : strncat.obj (.text)
                  00003036    00000002     --HOLE-- [fill = 0]
                  00003038    00000028     actuators.obj (.text:set_actuator1)
                  00003060    00000028     actuators.obj (.text:set_actuator2)
                  00003088    00000024     utils.obj (.text:LOGprintf)
                  000030ac    00000022     rtc.obj (.text:init_limit)
                  000030ce    00000022     lcd_nokia5510.obj (.text:validate_char)
                  000030f0    00000020     driverlib.lib : uart.obj (.text:UARTDisable)
                  00003110    0000001e     rtsv7M4_T_le_v4SPD16_eabi.lib : strcat.obj (.text)
                  0000312e    00000002     --HOLE-- [fill = 0]
                  00003130    0000001c     dht22.obj (.text:Timer0IntHandler)
                  0000314c    0000001c     ds1820.obj (.text:get_line)
                  00003168    0000001c     ds1820.obj (.text:set_mode_input)
                  00003184    0000001c     ds1820.obj (.text:set_mode_output)
                  000031a0    00000018     driverlib.lib : gpio.obj (.text:GPIOIntRegister)
                  000031b8    00000018                   : gpio.obj (.text:GPIOPinTypeGPIOOutput)
                  000031d0    00000018     ds1820.obj (.text:read_ds1820_1)
                  000031e8    00000018     ds1820.obj (.text:read_ds1820_2)
                  00003200    00000018     rtsv7M4_T_le_v4SPD16_eabi.lib : args_main.obj (.text)
                  00003218    00000014     driverlib.lib : systick.obj (.text:SysTickEnable)
                  0000322c    00000014                   : systick.obj (.text:SysTickIntEnable)
                  00003240    00000014                   : uart.obj (.text:UARTEnable)
                  00003254    00000014     rtsv7M4_T_le_v4SPD16_eabi.lib : _lock.obj (.text)
                  00003268    00000014                                   : strcpy.obj (.text)
                  0000327c    00000014                                   : strlen.obj (.text)
                  00003290    00000012     driverlib.lib : gpio.obj (.text:GPIOPinTypeGPIOInput)
                  000032a2    00000012                   : gpio.obj (.text:GPIOPinTypeI2C)
                  000032b4    00000012                   : gpio.obj (.text:GPIOPinTypeI2CSCL)
                  000032c6    00000012                   : gpio.obj (.text:GPIOPinTypeSSI)
                  000032d8    00000012                   : gpio.obj (.text:GPIOPinTypeUART)
                  000032ea    00000012                   : ssi.obj (.text:SSIDataGetNonBlocking)
                  000032fc    00000012                   : timer.obj (.text:TimerLoadSet)
                  0000330e    00000012     rtc.obj (.text:read_i2c)
                  00003320    00000010     driverlib.lib : interrupt.obj (.text:IntMasterDisable)
                  00003330    00000010                   : interrupt.obj (.text:IntMasterEnable)
                  00003340    00000010                   : systick.obj (.text:SysTickPeriodSet)
                  00003350    00000010     ds1820.obj (.text:init_ds1820)
                  00003360    0000000e     driverlib.lib : gpio.obj (.text:GPIOIntStatus)
                  0000336e    0000000e                   : timer.obj (.text:TimerEnable)
                  0000337c    0000000e                   : uart.obj (.text:UARTCharGetNonBlocking)
                  0000338a    0000000e                   : uart.obj (.text:UARTCharsAvail)
                  00003398    0000000e     rtsv7M4_T_le_v4SPD16_eabi.lib : copy_decompress_none.obj (.text:decompress:none)
                  000033a6    0000000e                                   : time.obj (.text)
                  000033b4    0000000c     driverlib.lib : cpu.obj (.text:CPUcpsid)
                  000033c0    0000000c                   : cpu.obj (.text:CPUcpsie)
                  000033cc    0000000c                   : gpio.obj (.text:GPIOIntEnable)
                  000033d8    0000000c                   : ssi.obj (.text:SSIDataGet)
                  000033e4    0000000c     rtsv7M4_T_le_v4SPD16_eabi.lib : copy_zero_init.obj (.text:decompress:ZI)
                  000033f0    0000000c     dht22.obj (.text:getTimer0ChAvalue)
                  000033fc    0000000c     rtc.obj (.text:init_RTC)
                  00003408    0000000c     timers.obj (.text:kick_watchdog)
                  00003414    0000000a     driverlib.lib : i2c.obj (.text:I2CMasterEnable)
                  0000341e    0000000a                   : ssi.obj (.text:SSIDataPut)
                  00003428    0000000a                   : ssi.obj (.text:SSIDisable)
                  00003432    0000000a                   : ssi.obj (.text:SSIEnable)
                  0000343c    0000000a                   : uart.obj (.text:UARTCharGet)
                  00003446    0000000a                   : uart.obj (.text:UARTCharPut)
                  00003450    00000008                   : i2c.obj (.text:I2CMasterBusy)
                  00003458    00000008                   : i2c.obj (.text:I2CMasterSlaveAddrSet)
                  00003460    00000008                   : ssi.obj (.text:SSIBusy)
                  00003468    00000008                   : timer.obj (.text:TimerIntEnable)
                  00003470    00000006                   : gpio.obj (.text:GPIOIntClear)
                  00003476    00000006                   : gpio.obj (.text:GPIOPinRead)
                  0000347c    00000006                   : gpio.obj (.text:GPIOPinWrite)
                  00003482    00000006     startup_ccs.obj (.text:ResetISR)
                  00003488    00000006     driverlib.lib : ssi.obj (.text:SSIClockSourceSet)
                  0000348e    00000006                   : sysctl.obj (.text:SysCtlDelay)
                  00003494    00000006                   : uart.obj (.text:UARTClockSourceSet)
                  0000349a    00000006     rtsv7M4_T_le_v4SPD16_eabi.lib : copy_decompress_rle.obj (.text:decompress:rle24)
                  000034a0    00000004     driverlib.lib : i2c.obj (.text:I2CMasterControl)
                  000034a4    00000004                   : i2c.obj (.text:I2CMasterDataGet)
                  000034a8    00000004                   : i2c.obj (.text:I2CMasterDataPut)
                  000034ac    00000004                   : timer.obj (.text:TimerIntClear)
                  000034b0    00000004     rtsv7M4_T_le_v4SPD16_eabi.lib : pre_init.obj (.text)

.const     0    000034b4    000004fa     
                  000034b4    000001e0     lcd_nokia5510.obj (.const:ASCII)
                  00003694    000000c0     driverlib.lib : gpio.obj (.const:g_ppui32GPIOIntMapBlizzard)
                  00003754    000000c0                   : gpio.obj (.const:g_ppui32GPIOIntMapSnowflake)
                  00003814    00000090                   : gpio.obj (.const:g_pui32GPIOBaseAddrs)
                  000038a4    00000070                   : interrupt.obj (.const)
                  00003914    0000006c                   : sysctl.obj (.const:g_pui32Xtals)
                  00003980    0000001c     uartstdio.obj (.const)
                  0000399c    00000012     uartstdio.obj (.const:.string)

.cinit     0    000039b0    000000b0     
                  000039b0    00000076     (.cinit..data.load) [load image, compression = rle]
                  00003a26    00000002     --HOLE-- [fill = 0]
                  00003a28    0000000c     (__TI_handler_table)
                  00003a34    00000004     --HOLE-- [fill = 0]
                  00003a38    00000008     (.cinit..bss.load) [load image, compression = zero_init]
                  00003a40    00000008     (.cinit..vtable.load) [load image, compression = zero_init]
                  00003a48    00000018     (__TI_cinit_table)

.init_array 
*          0    00000000    00000000     UNINITIALIZED

.vtable    0    20000000    0000026c     UNINITIALIZED
                  20000000    0000026c     driverlib.lib : interrupt.obj (.vtable)

.bss       0    2000026c    00000254     UNINITIALIZED
                  2000026c    00000120     rtsv7M4_T_le_v4SPD16_eabi.lib : trgmsg.obj (.bss:__CIOBUF_)
                  2000038c    000000c8     dht22.obj (.bss:receivedBits)
                  20000454    0000001c     (.common:rtcLimitStart)
                  20000470    0000001c     (.common:rtcLimitStop)
                  2000048c    00000008     (.common:parmbuf)
                  20000494    00000007     (.common:rtcCurrent)
                  2000049b    00000001     (.common:dhtBit)
                  2000049c    00000004     (.common:checksum)
                  200004a0    00000004     (.common:dhtBitCount)
                  200004a4    00000004     (.common:g_ui32SecondsCounter)
                  200004a8    00000004     (.common:g_ui32SysTickCounter)
                  200004ac    00000004     (.common:humidity)
                  200004b0    00000004     (.common:temperature)
                  200004b4    00000004     (.common:timerACounter)
                  200004b8    00000002     (.common:temp_ds1820)
                  200004ba    00000001     (.common:ds1820_data_bit)
                  200004bb    00000001     (.common:dummy$1)
                  200004bc    00000001     (.common:fanControlledByTimer)
                  200004bd    00000001     (.common:operating_mode)
                  200004be    00000001     (.common:readDHT)
                  200004bf    00000001     (.common:waterControlledByTimer)

.TI.noinit 
*          0    2000026c    00000000     UNINITIALIZED

.stack     0    200004c0    00000200     UNINITIALIZED
                  200004c0    00000200     --HOLE--

.data      0    200006c0    000000c8     UNINITIALIZED
                  200006c0    00000079     sensors.obj (.data)
                  20000739    00000010     rtc.obj (.data)
                  20000749    00000003     --HOLE--
                  2000074c    00000010     timers.obj (.data)
                  2000075c    0000000c     dht22.obj (.data)
                  20000768    00000008     rtsv7M4_T_le_v4SPD16_eabi.lib : _lock.obj (.data)
                  20000770    00000008                                   : exit.obj (.data)
                  20000778    00000005     uartstdio.obj (.data)
                  2000077d    00000003     --HOLE--
                  20000780    00000004     rtsv7M4_T_le_v4SPD16_eabi.lib : rand.obj (.data)
                  20000784    00000004                                   : stkdepth_vars.obj (.data)

.TI.persistent 
*          0    200006c0    00000000     UNINITIALIZED


LINKER GENERATED COPY TABLES

__TI_cinit_table @ 00003a48 records: 3, size/record: 8, table size: 24
	.data: load addr=000039b0, load size=00000076 bytes, run addr=200006c0, run size=000000c8 bytes, compression=rle
	.bss: load addr=00003a38, load size=00000008 bytes, run addr=2000026c, run size=00000254 bytes, compression=zero_init
	.vtable: load addr=00003a40, load size=00000008 bytes, run addr=20000000, run size=0000026c bytes, compression=zero_init


LINKER GENERATED HANDLER TABLE

__TI_handler_table @ 00003a28 records: 3, size/record: 4, table size: 12
	index: 0, handler: __TI_zero_init
	index: 1, handler: __TI_decompress_rle24
	index: 2, handler: __TI_decompress_none


GLOBAL SYMBOLS: SORTED ALPHABETICALLY BY Name 

address   name                     
-------   ----                     
00002aed  C$$EXIT                  
00002297  C$$IO$$                  
000033b5  CPUcpsid                 
000033c1  CPUcpsie                 
000023ed  ConfigureUART0           
00002fbb  GPIODirModeSet           
00003471  GPIOIntClear             
000033cd  GPIOIntEnable            
000031a1  GPIOIntRegister          
00003361  GPIOIntStatus            
000024f5  GPIOIntTypeSet           
00000f81  GPIOPadConfigSet         
000028f9  GPIOPinConfigure         
00003477  GPIOPinRead              
00003291  GPIOPinTypeGPIOInput     
000031b9  GPIOPinTypeGPIOOutput    
000032a3  GPIOPinTypeI2C           
000032b5  GPIOPinTypeI2CSCL        
000032c7  GPIOPinTypeSSI           
000032d9  GPIOPinTypeUART          
0000347d  GPIOPinWrite             
00000b29  HOSTclock                
00000af1  HOSTclose                
00000ab3  HOSTgetenv               
00000a57  HOSTlseek                
00000a05  HOSTopen                 
000009b9  HOSTread                 
0000095b  HOSTrename               
00000921  HOSTtime                 
000008e9  HOSTunlink               
0000089d  HOSTwrite                
00003451  I2CMasterBusy            
000034a1  I2CMasterControl         
000034a5  I2CMasterDataGet         
000034a9  I2CMasterDataPut         
00003415  I2CMasterEnable          
00002731  I2CMasterInitExpClk      
00003459  I2CMasterSlaveAddrSet    
000020c9  IntEnable                
00003321  IntMasterDisable         
00003331  IntMasterEnable          
00002d91  IntRegister              
00003089  LOGprintf                
00000cfd  PortEIntHandler          
0000277d  PortFIntHandler          
00003483  ResetISR                 
UNDEFED   SHT$$INIT_ARRAY$$Base    
UNDEFED   SHT$$INIT_ARRAY$$Limit   
00003461  SSIBusy                  
00003489  SSIClockSourceSet        
00002c71  SSIConfigSetExpClk       
000033d9  SSIDataGet               
000032eb  SSIDataGetNonBlocking    
0000341f  SSIDataPut               
00003429  SSIDisable               
00003433  SSIEnable                
00001a99  SSI_init                 
00002efd  SSI_write                
000010b5  SysCtlClockGet           
000011c5  SysCtlClockSet           
0000348f  SysCtlDelay              
00002dc5  SysCtlPeripheralEnable   
000025f1  SysCtlPeripheralReset    
00003219  SysTickEnable            
0000322d  SysTickIntEnable         
00002ce9  SysTickIntHandler        
00003341  SysTickPeriodSet         
00003131  Timer0IntHandler         
000022d1  TimerConfigure           
0000336f  TimerEnable              
000034ad  TimerIntClear            
00003469  TimerIntEnable           
000032fd  TimerLoadSet             
0000343d  UARTCharGet              
0000337d  UARTCharGetNonBlocking   
00003447  UARTCharPut              
0000338b  UARTCharsAvail           
00003495  UARTClockSourceSet       
00002a19  UARTConfigSetExpClk      
000030f1  UARTDisable              
00003241  UARTEnable               
00001ea1  UARTStdioConfig          
00000591  UARTvprintf              
00002391  UARTwrite                
00002cad  WatchdogIntHandler       
2000026c  __CIOBUF_                
200006c0  __STACK_END              
00000200  __STACK_SIZE             
200005c0  __STACK_TOP              
00003a48  __TI_CINIT_Base          
00003a60  __TI_CINIT_Limit         
00003a28  __TI_Handler_Table_Base  
00003a34  __TI_Handler_Table_Limit 
00001ff1  __TI_auto_init           
20000770  __TI_cleanup_ptr         
00003399  __TI_decompress_none     
0000349b  __TI_decompress_rle24    
20000774  __TI_dtors_ptr           
0000229b  __TI_readmsg             
00000000  __TI_static_base__       
00002269  __TI_writemsg            
000033e5  __TI_zero_init           
000020c7  __aeabi_idiv0            
00001d35  __aeabi_memclr           
00001d35  __aeabi_memclr4          
00001d35  __aeabi_memclr8          
00001969  __aeabi_memcpy           
00001969  __aeabi_memcpy4          
00001969  __aeabi_memcpy8          
00001d37  __aeabi_memset           
00001d37  __aeabi_memset4          
00001d37  __aeabi_memset8          
00002c31  __aeabi_uidiv            
00002c31  __aeabi_uidivmod         
ffffffff  __binit__                
ffffffff  __c_args__               
200004c0  __stack                  
00003201  _args_main               
00002691  _c_int00                 
20000768  _lock                    
00003263  _nop                     
0000325b  _register_lock           
00003255  _register_unlock         
000034b1  _system_pre_init         
2000076c  _unlock                  
00002af1  abort                    
00001c39  atoui                    
ffffffff  binit                    
00001611  change_mode              
000016cd  check_fan_timer          
00002f2d  check_rtcTimer           
00001475  check_sensor1            
00002131  check_sensor2            
00002941  check_sensor3            
00002989  check_sensor4            
00001cb9  check_sensor5            
00001f85  check_sensors            
2000049c  checksum                 
00001545  compare_rtc              
00002861  copy_in                  
00002f8d  delay_us                 
00002df9  dht22_readhumidity       
00002e2d  dht22_readtemp           
2000049b  dhtBit                   
200004a0  dhtBitCount              
200004ba  ds1820_data_bit          
20000714  esp8266_data             
00002a61  esp8266_reset            
00001399  esp8266_send             
00002af9  exit                     
200004bc  fanControlledByTimer     
2000074c  g_bFeedWatchdog          
2000074d  g_bWatchdogTimeoutMsgSent
20000000  g_pfnRAMVectors          
00000000  g_pfnVectors             
200004a4  g_ui32SecondsCounter     
200004a8  g_ui32SysTickCounter     
00000b71  getRtc                   
000033f1  getTimer0ChAvalue        
000018c9  get_co2level             
0000314d  get_line                 
200004ac  humidity                 
00002199  initI2C0                 
000033fd  init_RTC                 
00002d21  init_actuators           
00002641  init_co2sensor           
00001b29  init_dht22               
00003351  init_ds1820              
00001825  init_esp8266             
000030ad  init_limit               
00001bb5  init_limits_rtc          
00001db1  init_sensors             
0000259d  init_system              
000027c9  isTimeToActuate          
00003409  kick_watchdog            
00002201  lcd_puts                 
00000e4d  main                     
20000784  main_func_sp             
00001969  memcpy                   
00001d3d  memset                   
00002b71  nokiaLCDclear            
000012b9  nokiaLCDinit             
00002fe5  nokiaLCDsetXY            
00002445  nokiaLCDtext             
00002815  nokiaLCDwrite            
200004bd  operating_mode           
00002bb1  power                    
000028c3  rand                     
200004be  readDHT                  
00002331  readI2C0                 
00002bf1  read_dht22               
00001e29  read_ds1820              
000031d1  read_ds1820_1            
000031e9  read_ds1820_2            
0000330f  read_i2c                 
0000177d  read_scratchpad          
000026e1  readslot                 
2000038c  receivedBits             
0000254b  reset_ds1820             
20000494  rtcCurrent               
20000739  rtcLimitHourStart        
2000073d  rtcLimitHourStop         
20000741  rtcLimitMinuteStart      
20000745  rtcLimitMinuteStop       
20000454  rtcLimitStart            
20000470  rtcLimitStop             
0000026d  send_esp8266             
00002f5d  setDHTinput              
00003039  set_actuator1            
00003061  set_actuator2            
00002d59  set_line                 
00003169  set_mode_input           
00003185  set_mode_output          
000028ad  srand                    
00001f15  startDHT                 
00003111  strcat                   
00003269  strcpy                   
0000327d  strlen                   
0000300f  strncat                  
00002e61  strstr                   
200004b8  temp_ds1820              
200004b0  temperature              
20000708  threshold_co2            
200006f0  threshold_humidity       
200006fc  threshold_temperature    
000033a7  time                     
200004b4  timerACounter            
00002e95  uart_send                
00001a05  uitoa                    
00002ec9  update_lcd               
000029d1  update_thingspeak        
000030cf  validate_char            
200004bf  waterControlledByTimer   
00002aa7  write_ds1820             
0000249d  writeslot                


GLOBAL SYMBOLS: SORTED BY Symbol Address 

address   name                     
-------   ----                     
00000000  __TI_static_base__       
00000000  g_pfnVectors             
00000200  __STACK_SIZE             
0000026d  send_esp8266             
00000591  UARTvprintf              
0000089d  HOSTwrite                
000008e9  HOSTunlink               
00000921  HOSTtime                 
0000095b  HOSTrename               
000009b9  HOSTread                 
00000a05  HOSTopen                 
00000a57  HOSTlseek                
00000ab3  HOSTgetenv               
00000af1  HOSTclose                
00000b29  HOSTclock                
00000b71  getRtc                   
00000cfd  PortEIntHandler          
00000e4d  main                     
00000f81  GPIOPadConfigSet         
000010b5  SysCtlClockGet           
000011c5  SysCtlClockSet           
000012b9  nokiaLCDinit             
00001399  esp8266_send             
00001475  check_sensor1            
00001545  compare_rtc              
00001611  change_mode              
000016cd  check_fan_timer          
0000177d  read_scratchpad          
00001825  init_esp8266             
000018c9  get_co2level             
00001969  __aeabi_memcpy           
00001969  __aeabi_memcpy4          
00001969  __aeabi_memcpy8          
00001969  memcpy                   
00001a05  uitoa                    
00001a99  SSI_init                 
00001b29  init_dht22               
00001bb5  init_limits_rtc          
00001c39  atoui                    
00001cb9  check_sensor5            
00001d35  __aeabi_memclr           
00001d35  __aeabi_memclr4          
00001d35  __aeabi_memclr8          
00001d37  __aeabi_memset           
00001d37  __aeabi_memset4          
00001d37  __aeabi_memset8          
00001d3d  memset                   
00001db1  init_sensors             
00001e29  read_ds1820              
00001ea1  UARTStdioConfig          
00001f15  startDHT                 
00001f85  check_sensors            
00001ff1  __TI_auto_init           
000020c7  __aeabi_idiv0            
000020c9  IntEnable                
00002131  check_sensor2            
00002199  initI2C0                 
00002201  lcd_puts                 
00002269  __TI_writemsg            
00002297  C$$IO$$                  
0000229b  __TI_readmsg             
000022d1  TimerConfigure           
00002331  readI2C0                 
00002391  UARTwrite                
000023ed  ConfigureUART0           
00002445  nokiaLCDtext             
0000249d  writeslot                
000024f5  GPIOIntTypeSet           
0000254b  reset_ds1820             
0000259d  init_system              
000025f1  SysCtlPeripheralReset    
00002641  init_co2sensor           
00002691  _c_int00                 
000026e1  readslot                 
00002731  I2CMasterInitExpClk      
0000277d  PortFIntHandler          
000027c9  isTimeToActuate          
00002815  nokiaLCDwrite            
00002861  copy_in                  
000028ad  srand                    
000028c3  rand                     
000028f9  GPIOPinConfigure         
00002941  check_sensor3            
00002989  check_sensor4            
000029d1  update_thingspeak        
00002a19  UARTConfigSetExpClk      
00002a61  esp8266_reset            
00002aa7  write_ds1820             
00002aed  C$$EXIT                  
00002af1  abort                    
00002af9  exit                     
00002b71  nokiaLCDclear            
00002bb1  power                    
00002bf1  read_dht22               
00002c31  __aeabi_uidiv            
00002c31  __aeabi_uidivmod         
00002c71  SSIConfigSetExpClk       
00002cad  WatchdogIntHandler       
00002ce9  SysTickIntHandler        
00002d21  init_actuators           
00002d59  set_line                 
00002d91  IntRegister              
00002dc5  SysCtlPeripheralEnable   
00002df9  dht22_readhumidity       
00002e2d  dht22_readtemp           
00002e61  strstr                   
00002e95  uart_send                
00002ec9  update_lcd               
00002efd  SSI_write                
00002f2d  check_rtcTimer           
00002f5d  setDHTinput              
00002f8d  delay_us                 
00002fbb  GPIODirModeSet           
00002fe5  nokiaLCDsetXY            
0000300f  strncat                  
00003039  set_actuator1            
00003061  set_actuator2            
00003089  LOGprintf                
000030ad  init_limit               
000030cf  validate_char            
000030f1  UARTDisable              
00003111  strcat                   
00003131  Timer0IntHandler         
0000314d  get_line                 
00003169  set_mode_input           
00003185  set_mode_output          
000031a1  GPIOIntRegister          
000031b9  GPIOPinTypeGPIOOutput    
000031d1  read_ds1820_1            
000031e9  read_ds1820_2            
00003201  _args_main               
00003219  SysTickEnable            
0000322d  SysTickIntEnable         
00003241  UARTEnable               
00003255  _register_unlock         
0000325b  _register_lock           
00003263  _nop                     
00003269  strcpy                   
0000327d  strlen                   
00003291  GPIOPinTypeGPIOInput     
000032a3  GPIOPinTypeI2C           
000032b5  GPIOPinTypeI2CSCL        
000032c7  GPIOPinTypeSSI           
000032d9  GPIOPinTypeUART          
000032eb  SSIDataGetNonBlocking    
000032fd  TimerLoadSet             
0000330f  read_i2c                 
00003321  IntMasterDisable         
00003331  IntMasterEnable          
00003341  SysTickPeriodSet         
00003351  init_ds1820              
00003361  GPIOIntStatus            
0000336f  TimerEnable              
0000337d  UARTCharGetNonBlocking   
0000338b  UARTCharsAvail           
00003399  __TI_decompress_none     
000033a7  time                     
000033b5  CPUcpsid                 
000033c1  CPUcpsie                 
000033cd  GPIOIntEnable            
000033d9  SSIDataGet               
000033e5  __TI_zero_init           
000033f1  getTimer0ChAvalue        
000033fd  init_RTC                 
00003409  kick_watchdog            
00003415  I2CMasterEnable          
0000341f  SSIDataPut               
00003429  SSIDisable               
00003433  SSIEnable                
0000343d  UARTCharGet              
00003447  UARTCharPut              
00003451  I2CMasterBusy            
00003459  I2CMasterSlaveAddrSet    
00003461  SSIBusy                  
00003469  TimerIntEnable           
00003471  GPIOIntClear             
00003477  GPIOPinRead              
0000347d  GPIOPinWrite             
00003483  ResetISR                 
00003489  SSIClockSourceSet        
0000348f  SysCtlDelay              
00003495  UARTClockSourceSet       
0000349b  __TI_decompress_rle24    
000034a1  I2CMasterControl         
000034a5  I2CMasterDataGet         
000034a9  I2CMasterDataPut         
000034ad  TimerIntClear            
000034b1  _system_pre_init         
00003a28  __TI_Handler_Table_Base  
00003a34  __TI_Handler_Table_Limit 
00003a48  __TI_CINIT_Base          
00003a60  __TI_CINIT_Limit         
20000000  g_pfnRAMVectors          
2000026c  __CIOBUF_                
2000038c  receivedBits             
20000454  rtcLimitStart            
20000470  rtcLimitStop             
20000494  rtcCurrent               
2000049b  dhtBit                   
2000049c  checksum                 
200004a0  dhtBitCount              
200004a4  g_ui32SecondsCounter     
200004a8  g_ui32SysTickCounter     
200004ac  humidity                 
200004b0  temperature              
200004b4  timerACounter            
200004b8  temp_ds1820              
200004ba  ds1820_data_bit          
200004bc  fanControlledByTimer     
200004bd  operating_mode           
200004be  readDHT                  
200004bf  waterControlledByTimer   
200004c0  __stack                  
200005c0  __STACK_TOP              
200006c0  __STACK_END              
200006f0  threshold_humidity       
200006fc  threshold_temperature    
20000708  threshold_co2            
20000714  esp8266_data             
20000739  rtcLimitHourStart        
2000073d  rtcLimitHourStop         
20000741  rtcLimitMinuteStart      
20000745  rtcLimitMinuteStop       
2000074c  g_bFeedWatchdog          
2000074d  g_bWatchdogTimeoutMsgSent
20000768  _lock                    
2000076c  _unlock                  
20000770  __TI_cleanup_ptr         
20000774  __TI_dtors_ptr           
20000784  main_func_sp             
ffffffff  __binit__                
ffffffff  __c_args__               
ffffffff  binit                    
UNDEFED   SHT$$INIT_ARRAY$$Base    
UNDEFED   SHT$$INIT_ARRAY$$Limit   

[235 symbols]
