<?xml version="1.0"?>
<link_info>
   <banner>TI ARM Linker PC v5.2.5</banner>
   <copyright>Copyright (c) 1996-2015 Texas Instruments Incorporated</copyright>
   <link_time>0x561e4d65</link_time>
   <link_errors>0x0</link_errors>
   <output_file>timers.out</output_file>
   <entry_point>
      <name>_c_int00</name>
      <address>0x3791</address>
   </entry_point>
   <input_file_list>
      <input_file id="fl-2">
         <path>.\</path>
         <kind>object</kind>
         <file>actuators.obj</file>
         <name>actuators.obj</name>
      </input_file>
      <input_file id="fl-3">
         <path>.\</path>
         <kind>object</kind>
         <file>dht22.obj</file>
         <name>dht22.obj</name>
      </input_file>
      <input_file id="fl-4">
         <path>.\</path>
         <kind>object</kind>
         <file>ds1820.obj</file>
         <name>ds1820.obj</name>
      </input_file>
      <input_file id="fl-5">
         <path>.\</path>
         <kind>object</kind>
         <file>esp8266.obj</file>
         <name>esp8266.obj</name>
      </input_file>
      <input_file id="fl-6">
         <path>.\</path>
         <kind>object</kind>
         <file>lcd_nokia5510.obj</file>
         <name>lcd_nokia5510.obj</name>
      </input_file>
      <input_file id="fl-7">
         <path>.\</path>
         <kind>object</kind>
         <file>rtc.obj</file>
         <name>rtc.obj</name>
      </input_file>
      <input_file id="fl-8">
         <path>.\</path>
         <kind>object</kind>
         <file>sdcard.obj</file>
         <name>sdcard.obj</name>
      </input_file>
      <input_file id="fl-9">
         <path>.\</path>
         <kind>object</kind>
         <file>sensors.obj</file>
         <name>sensors.obj</name>
      </input_file>
      <input_file id="fl-a">
         <path>.\</path>
         <kind>object</kind>
         <file>startup_ccs.obj</file>
         <name>startup_ccs.obj</name>
      </input_file>
      <input_file id="fl-b">
         <path>.\</path>
         <kind>object</kind>
         <file>timers.obj</file>
         <name>timers.obj</name>
      </input_file>
      <input_file id="fl-c">
         <path>.\</path>
         <kind>object</kind>
         <file>tiva_i2c.obj</file>
         <name>tiva_i2c.obj</name>
      </input_file>
      <input_file id="fl-d">
         <path>.\</path>
         <kind>object</kind>
         <file>tiva_ssi.obj</file>
         <name>tiva_ssi.obj</name>
      </input_file>
      <input_file id="fl-e">
         <path>.\utils\</path>
         <kind>object</kind>
         <file>uartstdio.obj</file>
         <name>uartstdio.obj</name>
      </input_file>
      <input_file id="fl-f">
         <path>.\third_party\fatfs\src\</path>
         <kind>object</kind>
         <file>ff.obj</file>
         <name>ff.obj</name>
      </input_file>
      <input_file id="fl-10">
         <path>.\third_party\fatfs\port\</path>
         <kind>object</kind>
         <file>mmc-dk-tm4c123g.obj</file>
         <name>mmc-dk-tm4c123g.obj</name>
      </input_file>
      <input_file id="fl-137">
         <path>C:\ti\ccsv6\tools\compiler\ti-cgt-arm_5.2.5\lib\</path>
         <kind>archive</kind>
         <file>rtsv7M4_T_le_v4SPD16_eabi.lib</file>
         <name>boot.obj</name>
      </input_file>
      <input_file id="fl-138">
         <path>C:\ti\ccsv6\tools\compiler\ti-cgt-arm_5.2.5\lib\</path>
         <kind>archive</kind>
         <file>rtsv7M4_T_le_v4SPD16_eabi.lib</file>
         <name>copy_decompress_none.obj</name>
      </input_file>
      <input_file id="fl-139">
         <path>C:\ti\ccsv6\tools\compiler\ti-cgt-arm_5.2.5\lib\</path>
         <kind>archive</kind>
         <file>rtsv7M4_T_le_v4SPD16_eabi.lib</file>
         <name>copy_decompress_rle.obj</name>
      </input_file>
      <input_file id="fl-13a">
         <path>C:\ti\ccsv6\tools\compiler\ti-cgt-arm_5.2.5\lib\</path>
         <kind>archive</kind>
         <file>rtsv7M4_T_le_v4SPD16_eabi.lib</file>
         <name>copy_zero_init.obj</name>
      </input_file>
      <input_file id="fl-13b">
         <path>C:\ti\ccsv6\tools\compiler\ti-cgt-arm_5.2.5\lib\</path>
         <kind>archive</kind>
         <file>rtsv7M4_T_le_v4SPD16_eabi.lib</file>
         <name>exit.obj</name>
      </input_file>
      <input_file id="fl-13c">
         <path>C:\ti\ccsv6\tools\compiler\ti-cgt-arm_5.2.5\lib\</path>
         <kind>archive</kind>
         <file>rtsv7M4_T_le_v4SPD16_eabi.lib</file>
         <name>memcpy_t2.obj</name>
      </input_file>
      <input_file id="fl-13d">
         <path>C:\ti\ccsv6\tools\compiler\ti-cgt-arm_5.2.5\lib\</path>
         <kind>archive</kind>
         <file>rtsv7M4_T_le_v4SPD16_eabi.lib</file>
         <name>memset_t2.obj</name>
      </input_file>
      <input_file id="fl-13e">
         <path>C:\ti\ccsv6\tools\compiler\ti-cgt-arm_5.2.5\lib\</path>
         <kind>archive</kind>
         <file>rtsv7M4_T_le_v4SPD16_eabi.lib</file>
         <name>pre_init.obj</name>
      </input_file>
      <input_file id="fl-13f">
         <path>C:\ti\ccsv6\tools\compiler\ti-cgt-arm_5.2.5\lib\</path>
         <kind>archive</kind>
         <file>rtsv7M4_T_le_v4SPD16_eabi.lib</file>
         <name>stkdepth_vars.obj</name>
      </input_file>
      <input_file id="fl-140">
         <path>C:\ti\ccsv6\tools\compiler\ti-cgt-arm_5.2.5\lib\</path>
         <kind>archive</kind>
         <file>rtsv7M4_T_le_v4SPD16_eabi.lib</file>
         <name>strcat.obj</name>
      </input_file>
      <input_file id="fl-141">
         <path>C:\ti\ccsv6\tools\compiler\ti-cgt-arm_5.2.5\lib\</path>
         <kind>archive</kind>
         <file>rtsv7M4_T_le_v4SPD16_eabi.lib</file>
         <name>strcpy.obj</name>
      </input_file>
      <input_file id="fl-142">
         <path>C:\ti\ccsv6\tools\compiler\ti-cgt-arm_5.2.5\lib\</path>
         <kind>archive</kind>
         <file>rtsv7M4_T_le_v4SPD16_eabi.lib</file>
         <name>strstr.obj</name>
      </input_file>
      <input_file id="fl-143">
         <path>C:\ti\ccsv6\tools\compiler\ti-cgt-arm_5.2.5\lib\</path>
         <kind>archive</kind>
         <file>rtsv7M4_T_le_v4SPD16_eabi.lib</file>
         <name>u_divt2.obj</name>
      </input_file>
      <input_file id="fl-144">
         <path>C:\ti\ccsv6\tools\compiler\ti-cgt-arm_5.2.5\lib\</path>
         <kind>archive</kind>
         <file>rtsv7M4_T_le_v4SPD16_eabi.lib</file>
         <name>_lock.obj</name>
      </input_file>
      <input_file id="fl-145">
         <path>C:\ti\ccsv6\tools\compiler\ti-cgt-arm_5.2.5\lib\</path>
         <kind>archive</kind>
         <file>rtsv7M4_T_le_v4SPD16_eabi.lib</file>
         <name>args_main.obj</name>
      </input_file>
      <input_file id="fl-146">
         <path>C:\ti\ccsv6\tools\compiler\ti-cgt-arm_5.2.5\lib\</path>
         <kind>archive</kind>
         <file>rtsv7M4_T_le_v4SPD16_eabi.lib</file>
         <name>autoinit.obj</name>
      </input_file>
      <input_file id="fl-147">
         <path>C:\ti\ccsv6\tools\compiler\ti-cgt-arm_5.2.5\lib\</path>
         <kind>archive</kind>
         <file>rtsv7M4_T_le_v4SPD16_eabi.lib</file>
         <name>cpy_tbl.obj</name>
      </input_file>
      <input_file id="fl-148">
         <path>C:\ti\ccsv6\tools\compiler\ti-cgt-arm_5.2.5\lib\</path>
         <kind>archive</kind>
         <file>rtsv7M4_T_le_v4SPD16_eabi.lib</file>
         <name>i_div0.obj</name>
      </input_file>
      <input_file id="fl-149">
         <path>E:\Dev\Ti\TivaWare\examples\boards\ek-tm4c123gxl\timers\ccs\..\..\..\..\..\driverlib\ccs\Debug\</path>
         <kind>archive</kind>
         <file>driverlib.lib</file>
         <name>gpio.obj</name>
      </input_file>
      <input_file id="fl-14a">
         <path>E:\Dev\Ti\TivaWare\examples\boards\ek-tm4c123gxl\timers\ccs\..\..\..\..\..\driverlib\ccs\Debug\</path>
         <kind>archive</kind>
         <file>driverlib.lib</file>
         <name>i2c.obj</name>
      </input_file>
      <input_file id="fl-14b">
         <path>E:\Dev\Ti\TivaWare\examples\boards\ek-tm4c123gxl\timers\ccs\..\..\..\..\..\driverlib\ccs\Debug\</path>
         <kind>archive</kind>
         <file>driverlib.lib</file>
         <name>interrupt.obj</name>
      </input_file>
      <input_file id="fl-14c">
         <path>E:\Dev\Ti\TivaWare\examples\boards\ek-tm4c123gxl\timers\ccs\..\..\..\..\..\driverlib\ccs\Debug\</path>
         <kind>archive</kind>
         <file>driverlib.lib</file>
         <name>ssi.obj</name>
      </input_file>
      <input_file id="fl-14d">
         <path>E:\Dev\Ti\TivaWare\examples\boards\ek-tm4c123gxl\timers\ccs\..\..\..\..\..\driverlib\ccs\Debug\</path>
         <kind>archive</kind>
         <file>driverlib.lib</file>
         <name>sysctl.obj</name>
      </input_file>
      <input_file id="fl-14e">
         <path>E:\Dev\Ti\TivaWare\examples\boards\ek-tm4c123gxl\timers\ccs\..\..\..\..\..\driverlib\ccs\Debug\</path>
         <kind>archive</kind>
         <file>driverlib.lib</file>
         <name>systick.obj</name>
      </input_file>
      <input_file id="fl-14f">
         <path>E:\Dev\Ti\TivaWare\examples\boards\ek-tm4c123gxl\timers\ccs\..\..\..\..\..\driverlib\ccs\Debug\</path>
         <kind>archive</kind>
         <file>driverlib.lib</file>
         <name>timer.obj</name>
      </input_file>
      <input_file id="fl-150">
         <path>E:\Dev\Ti\TivaWare\examples\boards\ek-tm4c123gxl\timers\ccs\..\..\..\..\..\driverlib\ccs\Debug\</path>
         <kind>archive</kind>
         <file>driverlib.lib</file>
         <name>uart.obj</name>
      </input_file>
      <input_file id="fl-151">
         <path>E:\Dev\Ti\TivaWare\examples\boards\ek-tm4c123gxl\timers\ccs\..\..\..\..\..\driverlib\ccs\Debug\</path>
         <kind>archive</kind>
         <file>driverlib.lib</file>
         <name>cpu.obj</name>
      </input_file>
   </input_file_list>
   <object_component_list>
      <object_component id="oc-f">
         <name>.intvecs</name>
         <load_address>0x0</load_address>
         <run_address>0x0</run_address>
         <size>0x26c</size>
         <input_file_ref idref="fl-a"/>
      </object_component>
      <object_component id="oc-316">
         <name>.text:chk_mounted</name>
         <load_address>0x26c</load_address>
         <run_address>0x26c</run_address>
         <size>0x4d8</size>
         <input_file_ref idref="fl-f"/>
      </object_component>
      <object_component id="oc-184">
         <name>.text:UARTvprintf</name>
         <load_address>0x744</load_address>
         <run_address>0x744</run_address>
         <size>0x30c</size>
         <input_file_ref idref="fl-e"/>
      </object_component>
      <object_component id="oc-27c">
         <name>.text:f_write</name>
         <load_address>0xa50</load_address>
         <run_address>0xa50</run_address>
         <size>0x2a4</size>
         <input_file_ref idref="fl-f"/>
      </object_component>
      <object_component id="oc-276">
         <name>.text:f_lseek</name>
         <load_address>0xcf4</load_address>
         <run_address>0xcf4</run_address>
         <size>0x24e</size>
         <input_file_ref idref="fl-f"/>
      </object_component>
      <object_component id="oc-36">
         <name>.text:FaultISR</name>
         <load_address>0xf42</load_address>
         <run_address>0xf42</run_address>
         <size>0x2</size>
         <input_file_ref idref="fl-a"/>
      </object_component>
      <object_component id="oc-41f">
         <name>.text:create_name</name>
         <load_address>0xf44</load_address>
         <run_address>0xf44</run_address>
         <size>0x22b</size>
         <input_file_ref idref="fl-f"/>
      </object_component>
      <object_component id="oc-270">
         <name>.text:f_open</name>
         <load_address>0x1170</load_address>
         <run_address>0x1170</run_address>
         <size>0x210</size>
         <input_file_ref idref="fl-f"/>
      </object_component>
      <object_component id="oc-515">
         <name>.text:disk_ioctl</name>
         <load_address>0x1380</load_address>
         <run_address>0x1380</run_address>
         <size>0x208</size>
         <input_file_ref idref="fl-10"/>
      </object_component>
      <object_component id="oc-43c">
         <name>.text:put_fat</name>
         <load_address>0x1588</load_address>
         <run_address>0x1588</run_address>
         <size>0x1be</size>
         <input_file_ref idref="fl-f"/>
      </object_component>
      <object_component id="oc-3c">
         <name>.text:IntDefaultHandler</name>
         <load_address>0x1746</load_address>
         <run_address>0x1746</run_address>
         <size>0x2</size>
         <input_file_ref idref="fl-a"/>
      </object_component>
      <object_component id="oc-40b">
         <name>.text:disk_initialize</name>
         <load_address>0x1748</load_address>
         <run_address>0x1748</run_address>
         <size>0x1ac</size>
         <input_file_ref idref="fl-10"/>
      </object_component>
      <object_component id="oc-4ef">
         <name>.text:dir_next</name>
         <load_address>0x18f4</load_address>
         <run_address>0x18f4</run_address>
         <size>0x180</size>
         <input_file_ref idref="fl-f"/>
      </object_component>
      <object_component id="oc-48">
         <name>.text:PortEIntHandler</name>
         <load_address>0x1a74</load_address>
         <run_address>0x1a74</run_address>
         <size>0x140</size>
         <input_file_ref idref="fl-3"/>
      </object_component>
      <object_component id="oc-2e1">
         <name>.text:GPIOPadConfigSet</name>
         <load_address>0x1bb4</load_address>
         <run_address>0x1bb4</run_address>
         <size>0x130</size>
         <input_file_ref idref="fl-149"/>
      </object_component>
      <object_component id="oc-355">
         <name>.text:get_fat</name>
         <load_address>0x1ce4</load_address>
         <run_address>0x1ce4</run_address>
         <size>0x124</size>
         <input_file_ref idref="fl-f"/>
      </object_component>
      <object_component id="oc-481">
         <name>.text:sync_fs</name>
         <load_address>0x1e08</load_address>
         <run_address>0x1e08</run_address>
         <size>0x110</size>
         <input_file_ref idref="fl-f"/>
      </object_component>
      <object_component id="oc-1be">
         <name>.text:SysCtlClockGet</name>
         <load_address>0x1f18</load_address>
         <run_address>0x1f18</run_address>
         <size>0x10c</size>
         <input_file_ref idref="fl-14d"/>
      </object_component>
      <object_component id="oc-34f">
         <name>.text:create_chain</name>
         <load_address>0x2024</load_address>
         <run_address>0x2024</run_address>
         <size>0x104</size>
         <input_file_ref idref="fl-f"/>
      </object_component>
      <object_component id="oc-419">
         <name>.text:dir_sdi</name>
         <load_address>0x2128</load_address>
         <run_address>0x2128</run_address>
         <size>0x104</size>
         <input_file_ref idref="fl-f"/>
      </object_component>
      <object_component id="oc-375">
         <name>.text:f_sync</name>
         <load_address>0x222c</load_address>
         <run_address>0x222c</run_address>
         <size>0xfc</size>
         <input_file_ref idref="fl-f"/>
      </object_component>
      <object_component id="oc-145">
         <name>.text:main</name>
         <load_address>0x2328</load_address>
         <run_address>0x2328</run_address>
         <size>0xf8</size>
         <input_file_ref idref="fl-b"/>
      </object_component>
      <object_component id="oc-1b8">
         <name>.text:SysCtlClockSet</name>
         <load_address>0x2420</load_address>
         <run_address>0x2420</run_address>
         <size>0xf0</size>
         <input_file_ref idref="fl-14d"/>
      </object_component>
      <object_component id="oc-361">
         <name>.text:disk_write</name>
         <load_address>0x2510</load_address>
         <run_address>0x2510</run_address>
         <size>0xec</size>
         <input_file_ref idref="fl-10"/>
      </object_component>
      <object_component id="oc-25d">
         <name>.text:nokiaLCDinit</name>
         <load_address>0x25fc</load_address>
         <run_address>0x25fc</run_address>
         <size>0xe0</size>
         <input_file_ref idref="fl-6"/>
      </object_component>
      <object_component id="oc-31c">
         <name>.text:follow_path</name>
         <load_address>0x26dc</load_address>
         <run_address>0x26dc</run_address>
         <size>0xc0</size>
         <input_file_ref idref="fl-f"/>
      </object_component>
      <object_component id="oc-f9">
         <name>.text:change_mode</name>
         <load_address>0x279c</load_address>
         <run_address>0x279c</run_address>
         <size>0xbc</size>
         <input_file_ref idref="fl-9"/>
      </object_component>
      <object_component id="oc-4c7">
         <name>.text:power_on</name>
         <load_address>0x2858</load_address>
         <run_address>0x2858</run_address>
         <size>0xbc</size>
         <input_file_ref idref="fl-10"/>
      </object_component>
      <object_component id="oc-367">
         <name>.text:disk_read</name>
         <load_address>0x2914</load_address>
         <run_address>0x2914</run_address>
         <size>0xb8</size>
         <input_file_ref idref="fl-10"/>
      </object_component>
      <object_component id="oc-411">
         <name>.text:check_fs</name>
         <load_address>0x29cc</load_address>
         <run_address>0x29cc</run_address>
         <size>0xa8</size>
         <input_file_ref idref="fl-f"/>
      </object_component>
      <object_component id="oc-456">
         <name>.text:send_cmd</name>
         <load_address>0x2a74</load_address>
         <run_address>0x2a74</run_address>
         <size>0x9e</size>
         <input_file_ref idref="fl-10"/>
      </object_component>
      <object_component id="oc-69">
         <name>.text</name>
         <load_address>0x2b12</load_address>
         <run_address>0x2b12</run_address>
         <size>0x9c</size>
         <input_file_ref idref="fl-13c"/>
      </object_component>
      <object_component id="oc-33a">
         <name>.text:remove_chain</name>
         <load_address>0x2bae</load_address>
         <run_address>0x2bae</run_address>
         <size>0x9a</size>
         <input_file_ref idref="fl-f"/>
      </object_component>
      <object_component id="oc-2c2">
         <name>.text:SSI_init</name>
         <load_address>0x2c48</load_address>
         <run_address>0x2c48</run_address>
         <size>0x90</size>
         <input_file_ref idref="fl-d"/>
      </object_component>
      <object_component id="oc-2f9">
         <name>.text:init_dht22</name>
         <load_address>0x2cd8</load_address>
         <run_address>0x2cd8</run_address>
         <size>0x8c</size>
         <input_file_ref idref="fl-3"/>
      </object_component>
      <object_component id="oc-1e8">
         <name>.text:write_sdcard</name>
         <load_address>0x2d64</load_address>
         <run_address>0x2d64</run_address>
         <size>0x88</size>
         <input_file_ref idref="fl-8"/>
      </object_component>
      <object_component id="oc-425">
         <name>.text:dir_find</name>
         <load_address>0x2dec</load_address>
         <run_address>0x2dec</run_address>
         <size>0x7e</size>
         <input_file_ref idref="fl-f"/>
      </object_component>
      <object_component id="oc-443">
         <name>.text:sync_window</name>
         <load_address>0x2e6a</load_address>
         <run_address>0x2e6a</run_address>
         <size>0x7e</size>
         <input_file_ref idref="fl-f"/>
      </object_component>
      <object_component id="oc-82">
         <name>.text</name>
         <load_address>0x2ee8</load_address>
         <run_address>0x2ee8</run_address>
         <size>0x7a</size>
         <input_file_ref idref="fl-13d"/>
      </object_component>
      <object_component id="oc-45c">
         <name>.text:xmit_datablock</name>
         <load_address>0x2f62</load_address>
         <run_address>0x2f62</run_address>
         <size>0x7a</size>
         <input_file_ref idref="fl-10"/>
      </object_component>
      <object_component id="oc-42c">
         <name>.text:dir_alloc</name>
         <load_address>0x2fdc</load_address>
         <run_address>0x2fdc</run_address>
         <size>0x78</size>
         <input_file_ref idref="fl-f"/>
      </object_component>
      <object_component id="oc-4cd">
         <name>.text:send_initial_clock_train</name>
         <load_address>0x3054</load_address>
         <run_address>0x3054</run_address>
         <size>0x78</size>
         <input_file_ref idref="fl-10"/>
      </object_component>
      <object_component id="oc-255">
         <name>.text:UARTStdioConfig</name>
         <load_address>0x30cc</load_address>
         <run_address>0x30cc</run_address>
         <size>0x74</size>
         <input_file_ref idref="fl-e"/>
      </object_component>
      <object_component id="oc-4e">
         <name>.text:WatchdogIntHandler</name>
         <load_address>0x3140</load_address>
         <run_address>0x3140</run_address>
         <size>0x70</size>
         <input_file_ref idref="fl-b"/>
      </object_component>
      <object_component id="oc-4be">
         <name>.text:startDHT</name>
         <load_address>0x31b0</load_address>
         <run_address>0x31b0</run_address>
         <size>0x70</size>
         <input_file_ref idref="fl-3"/>
      </object_component>
      <object_component id="oc-94">
         <name>.text</name>
         <load_address>0x3220</load_address>
         <run_address>0x3220</run_address>
         <size>0x6c</size>
         <input_file_ref idref="fl-146"/>
      </object_component>
      <object_component id="oc-75">
         <name>.text</name>
         <load_address>0x328c</load_address>
         <run_address>0x328c</run_address>
         <size>0x6a</size>
         <input_file_ref idref="fl-139"/>
      </object_component>
      <object_component id="oc-30">
         <name>.text:NmiSR</name>
         <load_address>0x32f6</load_address>
         <run_address>0x32f6</run_address>
         <size>0x2</size>
         <input_file_ref idref="fl-a"/>
      </object_component>
      <object_component id="oc-3d8">
         <name>.text:IntEnable</name>
         <load_address>0x32f8</load_address>
         <run_address>0x32f8</run_address>
         <size>0x68</size>
         <input_file_ref idref="fl-14b"/>
      </object_component>
      <object_component id="oc-4d3">
         <name>.text:set_max_speed</name>
         <load_address>0x3360</load_address>
         <run_address>0x3360</run_address>
         <size>0x68</size>
         <input_file_ref idref="fl-10"/>
      </object_component>
      <object_component id="oc-479">
         <name>.text:send_cmd12</name>
         <load_address>0x33c8</load_address>
         <run_address>0x33c8</run_address>
         <size>0x64</size>
         <input_file_ref idref="fl-10"/>
      </object_component>
      <object_component id="oc-3e0">
         <name>.text:TimerConfigure</name>
         <load_address>0x342c</load_address>
         <run_address>0x342c</run_address>
         <size>0x60</size>
         <input_file_ref idref="fl-14f"/>
      </object_component>
      <object_component id="oc-218">
         <name>.text:UARTwrite</name>
         <load_address>0x348c</load_address>
         <run_address>0x348c</run_address>
         <size>0x5c</size>
         <input_file_ref idref="fl-e"/>
      </object_component>
      <object_component id="oc-473">
         <name>.text:rcvr_datablock</name>
         <load_address>0x34e8</load_address>
         <run_address>0x34e8</run_address>
         <size>0x5c</size>
         <input_file_ref idref="fl-10"/>
      </object_component>
      <object_component id="oc-1d6">
         <name>.text:ConfigureUART</name>
         <load_address>0x3544</load_address>
         <run_address>0x3544</run_address>
         <size>0x58</size>
         <input_file_ref idref="fl-b"/>
      </object_component>
      <object_component id="oc-232">
         <name>.text:nokiaLCDtext</name>
         <load_address>0x359c</load_address>
         <run_address>0x359c</run_address>
         <size>0x58</size>
         <input_file_ref idref="fl-6"/>
      </object_component>
      <object_component id="oc-2e7">
         <name>.text:GPIOIntTypeSet</name>
         <load_address>0x35f4</load_address>
         <run_address>0x35f4</run_address>
         <size>0x56</size>
         <input_file_ref idref="fl-149"/>
      </object_component>
      <object_component id="oc-322">
         <name>.text:dir_register</name>
         <load_address>0x364a</load_address>
         <run_address>0x364a</run_address>
         <size>0x54</size>
         <input_file_ref idref="fl-f"/>
      </object_component>
      <object_component id="oc-29c">
         <name>.text</name>
         <load_address>0x369e</load_address>
         <run_address>0x369e</run_address>
         <size>0x2</size>
         <input_file_ref idref="fl-148"/>
      </object_component>
      <object_component id="oc-38e">
         <name>.text:SysCtlPeripheralReset</name>
         <load_address>0x36a0</load_address>
         <run_address>0x36a0</run_address>
         <size>0x50</size>
         <input_file_ref idref="fl-14d"/>
      </object_component>
      <object_component id="oc-60">
         <name>.text:UART5IntHandler</name>
         <load_address>0x36f0</load_address>
         <run_address>0x36f0</run_address>
         <size>0x50</size>
         <input_file_ref idref="fl-5"/>
      </object_component>
      <object_component id="oc-263">
         <name>.text:init_sensors</name>
         <load_address>0x3740</load_address>
         <run_address>0x3740</run_address>
         <size>0x50</size>
         <input_file_ref idref="fl-9"/>
      </object_component>
      <object_component id="oc-24">
         <name>.text</name>
         <load_address>0x3790</load_address>
         <run_address>0x3790</run_address>
         <size>0x50</size>
         <input_file_ref idref="fl-137"/>
      </object_component>
      <object_component id="oc-5a">
         <name>.text:PortFIntHandler</name>
         <load_address>0x37e0</load_address>
         <run_address>0x37e0</run_address>
         <size>0x4c</size>
         <input_file_ref idref="fl-9"/>
      </object_component>
      <object_component id="oc-ae">
         <name>.text:disk_timerproc</name>
         <load_address>0x382c</load_address>
         <run_address>0x382c</run_address>
         <size>0x4c</size>
         <input_file_ref idref="fl-10"/>
      </object_component>
      <object_component id="oc-30c">
         <name>.text:f_mount</name>
         <load_address>0x3878</load_address>
         <run_address>0x3878</run_address>
         <size>0x4c</size>
         <input_file_ref idref="fl-f"/>
      </object_component>
      <object_component id="oc-2a8">
         <name>.text:nokiaLCDwrite</name>
         <load_address>0x38c4</load_address>
         <run_address>0x38c4</run_address>
         <size>0x4c</size>
         <input_file_ref idref="fl-6"/>
      </object_component>
      <object_component id="oc-13d">
         <name>.text</name>
         <load_address>0x3910</load_address>
         <run_address>0x3910</run_address>
         <size>0x4c</size>
         <input_file_ref idref="fl-147"/>
      </object_component>
      <object_component id="oc-39a">
         <name>.text:GPIOPinConfigure</name>
         <load_address>0x395c</load_address>
         <run_address>0x395c</run_address>
         <size>0x48</size>
         <input_file_ref idref="fl-149"/>
      </object_component>
      <object_component id="oc-a0">
         <name>.text</name>
         <load_address>0x39a4</load_address>
         <run_address>0x39a4</run_address>
         <size>0x44</size>
         <input_file_ref idref="fl-13b"/>
      </object_component>
      <object_component id="oc-349">
         <name>.text:validate</name>
         <load_address>0x39e8</load_address>
         <run_address>0x39e8</run_address>
         <size>0x42</size>
         <input_file_ref idref="fl-f"/>
      </object_component>
      <object_component id="oc-3cc">
         <name>.text:_GPIOIntNumberGet</name>
         <load_address>0x3a2c</load_address>
         <run_address>0x3a2c</run_address>
         <size>0x40</size>
         <input_file_ref idref="fl-149"/>
      </object_component>
      <object_component id="oc-2d4">
         <name>.text:nokiaLCDclear</name>
         <load_address>0x3a6c</load_address>
         <run_address>0x3a6c</run_address>
         <size>0x40</size>
         <input_file_ref idref="fl-6"/>
      </object_component>
      <object_component id="oc-3f8">
         <name>.text:read_dht22</name>
         <load_address>0x3aac</load_address>
         <run_address>0x3aac</run_address>
         <size>0x40</size>
         <input_file_ref idref="fl-3"/>
      </object_component>
      <object_component id="oc-21e">
         <name>.text</name>
         <load_address>0x3aec</load_address>
         <run_address>0x3aec</run_address>
         <size>0x40</size>
         <input_file_ref idref="fl-143"/>
      </object_component>
      <object_component id="oc-3ac">
         <name>.text:SSIConfigSetExpClk</name>
         <load_address>0x3b2c</load_address>
         <run_address>0x3b2c</run_address>
         <size>0x3c</size>
         <input_file_ref idref="fl-14c"/>
      </object_component>
      <object_component id="oc-32e">
         <name>.text:ld_clust</name>
         <load_address>0x3b68</load_address>
         <run_address>0x3b68</run_address>
         <size>0x3c</size>
         <input_file_ref idref="fl-f"/>
      </object_component>
      <object_component id="oc-340">
         <name>.text:move_window</name>
         <load_address>0x3ba4</load_address>
         <run_address>0x3ba4</run_address>
         <size>0x3c</size>
         <input_file_ref idref="fl-f"/>
      </object_component>
      <object_component id="oc-195">
         <name>.text:lcd_puts_line1</name>
         <load_address>0x3be0</load_address>
         <run_address>0x3be0</run_address>
         <size>0x3a</size>
         <input_file_ref idref="fl-6"/>
      </object_component>
      <object_component id="oc-4e9">
         <name>.text:mem_cmp</name>
         <load_address>0x3c1a</load_address>
         <run_address>0x3c1a</run_address>
         <size>0x3a</size>
         <input_file_ref idref="fl-f"/>
      </object_component>
      <object_component id="oc-36e">
         <name>.text:mem_cpy</name>
         <load_address>0x3c54</load_address>
         <run_address>0x3c54</run_address>
         <size>0x3a</size>
         <input_file_ref idref="fl-f"/>
      </object_component>
      <object_component id="oc-2ff">
         <name>.text:init_actuators</name>
         <load_address>0x3c90</load_address>
         <run_address>0x3c90</run_address>
         <size>0x38</size>
         <input_file_ref idref="fl-2"/>
      </object_component>
      <object_component id="oc-3d2">
         <name>.text:IntRegister</name>
         <load_address>0x3cc8</load_address>
         <run_address>0x3cc8</run_address>
         <size>0x34</size>
         <input_file_ref idref="fl-14b"/>
      </object_component>
      <object_component id="oc-2c8">
         <name>.text:SysCtlPeripheralEnable</name>
         <load_address>0x3cfc</load_address>
         <run_address>0x3cfc</run_address>
         <size>0x34</size>
         <input_file_ref idref="fl-14d"/>
      </object_component>
      <object_component id="oc-432">
         <name>.text:mem_set</name>
         <load_address>0x3d30</load_address>
         <run_address>0x3d30</run_address>
         <size>0x32</size>
         <input_file_ref idref="fl-f"/>
      </object_component>
      <object_component id="oc-1e2">
         <name>.text:init_system</name>
         <load_address>0x3d64</load_address>
         <run_address>0x3d64</run_address>
         <size>0x31</size>
         <input_file_ref idref="fl-b"/>
      </object_component>
      <object_component id="oc-385">
         <name>.text:SSI_write</name>
         <load_address>0x3d98</load_address>
         <run_address>0x3d98</run_address>
         <size>0x30</size>
         <input_file_ref idref="fl-d"/>
      </object_component>
      <object_component id="oc-35b">
         <name>.text:clust2sect</name>
         <load_address>0x3dc8</load_address>
         <run_address>0x3dc8</run_address>
         <size>0x30</size>
         <input_file_ref idref="fl-f"/>
      </object_component>
      <object_component id="oc-52d">
         <name>.text:setDHTinput</name>
         <load_address>0x3df8</load_address>
         <run_address>0x3df8</run_address>
         <size>0x30</size>
         <input_file_ref idref="fl-3"/>
      </object_component>
      <object_component id="oc-334">
         <name>.text:st_clust</name>
         <load_address>0x3e28</load_address>
         <run_address>0x3e28</run_address>
         <size>0x30</size>
         <input_file_ref idref="fl-f"/>
      </object_component>
      <object_component id="oc-4fb">
         <name>.text:wait_ready</name>
         <load_address>0x3e58</load_address>
         <run_address>0x3e58</run_address>
         <size>0x30</size>
         <input_file_ref idref="fl-10"/>
      </object_component>
      <object_component id="oc-501">
         <name>.text:xmit_spi</name>
         <load_address>0x3e88</load_address>
         <run_address>0x3e88</run_address>
         <size>0x30</size>
         <input_file_ref idref="fl-10"/>
      </object_component>
      <object_component id="oc-468">
         <name>.text:rcvr_spi</name>
         <load_address>0x3eb8</load_address>
         <run_address>0x3eb8</run_address>
         <size>0x2c</size>
         <input_file_ref idref="fl-10"/>
      </object_component>
      <object_component id="oc-3c1">
         <name>.text:GPIODirModeSet</name>
         <load_address>0x3ee4</load_address>
         <run_address>0x3ee4</run_address>
         <size>0x2a</size>
         <input_file_ref idref="fl-149"/>
      </object_component>
      <object_component id="oc-22c">
         <name>.text:nokiaLCDsetXY</name>
         <load_address>0x3f0e</load_address>
         <run_address>0x3f0e</run_address>
         <size>0x2a</size>
         <input_file_ref idref="fl-6"/>
      </object_component>
      <object_component id="oc-4e2">
         <name>.text:chk_chr</name>
         <load_address>0x3f38</load_address>
         <run_address>0x3f38</run_address>
         <size>0x28</size>
         <input_file_ref idref="fl-f"/>
      </object_component>
      <object_component id="oc-e8">
         <name>.text:UARTprintf</name>
         <load_address>0x3f60</load_address>
         <run_address>0x3f60</run_address>
         <size>0x24</size>
         <input_file_ref idref="fl-e"/>
      </object_component>
      <object_component id="oc-405">
         <name>.text:disk_status</name>
         <load_address>0x3f84</load_address>
         <run_address>0x3f84</run_address>
         <size>0x20</size>
         <input_file_ref idref="fl-10"/>
      </object_component>
      <object_component id="oc-282">
         <name>.text:f_close</name>
         <load_address>0x3fa4</load_address>
         <run_address>0x3fa4</run_address>
         <size>0x20</size>
         <input_file_ref idref="fl-f"/>
      </object_component>
      <object_component id="oc-269">
         <name>.text:init_sdcard</name>
         <load_address>0x3fc4</load_address>
         <run_address>0x3fc4</run_address>
         <size>0x20</size>
         <input_file_ref idref="fl-8"/>
      </object_component>
      <object_component id="oc-462">
         <name>.text:DESELECT</name>
         <load_address>0x3fe4</load_address>
         <run_address>0x3fe4</run_address>
         <size>0x1c</size>
         <input_file_ref idref="fl-10"/>
      </object_component>
      <object_component id="oc-450">
         <name>.text:SELECT</name>
         <load_address>0x4000</load_address>
         <run_address>0x4000</run_address>
         <size>0x1c</size>
         <input_file_ref idref="fl-10"/>
      </object_component>
      <object_component id="oc-54">
         <name>.text:Timer0IntHandler</name>
         <load_address>0x401c</load_address>
         <run_address>0x401c</run_address>
         <size>0x1c</size>
         <input_file_ref idref="fl-3"/>
      </object_component>
      <object_component id="oc-2ed">
         <name>.text:GPIOIntRegister</name>
         <load_address>0x4038</load_address>
         <run_address>0x4038</run_address>
         <size>0x18</size>
         <input_file_ref idref="fl-149"/>
      </object_component>
      <object_component id="oc-2ce">
         <name>.text:GPIOPinTypeGPIOOutput</name>
         <load_address>0x4050</load_address>
         <run_address>0x4050</run_address>
         <size>0x18</size>
         <input_file_ref idref="fl-149"/>
      </object_component>
      <object_component id="oc-9a">
         <name>.text</name>
         <load_address>0x4068</load_address>
         <run_address>0x4068</run_address>
         <size>0x18</size>
         <input_file_ref idref="fl-145"/>
      </object_component>
      <object_component id="oc-1d0">
         <name>.text:SysTickEnable</name>
         <load_address>0x4080</load_address>
         <run_address>0x4080</run_address>
         <size>0x14</size>
         <input_file_ref idref="fl-14e"/>
      </object_component>
      <object_component id="oc-1ca">
         <name>.text:SysTickIntEnable</name>
         <load_address>0x4094</load_address>
         <run_address>0x4094</run_address>
         <size>0x14</size>
         <input_file_ref idref="fl-14e"/>
      </object_component>
      <object_component id="oc-42">
         <name>.text:SysTickIntHandler</name>
         <load_address>0x40a8</load_address>
         <run_address>0x40a8</run_address>
         <size>0x14</size>
         <input_file_ref idref="fl-b"/>
      </object_component>
      <object_component id="oc-1fe">
         <name>.text</name>
         <load_address>0x40bc</load_address>
         <run_address>0x40bc</run_address>
         <size>0x14</size>
         <input_file_ref idref="fl-144"/>
      </object_component>
      <object_component id="oc-2db">
         <name>.text:GPIOPinTypeGPIOInput</name>
         <load_address>0x40d0</load_address>
         <run_address>0x40d0</run_address>
         <size>0x12</size>
         <input_file_ref idref="fl-149"/>
      </object_component>
      <object_component id="oc-3a0">
         <name>.text:GPIOPinTypeSSI</name>
         <load_address>0x40e2</load_address>
         <run_address>0x40e2</run_address>
         <size>0x12</size>
         <input_file_ref idref="fl-149"/>
      </object_component>
      <object_component id="oc-3b8">
         <name>.text:SSIDataGetNonBlocking</name>
         <load_address>0x40f4</load_address>
         <run_address>0x40f4</run_address>
         <size>0x12</size>
         <input_file_ref idref="fl-14c"/>
      </object_component>
      <object_component id="oc-3e6">
         <name>.text:TimerLoadSet</name>
         <load_address>0x4106</load_address>
         <run_address>0x4106</run_address>
         <size>0x12</size>
         <input_file_ref idref="fl-14f"/>
      </object_component>
      <object_component id="oc-ca">
         <name>.text:IntMasterDisable</name>
         <load_address>0x4118</load_address>
         <run_address>0x4118</run_address>
         <size>0x10</size>
         <input_file_ref idref="fl-14b"/>
      </object_component>
      <object_component id="oc-d0">
         <name>.text:IntMasterEnable</name>
         <load_address>0x4128</load_address>
         <run_address>0x4128</run_address>
         <size>0x10</size>
         <input_file_ref idref="fl-14b"/>
      </object_component>
      <object_component id="oc-1c4">
         <name>.text:SysTickPeriodSet</name>
         <load_address>0x4138</load_address>
         <run_address>0x4138</run_address>
         <size>0x10</size>
         <input_file_ref idref="fl-14e"/>
      </object_component>
      <object_component id="oc-305">
         <name>.text:init_ds1820</name>
         <load_address>0x4148</load_address>
         <run_address>0x4148</run_address>
         <size>0x10</size>
         <input_file_ref idref="fl-4"/>
      </object_component>
      <object_component id="oc-b8">
         <name>.text:GPIOIntStatus</name>
         <load_address>0x4158</load_address>
         <run_address>0x4158</run_address>
         <size>0xe</size>
         <input_file_ref idref="fl-149"/>
      </object_component>
      <object_component id="oc-3f2">
         <name>.text:TimerEnable</name>
         <load_address>0x4166</load_address>
         <run_address>0x4166</run_address>
         <size>0xe</size>
         <input_file_ref idref="fl-14f"/>
      </object_component>
      <object_component id="oc-10f">
         <name>.text:UARTCharGetNonBlocking</name>
         <load_address>0x4174</load_address>
         <run_address>0x4174</run_address>
         <size>0xe</size>
         <input_file_ref idref="fl-150"/>
      </object_component>
      <object_component id="oc-12">
         <name>.text:decompress:none</name>
         <load_address>0x4182</load_address>
         <run_address>0x4182</run_address>
         <size>0xe</size>
         <input_file_ref idref="fl-138"/>
      </object_component>
      <object_component id="oc-50d">
         <name>.text:rcvr_spi_m</name>
         <load_address>0x4190</load_address>
         <run_address>0x4190</run_address>
         <size>0xe</size>
         <input_file_ref idref="fl-10"/>
      </object_component>
      <object_component id="oc-172">
         <name>.text:CPUcpsid</name>
         <load_address>0x419e</load_address>
         <run_address>0x419e</run_address>
         <size>0xc</size>
         <input_file_ref idref="fl-151"/>
      </object_component>
      <object_component id="oc-179">
         <name>.text:CPUcpsie</name>
         <load_address>0x41aa</load_address>
         <run_address>0x41aa</run_address>
         <size>0xc</size>
         <input_file_ref idref="fl-151"/>
      </object_component>
      <object_component id="oc-2f3">
         <name>.text:GPIOIntEnable</name>
         <load_address>0x41b6</load_address>
         <run_address>0x41b6</run_address>
         <size>0xc</size>
         <input_file_ref idref="fl-149"/>
      </object_component>
      <object_component id="oc-494">
         <name>.text:SSIDataGet</name>
         <load_address>0x41c2</load_address>
         <run_address>0x41c2</run_address>
         <size>0xc</size>
         <input_file_ref idref="fl-14c"/>
      </object_component>
      <object_component id="oc-115">
         <name>.text:UARTCharsAvail</name>
         <load_address>0x41ce</load_address>
         <run_address>0x41ce</run_address>
         <size>0xc</size>
         <input_file_ref idref="fl-150"/>
      </object_component>
      <object_component id="oc-53e">
         <name>.text:chk_power</name>
         <load_address>0x41dc</load_address>
         <run_address>0x41dc</run_address>
         <size>0xc</size>
         <input_file_ref idref="fl-10"/>
      </object_component>
      <object_component id="oc-1e">
         <name>.text:decompress:ZI</name>
         <load_address>0x41e8</load_address>
         <run_address>0x41e8</run_address>
         <size>0xc</size>
         <input_file_ref idref="fl-13a"/>
      </object_component>
      <object_component id="oc-1ef">
         <name>.text:kick_watchdog</name>
         <load_address>0x41f4</load_address>
         <run_address>0x41f4</run_address>
         <size>0xc</size>
         <input_file_ref idref="fl-b"/>
      </object_component>
      <object_component id="oc-4d9">
         <name>.text:power_off</name>
         <load_address>0x4200</load_address>
         <run_address>0x4200</run_address>
         <size>0xc</size>
         <input_file_ref idref="fl-10"/>
      </object_component>
      <object_component id="oc-488">
         <name>.text:SSIDataPut</name>
         <load_address>0x420c</load_address>
         <run_address>0x420c</run_address>
         <size>0xa</size>
         <input_file_ref idref="fl-14c"/>
      </object_component>
      <object_component id="oc-394">
         <name>.text:SSIDisable</name>
         <load_address>0x4216</load_address>
         <run_address>0x4216</run_address>
         <size>0xa</size>
         <input_file_ref idref="fl-14c"/>
      </object_component>
      <object_component id="oc-3b2">
         <name>.text:SSIEnable</name>
         <load_address>0x4220</load_address>
         <run_address>0x4220</run_address>
         <size>0xa</size>
         <input_file_ref idref="fl-14c"/>
      </object_component>
      <object_component id="oc-103">
         <name>.text:UARTIntStatus</name>
         <load_address>0x422a</load_address>
         <run_address>0x422a</run_address>
         <size>0xa</size>
         <input_file_ref idref="fl-150"/>
      </object_component>
      <object_component id="oc-48e">
         <name>.text:SSIBusy</name>
         <load_address>0x4234</load_address>
         <run_address>0x4234</run_address>
         <size>0x8</size>
         <input_file_ref idref="fl-14c"/>
      </object_component>
      <object_component id="oc-3ec">
         <name>.text:TimerIntEnable</name>
         <load_address>0x423c</load_address>
         <run_address>0x423c</run_address>
         <size>0x8</size>
         <input_file_ref idref="fl-14f"/>
      </object_component>
      <object_component id="oc-328">
         <name>.text:get_fattime</name>
         <load_address>0x4244</load_address>
         <run_address>0x4244</run_address>
         <size>0x8</size>
         <input_file_ref idref="fl-10"/>
      </object_component>
      <object_component id="oc-be">
         <name>.text:GPIOIntClear</name>
         <load_address>0x424c</load_address>
         <run_address>0x424c</run_address>
         <size>0x6</size>
         <input_file_ref idref="fl-149"/>
      </object_component>
      <object_component id="oc-c4">
         <name>.text:GPIOPinRead</name>
         <load_address>0x4252</load_address>
         <run_address>0x4252</run_address>
         <size>0x6</size>
         <input_file_ref idref="fl-149"/>
      </object_component>
      <object_component id="oc-1dc">
         <name>.text:GPIOPinWrite</name>
         <load_address>0x4258</load_address>
         <run_address>0x4258</run_address>
         <size>0x6</size>
         <input_file_ref idref="fl-149"/>
      </object_component>
      <object_component id="oc-2a">
         <name>.text:ResetISR</name>
         <load_address>0x425e</load_address>
         <run_address>0x425e</run_address>
         <size>0x6</size>
         <input_file_ref idref="fl-a"/>
      </object_component>
      <object_component id="oc-3a6">
         <name>.text:SSIClockSourceSet</name>
         <load_address>0x4264</load_address>
         <run_address>0x4264</run_address>
         <size>0x6</size>
         <input_file_ref idref="fl-14c"/>
      </object_component>
      <object_component id="oc-1ee">
         <name>.text:SysCtlDelay</name>
         <load_address>0x426a</load_address>
         <run_address>0x426a</run_address>
         <size>0x6</size>
         <input_file_ref idref="fl-14d"/>
      </object_component>
      <object_component id="oc-24f">
         <name>.text:UARTClockSourceSet</name>
         <load_address>0x4270</load_address>
         <run_address>0x4270</run_address>
         <size>0x6</size>
         <input_file_ref idref="fl-150"/>
      </object_component>
      <object_component id="oc-18">
         <name>.text:decompress:rle24</name>
         <load_address>0x4276</load_address>
         <run_address>0x4276</run_address>
         <size>0x6</size>
         <input_file_ref idref="fl-139"/>
      </object_component>
      <object_component id="oc-f2">
         <name>.text:TimerIntClear</name>
         <load_address>0x427c</load_address>
         <run_address>0x427c</run_address>
         <size>0x4</size>
         <input_file_ref idref="fl-14f"/>
      </object_component>
      <object_component id="oc-109">
         <name>.text:UARTIntClear</name>
         <load_address>0x4280</load_address>
         <run_address>0x4280</run_address>
         <size>0x4</size>
         <input_file_ref idref="fl-150"/>
      </object_component>
      <object_component id="oc-8e">
         <name>.text</name>
         <load_address>0x4284</load_address>
         <run_address>0x4284</run_address>
         <size>0x4</size>
         <input_file_ref idref="fl-13e"/>
      </object_component>
      <object_component id="oc-2af">
         <name>.const:ASCII</name>
         <load_address>0x4288</load_address>
         <run_address>0x4288</run_address>
         <size>0x1e0</size>
         <input_file_ref idref="fl-6"/>
      </object_component>
      <object_component id="oc-4aa">
         <name>.const:g_ppui32GPIOIntMapBlizzard</name>
         <load_address>0x4468</load_address>
         <run_address>0x4468</run_address>
         <size>0xc0</size>
         <input_file_ref idref="fl-149"/>
      </object_component>
      <object_component id="oc-4ad">
         <name>.const:g_ppui32GPIOIntMapSnowflake</name>
         <load_address>0x4528</load_address>
         <run_address>0x4528</run_address>
         <size>0xc0</size>
         <input_file_ref idref="fl-149"/>
      </object_component>
      <object_component id="oc-49e">
         <name>.const:g_pui32GPIOBaseAddrs</name>
         <load_address>0x45e8</load_address>
         <run_address>0x45e8</run_address>
         <size>0x90</size>
         <input_file_ref idref="fl-149"/>
      </object_component>
      <object_component id="oc-4b6">
         <name>.const</name>
         <load_address>0x4678</load_address>
         <run_address>0x4678</run_address>
         <size>0x70</size>
         <input_file_ref idref="fl-14b"/>
      </object_component>
      <object_component id="oc-247">
         <name>.const:g_pui32Xtals</name>
         <load_address>0x46e8</load_address>
         <run_address>0x46e8</run_address>
         <size>0x6c</size>
         <input_file_ref idref="fl-14d"/>
      </object_component>
      <object_component id="oc-223">
         <name>.const</name>
         <load_address>0x4754</load_address>
         <run_address>0x4754</run_address>
         <size>0x1c</size>
         <input_file_ref idref="fl-e"/>
      </object_component>
      <object_component id="oc-2a3">
         <name>.const:.string</name>
         <load_address>0x4770</load_address>
         <run_address>0x4770</run_address>
         <size>0x12</size>
         <input_file_ref idref="fl-e"/>
      </object_component>
      <object_component id="oc-288">
         <name>.const:.string</name>
         <load_address>0x4782</load_address>
         <run_address>0x4782</run_address>
         <size>0x1</size>
         <input_file_ref idref="fl-8"/>
      </object_component>
      <object_component id="oc-56b">
         <name>.cinit..data.load</name>
         <load_address>0x4788</load_address>
         <run_address>0x4788</run_address>
         <size>0x57</size>
      </object_component>
      <object_component id="oc-568">
         <name>__TI_handler_table</name>
         <load_address>0x47e0</load_address>
         <run_address>0x47e0</run_address>
         <size>0xc</size>
      </object_component>
      <object_component id="oc-56c">
         <name>.cinit..bss.load</name>
         <load_address>0x47f0</load_address>
         <run_address>0x47f0</run_address>
         <size>0x8</size>
      </object_component>
      <object_component id="oc-56a">
         <name>.cinit..vtable.load</name>
         <load_address>0x47f8</load_address>
         <run_address>0x47f8</run_address>
         <size>0x8</size>
      </object_component>
      <object_component id="oc-569">
         <name>__TI_cinit_table</name>
         <load_address>0x4800</load_address>
         <run_address>0x4800</run_address>
         <size>0x18</size>
      </object_component>
      <object_component id="oc-4b1">
         <name>.vtable</name>
         <uninitialized>true</uninitialized>
         <run_address>0x20000000</run_address>
         <size>0x26c</size>
         <input_file_ref idref="fl-14b"/>
      </object_component>
      <object_component id="oc-29">
         <name>.stack</name>
         <uninitialized>true</uninitialized>
         <run_address>0x200008b8</run_address>
         <size>0x0</size>
         <input_file_ref idref="fl-137"/>
      </object_component>
      <object_component id="oc-56d">
         <name>.stack</name>
         <uninitialized>true</uninitialized>
         <run_address>0x200008b8</run_address>
         <size>0x0</size>
      </object_component>
      <object_component id="oc-db">
         <name>.bss:receivedBits</name>
         <uninitialized>true</uninitialized>
         <run_address>0x200007c4</run_address>
         <size>0xc8</size>
         <input_file_ref idref="fl-3"/>
      </object_component>
      <object_component id="oc-11b">
         <name>.bss:uart_data</name>
         <uninitialized>true</uninitialized>
         <run_address>0x200006c4</run_address>
         <size>0x100</size>
         <input_file_ref idref="fl-5"/>
      </object_component>
      <object_component id="oc-312">
         <name>.bss:g_sFatFs</name>
         <uninitialized>true</uninitialized>
         <run_address>0x2000026c</run_address>
         <size>0x234</size>
         <input_file_ref idref="fl-8"/>
      </object_component>
      <object_component id="oc-28b">
         <name>.bss:g_sNewFile</name>
         <uninitialized>true</uninitialized>
         <run_address>0x200004a0</run_address>
         <size>0x224</size>
         <input_file_ref idref="fl-8"/>
      </object_component>
      <object_component id="oc-d7">
         <name>.common:timerACounter</name>
         <uninitialized>true</uninitialized>
         <run_address>0x200008a8</run_address>
         <size>0x4</size>
      </object_component>
      <object_component id="oc-4c4">
         <name>.common:readDHT</name>
         <uninitialized>true</uninitialized>
         <run_address>0x200008b3</run_address>
         <size>0x1</size>
      </object_component>
      <object_component id="oc-e1">
         <name>.common:dhtBit</name>
         <uninitialized>true</uninitialized>
         <run_address>0x200008b1</run_address>
         <size>0x1</size>
      </object_component>
      <object_component id="oc-da">
         <name>.common:dhtBitCount</name>
         <uninitialized>true</uninitialized>
         <run_address>0x20000894</run_address>
         <size>0x4</size>
      </object_component>
      <object_component id="oc-de">
         <name>.common:humidity</name>
         <uninitialized>true</uninitialized>
         <run_address>0x2000089c</run_address>
         <size>0x4</size>
      </object_component>
      <object_component id="oc-df">
         <name>.common:temperature</name>
         <uninitialized>true</uninitialized>
         <run_address>0x200008a4</run_address>
         <size>0x4</size>
      </object_component>
      <object_component id="oc-e0">
         <name>.common:checksum</name>
         <uninitialized>true</uninitialized>
         <run_address>0x20000890</run_address>
         <size>0x4</size>
      </object_component>
      <object_component id="oc-11e">
         <name>.common:uart_data_counter</name>
         <uninitialized>true</uninitialized>
         <run_address>0x200008b4</run_address>
         <size>0x1</size>
      </object_component>
      <object_component id="oc-ff">
         <name>.common:operating_mode</name>
         <uninitialized>true</uninitialized>
         <run_address>0x200008b2</run_address>
         <size>0x1</size>
      </object_component>
      <object_component id="oc-b4">
         <name>.common:sys_tick_counter</name>
         <uninitialized>true</uninitialized>
         <run_address>0x200008a0</run_address>
         <size>0x4</size>
      </object_component>
      <object_component id="oc-1f5">
         <name>.common:g_ui32SysClock</name>
         <uninitialized>true</uninitialized>
         <run_address>0x20000898</run_address>
         <size>0x4</size>
      </object_component>
      <object_component id="oc-401">
         <name>.common:FatFs</name>
         <uninitialized>true</uninitialized>
         <run_address>0x2000088c</run_address>
         <size>0x4</size>
      </object_component>
      <object_component id="oc-417">
         <name>.common:Fsid</name>
         <uninitialized>true</uninitialized>
         <run_address>0x200008ac</run_address>
         <size>0x2</size>
      </object_component>
      <object_component id="oc-158">
         <name>.common:Timer1</name>
         <uninitialized>true</uninitialized>
         <run_address>0x200008af</run_address>
         <size>0x1</size>
      </object_component>
      <object_component id="oc-15b">
         <name>.common:Timer2</name>
         <uninitialized>true</uninitialized>
         <run_address>0x200008b0</run_address>
         <size>0x1</size>
      </object_component>
      <object_component id="oc-471">
         <name>.common:CardType</name>
         <uninitialized>true</uninitialized>
         <run_address>0x200008ae</run_address>
         <size>0x1</size>
      </object_component>
      <object_component id="oc-d6">
         <name>.data</name>
         <load_address>0x20000a1c</load_address>
         <run_address>0x20000a1c</run_address>
         <size>0xc</size>
         <input_file_ref idref="fl-3"/>
      </object_component>
      <object_component id="oc-19b">
         <name>.data</name>
         <load_address>0x200009b8</load_address>
         <run_address>0x200009b8</run_address>
         <size>0x64</size>
         <input_file_ref idref="fl-9"/>
      </object_component>
      <object_component id="oc-ee">
         <name>.data</name>
         <load_address>0x20000a44</load_address>
         <run_address>0x20000a44</run_address>
         <size>0x2</size>
         <input_file_ref idref="fl-b"/>
      </object_component>
      <object_component id="oc-295">
         <name>.data</name>
         <load_address>0x20000a38</load_address>
         <run_address>0x20000a38</run_address>
         <size>0x5</size>
         <input_file_ref idref="fl-e"/>
      </object_component>
      <object_component id="oc-46e">
         <name>.data</name>
         <load_address>0x20000a3d</load_address>
         <run_address>0x20000a3d</run_address>
         <size>0x2</size>
         <input_file_ref idref="fl-10"/>
      </object_component>
      <object_component id="oc-150">
         <name>.data</name>
         <load_address>0x20000a30</load_address>
         <run_address>0x20000a30</run_address>
         <size>0x8</size>
         <input_file_ref idref="fl-13b"/>
      </object_component>
      <object_component id="oc-a6">
         <name>.data</name>
         <load_address>0x20000a40</load_address>
         <run_address>0x20000a40</run_address>
         <size>0x4</size>
         <input_file_ref idref="fl-13f"/>
      </object_component>
      <object_component id="oc-14d">
         <name>.data</name>
         <load_address>0x20000a28</load_address>
         <run_address>0x20000a28</run_address>
         <size>0x8</size>
         <input_file_ref idref="fl-144"/>
      </object_component>
      <object_component id="oc-229">
         <name>.debug_info</name>
         <load_address>0x0</load_address>
         <run_address>0x0</run_address>
         <size>0x18b</size>
         <input_file_ref idref="fl-2"/>
      </object_component>
      <object_component id="oc-300">
         <name>.debug_info</name>
         <load_address>0x18b</load_address>
         <run_address>0x18b</run_address>
         <size>0x1a1</size>
         <input_file_ref idref="fl-2"/>
      </object_component>
      <object_component id="oc-124">
         <name>.debug_info</name>
         <load_address>0x32c</load_address>
         <run_address>0x32c</run_address>
         <size>0x84</size>
         <input_file_ref idref="fl-2"/>
      </object_component>
      <object_component id="oc-e3">
         <name>.debug_info</name>
         <load_address>0x3b0</load_address>
         <run_address>0x3b0</run_address>
         <size>0x18b</size>
         <input_file_ref idref="fl-2"/>
      </object_component>
      <object_component id="oc-18c">
         <name>.debug_info</name>
         <load_address>0x53b</load_address>
         <run_address>0x53b</run_address>
         <size>0x4e</size>
         <input_file_ref idref="fl-2"/>
      </object_component>
      <object_component id="oc-d8">
         <name>.debug_info</name>
         <load_address>0x589</load_address>
         <run_address>0x589</run_address>
         <size>0x62f</size>
         <input_file_ref idref="fl-3"/>
      </object_component>
      <object_component id="oc-dc">
         <name>.debug_info</name>
         <load_address>0xbb8</load_address>
         <run_address>0xbb8</run_address>
         <size>0xea</size>
         <input_file_ref idref="fl-3"/>
      </object_component>
      <object_component id="oc-49">
         <name>.debug_info</name>
         <load_address>0xca2</load_address>
         <run_address>0xca2</run_address>
         <size>0x207</size>
         <input_file_ref idref="fl-3"/>
      </object_component>
      <object_component id="oc-52e">
         <name>.debug_info</name>
         <load_address>0xea9</load_address>
         <run_address>0xea9</run_address>
         <size>0x16e</size>
         <input_file_ref idref="fl-3"/>
      </object_component>
      <object_component id="oc-4bf">
         <name>.debug_info</name>
         <load_address>0x1017</load_address>
         <run_address>0x1017</run_address>
         <size>0x180</size>
         <input_file_ref idref="fl-3"/>
      </object_component>
      <object_component id="oc-3f9">
         <name>.debug_info</name>
         <load_address>0x1197</load_address>
         <run_address>0x1197</run_address>
         <size>0x135</size>
         <input_file_ref idref="fl-3"/>
      </object_component>
      <object_component id="oc-2fa">
         <name>.debug_info</name>
         <load_address>0x12cc</load_address>
         <run_address>0x12cc</run_address>
         <size>0x217</size>
         <input_file_ref idref="fl-3"/>
      </object_component>
      <object_component id="oc-55">
         <name>.debug_info</name>
         <load_address>0x14e3</load_address>
         <run_address>0x14e3</run_address>
         <size>0x132</size>
         <input_file_ref idref="fl-3"/>
      </object_component>
      <object_component id="oc-169">
         <name>.debug_info</name>
         <load_address>0x1615</load_address>
         <run_address>0x1615</run_address>
         <size>0x8b</size>
         <input_file_ref idref="fl-3"/>
      </object_component>
      <object_component id="oc-306">
         <name>.debug_info</name>
         <load_address>0x16a0</load_address>
         <run_address>0x16a0</run_address>
         <size>0x134</size>
         <input_file_ref idref="fl-4"/>
      </object_component>
      <object_component id="oc-11f">
         <name>.debug_info</name>
         <load_address>0x17d4</load_address>
         <run_address>0x17d4</run_address>
         <size>0x4aa</size>
         <input_file_ref idref="fl-5"/>
      </object_component>
      <object_component id="oc-11c">
         <name>.debug_info</name>
         <load_address>0x1c7e</load_address>
         <run_address>0x1c7e</run_address>
         <size>0xe6</size>
         <input_file_ref idref="fl-5"/>
      </object_component>
      <object_component id="oc-61">
         <name>.debug_info</name>
         <load_address>0x1d64</load_address>
         <run_address>0x1d64</run_address>
         <size>0x199</size>
         <input_file_ref idref="fl-5"/>
      </object_component>
      <object_component id="oc-134">
         <name>.debug_info</name>
         <load_address>0x1efd</load_address>
         <run_address>0x1efd</run_address>
         <size>0x2c</size>
         <input_file_ref idref="fl-5"/>
      </object_component>
      <object_component id="oc-239">
         <name>.debug_info</name>
         <load_address>0x1f29</load_address>
         <run_address>0x1f29</run_address>
         <size>0x21c</size>
         <input_file_ref idref="fl-6"/>
      </object_component>
      <object_component id="oc-2b0">
         <name>.debug_info</name>
         <load_address>0x2145</load_address>
         <run_address>0x2145</run_address>
         <size>0xe3</size>
         <input_file_ref idref="fl-6"/>
      </object_component>
      <object_component id="oc-2a9">
         <name>.debug_info</name>
         <load_address>0x2228</load_address>
         <run_address>0x2228</run_address>
         <size>0x1ee</size>
         <input_file_ref idref="fl-6"/>
      </object_component>
      <object_component id="oc-22d">
         <name>.debug_info</name>
         <load_address>0x2416</load_address>
         <run_address>0x2416</run_address>
         <size>0x186</size>
         <input_file_ref idref="fl-6"/>
      </object_component>
      <object_component id="oc-2d5">
         <name>.debug_info</name>
         <load_address>0x259c</load_address>
         <run_address>0x259c</run_address>
         <size>0x178</size>
         <input_file_ref idref="fl-6"/>
      </object_component>
      <object_component id="oc-25e">
         <name>.debug_info</name>
         <load_address>0x2714</load_address>
         <run_address>0x2714</run_address>
         <size>0x308</size>
         <input_file_ref idref="fl-6"/>
      </object_component>
      <object_component id="oc-233">
         <name>.debug_info</name>
         <load_address>0x2a1c</load_address>
         <run_address>0x2a1c</run_address>
         <size>0x199</size>
         <input_file_ref idref="fl-6"/>
      </object_component>
      <object_component id="oc-196">
         <name>.debug_info</name>
         <load_address>0x2bb5</load_address>
         <run_address>0x2bb5</run_address>
         <size>0x184</size>
         <input_file_ref idref="fl-6"/>
      </object_component>
      <object_component id="oc-213">
         <name>.debug_info</name>
         <load_address>0x2d39</load_address>
         <run_address>0x2d39</run_address>
         <size>0x234</size>
         <input_file_ref idref="fl-8"/>
      </object_component>
      <object_component id="oc-313">
         <name>.debug_info</name>
         <load_address>0x2f6d</load_address>
         <run_address>0x2f6d</run_address>
         <size>0xe2</size>
         <input_file_ref idref="fl-8"/>
      </object_component>
      <object_component id="oc-28c">
         <name>.debug_info</name>
         <load_address>0x304f</load_address>
         <run_address>0x304f</run_address>
         <size>0xe6</size>
         <input_file_ref idref="fl-8"/>
      </object_component>
      <object_component id="oc-289">
         <name>.debug_info</name>
         <load_address>0x3135</load_address>
         <run_address>0x3135</run_address>
         <size>0xe0</size>
         <input_file_ref idref="fl-8"/>
      </object_component>
      <object_component id="oc-26a">
         <name>.debug_info</name>
         <load_address>0x3215</load_address>
         <run_address>0x3215</run_address>
         <size>0x143</size>
         <input_file_ref idref="fl-8"/>
      </object_component>
      <object_component id="oc-1e9">
         <name>.debug_info</name>
         <load_address>0x3358</load_address>
         <run_address>0x3358</run_address>
         <size>0x1c8</size>
         <input_file_ref idref="fl-8"/>
      </object_component>
      <object_component id="oc-164">
         <name>.debug_info</name>
         <load_address>0x3520</load_address>
         <run_address>0x3520</run_address>
         <size>0x4c5</size>
         <input_file_ref idref="fl-8"/>
      </object_component>
      <object_component id="oc-15d">
         <name>.debug_info</name>
         <load_address>0x39e5</load_address>
         <run_address>0x39e5</run_address>
         <size>0xe4</size>
         <input_file_ref idref="fl-8"/>
      </object_component>
      <object_component id="oc-20e">
         <name>.debug_info</name>
         <load_address>0x3ac9</load_address>
         <run_address>0x3ac9</run_address>
         <size>0x70</size>
         <input_file_ref idref="fl-8"/>
      </object_component>
      <object_component id="oc-100">
         <name>.debug_info</name>
         <load_address>0x3b39</load_address>
         <run_address>0x3b39</run_address>
         <size>0x556</size>
         <input_file_ref idref="fl-9"/>
      </object_component>
      <object_component id="oc-19c">
         <name>.debug_info</name>
         <load_address>0x408f</load_address>
         <run_address>0x408f</run_address>
         <size>0x1ed</size>
         <input_file_ref idref="fl-9"/>
      </object_component>
      <object_component id="oc-fa">
         <name>.debug_info</name>
         <load_address>0x427c</load_address>
         <run_address>0x427c</run_address>
         <size>0x156</size>
         <input_file_ref idref="fl-9"/>
      </object_component>
      <object_component id="oc-5b">
         <name>.debug_info</name>
         <load_address>0x43d2</load_address>
         <run_address>0x43d2</run_address>
         <size>0x197</size>
         <input_file_ref idref="fl-9"/>
      </object_component>
      <object_component id="oc-264">
         <name>.debug_info</name>
         <load_address>0x4569</load_address>
         <run_address>0x4569</run_address>
         <size>0x1e2</size>
         <input_file_ref idref="fl-9"/>
      </object_component>
      <object_component id="oc-68">
         <name>.debug_info</name>
         <load_address>0x474b</load_address>
         <run_address>0x474b</run_address>
         <size>0x1fb</size>
         <input_file_ref idref="fl-a"/>
      </object_component>
      <object_component id="oc-10">
         <name>.debug_info</name>
         <load_address>0x4946</load_address>
         <run_address>0x4946</run_address>
         <size>0xf0</size>
         <input_file_ref idref="fl-a"/>
      </object_component>
      <object_component id="oc-2b">
         <name>.debug_info</name>
         <load_address>0x4a36</load_address>
         <run_address>0x4a36</run_address>
         <size>0x120</size>
         <input_file_ref idref="fl-a"/>
      </object_component>
      <object_component id="oc-31">
         <name>.debug_info</name>
         <load_address>0x4b56</load_address>
         <run_address>0x4b56</run_address>
         <size>0x111</size>
         <input_file_ref idref="fl-a"/>
      </object_component>
      <object_component id="oc-37">
         <name>.debug_info</name>
         <load_address>0x4c67</load_address>
         <run_address>0x4c67</run_address>
         <size>0x117</size>
         <input_file_ref idref="fl-a"/>
      </object_component>
      <object_component id="oc-3d">
         <name>.debug_info</name>
         <load_address>0x4d7e</load_address>
         <run_address>0x4d7e</run_address>
         <size>0x129</size>
         <input_file_ref idref="fl-a"/>
      </object_component>
      <object_component id="oc-b5">
         <name>.debug_info</name>
         <load_address>0x4ea7</load_address>
         <run_address>0x4ea7</run_address>
         <size>0x54d</size>
         <input_file_ref idref="fl-b"/>
      </object_component>
      <object_component id="oc-ef">
         <name>.debug_info</name>
         <load_address>0x53f4</load_address>
         <run_address>0x53f4</run_address>
         <size>0x134</size>
         <input_file_ref idref="fl-b"/>
      </object_component>
      <object_component id="oc-4f">
         <name>.debug_info</name>
         <load_address>0x5528</load_address>
         <run_address>0x5528</run_address>
         <size>0x16a</size>
         <input_file_ref idref="fl-b"/>
      </object_component>
      <object_component id="oc-1d7">
         <name>.debug_info</name>
         <load_address>0x5692</load_address>
         <run_address>0x5692</run_address>
         <size>0x15f</size>
         <input_file_ref idref="fl-b"/>
      </object_component>
      <object_component id="oc-43">
         <name>.debug_info</name>
         <load_address>0x57f1</load_address>
         <run_address>0x57f1</run_address>
         <size>0x138</size>
         <input_file_ref idref="fl-b"/>
      </object_component>
      <object_component id="oc-1e3">
         <name>.debug_info</name>
         <load_address>0x5929</load_address>
         <run_address>0x5929</run_address>
         <size>0x160</size>
         <input_file_ref idref="fl-b"/>
      </object_component>
      <object_component id="oc-1f0">
         <name>.debug_info</name>
         <load_address>0x5a89</load_address>
         <run_address>0x5a89</run_address>
         <size>0x11b</size>
         <input_file_ref idref="fl-b"/>
      </object_component>
      <object_component id="oc-146">
         <name>.debug_info</name>
         <load_address>0x5ba4</load_address>
         <run_address>0x5ba4</run_address>
         <size>0x258</size>
         <input_file_ref idref="fl-b"/>
      </object_component>
      <object_component id="oc-3bf">
         <name>.debug_info</name>
         <load_address>0x5dfc</load_address>
         <run_address>0x5dfc</run_address>
         <size>0x385</size>
         <input_file_ref idref="fl-d"/>
      </object_component>
      <object_component id="oc-2c3">
         <name>.debug_info</name>
         <load_address>0x6181</load_address>
         <run_address>0x6181</run_address>
         <size>0x281</size>
         <input_file_ref idref="fl-d"/>
      </object_component>
      <object_component id="oc-386">
         <name>.debug_info</name>
         <load_address>0x6402</load_address>
         <run_address>0x6402</run_address>
         <size>0x18e</size>
         <input_file_ref idref="fl-d"/>
      </object_component>
      <object_component id="oc-18b">
         <name>.debug_info</name>
         <load_address>0x6590</load_address>
         <run_address>0x6590</run_address>
         <size>0x118</size>
         <input_file_ref idref="fl-e"/>
      </object_component>
      <object_component id="oc-296">
         <name>.debug_info</name>
         <load_address>0x66a8</load_address>
         <run_address>0x66a8</run_address>
         <size>0xff</size>
         <input_file_ref idref="fl-e"/>
      </object_component>
      <object_component id="oc-224">
         <name>.debug_info</name>
         <load_address>0x67a7</load_address>
         <run_address>0x67a7</run_address>
         <size>0x155</size>
         <input_file_ref idref="fl-e"/>
      </object_component>
      <object_component id="oc-256">
         <name>.debug_info</name>
         <load_address>0x68fc</load_address>
         <run_address>0x68fc</run_address>
         <size>0x23e</size>
         <input_file_ref idref="fl-e"/>
      </object_component>
      <object_component id="oc-219">
         <name>.debug_info</name>
         <load_address>0x6b3a</load_address>
         <run_address>0x6b3a</run_address>
         <size>0x1db</size>
         <input_file_ref idref="fl-e"/>
      </object_component>
      <object_component id="oc-298">
         <name>.debug_info</name>
         <load_address>0x6d15</load_address>
         <run_address>0x6d15</run_address>
         <size>0x23a</size>
         <input_file_ref idref="fl-e"/>
      </object_component>
      <object_component id="oc-185">
         <name>.debug_info</name>
         <load_address>0x6f4f</load_address>
         <run_address>0x6f4f</run_address>
         <size>0x33b</size>
         <input_file_ref idref="fl-e"/>
      </object_component>
      <object_component id="oc-e9">
         <name>.debug_info</name>
         <load_address>0x728a</load_address>
         <run_address>0x728a</run_address>
         <size>0x1a6</size>
         <input_file_ref idref="fl-e"/>
      </object_component>
      <object_component id="oc-347">
         <name>.debug_info</name>
         <load_address>0x7430</load_address>
         <run_address>0x7430</run_address>
         <size>0x305</size>
         <input_file_ref idref="fl-f"/>
      </object_component>
      <object_component id="oc-36f">
         <name>.debug_info</name>
         <load_address>0x7735</load_address>
         <run_address>0x7735</run_address>
         <size>0x1ec</size>
         <input_file_ref idref="fl-f"/>
      </object_component>
      <object_component id="oc-433">
         <name>.debug_info</name>
         <load_address>0x7921</load_address>
         <run_address>0x7921</run_address>
         <size>0x1e0</size>
         <input_file_ref idref="fl-f"/>
      </object_component>
      <object_component id="oc-4ea">
         <name>.debug_info</name>
         <load_address>0x7b01</load_address>
         <run_address>0x7b01</run_address>
         <size>0x1fc</size>
         <input_file_ref idref="fl-f"/>
      </object_component>
      <object_component id="oc-4e3">
         <name>.debug_info</name>
         <load_address>0x7cfd</load_address>
         <run_address>0x7cfd</run_address>
         <size>0x1b9</size>
         <input_file_ref idref="fl-f"/>
      </object_component>
      <object_component id="oc-444">
         <name>.debug_info</name>
         <load_address>0x7eb6</load_address>
         <run_address>0x7eb6</run_address>
         <size>0x1e2</size>
         <input_file_ref idref="fl-f"/>
      </object_component>
      <object_component id="oc-341">
         <name>.debug_info</name>
         <load_address>0x8098</load_address>
         <run_address>0x8098</run_address>
         <size>0x1eb</size>
         <input_file_ref idref="fl-f"/>
      </object_component>
      <object_component id="oc-482">
         <name>.debug_info</name>
         <load_address>0x8283</load_address>
         <run_address>0x8283</run_address>
         <size>0x1e8</size>
[...]
         <name>esp8266_data</name>
         <value>0x20000a00</value>
         <object_component_ref idref="oc-19b"/>
      </symbol>
      <symbol id="sm-1c8">
         <name>init_sensors</name>
         <value>0x3741</value>
         <object_component_ref idref="oc-263"/>
      </symbol>
      <symbol id="sm-1c9">
         <name>threshold_humidity</name>
         <value>0x200009dc</value>
         <object_component_ref idref="oc-19b"/>
      </symbol>
      <symbol id="sm-1ca">
         <name>PortFIntHandler</name>
         <value>0x37e1</value>
         <object_component_ref idref="oc-5a"/>
      </symbol>
      <symbol id="sm-1cb">
         <name>threshold_co2</name>
         <value>0x200009f4</value>
         <object_component_ref idref="oc-19b"/>
      </symbol>
      <symbol id="sm-1cc">
         <name>threshold_temperature</name>
         <value>0x200009e8</value>
         <object_component_ref idref="oc-19b"/>
      </symbol>
      <symbol id="sm-1cd">
         <name>change_mode</name>
         <value>0x279d</value>
         <object_component_ref idref="oc-f9"/>
      </symbol>
      <symbol id="sm-1fe">
         <name>ResetISR</name>
         <value>0x425f</value>
         <object_component_ref idref="oc-2a"/>
      </symbol>
      <symbol id="sm-1ff">
         <name>g_pfnVectors</name>
         <value>0x0</value>
         <object_component_ref idref="oc-f"/>
      </symbol>
      <symbol id="sm-260">
         <name>sys_tick_counter</name>
         <value>0x200008a0</value>
      </symbol>
      <symbol id="sm-261">
         <name>g_ui32SysClock</name>
         <value>0x20000898</value>
      </symbol>
      <symbol id="sm-262">
         <name>SysTickIntHandler</name>
         <value>0x40a9</value>
         <object_component_ref idref="oc-42"/>
      </symbol>
      <symbol id="sm-263">
         <name>WatchdogIntHandler</name>
         <value>0x3141</value>
         <object_component_ref idref="oc-4e"/>
      </symbol>
      <symbol id="sm-264">
         <name>main</name>
         <value>0x2329</value>
         <object_component_ref idref="oc-145"/>
      </symbol>
      <symbol id="sm-265">
         <name>g_bFeedWatchdog</name>
         <value>0x20000a44</value>
         <object_component_ref idref="oc-ee"/>
      </symbol>
      <symbol id="sm-266">
         <name>ConfigureUART</name>
         <value>0x3545</value>
         <object_component_ref idref="oc-1d6"/>
      </symbol>
      <symbol id="sm-267">
         <name>kick_watchdog</name>
         <value>0x41f5</value>
         <object_component_ref idref="oc-1ef"/>
      </symbol>
      <symbol id="sm-268">
         <name>g_bWatchdogTimeoutMsgSent</name>
         <value>0x20000a45</value>
         <object_component_ref idref="oc-ee"/>
      </symbol>
      <symbol id="sm-269">
         <name>init_system</name>
         <value>0x3d65</value>
         <object_component_ref idref="oc-1e2"/>
      </symbol>
      <symbol id="sm-288">
         <name>SSI_write</name>
         <value>0x3d99</value>
         <object_component_ref idref="oc-385"/>
      </symbol>
      <symbol id="sm-289">
         <name>SSI_init</name>
         <value>0x2c49</value>
         <object_component_ref idref="oc-2c2"/>
      </symbol>
      <symbol id="sm-301">
         <name>UARTStdioConfig</name>
         <value>0x30cd</value>
         <object_component_ref idref="oc-255"/>
      </symbol>
      <symbol id="sm-302">
         <name>UARTwrite</name>
         <value>0x348d</value>
         <object_component_ref idref="oc-218"/>
      </symbol>
      <symbol id="sm-303">
         <name>UARTprintf</name>
         <value>0x3f61</value>
         <object_component_ref idref="oc-e8"/>
      </symbol>
      <symbol id="sm-304">
         <name>UARTvprintf</name>
         <value>0x745</value>
         <object_component_ref idref="oc-184"/>
      </symbol>
      <symbol id="sm-51a">
         <name>f_sync</name>
         <value>0x222d</value>
         <object_component_ref idref="oc-375"/>
      </symbol>
      <symbol id="sm-51b">
         <name>clust2sect</name>
         <value>0x3dc9</value>
         <object_component_ref idref="oc-35b"/>
      </symbol>
      <symbol id="sm-51c">
         <name>put_fat</name>
         <value>0x1589</value>
         <object_component_ref idref="oc-43c"/>
      </symbol>
      <symbol id="sm-51d">
         <name>f_write</name>
         <value>0xa51</value>
         <object_component_ref idref="oc-27c"/>
      </symbol>
      <symbol id="sm-51e">
         <name>f_close</name>
         <value>0x3fa5</value>
         <object_component_ref idref="oc-282"/>
      </symbol>
      <symbol id="sm-51f">
         <name>f_open</name>
         <value>0x1171</value>
         <object_component_ref idref="oc-270"/>
      </symbol>
      <symbol id="sm-520">
         <name>f_lseek</name>
         <value>0xcf5</value>
         <object_component_ref idref="oc-276"/>
      </symbol>
      <symbol id="sm-521">
         <name>f_mount</name>
         <value>0x3879</value>
         <object_component_ref idref="oc-30c"/>
      </symbol>
      <symbol id="sm-522">
         <name>get_fat</name>
         <value>0x1ce5</value>
         <object_component_ref idref="oc-355"/>
      </symbol>
      <symbol id="sm-68a">
         <name>get_fattime</name>
         <value>0x4245</value>
         <object_component_ref idref="oc-328"/>
      </symbol>
      <symbol id="sm-68b">
         <name>disk_status</name>
         <value>0x3f85</value>
         <object_component_ref idref="oc-405"/>
      </symbol>
      <symbol id="sm-68c">
         <name>disk_timerproc</name>
         <value>0x382d</value>
         <object_component_ref idref="oc-ae"/>
      </symbol>
      <symbol id="sm-68d">
         <name>disk_read</name>
         <value>0x2915</value>
         <object_component_ref idref="oc-367"/>
      </symbol>
      <symbol id="sm-68e">
         <name>disk_initialize</name>
         <value>0x1749</value>
         <object_component_ref idref="oc-40b"/>
      </symbol>
      <symbol id="sm-68f">
         <name>disk_ioctl</name>
         <value>0x1381</value>
         <object_component_ref idref="oc-515"/>
      </symbol>
      <symbol id="sm-690">
         <name>disk_write</name>
         <value>0x2511</value>
         <object_component_ref idref="oc-361"/>
      </symbol>
      <symbol id="sm-6a2">
         <name>_c_int00</name>
         <value>0x3791</value>
         <object_component_ref idref="oc-24"/>
      </symbol>
      <symbol id="sm-6a3">
         <name>__stack</name>
         <value>0x200008b8</value>
         <object_component_ref idref="oc-29"/>
      </symbol>
      <symbol id="sm-6ba">
         <name>__TI_decompress_none</name>
         <value>0x4183</value>
         <object_component_ref idref="oc-12"/>
      </symbol>
      <symbol id="sm-6dd">
         <name>__TI_decompress_rle24</name>
         <value>0x4277</value>
         <object_component_ref idref="oc-18"/>
      </symbol>
      <symbol id="sm-6ef">
         <name>__TI_zero_init</name>
         <value>0x41e9</value>
         <object_component_ref idref="oc-1e"/>
      </symbol>
      <symbol id="sm-70e">
         <name>C$$EXIT</name>
         <value>0x39a5</value>
         <object_component_ref idref="oc-a0"/>
      </symbol>
      <symbol id="sm-70f">
         <name>abort</name>
         <value>0x39a9</value>
         <object_component_ref idref="oc-a0"/>
      </symbol>
      <symbol id="sm-710">
         <name>exit</name>
         <value>0x39b1</value>
         <object_component_ref idref="oc-a0"/>
      </symbol>
      <symbol id="sm-711">
         <name>__TI_dtors_ptr</name>
         <value>0x20000a34</value>
         <object_component_ref idref="oc-150"/>
      </symbol>
      <symbol id="sm-712">
         <name>__TI_cleanup_ptr</name>
         <value>0x20000a30</value>
         <object_component_ref idref="oc-150"/>
      </symbol>
      <symbol id="sm-72d">
         <name>memcpy</name>
         <value>0x2b13</value>
         <object_component_ref idref="oc-69"/>
      </symbol>
      <symbol id="sm-72e">
         <name>__aeabi_memcpy</name>
         <value>0x2b13</value>
         <object_component_ref idref="oc-69"/>
      </symbol>
      <symbol id="sm-72f">
         <name>__aeabi_memcpy8</name>
         <value>0x2b13</value>
         <object_component_ref idref="oc-69"/>
      </symbol>
      <symbol id="sm-730">
         <name>__aeabi_memcpy4</name>
         <value>0x2b13</value>
         <object_component_ref idref="oc-69"/>
      </symbol>
      <symbol id="sm-73f">
         <name>__aeabi_memset</name>
         <value>0x2eeb</value>
         <object_component_ref idref="oc-82"/>
      </symbol>
      <symbol id="sm-740">
         <name>memset</name>
         <value>0x2ef1</value>
         <object_component_ref idref="oc-82"/>
      </symbol>
      <symbol id="sm-741">
         <name>__aeabi_memset8</name>
         <value>0x2eeb</value>
         <object_component_ref idref="oc-82"/>
      </symbol>
      <symbol id="sm-742">
         <name>__aeabi_memset4</name>
         <value>0x2eeb</value>
         <object_component_ref idref="oc-82"/>
      </symbol>
      <symbol id="sm-743">
         <name>__aeabi_memclr8</name>
         <value>0x2ee9</value>
         <object_component_ref idref="oc-82"/>
      </symbol>
      <symbol id="sm-744">
         <name>__aeabi_memclr4</name>
         <value>0x2ee9</value>
         <object_component_ref idref="oc-82"/>
      </symbol>
      <symbol id="sm-745">
         <name>__aeabi_memclr</name>
         <value>0x2ee9</value>
         <object_component_ref idref="oc-82"/>
      </symbol>
      <symbol id="sm-74f">
         <name>_system_pre_init</name>
         <value>0x4285</value>
         <object_component_ref idref="oc-8e"/>
      </symbol>
      <symbol id="sm-757">
         <name>main_func_sp</name>
         <value>0x20000a40</value>
         <object_component_ref idref="oc-a6"/>
      </symbol>
      <symbol id="sm-76c">
         <name>__aeabi_uidivmod</name>
         <value>0x3aed</value>
         <object_component_ref idref="oc-21e"/>
      </symbol>
      <symbol id="sm-76d">
         <name>__aeabi_uidiv</name>
         <value>0x3aed</value>
         <object_component_ref idref="oc-21e"/>
      </symbol>
      <symbol id="sm-786">
         <name>_nop</name>
         <value>0x40cb</value>
         <object_component_ref idref="oc-1fe"/>
      </symbol>
      <symbol id="sm-787">
         <name>_lock</name>
         <value>0x20000a28</value>
         <object_component_ref idref="oc-14d"/>
      </symbol>
      <symbol id="sm-788">
         <name>_unlock</name>
         <value>0x20000a2c</value>
         <object_component_ref idref="oc-14d"/>
      </symbol>
      <symbol id="sm-789">
         <name>_register_lock</name>
         <value>0x40c3</value>
         <object_component_ref idref="oc-1fe"/>
      </symbol>
      <symbol id="sm-78a">
         <name>_register_unlock</name>
         <value>0x40bd</value>
         <object_component_ref idref="oc-1fe"/>
      </symbol>
      <symbol id="sm-79f">
         <name>_args_main</name>
         <value>0x4069</value>
         <object_component_ref idref="oc-9a"/>
      </symbol>
      <symbol id="sm-7c5">
         <name>__TI_auto_init</name>
         <value>0x3221</value>
         <object_component_ref idref="oc-94"/>
      </symbol>
      <symbol id="sm-7df">
         <name>copy_in</name>
         <value>0x3911</value>
         <object_component_ref idref="oc-13d"/>
      </symbol>
      <symbol id="sm-7e9">
         <name>__aeabi_idiv0</name>
         <value>0x369f</value>
         <object_component_ref idref="oc-29c"/>
      </symbol>
      <symbol id="sm-882">
         <name>GPIOIntRegister</name>
         <value>0x4039</value>
         <object_component_ref idref="oc-2ed"/>
      </symbol>
      <symbol id="sm-883">
         <name>GPIOPinConfigure</name>
         <value>0x395d</value>
         <object_component_ref idref="oc-39a"/>
      </symbol>
      <symbol id="sm-884">
         <name>GPIOIntEnable</name>
         <value>0x41b7</value>
         <object_component_ref idref="oc-2f3"/>
      </symbol>
      <symbol id="sm-885">
         <name>GPIOIntTypeSet</name>
         <value>0x35f5</value>
         <object_component_ref idref="oc-2e7"/>
      </symbol>
      <symbol id="sm-886">
         <name>GPIOPinTypeGPIOInput</name>
         <value>0x40d1</value>
         <object_component_ref idref="oc-2db"/>
      </symbol>
      <symbol id="sm-887">
         <name>GPIOIntClear</name>
         <value>0x424d</value>
         <object_component_ref idref="oc-be"/>
      </symbol>
      <symbol id="sm-888">
         <name>GPIOIntStatus</name>
         <value>0x4159</value>
         <object_component_ref idref="oc-b8"/>
      </symbol>
      <symbol id="sm-889">
         <name>GPIOPinTypeGPIOOutput</name>
         <value>0x4051</value>
         <object_component_ref idref="oc-2ce"/>
      </symbol>
      <symbol id="sm-88a">
         <name>GPIOPinRead</name>
         <value>0x4253</value>
         <object_component_ref idref="oc-c4"/>
      </symbol>
      <symbol id="sm-88b">
         <name>GPIODirModeSet</name>
         <value>0x3ee5</value>
         <object_component_ref idref="oc-3c1"/>
      </symbol>
      <symbol id="sm-88c">
         <name>GPIOPinWrite</name>
         <value>0x4259</value>
         <object_component_ref idref="oc-1dc"/>
      </symbol>
      <symbol id="sm-88d">
         <name>GPIOPadConfigSet</name>
         <value>0x1bb5</value>
         <object_component_ref idref="oc-2e1"/>
      </symbol>
      <symbol id="sm-88e">
         <name>GPIOPinTypeSSI</name>
         <value>0x40e3</value>
         <object_component_ref idref="oc-3a0"/>
      </symbol>
      <symbol id="sm-8da">
         <name>IntEnable</name>
         <value>0x32f9</value>
         <object_component_ref idref="oc-3d8"/>
      </symbol>
      <symbol id="sm-8db">
         <name>IntRegister</name>
         <value>0x3cc9</value>
         <object_component_ref idref="oc-3d2"/>
      </symbol>
      <symbol id="sm-8dc">
         <name>IntMasterDisable</name>
         <value>0x4119</value>
         <object_component_ref idref="oc-ca"/>
      </symbol>
      <symbol id="sm-8dd">
         <name>g_pfnRAMVectors</name>
         <value>0x20000000</value>
         <object_component_ref idref="oc-4b1"/>
      </symbol>
      <symbol id="sm-8de">
         <name>IntMasterEnable</name>
         <value>0x4129</value>
         <object_component_ref idref="oc-d0"/>
      </symbol>
      <symbol id="sm-927">
         <name>SSIDataPut</name>
         <value>0x420d</value>
         <object_component_ref idref="oc-488"/>
      </symbol>
      <symbol id="sm-928">
         <name>SSIDataGet</name>
         <value>0x41c3</value>
         <object_component_ref idref="oc-494"/>
      </symbol>
      <symbol id="sm-929">
         <name>SSIDataGetNonBlocking</name>
         <value>0x40f5</value>
         <object_component_ref idref="oc-3b8"/>
      </symbol>
      <symbol id="sm-92a">
         <name>SSIConfigSetExpClk</name>
         <value>0x3b2d</value>
         <object_component_ref idref="oc-3ac"/>
      </symbol>
      <symbol id="sm-92b">
         <name>SSIEnable</name>
         <value>0x4221</value>
         <object_component_ref idref="oc-3b2"/>
      </symbol>
      <symbol id="sm-92c">
         <name>SSIClockSourceSet</name>
         <value>0x4265</value>
         <object_component_ref idref="oc-3a6"/>
      </symbol>
      <symbol id="sm-92d">
         <name>SSIBusy</name>
         <value>0x4235</value>
         <object_component_ref idref="oc-48e"/>
      </symbol>
      <symbol id="sm-92e">
         <name>SSIDisable</name>
         <value>0x4217</value>
         <object_component_ref idref="oc-394"/>
      </symbol>
      <symbol id="sm-98b">
         <name>SysCtlClockSet</name>
         <value>0x2421</value>
         <object_component_ref idref="oc-1b8"/>
      </symbol>
      <symbol id="sm-98c">
         <name>SysCtlDelay</name>
         <value>0x426b</value>
         <object_component_ref idref="oc-1ee"/>
      </symbol>
      <symbol id="sm-98d">
         <name>SysCtlPeripheralEnable</name>
         <value>0x3cfd</value>
         <object_component_ref idref="oc-2c8"/>
      </symbol>
      <symbol id="sm-98e">
         <name>SysCtlClockGet</name>
         <value>0x1f19</value>
         <object_component_ref idref="oc-1be"/>
      </symbol>
      <symbol id="sm-98f">
         <name>SysCtlPeripheralReset</name>
         <value>0x36a1</value>
         <object_component_ref idref="oc-38e"/>
      </symbol>
      <symbol id="sm-9b2">
         <name>SysTickEnable</name>
         <value>0x4081</value>
         <object_component_ref idref="oc-1d0"/>
      </symbol>
      <symbol id="sm-9b3">
         <name>SysTickIntEnable</name>
         <value>0x4095</value>
         <object_component_ref idref="oc-1ca"/>
      </symbol>
      <symbol id="sm-9b4">
         <name>SysTickPeriodSet</name>
         <value>0x4139</value>
         <object_component_ref idref="oc-1c4"/>
      </symbol>
      <symbol id="sm-9e8">
         <name>TimerLoadSet</name>
         <value>0x4107</value>
         <object_component_ref idref="oc-3e6"/>
      </symbol>
      <symbol id="sm-9e9">
         <name>TimerEnable</name>
         <value>0x4167</value>
         <object_component_ref idref="oc-3f2"/>
      </symbol>
      <symbol id="sm-9ea">
         <name>TimerIntEnable</name>
         <value>0x423d</value>
         <object_component_ref idref="oc-3ec"/>
      </symbol>
      <symbol id="sm-9eb">
         <name>TimerConfigure</name>
         <value>0x342d</value>
         <object_component_ref idref="oc-3e0"/>
      </symbol>
      <symbol id="sm-9ec">
         <name>TimerIntClear</name>
         <value>0x427d</value>
         <object_component_ref idref="oc-f2"/>
      </symbol>
      <symbol id="sm-a19">
         <name>UARTCharsAvail</name>
         <value>0x41cf</value>
         <object_component_ref idref="oc-115"/>
      </symbol>
      <symbol id="sm-a1a">
         <name>UARTCharGetNonBlocking</name>
         <value>0x4175</value>
         <object_component_ref idref="oc-10f"/>
      </symbol>
      <symbol id="sm-a1b">
         <name>UARTClockSourceSet</name>
         <value>0x4271</value>
         <object_component_ref idref="oc-24f"/>
      </symbol>
      <symbol id="sm-a1c">
         <name>UARTIntClear</name>
         <value>0x4281</value>
         <object_component_ref idref="oc-109"/>
      </symbol>
      <symbol id="sm-a1d">
         <name>UARTIntStatus</name>
         <value>0x422b</value>
         <object_component_ref idref="oc-103"/>
      </symbol>
      <symbol id="sm-a2f">
         <name>CPUcpsie</name>
         <value>0x41ab</value>
         <object_component_ref idref="oc-179"/>
      </symbol>
      <symbol id="sm-a30">
         <name>CPUcpsid</name>
         <value>0x419f</value>
         <object_component_ref idref="oc-172"/>
      </symbol>
      <symbol id="sm-a31">
         <name>__TI_static_base__</name>
         <value>0x0</value>
      </symbol>
      <symbol id="sm-a34">
         <name>SHT$$INIT_ARRAY$$Limit</name>
         <value>0x0</value>
      </symbol>
      <symbol id="sm-a35">
         <name>SHT$$INIT_ARRAY$$Base</name>
         <value>0x0</value>
      </symbol>
   </symbol_table>
   <title>Link successful</title>
</link_info>
