******************************************************************************
                  TI ARM Linker PC v5.2.5                      
******************************************************************************
>> Linked Wed Oct 07 14:45:01 2015

OUTPUT FILE NAME:   <timers.out>
ENTRY POINT SYMBOL: "_c_int00"  address: 0000157d


MEMORY CONFIGURATION

         name            origin    length      used     unused   attr    fill
----------------------  --------  ---------  --------  --------  ----  --------
  FLASH                 00000000   00040000  00002346  0003dcba  R  X
  SRAM                  20000000   00008000  000005e1  00007a1f  RW X


SEGMENT ALLOCATION MAP

run origin  load origin   length   init length attrs members
----------  ----------- ---------- ----------- ----- -------
00000000    00000000    00002348   00002348    r-x
  00000000    00000000    0000026c   0000026c    r-- .intvecs
  0000026c    0000026c    00001b58   00001b58    r-x .text
  00001dc4    00001dc4    000004fa   000004fa    r-- .const
  000022c0    000022c0    00000088   00000088    r-- .cinit
20000000    20000000    000005e4   00000000    rw-
  20000000    20000000    0000026c   00000000    rw- .vtable
  2000026c    2000026c    000001e9   00000000    rw- .bss
  20000458    20000458    00000100   00000000    rw- .stack
  20000558    20000558    0000008c   00000000    rw- .data


SECTION ALLOCATION MAP

 output                                  attributes/
section   page    origin      length       input sections
--------  ----  ----------  ----------   ----------------
.intvecs   0    00000000    0000026c     
                  00000000    0000026c     startup_ccs.obj (.intvecs)

.text      0    0000026c    00001b58     
                  0000026c    0000030c     uartstdio.obj (.text:UARTvprintf)
                  00000578    00000140     dht22.obj (.text:PortEIntHandler)
                  000006b8    00000130     driverlib.lib : gpio.obj (.text:GPIOPadConfigSet)
                  000007e8    0000010c                   : sysctl.obj (.text:SysCtlClockGet)
                  000008f4    000000f8     timers.obj (.text:main)
                  000009ec    000000f0     driverlib.lib : sysctl.obj (.text:SysCtlClockSet)
                  00000adc    000000c0     lcd_nokia5510.obj (.text:nokiaLCDinit)
                  00000b9c    000000bc     sensors.obj (.text:change_mode)
                  00000c58    000000a8     esp8266.obj (.text:init_esp8266)
                  00000d00    0000009c     rtsv7M4_T_le_v4SPD16_eabi.lib : memcpy_t2.obj (.text)
                  00000d9c    00000090     tiva_ssi.obj (.text:SSI_init)
                  00000e2c    0000008c     dht22.obj (.text:init_dht22)
                  00000eb8    0000007c     esp8266.obj (.text:UART5IntHandler)
                  00000f34    0000007a     rtsv7M4_T_le_v4SPD16_eabi.lib : memset_t2.obj (.text)
                  00000fae    00000002     startup_ccs.obj (.text:FaultISR)
                  00000fb0    00000074     uartstdio.obj (.text:UARTStdioConfig)
                  00001024    00000070     timers.obj (.text:WatchdogIntHandler)
                  00001094    00000070     dht22.obj (.text:startDHT)
                  00001104    0000006c     rtsv7M4_T_le_v4SPD16_eabi.lib : autoinit.obj (.text)
                  00001170    0000006a                                   : copy_decompress_rle.obj (.text)
                  000011da    00000002     startup_ccs.obj (.text:IntDefaultHandler)
                  000011dc    00000068     driverlib.lib : interrupt.obj (.text:IntEnable)
                  00001244    00000068     esp8266.obj (.text:esp8266_send)
                  000012ac    00000064     timers.obj (.text:SysTickIntHandler)
                  00001310    00000060     driverlib.lib : timer.obj (.text:TimerConfigure)
                  00001370    0000005c     uartstdio.obj (.text:UARTwrite)
                  000013cc    00000058     timers.obj (.text:ConfigureUART)
                  00001424    00000058     sensors.obj (.text:init_sensors)
                  0000147c    00000058     lcd_nokia5510.obj (.text:nokiaLCDtext)
                  000014d4    00000056     driverlib.lib : gpio.obj (.text:GPIOIntTypeSet)
                  0000152a    00000002     startup_ccs.obj (.text:NmiSR)
                  0000152c    00000050     driverlib.lib : sysctl.obj (.text:SysCtlPeripheralReset)
                  0000157c    00000050     rtsv7M4_T_le_v4SPD16_eabi.lib : boot.obj (.text)
                  000015cc    0000004c     sensors.obj (.text:PortFIntHandler)
                  00001618    0000004c     lcd_nokia5510.obj (.text:nokiaLCDwrite)
                  00001664    0000004c     rtsv7M4_T_le_v4SPD16_eabi.lib : cpy_tbl.obj (.text)
                  000016b0    00000048     driverlib.lib : gpio.obj (.text:GPIOPinConfigure)
                  000016f8    00000044     rtsv7M4_T_le_v4SPD16_eabi.lib : exit.obj (.text)
                  0000173c    00000042     driverlib.lib : uart.obj (.text:UARTConfigSetExpClk)
                  0000177e    00000002     rtsv7M4_T_le_v4SPD16_eabi.lib : i_div0.obj (.text)
                  00001780    00000040     driverlib.lib : gpio.obj (.text:_GPIOIntNumberGet)
                  000017c0    00000040     lcd_nokia5510.obj (.text:nokiaLCDclear)
                  00001800    00000040     dht22.obj (.text:read_dht22)
                  00001840    00000040     rtsv7M4_T_le_v4SPD16_eabi.lib : u_divt2.obj (.text)
                  00001880    0000003c     driverlib.lib : ssi.obj (.text:SSIConfigSetExpClk)
                  000018bc    0000003a     lcd_nokia5510.obj (.text:lcd_puts_line1)
                  000018f6    00000002     esp8266.obj (.text:test_conn_esp8266)
                  000018f8    00000038     actuators.obj (.text:init_actuators)
                  00001930    00000034     driverlib.lib : interrupt.obj (.text:IntRegister)
                  00001964    00000034                   : sysctl.obj (.text:SysCtlPeripheralEnable)
                  00001998    00000034     rtsv7M4_T_le_v4SPD16_eabi.lib : strstr.obj (.text)
                  000019cc    00000034     esp8266.obj (.text:uart_send)
                  00001a00    00000030     tiva_ssi.obj (.text:SSI_write)
                  00001a30    00000030     dht22.obj (.text:setDHTinput)
                  00001a60    0000002e     timers.obj (.text:delay_us)
                  00001a8e    0000002a     driverlib.lib : gpio.obj (.text:GPIODirModeSet)
                  00001ab8    0000002a     lcd_nokia5510.obj (.text:nokiaLCDsetXY)
                  00001ae2    00000024     uartstdio.obj (.text:UARTprintf)
                  00001b06    00000002     --HOLE-- [fill = 0]
                  00001b08    00000024     esp8266.obj (.text:list_ap)
                  00001b2c    0000001c     dht22.obj (.text:Timer0IntHandler)
                  00001b48    0000001c     driverlib.lib : uart.obj (.text:UARTDisable)
                  00001b64    00000018                   : gpio.obj (.text:GPIOIntRegister)
                  00001b7c    00000018                   : gpio.obj (.text:GPIOPinTypeGPIOOutput)
                  00001b94    00000018     rtsv7M4_T_le_v4SPD16_eabi.lib : args_main.obj (.text)
                  00001bac    00000014     driverlib.lib : systick.obj (.text:SysTickEnable)
                  00001bc0    00000014                   : systick.obj (.text:SysTickIntEnable)
                  00001bd4    00000014                   : uart.obj (.text:UARTEnable)
                  00001be8    00000014     rtsv7M4_T_le_v4SPD16_eabi.lib : _lock.obj (.text)
                  00001bfc    00000012     driverlib.lib : gpio.obj (.text:GPIOPinTypeGPIOInput)
                  00001c0e    00000012                   : gpio.obj (.text:GPIOPinTypeSSI)
                  00001c20    00000012                   : gpio.obj (.text:GPIOPinTypeUART)
                  00001c32    00000012                   : ssi.obj (.text:SSIDataGetNonBlocking)
                  00001c44    00000012                   : timer.obj (.text:TimerLoadSet)
                  00001c56    00000010                   : interrupt.obj (.text:IntMasterDisable)
                  00001c66    00000010                   : interrupt.obj (.text:IntMasterEnable)
                  00001c76    00000002     --HOLE-- [fill = 0]
                  00001c78    00000010                   : systick.obj (.text:SysTickPeriodSet)
                  00001c88    00000010     ds1820.obj (.text:init_ds1820)
                  00001c98    00000010     timers.obj (.text:init_system)
                  00001ca8    0000000e     driverlib.lib : gpio.obj (.text:GPIOIntStatus)
                  00001cb6    0000000e                   : timer.obj (.text:TimerEnable)
                  00001cc4    0000000e     rtsv7M4_T_le_v4SPD16_eabi.lib : copy_decompress_none.obj (.text:decompress:none)
                  00001cd2    0000000c     driverlib.lib : cpu.obj (.text:CPUcpsid)
                  00001cde    0000000c                   : cpu.obj (.text:CPUcpsie)
                  00001cea    0000000c                   : gpio.obj (.text:GPIOIntEnable)
                  00001cf6    0000000c                   : ssi.obj (.text:SSIDataGet)
                  00001d02    0000000c                   : uart.obj (.text:UARTCharsAvail)
                  00001d0e    0000000c     rtsv7M4_T_le_v4SPD16_eabi.lib : copy_zero_init.obj (.text:decompress:ZI)
                  00001d1a    00000002     --HOLE-- [fill = 0]
                  00001d1c    0000000c     dht22.obj (.text:getTimer0ChAvalue)
                  00001d28    0000000c     timers.obj (.text:kick_watchdog)
                  00001d34    0000000a     driverlib.lib : ssi.obj (.text:SSIDataPut)
                  00001d3e    0000000a                   : ssi.obj (.text:SSIDisable)
                  00001d48    0000000a                   : ssi.obj (.text:SSIEnable)
                  00001d52    0000000a                   : uart.obj (.text:UARTCharGet)
                  00001d5c    0000000a                   : uart.obj (.text:UARTCharPut)
                  00001d66    0000000a                   : uart.obj (.text:UARTIntStatus)
                  00001d70    00000008                   : ssi.obj (.text:SSIBusy)
                  00001d78    00000008                   : timer.obj (.text:TimerIntEnable)
                  00001d80    00000008                   : uart.obj (.text:UARTIntEnable)
                  00001d88    00000006                   : gpio.obj (.text:GPIOIntClear)
                  00001d8e    00000006                   : gpio.obj (.text:GPIOPinRead)
                  00001d94    00000006                   : gpio.obj (.text:GPIOPinWrite)
                  00001d9a    00000006     startup_ccs.obj (.text:ResetISR)
                  00001da0    00000006     driverlib.lib : ssi.obj (.text:SSIClockSourceSet)
                  00001da6    00000006                   : sysctl.obj (.text:SysCtlDelay)
                  00001dac    00000006                   : uart.obj (.text:UARTClockSourceSet)
                  00001db2    00000006     rtsv7M4_T_le_v4SPD16_eabi.lib : copy_decompress_rle.obj (.text:decompress:rle24)
                  00001db8    00000004     driverlib.lib : timer.obj (.text:TimerIntClear)
                  00001dbc    00000004                   : uart.obj (.text:UARTIntClear)
                  00001dc0    00000004     rtsv7M4_T_le_v4SPD16_eabi.lib : pre_init.obj (.text)

.const     0    00001dc4    000004fa     
                  00001dc4    000001e0     lcd_nokia5510.obj (.const:ASCII)
                  00001fa4    000000c0     driverlib.lib : gpio.obj (.const:g_ppui32GPIOIntMapBlizzard)
                  00002064    000000c0                   : gpio.obj (.const:g_ppui32GPIOIntMapSnowflake)
                  00002124    00000090                   : gpio.obj (.const:g_pui32GPIOBaseAddrs)
                  000021b4    00000070                   : interrupt.obj (.const)
                  00002224    0000006c                   : sysctl.obj (.const:g_pui32Xtals)
                  00002290    0000001c     uartstdio.obj (.const)
                  000022ac    00000012     uartstdio.obj (.const:.string)

.cinit     0    000022c0    00000088     
                  000022c0    00000053     (.cinit..data.load) [load image, compression = rle]
                  00002313    00000001     --HOLE-- [fill = 0]
                  00002314    0000000c     (__TI_handler_table)
                  00002320    00000008     (.cinit..bss.load) [load image, compression = zero_init]
                  00002328    00000008     (.cinit..vtable.load) [load image, compression = zero_init]
                  00002330    00000018     (__TI_cinit_table)

.init_array 
*          0    00000000    00000000     UNINITIALIZED

.vtable    0    20000000    0000026c     UNINITIALIZED
                  20000000    0000026c     driverlib.lib : interrupt.obj (.vtable)

.bss       0    2000026c    000001e9     UNINITIALIZED
                  2000026c    00000100     esp8266.obj (.bss:uart_data)
                  2000036c    000000c8     dht22.obj (.bss:receivedBits)
                  20000434    00000004     (.common:checksum)
                  20000438    00000004     (.common:dhtBitCount)
                  2000043c    00000004     (.common:g_ui32SysClock)
                  20000440    00000004     (.common:humidity)
                  20000444    00000004     (.common:sys_tick_counter)
                  20000448    00000004     (.common:temperature)
                  2000044c    00000004     (.common:timerACounter)
                  20000450    00000001     (.common:data_received)
                  20000451    00000001     (.common:dhtBit)
                  20000452    00000001     (.common:operating_mode)
                  20000453    00000001     (.common:readDHT)
                  20000454    00000001     (.common:uart_data_counter)

.TI.noinit 
*          0    2000026c    00000000     UNINITIALIZED

.stack     0    20000458    00000100     UNINITIALIZED
                  20000458    00000100     --HOLE--

.data      0    20000558    0000008c     UNINITIALIZED
                  20000558    00000064     sensors.obj (.data)
                  200005bc    0000000c     dht22.obj (.data)
                  200005c8    00000008     rtsv7M4_T_le_v4SPD16_eabi.lib : _lock.obj (.data)
                  200005d0    00000008                                   : exit.obj (.data)
                  200005d8    00000005     uartstdio.obj (.data)
                  200005dd    00000003     timers.obj (.data)
                  200005e0    00000004     rtsv7M4_T_le_v4SPD16_eabi.lib : stkdepth_vars.obj (.data)

.TI.persistent 
*          0    20000558    00000000     UNINITIALIZED


LINKER GENERATED COPY TABLES

__TI_cinit_table @ 00002330 records: 3, size/record: 8, table size: 24
	.data: load addr=000022c0, load size=00000053 bytes, run addr=20000558, run size=0000008c bytes, compression=rle
	.bss: load addr=00002320, load size=00000008 bytes, run addr=2000026c, run size=000001e9 bytes, compression=zero_init
	.vtable: load addr=00002328, load size=00000008 bytes, run addr=20000000, run size=0000026c bytes, compression=zero_init


LINKER GENERATED HANDLER TABLE

__TI_handler_table @ 00002314 records: 3, size/record: 4, table size: 12
	index: 0, handler: __TI_zero_init
	index: 1, handler: __TI_decompress_rle24
	index: 2, handler: __TI_decompress_none


GLOBAL SYMBOLS: SORTED ALPHABETICALLY BY Name 

address   name                     
-------   ----                     
000016f9  C$$EXIT                  
00001cd3  CPUcpsid                 
00001cdf  CPUcpsie                 
000013cd  ConfigureUART            
00001a8f  GPIODirModeSet           
00001d89  GPIOIntClear             
00001ceb  GPIOIntEnable            
00001b65  GPIOIntRegister          
00001ca9  GPIOIntStatus            
000014d5  GPIOIntTypeSet           
000006b9  GPIOPadConfigSet         
000016b1  GPIOPinConfigure         
00001d8f  GPIOPinRead              
00001bfd  GPIOPinTypeGPIOInput     
00001b7d  GPIOPinTypeGPIOOutput    
00001c0f  GPIOPinTypeSSI           
00001c21  GPIOPinTypeUART          
00001d95  GPIOPinWrite             
000011dd  IntEnable                
00001c57  IntMasterDisable         
00001c67  IntMasterEnable          
00001931  IntRegister              
00000579  PortEIntHandler          
000015cd  PortFIntHandler          
00001d9b  ResetISR                 
UNDEFED   SHT$$INIT_ARRAY$$Base    
UNDEFED   SHT$$INIT_ARRAY$$Limit   
00001d71  SSIBusy                  
00001da1  SSIClockSourceSet        
00001881  SSIConfigSetExpClk       
00001cf7  SSIDataGet               
00001c33  SSIDataGetNonBlocking    
00001d35  SSIDataPut               
00001d3f  SSIDisable               
00001d49  SSIEnable                
00000d9d  SSI_init                 
00001a01  SSI_write                
000007e9  SysCtlClockGet           
000009ed  SysCtlClockSet           
00001da7  SysCtlDelay              
00001965  SysCtlPeripheralEnable   
0000152d  SysCtlPeripheralReset    
00001bad  SysTickEnable            
00001bc1  SysTickIntEnable         
000012ad  SysTickIntHandler        
00001c79  SysTickPeriodSet         
00001b2d  Timer0IntHandler         
00001311  TimerConfigure           
00001cb7  TimerEnable              
00001db9  TimerIntClear            
00001d79  TimerIntEnable           
00001c45  TimerLoadSet             
00000eb9  UART5IntHandler          
00001d53  UARTCharGet              
00001d5d  UARTCharPut              
00001d03  UARTCharsAvail           
00001dad  UARTClockSourceSet       
0000173d  UARTConfigSetExpClk      
00001b49  UARTDisable              
00001bd5  UARTEnable               
00001dbd  UARTIntClear             
00001d81  UARTIntEnable            
00001d67  UARTIntStatus            
00000fb1  UARTStdioConfig          
00001ae3  UARTprintf               
0000026d  UARTvprintf              
00001371  UARTwrite                
00001025  WatchdogIntHandler       
20000558  __STACK_END              
00000100  __STACK_SIZE             
20000558  __STACK_TOP              
00002330  __TI_CINIT_Base          
00002348  __TI_CINIT_Limit         
00002314  __TI_Handler_Table_Base  
00002320  __TI_Handler_Table_Limit 
00001105  __TI_auto_init           
200005d0  __TI_cleanup_ptr         
00001cc5  __TI_decompress_none     
00001db3  __TI_decompress_rle24    
200005d4  __TI_dtors_ptr           
00000000  __TI_static_base__       
00001d0f  __TI_zero_init           
0000177f  __aeabi_idiv0            
00000f35  __aeabi_memclr           
00000f35  __aeabi_memclr4          
00000f35  __aeabi_memclr8          
00000d01  __aeabi_memcpy           
00000d01  __aeabi_memcpy4          
00000d01  __aeabi_memcpy8          
00000f37  __aeabi_memset           
00000f37  __aeabi_memset4          
00000f37  __aeabi_memset8          
00001841  __aeabi_uidiv            
00001841  __aeabi_uidivmod         
ffffffff  __binit__                
ffffffff  __c_args__               
20000458  __stack                  
00001b95  _args_main               
0000157d  _c_int00                 
200005c8  _lock                    
00001bf7  _nop                     
00001bef  _register_lock           
00001be9  _register_unlock         
00001dc1  _system_pre_init         
200005cc  _unlock                  
000016fd  abort                    
ffffffff  binit                    
00000b9d  change_mode              
20000434  checksum                 
00001665  copy_in                  
20000450  data_received            
00001a61  delay_us                 
20000451  dhtBit                   
20000438  dhtBitCount              
200005a0  esp8266_data             
00001245  esp8266_send             
00001705  exit                     
200005dd  g_bFeedWatchdog          
200005de  g_bWatchdogTimeoutMsgSent
20000000  g_pfnRAMVectors          
00000000  g_pfnVectors             
2000043c  g_ui32SysClock           
00001d1d  getTimer0ChAvalue        
20000440  humidity                 
000018f9  init_actuators           
00000e2d  init_dht22               
00001c89  init_ds1820              
00000c59  init_esp8266             
00001425  init_sensors             
00001c99  init_system              
00001d29  kick_watchdog            
000018bd  lcd_puts_line1           
00001b09  list_ap                  
000008f5  main                     
200005e0  main_func_sp             
00000d01  memcpy                   
00000f3d  memset                   
000017c1  nokiaLCDclear            
00000add  nokiaLCDinit             
00001ab9  nokiaLCDsetXY            
0000147d  nokiaLCDtext             
00001619  nokiaLCDwrite            
20000452  operating_mode           
20000453  readDHT                  
00001801  read_dht22               
2000036c  receivedBits             
00001a31  setDHTinput              
00001095  startDHT                 
00001999  strstr                   
20000444  sys_tick_counter         
20000448  temperature              
000018f7  test_conn_esp8266        
20000594  threshold_co2            
2000057c  threshold_humidity       
20000588  threshold_temperature    
2000044c  timerACounter            
2000026c  uart_data                
20000454  uart_data_counter        
000019cd  uart_send                


GLOBAL SYMBOLS: SORTED BY Symbol Address 

address   name                     
-------   ----                     
00000000  __TI_static_base__       
00000000  g_pfnVectors             
00000100  __STACK_SIZE             
0000026d  UARTvprintf              
00000579  PortEIntHandler          
000006b9  GPIOPadConfigSet         
000007e9  SysCtlClockGet           
000008f5  main                     
000009ed  SysCtlClockSet           
00000add  nokiaLCDinit             
00000b9d  change_mode              
00000c59  init_esp8266             
00000d01  __aeabi_memcpy           
00000d01  __aeabi_memcpy4          
00000d01  __aeabi_memcpy8          
00000d01  memcpy                   
00000d9d  SSI_init                 
00000e2d  init_dht22               
00000eb9  UART5IntHandler          
00000f35  __aeabi_memclr           
00000f35  __aeabi_memclr4          
00000f35  __aeabi_memclr8          
00000f37  __aeabi_memset           
00000f37  __aeabi_memset4          
00000f37  __aeabi_memset8          
00000f3d  memset                   
00000fb1  UARTStdioConfig          
00001025  WatchdogIntHandler       
00001095  startDHT                 
00001105  __TI_auto_init           
000011dd  IntEnable                
00001245  esp8266_send             
000012ad  SysTickIntHandler        
00001311  TimerConfigure           
00001371  UARTwrite                
000013cd  ConfigureUART            
00001425  init_sensors             
0000147d  nokiaLCDtext             
000014d5  GPIOIntTypeSet           
0000152d  SysCtlPeripheralReset    
0000157d  _c_int00                 
000015cd  PortFIntHandler          
00001619  nokiaLCDwrite            
00001665  copy_in                  
000016b1  GPIOPinConfigure         
000016f9  C$$EXIT                  
000016fd  abort                    
00001705  exit                     
0000173d  UARTConfigSetExpClk      
0000177f  __aeabi_idiv0            
000017c1  nokiaLCDclear            
00001801  read_dht22               
00001841  __aeabi_uidiv            
00001841  __aeabi_uidivmod         
00001881  SSIConfigSetExpClk       
000018bd  lcd_puts_line1           
000018f7  test_conn_esp8266        
000018f9  init_actuators           
00001931  IntRegister              
00001965  SysCtlPeripheralEnable   
00001999  strstr                   
000019cd  uart_send                
00001a01  SSI_write                
00001a31  setDHTinput              
00001a61  delay_us                 
00001a8f  GPIODirModeSet           
00001ab9  nokiaLCDsetXY            
00001ae3  UARTprintf               
00001b09  list_ap                  
00001b2d  Timer0IntHandler         
00001b49  UARTDisable              
00001b65  GPIOIntRegister          
00001b7d  GPIOPinTypeGPIOOutput    
00001b95  _args_main               
00001bad  SysTickEnable            
00001bc1  SysTickIntEnable         
00001bd5  UARTEnable               
00001be9  _register_unlock         
00001bef  _register_lock           
00001bf7  _nop                     
00001bfd  GPIOPinTypeGPIOInput     
00001c0f  GPIOPinTypeSSI           
00001c21  GPIOPinTypeUART          
00001c33  SSIDataGetNonBlocking    
00001c45  TimerLoadSet             
00001c57  IntMasterDisable         
00001c67  IntMasterEnable          
00001c79  SysTickPeriodSet         
00001c89  init_ds1820              
00001c99  init_system              
00001ca9  GPIOIntStatus            
00001cb7  TimerEnable              
00001cc5  __TI_decompress_none     
00001cd3  CPUcpsid                 
00001cdf  CPUcpsie                 
00001ceb  GPIOIntEnable            
00001cf7  SSIDataGet               
00001d03  UARTCharsAvail           
00001d0f  __TI_zero_init           
00001d1d  getTimer0ChAvalue        
00001d29  kick_watchdog            
00001d35  SSIDataPut               
00001d3f  SSIDisable               
00001d49  SSIEnable                
00001d53  UARTCharGet              
00001d5d  UARTCharPut              
00001d67  UARTIntStatus            
00001d71  SSIBusy                  
00001d79  TimerIntEnable           
00001d81  UARTIntEnable            
00001d89  GPIOIntClear             
00001d8f  GPIOPinRead              
00001d95  GPIOPinWrite             
00001d9b  ResetISR                 
00001da1  SSIClockSourceSet        
00001da7  SysCtlDelay              
00001dad  UARTClockSourceSet       
00001db3  __TI_decompress_rle24    
00001db9  TimerIntClear            
00001dbd  UARTIntClear             
00001dc1  _system_pre_init         
00002314  __TI_Handler_Table_Base  
00002320  __TI_Handler_Table_Limit 
00002330  __TI_CINIT_Base          
00002348  __TI_CINIT_Limit         
20000000  g_pfnRAMVectors          
2000026c  uart_data                
2000036c  receivedBits             
20000434  checksum                 
20000438  dhtBitCount              
2000043c  g_ui32SysClock           
20000440  humidity                 
20000444  sys_tick_counter         
20000448  temperature              
2000044c  timerACounter            
20000450  data_received            
20000451  dhtBit                   
20000452  operating_mode           
20000453  readDHT                  
20000454  uart_data_counter        
20000458  __stack                  
20000558  __STACK_END              
20000558  __STACK_TOP              
2000057c  threshold_humidity       
20000588  threshold_temperature    
20000594  threshold_co2            
200005a0  esp8266_data             
200005c8  _lock                    
200005cc  _unlock                  
200005d0  __TI_cleanup_ptr         
200005d4  __TI_dtors_ptr           
200005dd  g_bFeedWatchdog          
200005de  g_bWatchdogTimeoutMsgSent
200005e0  main_func_sp             
ffffffff  __binit__                
ffffffff  __c_args__               
ffffffff  binit                    
UNDEFED   SHT$$INIT_ARRAY$$Base    
UNDEFED   SHT$$INIT_ARRAY$$Limit   

[159 symbols]
