<?xml version="1.0"?>
<link_info>
   <banner>TI ARM Linker PC v5.2.5</banner>
   <copyright>Copyright (c) 1996-2015 Texas Instruments Incorporated</copyright>
   <link_time>0x5612ea03</link_time>
   <link_errors>0x0</link_errors>
   <output_file>timers.out</output_file>
   <entry_point>
      <name>_c_int00</name>
      <address>0x13cd</address>
   </entry_point>
   <input_file_list>
      <input_file id="fl-2">
         <path>.\</path>
         <kind>object</kind>
         <file>actuators.obj</file>
         <name>actuators.obj</name>
      </input_file>
      <input_file id="fl-3">
         <path>.\</path>
         <kind>object</kind>
         <file>dht22.obj</file>
         <name>dht22.obj</name>
      </input_file>
      <input_file id="fl-4">
         <path>.\</path>
         <kind>object</kind>
         <file>ds1820.obj</file>
         <name>ds1820.obj</name>
      </input_file>
      <input_file id="fl-5">
         <path>.\</path>
         <kind>object</kind>
         <file>esp8266.obj</file>
         <name>esp8266.obj</name>
      </input_file>
      <input_file id="fl-6">
         <path>.\</path>
         <kind>object</kind>
         <file>lcd_nokia5510.obj</file>
         <name>lcd_nokia5510.obj</name>
      </input_file>
      <input_file id="fl-7">
         <path>.\</path>
         <kind>object</kind>
         <file>rtc.obj</file>
         <name>rtc.obj</name>
      </input_file>
      <input_file id="fl-8">
         <path>.\</path>
         <kind>object</kind>
         <file>sensors.obj</file>
         <name>sensors.obj</name>
      </input_file>
      <input_file id="fl-9">
         <path>.\</path>
         <kind>object</kind>
         <file>startup_ccs.obj</file>
         <name>startup_ccs.obj</name>
      </input_file>
      <input_file id="fl-a">
         <path>.\</path>
         <kind>object</kind>
         <file>timers.obj</file>
         <name>timers.obj</name>
      </input_file>
      <input_file id="fl-b">
         <path>.\</path>
         <kind>object</kind>
         <file>tiva_i2c.obj</file>
         <name>tiva_i2c.obj</name>
      </input_file>
      <input_file id="fl-c">
         <path>.\</path>
         <kind>object</kind>
         <file>tiva_ssi.obj</file>
         <name>tiva_ssi.obj</name>
      </input_file>
      <input_file id="fl-d">
         <path>.\utils\</path>
         <kind>object</kind>
         <file>uartstdio.obj</file>
         <name>uartstdio.obj</name>
      </input_file>
      <input_file id="fl-134">
         <path>C:\ti\ccsv6\tools\compiler\ti-cgt-arm_5.2.5\lib\</path>
         <kind>archive</kind>
         <file>rtsv7M4_T_le_v4SPD16_eabi.lib</file>
         <name>boot.obj</name>
      </input_file>
      <input_file id="fl-135">
         <path>C:\ti\ccsv6\tools\compiler\ti-cgt-arm_5.2.5\lib\</path>
         <kind>archive</kind>
         <file>rtsv7M4_T_le_v4SPD16_eabi.lib</file>
         <name>copy_decompress_none.obj</name>
      </input_file>
      <input_file id="fl-136">
         <path>C:\ti\ccsv6\tools\compiler\ti-cgt-arm_5.2.5\lib\</path>
         <kind>archive</kind>
         <file>rtsv7M4_T_le_v4SPD16_eabi.lib</file>
         <name>copy_decompress_rle.obj</name>
      </input_file>
      <input_file id="fl-137">
         <path>C:\ti\ccsv6\tools\compiler\ti-cgt-arm_5.2.5\lib\</path>
         <kind>archive</kind>
         <file>rtsv7M4_T_le_v4SPD16_eabi.lib</file>
         <name>copy_zero_init.obj</name>
      </input_file>
      <input_file id="fl-138">
         <path>C:\ti\ccsv6\tools\compiler\ti-cgt-arm_5.2.5\lib\</path>
         <kind>archive</kind>
         <file>rtsv7M4_T_le_v4SPD16_eabi.lib</file>
         <name>exit.obj</name>
      </input_file>
      <input_file id="fl-139">
         <path>C:\ti\ccsv6\tools\compiler\ti-cgt-arm_5.2.5\lib\</path>
         <kind>archive</kind>
         <file>rtsv7M4_T_le_v4SPD16_eabi.lib</file>
         <name>fd_mul_t2.obj</name>
      </input_file>
      <input_file id="fl-13a">
         <path>C:\ti\ccsv6\tools\compiler\ti-cgt-arm_5.2.5\lib\</path>
         <kind>archive</kind>
         <file>rtsv7M4_T_le_v4SPD16_eabi.lib</file>
         <name>fd_tos_t2.obj</name>
      </input_file>
      <input_file id="fl-13b">
         <path>C:\ti\ccsv6\tools\compiler\ti-cgt-arm_5.2.5\lib\</path>
         <kind>archive</kind>
         <file>rtsv7M4_T_le_v4SPD16_eabi.lib</file>
         <name>fs_tod_t2.obj</name>
      </input_file>
      <input_file id="fl-13c">
         <path>C:\ti\ccsv6\tools\compiler\ti-cgt-arm_5.2.5\lib\</path>
         <kind>archive</kind>
         <file>rtsv7M4_T_le_v4SPD16_eabi.lib</file>
         <name>i_tofd_t2.obj</name>
      </input_file>
      <input_file id="fl-13d">
         <path>C:\ti\ccsv6\tools\compiler\ti-cgt-arm_5.2.5\lib\</path>
         <kind>archive</kind>
         <file>rtsv7M4_T_le_v4SPD16_eabi.lib</file>
         <name>memcpy_t2.obj</name>
      </input_file>
      <input_file id="fl-13e">
         <path>C:\ti\ccsv6\tools\compiler\ti-cgt-arm_5.2.5\lib\</path>
         <kind>archive</kind>
         <file>rtsv7M4_T_le_v4SPD16_eabi.lib</file>
         <name>memset_t2.obj</name>
      </input_file>
      <input_file id="fl-13f">
         <path>C:\ti\ccsv6\tools\compiler\ti-cgt-arm_5.2.5\lib\</path>
         <kind>archive</kind>
         <file>rtsv7M4_T_le_v4SPD16_eabi.lib</file>
         <name>pow.obj</name>
      </input_file>
      <input_file id="fl-140">
         <path>C:\ti\ccsv6\tools\compiler\ti-cgt-arm_5.2.5\lib\</path>
         <kind>archive</kind>
         <file>rtsv7M4_T_le_v4SPD16_eabi.lib</file>
         <name>pre_init.obj</name>
      </input_file>
      <input_file id="fl-141">
         <path>C:\ti\ccsv6\tools\compiler\ti-cgt-arm_5.2.5\lib\</path>
         <kind>archive</kind>
         <file>rtsv7M4_T_le_v4SPD16_eabi.lib</file>
         <name>stkdepth_vars.obj</name>
      </input_file>
      <input_file id="fl-142">
         <path>C:\ti\ccsv6\tools\compiler\ti-cgt-arm_5.2.5\lib\</path>
         <kind>archive</kind>
         <file>rtsv7M4_T_le_v4SPD16_eabi.lib</file>
         <name>strcat.obj</name>
      </input_file>
      <input_file id="fl-143">
         <path>C:\ti\ccsv6\tools\compiler\ti-cgt-arm_5.2.5\lib\</path>
         <kind>archive</kind>
         <file>rtsv7M4_T_le_v4SPD16_eabi.lib</file>
         <name>strcpy.obj</name>
      </input_file>
      <input_file id="fl-144">
         <path>C:\ti\ccsv6\tools\compiler\ti-cgt-arm_5.2.5\lib\</path>
         <kind>archive</kind>
         <file>rtsv7M4_T_le_v4SPD16_eabi.lib</file>
         <name>u_divt2.obj</name>
      </input_file>
      <input_file id="fl-145">
         <path>C:\ti\ccsv6\tools\compiler\ti-cgt-arm_5.2.5\lib\</path>
         <kind>archive</kind>
         <file>rtsv7M4_T_le_v4SPD16_eabi.lib</file>
         <name>xdint.obj</name>
      </input_file>
      <input_file id="fl-146">
         <path>C:\ti\ccsv6\tools\compiler\ti-cgt-arm_5.2.5\lib\</path>
         <kind>archive</kind>
         <file>rtsv7M4_T_le_v4SPD16_eabi.lib</file>
         <name>xdunscal.obj</name>
      </input_file>
      <input_file id="fl-147">
         <path>C:\ti\ccsv6\tools\compiler\ti-cgt-arm_5.2.5\lib\</path>
         <kind>archive</kind>
         <file>rtsv7M4_T_le_v4SPD16_eabi.lib</file>
         <name>xexp.obj</name>
      </input_file>
      <input_file id="fl-148">
         <path>C:\ti\ccsv6\tools\compiler\ti-cgt-arm_5.2.5\lib\</path>
         <kind>archive</kind>
         <file>rtsv7M4_T_le_v4SPD16_eabi.lib</file>
         <name>xferaise.obj</name>
      </input_file>
      <input_file id="fl-149">
         <path>C:\ti\ccsv6\tools\compiler\ti-cgt-arm_5.2.5\lib\</path>
         <kind>archive</kind>
         <file>rtsv7M4_T_le_v4SPD16_eabi.lib</file>
         <name>xvalues.obj</name>
      </input_file>
      <input_file id="fl-14a">
         <path>C:\ti\ccsv6\tools\compiler\ti-cgt-arm_5.2.5\lib\</path>
         <kind>archive</kind>
         <file>rtsv7M4_T_le_v4SPD16_eabi.lib</file>
         <name>_lock.obj</name>
      </input_file>
      <input_file id="fl-14b">
         <path>C:\ti\ccsv6\tools\compiler\ti-cgt-arm_5.2.5\lib\</path>
         <kind>archive</kind>
         <file>rtsv7M4_T_le_v4SPD16_eabi.lib</file>
         <name>args_main.obj</name>
      </input_file>
      <input_file id="fl-14c">
         <path>C:\ti\ccsv6\tools\compiler\ti-cgt-arm_5.2.5\lib\</path>
         <kind>archive</kind>
         <file>rtsv7M4_T_le_v4SPD16_eabi.lib</file>
         <name>autoinit.obj</name>
      </input_file>
      <input_file id="fl-14d">
         <path>C:\ti\ccsv6\tools\compiler\ti-cgt-arm_5.2.5\lib\</path>
         <kind>archive</kind>
         <file>rtsv7M4_T_le_v4SPD16_eabi.lib</file>
         <name>cpy_tbl.obj</name>
      </input_file>
      <input_file id="fl-14e">
         <path>C:\ti\ccsv6\tools\compiler\ti-cgt-arm_5.2.5\lib\</path>
         <kind>archive</kind>
         <file>rtsv7M4_T_le_v4SPD16_eabi.lib</file>
         <name>errno.obj</name>
      </input_file>
      <input_file id="fl-14f">
         <path>C:\ti\ccsv6\tools\compiler\ti-cgt-arm_5.2.5\lib\</path>
         <kind>archive</kind>
         <file>rtsv7M4_T_le_v4SPD16_eabi.lib</file>
         <name>fd_add_t2.obj</name>
      </input_file>
      <input_file id="fl-150">
         <path>C:\ti\ccsv6\tools\compiler\ti-cgt-arm_5.2.5\lib\</path>
         <kind>archive</kind>
         <file>rtsv7M4_T_le_v4SPD16_eabi.lib</file>
         <name>fd_cmp_t2.obj</name>
      </input_file>
      <input_file id="fl-151">
         <path>C:\ti\ccsv6\tools\compiler\ti-cgt-arm_5.2.5\lib\</path>
         <kind>archive</kind>
         <file>rtsv7M4_T_le_v4SPD16_eabi.lib</file>
         <name>fd_div_t2.obj</name>
      </input_file>
      <input_file id="fl-152">
         <path>C:\ti\ccsv6\tools\compiler\ti-cgt-arm_5.2.5\lib\</path>
         <kind>archive</kind>
         <file>rtsv7M4_T_le_v4SPD16_eabi.lib</file>
         <name>fd_toi_t2.obj</name>
      </input_file>
      <input_file id="fl-153">
         <path>C:\ti\ccsv6\tools\compiler\ti-cgt-arm_5.2.5\lib\</path>
         <kind>archive</kind>
         <file>rtsv7M4_T_le_v4SPD16_eabi.lib</file>
         <name>feraiseexcept.obj</name>
      </input_file>
      <input_file id="fl-154">
         <path>C:\ti\ccsv6\tools\compiler\ti-cgt-arm_5.2.5\lib\</path>
         <kind>archive</kind>
         <file>rtsv7M4_T_le_v4SPD16_eabi.lib</file>
         <name>i_div0.obj</name>
      </input_file>
      <input_file id="fl-155">
         <path>C:\ti\ccsv6\tools\compiler\ti-cgt-arm_5.2.5\lib\</path>
         <kind>archive</kind>
         <file>rtsv7M4_T_le_v4SPD16_eabi.lib</file>
         <name>log.obj</name>
      </input_file>
      <input_file id="fl-156">
         <path>C:\ti\ccsv6\tools\compiler\ti-cgt-arm_5.2.5\lib\</path>
         <kind>archive</kind>
         <file>rtsv7M4_T_le_v4SPD16_eabi.lib</file>
         <name>raise.obj</name>
      </input_file>
      <input_file id="fl-157">
         <path>C:\ti\ccsv6\tools\compiler\ti-cgt-arm_5.2.5\lib\</path>
         <kind>archive</kind>
         <file>rtsv7M4_T_le_v4SPD16_eabi.lib</file>
         <name>signal.obj</name>
      </input_file>
      <input_file id="fl-158">
         <path>C:\ti\ccsv6\tools\compiler\ti-cgt-arm_5.2.5\lib\</path>
         <kind>archive</kind>
         <file>rtsv7M4_T_le_v4SPD16_eabi.lib</file>
         <name>xdnorm.obj</name>
      </input_file>
      <input_file id="fl-159">
         <path>C:\ti\ccsv6\tools\compiler\ti-cgt-arm_5.2.5\lib\</path>
         <kind>archive</kind>
         <file>rtsv7M4_T_le_v4SPD16_eabi.lib</file>
         <name>xdscale.obj</name>
      </input_file>
      <input_file id="fl-15a">
         <path>C:\ti\ccsv6\tools\compiler\ti-cgt-arm_5.2.5\lib\</path>
         <kind>archive</kind>
         <file>rtsv7M4_T_le_v4SPD16_eabi.lib</file>
         <name>xlog.obj</name>
      </input_file>
      <input_file id="fl-15b">
         <path>C:\ti\ccsv6\tools\compiler\ti-cgt-arm_5.2.5\lib\</path>
         <kind>archive</kind>
         <file>rtsv7M4_T_le_v4SPD16_eabi.lib</file>
         <name>xfvalues.obj</name>
      </input_file>
      <input_file id="fl-15c">
         <path>E:\Dev\Ti\TivaWare\examples\boards\ek-tm4c123gxl\timers\ccs\..\..\..\..\..\driverlib\ccs\Debug\</path>
         <kind>archive</kind>
         <file>driverlib.lib</file>
         <name>gpio.obj</name>
      </input_file>
      <input_file id="fl-15d">
         <path>E:\Dev\Ti\TivaWare\examples\boards\ek-tm4c123gxl\timers\ccs\..\..\..\..\..\driverlib\ccs\Debug\</path>
         <kind>archive</kind>
         <file>driverlib.lib</file>
         <name>i2c.obj</name>
      </input_file>
      <input_file id="fl-15e">
         <path>E:\Dev\Ti\TivaWare\examples\boards\ek-tm4c123gxl\timers\ccs\..\..\..\..\..\driverlib\ccs\Debug\</path>
         <kind>archive</kind>
         <file>driverlib.lib</file>
         <name>interrupt.obj</name>
      </input_file>
      <input_file id="fl-15f">
         <path>E:\Dev\Ti\TivaWare\examples\boards\ek-tm4c123gxl\timers\ccs\..\..\..\..\..\driverlib\ccs\Debug\</path>
         <kind>archive</kind>
         <file>driverlib.lib</file>
         <name>ssi.obj</name>
      </input_file>
      <input_file id="fl-160">
         <path>E:\Dev\Ti\TivaWare\examples\boards\ek-tm4c123gxl\timers\ccs\..\..\..\..\..\driverlib\ccs\Debug\</path>
         <kind>archive</kind>
         <file>driverlib.lib</file>
         <name>sysctl.obj</name>
      </input_file>
      <input_file id="fl-161">
         <path>E:\Dev\Ti\TivaWare\examples\boards\ek-tm4c123gxl\timers\ccs\..\..\..\..\..\driverlib\ccs\Debug\</path>
         <kind>archive</kind>
         <file>driverlib.lib</file>
         <name>systick.obj</name>
      </input_file>
      <input_file id="fl-162">
         <path>E:\Dev\Ti\TivaWare\examples\boards\ek-tm4c123gxl\timers\ccs\..\..\..\..\..\driverlib\ccs\Debug\</path>
         <kind>archive</kind>
         <file>driverlib.lib</file>
         <name>timer.obj</name>
      </input_file>
      <input_file id="fl-163">
         <path>E:\Dev\Ti\TivaWare\examples\boards\ek-tm4c123gxl\timers\ccs\..\..\..\..\..\driverlib\ccs\Debug\</path>
         <kind>archive</kind>
         <file>driverlib.lib</file>
         <name>uart.obj</name>
      </input_file>
      <input_file id="fl-164">
         <path>E:\Dev\Ti\TivaWare\examples\boards\ek-tm4c123gxl\timers\ccs\..\..\..\..\..\driverlib\ccs\Debug\</path>
         <kind>archive</kind>
         <file>driverlib.lib</file>
         <name>cpu.obj</name>
      </input_file>
   </input_file_list>
   <object_component_list>
      <object_component id="oc-f">
         <name>.intvecs</name>
         <load_address>0x0</load_address>
         <run_address>0x0</run_address>
         <size>0x26c</size>
         <input_file_ref idref="fl-9"/>
      </object_component>
      <object_component id="oc-1f7">
         <name>.text:UARTvprintf</name>
         <load_address>0x26c</load_address>
         <run_address>0x26c</run_address>
         <size>0x30c</size>
         <input_file_ref idref="fl-d"/>
      </object_component>
      <object_component id="oc-48">
         <name>.text:PortEIntHandler</name>
         <load_address>0x578</load_address>
         <run_address>0x578</run_address>
         <size>0x140</size>
         <input_file_ref idref="fl-3"/>
      </object_component>
      <object_component id="oc-22a">
         <name>.text:GPIOPadConfigSet</name>
         <load_address>0x6b8</load_address>
         <run_address>0x6b8</run_address>
         <size>0x130</size>
         <input_file_ref idref="fl-15c"/>
      </object_component>
      <object_component id="oc-164">
         <name>.text:SysCtlClockGet</name>
         <load_address>0x7e8</load_address>
         <run_address>0x7e8</run_address>
         <size>0x10c</size>
         <input_file_ref idref="fl-160"/>
      </object_component>
      <object_component id="oc-15e">
         <name>.text:SysCtlClockSet</name>
         <load_address>0x8f4</load_address>
         <run_address>0x8f4</run_address>
         <size>0xf0</size>
         <input_file_ref idref="fl-160"/>
      </object_component>
      <object_component id="oc-112">
         <name>.text:main</name>
         <load_address>0x9e4</load_address>
         <run_address>0x9e4</run_address>
         <size>0xf0</size>
         <input_file_ref idref="fl-a"/>
      </object_component>
      <object_component id="oc-18e">
         <name>.text:nokiaLCDinit</name>
         <load_address>0xad4</load_address>
         <run_address>0xad4</run_address>
         <size>0xc0</size>
         <input_file_ref idref="fl-6"/>
      </object_component>
      <object_component id="oc-e5">
         <name>.text:change_mode</name>
         <load_address>0xb94</load_address>
         <run_address>0xb94</run_address>
         <size>0xbc</size>
         <input_file_ref idref="fl-8"/>
      </object_component>
      <object_component id="oc-63">
         <name>.text</name>
         <load_address>0xc50</load_address>
         <run_address>0xc50</run_address>
         <size>0x9c</size>
         <input_file_ref idref="fl-13d"/>
      </object_component>
      <object_component id="oc-205">
         <name>.text:SSI_init</name>
         <load_address>0xcec</load_address>
         <run_address>0xcec</run_address>
         <size>0x90</size>
         <input_file_ref idref="fl-c"/>
      </object_component>
      <object_component id="oc-242">
         <name>.text:init_dht22</name>
         <load_address>0xd7c</load_address>
         <run_address>0xd7c</run_address>
         <size>0x8c</size>
         <input_file_ref idref="fl-3"/>
      </object_component>
      <object_component id="oc-7c">
         <name>.text</name>
         <load_address>0xe08</load_address>
         <run_address>0xe08</run_address>
         <size>0x7a</size>
         <input_file_ref idref="fl-13e"/>
      </object_component>
      <object_component id="oc-36">
         <name>.text:FaultISR</name>
         <load_address>0xe82</load_address>
         <run_address>0xe82</run_address>
         <size>0x2</size>
         <input_file_ref idref="fl-9"/>
      </object_component>
      <object_component id="oc-1f0">
         <name>.text:UARTStdioConfig</name>
         <load_address>0xe84</load_address>
         <run_address>0xe84</run_address>
         <size>0x74</size>
         <input_file_ref idref="fl-d"/>
      </object_component>
      <object_component id="oc-392">
         <name>.text:startDHT</name>
         <load_address>0xef8</load_address>
         <run_address>0xef8</run_address>
         <size>0x70</size>
         <input_file_ref idref="fl-3"/>
      </object_component>
      <object_component id="oc-8e">
         <name>.text</name>
         <load_address>0xf68</load_address>
         <run_address>0xf68</run_address>
         <size>0x6c</size>
         <input_file_ref idref="fl-14c"/>
      </object_component>
      <object_component id="oc-6f">
         <name>.text</name>
         <load_address>0xfd4</load_address>
         <run_address>0xfd4</run_address>
         <size>0x6a</size>
         <input_file_ref idref="fl-136"/>
      </object_component>
      <object_component id="oc-3c">
         <name>.text:IntDefaultHandler</name>
         <load_address>0x103e</load_address>
         <run_address>0x103e</run_address>
         <size>0x2</size>
         <input_file_ref idref="fl-9"/>
      </object_component>
      <object_component id="oc-2f4">
         <name>.text:IntEnable</name>
         <load_address>0x1040</load_address>
         <run_address>0x1040</run_address>
         <size>0x68</size>
         <input_file_ref idref="fl-15e"/>
      </object_component>
      <object_component id="oc-42">
         <name>.text:SysTickIntHandler</name>
         <load_address>0x10a8</load_address>
         <run_address>0x10a8</run_address>
         <size>0x64</size>
         <input_file_ref idref="fl-a"/>
      </object_component>
      <object_component id="oc-2fc">
         <name>.text:TimerConfigure</name>
         <load_address>0x110c</load_address>
         <run_address>0x110c</run_address>
         <size>0x60</size>
         <input_file_ref idref="fl-162"/>
      </object_component>
      <object_component id="oc-294">
         <name>.text:UARTwrite</name>
         <load_address>0x116c</load_address>
         <run_address>0x116c</run_address>
         <size>0x5c</size>
         <input_file_ref idref="fl-d"/>
      </object_component>
      <object_component id="oc-17c">
         <name>.text:ConfigureUART</name>
         <load_address>0x11c8</load_address>
         <run_address>0x11c8</run_address>
         <size>0x58</size>
         <input_file_ref idref="fl-a"/>
      </object_component>
      <object_component id="oc-1ce">
         <name>.text:nokiaLCDtext</name>
         <load_address>0x1220</load_address>
         <run_address>0x1220</run_address>
         <size>0x58</size>
         <input_file_ref idref="fl-6"/>
      </object_component>
      <object_component id="oc-268">
         <name>.text:read_scratchpad</name>
         <load_address>0x1278</load_address>
         <run_address>0x1278</run_address>
         <size>0x58</size>
         <input_file_ref idref="fl-4"/>
      </object_component>
      <object_component id="oc-230">
         <name>.text:GPIOIntTypeSet</name>
         <load_address>0x12d0</load_address>
         <run_address>0x12d0</run_address>
         <size>0x56</size>
         <input_file_ref idref="fl-15c"/>
      </object_component>
      <object_component id="oc-30">
         <name>.text:NmiSR</name>
         <load_address>0x1326</load_address>
         <run_address>0x1326</run_address>
         <size>0x2</size>
         <input_file_ref idref="fl-9"/>
      </object_component>
      <object_component id="oc-194">
         <name>.text:init_sensors</name>
         <load_address>0x1328</load_address>
         <run_address>0x1328</run_address>
         <size>0x54</size>
         <input_file_ref idref="fl-8"/>
      </object_component>
      <object_component id="oc-2a3">
         <name>.text:SysCtlPeripheralReset</name>
         <load_address>0x137c</load_address>
         <run_address>0x137c</run_address>
         <size>0x50</size>
         <input_file_ref idref="fl-160"/>
      </object_component>
      <object_component id="oc-24">
         <name>.text</name>
         <load_address>0x13cc</load_address>
         <run_address>0x13cc</run_address>
         <size>0x50</size>
         <input_file_ref idref="fl-134"/>
      </object_component>
      <object_component id="oc-5a">
         <name>.text:PortFIntHandler</name>
         <load_address>0x141c</load_address>
         <run_address>0x141c</run_address>
         <size>0x4c</size>
         <input_file_ref idref="fl-8"/>
      </object_component>
      <object_component id="oc-211">
         <name>.text:nokiaLCDwrite</name>
         <load_address>0x1468</load_address>
         <run_address>0x1468</run_address>
         <size>0x4c</size>
         <input_file_ref idref="fl-6"/>
      </object_component>
      <object_component id="oc-10a">
         <name>.text</name>
         <load_address>0x14b4</load_address>
         <run_address>0x14b4</run_address>
         <size>0x4c</size>
         <input_file_ref idref="fl-14d"/>
      </object_component>
      <object_component id="oc-2af">
         <name>.text:GPIOPinConfigure</name>
         <load_address>0x1500</load_address>
         <run_address>0x1500</run_address>
         <size>0x48</size>
         <input_file_ref idref="fl-15c"/>
      </object_component>
      <object_component id="oc-1a0">
         <name>.text:read_ds1820</name>
         <load_address>0x1548</load_address>
         <run_address>0x1548</run_address>
         <size>0x44</size>
         <input_file_ref idref="fl-4"/>
      </object_component>
      <object_component id="oc-9a">
         <name>.text</name>
         <load_address>0x158c</load_address>
         <run_address>0x158c</run_address>
         <size>0x44</size>
         <input_file_ref idref="fl-138"/>
      </object_component>
      <object_component id="oc-2e8">
         <name>.text:_GPIOIntNumberGet</name>
         <load_address>0x15d0</load_address>
         <run_address>0x15d0</run_address>
         <size>0x40</size>
         <input_file_ref idref="fl-15c"/>
      </object_component>
      <object_component id="oc-217">
         <name>.text:nokiaLCDclear</name>
         <load_address>0x1610</load_address>
         <run_address>0x1610</run_address>
         <size>0x40</size>
         <input_file_ref idref="fl-6"/>
      </object_component>
      <object_component id="oc-314">
         <name>.text:read_dht22</name>
         <load_address>0x1650</load_address>
         <run_address>0x1650</run_address>
         <size>0x40</size>
         <input_file_ref idref="fl-3"/>
      </object_component>
      <object_component id="oc-29a">
         <name>.text</name>
         <load_address>0x1690</load_address>
         <run_address>0x1690</run_address>
         <size>0x40</size>
         <input_file_ref idref="fl-144"/>
      </object_component>
      <object_component id="oc-32f">
         <name>.text:writeslot</name>
         <load_address>0x16d0</load_address>
         <run_address>0x16d0</run_address>
         <size>0x40</size>
         <input_file_ref idref="fl-4"/>
      </object_component>
      <object_component id="oc-256">
         <name>.text:write_ds1820</name>
         <load_address>0x1710</load_address>
         <run_address>0x1710</run_address>
         <size>0x3e</size>
         <input_file_ref idref="fl-4"/>
      </object_component>
      <object_component id="oc-2c1">
         <name>.text:SSIConfigSetExpClk</name>
         <load_address>0x174e</load_address>
         <run_address>0x174e</run_address>
         <size>0x3c</size>
         <input_file_ref idref="fl-15f"/>
      </object_component>
      <object_component id="oc-144">
         <name>.text:lcd_puts_line1</name>
         <load_address>0x178a</load_address>
         <run_address>0x178a</run_address>
         <size>0x3a</size>
         <input_file_ref idref="fl-6"/>
      </object_component>
      <object_component id="oc-250">
         <name>.text:reset_ds1820</name>
         <load_address>0x17c4</load_address>
         <run_address>0x17c4</run_address>
         <size>0x3a</size>
         <input_file_ref idref="fl-4"/>
      </object_component>
      <object_component id="oc-54">
         <name>.text:Timer1IntHandler</name>
         <load_address>0x17fe</load_address>
         <run_address>0x17fe</run_address>
         <size>0x2</size>
         <input_file_ref idref="fl-a"/>
      </object_component>
      <object_component id="oc-248">
         <name>.text:init_actuators</name>
         <load_address>0x1800</load_address>
         <run_address>0x1800</run_address>
         <size>0x38</size>
         <input_file_ref idref="fl-2"/>
      </object_component>
      <object_component id="oc-33e">
         <name>.text:readslot</name>
         <load_address>0x1838</load_address>
         <run_address>0x1838</run_address>
         <size>0x36</size>
         <input_file_ref idref="fl-4"/>
      </object_component>
      <object_component id="oc-353">
         <name>.text</name>
         <load_address>0x186e</load_address>
         <run_address>0x186e</run_address>
         <size>0x2</size>
         <input_file_ref idref="fl-154"/>
      </object_component>
      <object_component id="oc-2ee">
         <name>.text:IntRegister</name>
         <load_address>0x1870</load_address>
         <run_address>0x1870</run_address>
         <size>0x34</size>
         <input_file_ref idref="fl-15e"/>
      </object_component>
      <object_component id="oc-21e">
         <name>.text:SysCtlPeripheralEnable</name>
         <load_address>0x18a4</load_address>
         <run_address>0x18a4</run_address>
         <size>0x34</size>
         <input_file_ref idref="fl-160"/>
      </object_component>
      <object_component id="oc-2dc">
         <name>.text:SSI_write</name>
         <load_address>0x18d8</load_address>
         <run_address>0x18d8</run_address>
         <size>0x30</size>
         <input_file_ref idref="fl-c"/>
      </object_component>
      <object_component id="oc-3b2">
         <name>.text:setDHTinput</name>
         <load_address>0x1908</load_address>
         <run_address>0x1908</run_address>
         <size>0x30</size>
         <input_file_ref idref="fl-3"/>
      </object_component>
      <object_component id="oc-262">
         <name>.text:delay_us</name>
         <load_address>0x1938</load_address>
         <run_address>0x1938</run_address>
         <size>0x2e</size>
         <input_file_ref idref="fl-a"/>
      </object_component>
      <object_component id="oc-2d5">
         <name>.text:GPIODirModeSet</name>
         <load_address>0x1966</load_address>
         <run_address>0x1966</run_address>
         <size>0x2a</size>
         <input_file_ref idref="fl-15c"/>
      </object_component>
      <object_component id="oc-1c8">
         <name>.text:nokiaLCDsetXY</name>
         <load_address>0x1990</load_address>
         <run_address>0x1990</run_address>
         <size>0x2a</size>
         <input_file_ref idref="fl-6"/>
      </object_component>
      <object_component id="oc-25c">
         <name>.text:set_line</name>
         <load_address>0x19bc</load_address>
         <run_address>0x19bc</run_address>
         <size>0x28</size>
         <input_file_ref idref="fl-4"/>
      </object_component>
      <object_component id="oc-182">
         <name>.text:UARTprintf</name>
         <load_address>0x19e4</load_address>
         <run_address>0x19e4</run_address>
         <size>0x24</size>
         <input_file_ref idref="fl-d"/>
      </object_component>
      <object_component id="oc-1a6">
         <name>.text:delay_seconds</name>
         <load_address>0x1a08</load_address>
         <run_address>0x1a08</run_address>
         <size>0x1e</size>
         <input_file_ref idref="fl-a"/>
      </object_component>
      <object_component id="oc-4e">
         <name>.text:Timer0IntHandler</name>
         <load_address>0x1a28</load_address>
         <run_address>0x1a28</run_address>
         <size>0x1c</size>
         <input_file_ref idref="fl-3"/>
      </object_component>
      <object_component id="oc-236">
         <name>.text:GPIOIntRegister</name>
         <load_address>0x1a44</load_address>
         <run_address>0x1a44</run_address>
         <size>0x18</size>
         <input_file_ref idref="fl-15c"/>
      </object_component>
      <object_component id="oc-20b">
         <name>.text:GPIOPinTypeGPIOOutput</name>
         <load_address>0x1a5c</load_address>
         <run_address>0x1a5c</run_address>
         <size>0x18</size>
         <input_file_ref idref="fl-15c"/>
      </object_component>
      <object_component id="oc-94">
         <name>.text</name>
         <load_address>0x1a74</load_address>
         <run_address>0x1a74</run_address>
         <size>0x18</size>
         <input_file_ref idref="fl-14b"/>
      </object_component>
      <object_component id="oc-176">
         <name>.text:SysTickEnable</name>
         <load_address>0x1a8c</load_address>
         <run_address>0x1a8c</run_address>
         <size>0x14</size>
         <input_file_ref idref="fl-161"/>
      </object_component>
      <object_component id="oc-170">
         <name>.text:SysTickIntEnable</name>
         <load_address>0x1aa0</load_address>
         <run_address>0x1aa0</run_address>
         <size>0x14</size>
         <input_file_ref idref="fl-161"/>
      </object_component>
      <object_component id="oc-328">
         <name>.text:get_line</name>
         <load_address>0x1ab4</load_address>
         <run_address>0x1ab4</run_address>
         <size>0x14</size>
         <input_file_ref idref="fl-4"/>
      </object_component>
      <object_component id="oc-1b4">
         <name>.text</name>
         <load_address>0x1ac8</load_address>
         <run_address>0x1ac8</run_address>
         <size>0x14</size>
         <input_file_ref idref="fl-14a"/>
      </object_component>
      <object_component id="oc-224">
         <name>.text:GPIOPinTypeGPIOInput</name>
         <load_address>0x1adc</load_address>
         <run_address>0x1adc</run_address>
         <size>0x12</size>
         <input_file_ref idref="fl-15c"/>
      </object_component>
      <object_component id="oc-2b5">
         <name>.text:GPIOPinTypeSSI</name>
         <load_address>0x1aee</load_address>
         <run_address>0x1aee</run_address>
         <size>0x12</size>
         <input_file_ref idref="fl-15c"/>
      </object_component>
      <object_component id="oc-2cd">
         <name>.text:SSIDataGetNonBlocking</name>
         <load_address>0x1b00</load_address>
         <run_address>0x1b00</run_address>
         <size>0x12</size>
         <input_file_ref idref="fl-15f"/>
      </object_component>
      <object_component id="oc-302">
         <name>.text:TimerLoadSet</name>
         <load_address>0x1b12</load_address>
         <run_address>0x1b12</run_address>
         <size>0x12</size>
         <input_file_ref idref="fl-162"/>
      </object_component>
      <object_component id="oc-c4">
         <name>.text:IntMasterDisable</name>
         <load_address>0x1b24</load_address>
         <run_address>0x1b24</run_address>
         <size>0x10</size>
         <input_file_ref idref="fl-15e"/>
      </object_component>
      <object_component id="oc-ca">
         <name>.text:IntMasterEnable</name>
         <load_address>0x1b34</load_address>
         <run_address>0x1b34</run_address>
         <size>0x10</size>
         <input_file_ref idref="fl-15e"/>
      </object_component>
      <object_component id="oc-16a">
         <name>.text:SysTickPeriodSet</name>
         <load_address>0x1b44</load_address>
         <run_address>0x1b44</run_address>
         <size>0x10</size>
         <input_file_ref idref="fl-161"/>
      </object_component>
      <object_component id="oc-19a">
         <name>.text:init_ds1820</name>
         <load_address>0x1b54</load_address>
         <run_address>0x1b54</run_address>
         <size>0x10</size>
         <input_file_ref idref="fl-4"/>
      </object_component>
      <object_component id="oc-322">
         <name>.text:set_mode_input</name>
         <load_address>0x1b64</load_address>
         <run_address>0x1b64</run_address>
         <size>0x10</size>
         <input_file_ref idref="fl-4"/>
      </object_component>
      <object_component id="oc-31c">
         <name>.text:set_mode_output</name>
         <load_address>0x1b74</load_address>
         <run_address>0x1b74</run_address>
         <size>0x10</size>
         <input_file_ref idref="fl-4"/>
      </object_component>
      <object_component id="oc-b2">
         <name>.text:GPIOIntStatus</name>
         <load_address>0x1b84</load_address>
         <run_address>0x1b84</run_address>
         <size>0xe</size>
         <input_file_ref idref="fl-15c"/>
      </object_component>
      <object_component id="oc-30e">
         <name>.text:TimerEnable</name>
         <load_address>0x1b92</load_address>
         <run_address>0x1b92</run_address>
         <size>0xe</size>
         <input_file_ref idref="fl-162"/>
      </object_component>
      <object_component id="oc-12">
         <name>.text:decompress:none</name>
         <load_address>0x1ba0</load_address>
         <run_address>0x1ba0</run_address>
         <size>0xe</size>
         <input_file_ref idref="fl-135"/>
      </object_component>
      <object_component id="oc-130">
         <name>.text:CPUcpsid</name>
         <load_address>0x1bae</load_address>
         <run_address>0x1bae</run_address>
         <size>0xc</size>
         <input_file_ref idref="fl-164"/>
      </object_component>
      <object_component id="oc-137">
         <name>.text:CPUcpsie</name>
         <load_address>0x1bba</load_address>
         <run_address>0x1bba</run_address>
         <size>0xc</size>
         <input_file_ref idref="fl-164"/>
      </object_component>
      <object_component id="oc-23c">
         <name>.text:GPIOIntEnable</name>
         <load_address>0x1bc6</load_address>
         <run_address>0x1bc6</run_address>
         <size>0xc</size>
         <input_file_ref idref="fl-15c"/>
      </object_component>
      <object_component id="oc-377">
         <name>.text:SSIDataGet</name>
         <load_address>0x1bd2</load_address>
         <run_address>0x1bd2</run_address>
         <size>0xc</size>
         <input_file_ref idref="fl-15f"/>
      </object_component>
      <object_component id="oc-1e">
         <name>.text:decompress:ZI</name>
         <load_address>0x1bde</load_address>
         <run_address>0x1bde</run_address>
         <size>0xc</size>
         <input_file_ref idref="fl-137"/>
      </object_component>
      <object_component id="oc-337">
         <name>.text:getTimer0ChAvalue</name>
         <load_address>0x1bec</load_address>
         <run_address>0x1bec</run_address>
         <size>0xc</size>
         <input_file_ref idref="fl-3"/>
      </object_component>
      <object_component id="oc-36b">
         <name>.text:SSIDataPut</name>
         <load_address>0x1bf8</load_address>
         <run_address>0x1bf8</run_address>
         <size>0xa</size>
         <input_file_ref idref="fl-15f"/>
      </object_component>
      <object_component id="oc-2a9">
         <name>.text:SSIDisable</name>
         <load_address>0x1c02</load_address>
         <run_address>0x1c02</run_address>
         <size>0xa</size>
         <input_file_ref idref="fl-15f"/>
      </object_component>
      <object_component id="oc-2c7">
         <name>.text:SSIEnable</name>
         <load_address>0x1c0c</load_address>
         <run_address>0x1c0c</run_address>
         <size>0xa</size>
         <input_file_ref idref="fl-15f"/>
      </object_component>
      <object_component id="oc-371">
         <name>.text:SSIBusy</name>
         <load_address>0x1c16</load_address>
         <run_address>0x1c16</run_address>
         <size>0x8</size>
         <input_file_ref idref="fl-15f"/>
      </object_component>
      <object_component id="oc-308">
         <name>.text:TimerIntEnable</name>
         <load_address>0x1c1e</load_address>
         <run_address>0x1c1e</run_address>
         <size>0x8</size>
         <input_file_ref idref="fl-162"/>
      </object_component>
      <object_component id="oc-b8">
         <name>.text:GPIOIntClear</name>
         <load_address>0x1c26</load_address>
         <run_address>0x1c26</run_address>
         <size>0x6</size>
         <input_file_ref idref="fl-15c"/>
      </object_component>
      <object_component id="oc-be">
         <name>.text:GPIOPinRead</name>
         <load_address>0x1c2c</load_address>
         <run_address>0x1c2c</run_address>
         <size>0x6</size>
         <input_file_ref idref="fl-15c"/>
      </object_component>
      <object_component id="oc-188">
         <name>.text:GPIOPinWrite</name>
         <load_address>0x1c32</load_address>
         <run_address>0x1c32</run_address>
         <size>0x6</size>
         <input_file_ref idref="fl-15c"/>
      </object_component>
      <object_component id="oc-2a">
         <name>.text:ResetISR</name>
         <load_address>0x1c38</load_address>
         <run_address>0x1c38</run_address>
         <size>0x6</size>
         <input_file_ref idref="fl-9"/>
      </object_component>
      <object_component id="oc-2bb">
         <name>.text:SSIClockSourceSet</name>
         <load_address>0x1c3e</load_address>
         <run_address>0x1c3e</run_address>
         <size>0x6</size>
         <input_file_ref idref="fl-15f"/>
      </object_component>
      <object_component id="oc-1df">
         <name>.text:SysCtlDelay</name>
         <load_address>0x1c44</load_address>
         <run_address>0x1c44</run_address>
         <size>0x6</size>
         <input_file_ref idref="fl-160"/>
      </object_component>
      <object_component id="oc-1ea">
         <name>.text:UARTClockSourceSet</name>
         <load_address>0x1c4a</load_address>
         <run_address>0x1c4a</run_address>
         <size>0x6</size>
         <input_file_ref idref="fl-163"/>
      </object_component>
      <object_component id="oc-18">
         <name>.text:decompress:rle24</name>
         <load_address>0x1c50</load_address>
         <run_address>0x1c50</run_address>
         <size>0x6</size>
         <input_file_ref idref="fl-136"/>
      </object_component>
      <object_component id="oc-dd">
         <name>.text:TimerIntClear</name>
         <load_address>0x1c56</load_address>
         <run_address>0x1c56</run_address>
         <size>0x4</size>
         <input_file_ref idref="fl-162"/>
      </object_component>
      <object_component id="oc-88">
         <name>.text</name>
         <load_address>0x1c5a</load_address>
         <run_address>0x1c5a</run_address>
         <size>0x4</size>
         <input_file_ref idref="fl-140"/>
      </object_component>
      <object_component id="oc-277">
         <name>.const:ASCII</name>
         <load_address>0x1c60</load_address>
         <run_address>0x1c60</run_address>
         <size>0x1e0</size>
         <input_file_ref idref="fl-6"/>
      </object_component>
      <object_component id="oc-37e">
         <name>.const:g_ppui32GPIOIntMapBlizzard</name>
         <load_address>0x1e40</load_address>
         <run_address>0x1e40</run_address>
         <size>0xc0</size>
         <input_file_ref idref="fl-15c"/>
      </object_component>
      <object_component id="oc-381">
         <name>.const:g_ppui32GPIOIntMapSnowflake</name>
         <load_address>0x1f00</load_address>
         <run_address>0x1f00</run_address>
         <size>0xc0</size>
         <input_file_ref idref="fl-15c"/>
      </object_component>
      <object_component id="oc-35f">
         <name>.const:g_pui32GPIOBaseAddrs</name>
         <load_address>0x1fc0</load_address>
         <run_address>0x1fc0</run_address>
         <size>0x90</size>
         <input_file_ref idref="fl-15c"/>
      </object_component>
      <object_component id="oc-38a">
         <name>.const</name>
         <load_address>0x2050</load_address>
         <run_address>0x2050</run_address>
         <size>0x70</size>
         <input_file_ref idref="fl-15e"/>
      </object_component>
      <object_component id="oc-1e2">
         <name>.const:g_pui32Xtals</name>
         <load_address>0x20c0</load_address>
         <run_address>0x20c0</run_address>
         <size>0x6c</size>
         <input_file_ref idref="fl-160"/>
      </object_component>
      <object_component id="oc-28a">
         <name>.const</name>
         <load_address>0x212c</load_address>
         <run_address>0x212c</run_address>
         <size>0x1c</size>
         <input_file_ref idref="fl-d"/>
      </object_component>
      <object_component id="oc-34b">
         <name>.const:.string</name>
         <load_address>0x2148</load_address>
         <run_address>0x2148</run_address>
         <size>0x12</size>
         <input_file_ref idref="fl-d"/>
      </object_component>
      <object_component id="oc-3de">
         <name>.cinit..data.load</name>
         <load_address>0x2160</load_address>
         <run_address>0x2160</run_address>
         <size>0x47</size>
      </object_component>
      <object_component id="oc-3db">
         <name>__TI_handler_table</name>
         <load_address>0x21a8</load_address>
         <run_address>0x21a8</run_address>
         <size>0xc</size>
      </object_component>
      <object_component id="oc-3df">
         <name>.cinit..bss.load</name>
         <load_address>0x21b8</load_address>
         <run_address>0x21b8</run_address>
         <size>0x8</size>
      </object_component>
      <object_component id="oc-3dd">
         <name>.cinit..vtable.load</name>
         <load_address>0x21c0</load_address>
         <run_address>0x21c0</run_address>
         <size>0x8</size>
      </object_component>
      <object_component id="oc-3dc">
         <name>__TI_cinit_table</name>
         <load_address>0x21c8</load_address>
         <run_address>0x21c8</run_address>
         <size>0x18</size>
      </object_component>
      <object_component id="oc-385">
         <name>.vtable</name>
         <uninitialized>true</uninitialized>
         <run_address>0x20000000</run_address>
         <size>0x26c</size>
         <input_file_ref idref="fl-15e"/>
      </object_component>
      <object_component id="oc-29">
         <name>.stack</name>
         <uninitialized>true</uninitialized>
         <run_address>0x2000026c</run_address>
         <size>0x0</size>
         <input_file_ref idref="fl-134"/>
      </object_component>
      <object_component id="oc-3e0">
         <name>.stack</name>
         <uninitialized>true</uninitialized>
         <run_address>0x2000026c</run_address>
         <size>0x0</size>
      </object_component>
      <object_component id="oc-d5">
         <name>.bss:receivedBits</name>
         <uninitialized>true</uninitialized>
         <run_address>0x2000036c</run_address>
         <size>0xc8</size>
         <input_file_ref idref="fl-3"/>
      </object_component>
      <object_component id="oc-d1">
         <name>.common:timerACounter</name>
         <uninitialized>true</uninitialized>
         <run_address>0x20000448</run_address>
         <size>0x4</size>
      </object_component>
      <object_component id="oc-398">
         <name>.common:readDHT</name>
         <uninitialized>true</uninitialized>
         <run_address>0x20000450</run_address>
         <size>0x1</size>
      </object_component>
      <object_component id="oc-db">
         <name>.common:dhtBit</name>
         <uninitialized>true</uninitialized>
         <run_address>0x2000044e</run_address>
         <size>0x1</size>
      </object_component>
      <object_component id="oc-d4">
         <name>.common:dhtBitCount</name>
         <uninitialized>true</uninitialized>
         <run_address>0x20000438</run_address>
         <size>0x4</size>
      </object_component>
      <object_component id="oc-d8">
         <name>.common:humidity</name>
         <uninitialized>true</uninitialized>
         <run_address>0x2000043c</run_address>
         <size>0x4</size>
      </object_component>
      <object_component id="oc-d9">
         <name>.common:temperature</name>
         <uninitialized>true</uninitialized>
         <run_address>0x20000444</run_address>
         <size>0x4</size>
      </object_component>
      <object_component id="oc-da">
         <name>.common:checksum</name>
         <uninitialized>true</uninitialized>
         <run_address>0x20000434</run_address>
         <size>0x4</size>
      </object_component>
      <object_component id="oc-26e">
         <name>.common:temp_ds1820</name>
         <uninitialized>true</uninitialized>
         <run_address>0x2000044c</run_address>
         <size>0x2</size>
      </object_component>
      <object_component id="oc-eb">
         <name>.common:operating_mode</name>
         <uninitialized>true</uninitialized>
         <run_address>0x2000044f</run_address>
         <size>0x1</size>
      </object_component>
      <object_component id="oc-a8">
         <name>.common:sys_tick_counter</name>
         <uninitialized>true</uninitialized>
         <run_address>0x20000440</run_address>
         <size>0x4</size>
      </object_component>
      <object_component id="oc-d0">
         <name>.data</name>
         <load_address>0x20000490</load_address>
         <run_address>0x20000490</run_address>
         <size>0xc</size>
         <input_file_ref idref="fl-3"/>
      </object_component>
      <object_component id="oc-14a">
         <name>.data</name>
         <load_address>0x20000454</load_address>
         <run_address>0x20000454</run_address>
         <size>0x3c</size>
         <input_file_ref idref="fl-8"/>
      </object_component>
      <object_component id="oc-ab">
         <name>.data</name>
         <load_address>0x200004b1</load_address>
         <run_address>0x200004b1</run_address>
         <size>0x1</size>
         <input_file_ref idref="fl-a"/>
      </object_component>
      <object_component id="oc-28d">
         <name>.data</name>
         <load_address>0x200004ac</load_address>
         <run_address>0x200004ac</run_address>
         <size>0x5</size>
         <input_file_ref idref="fl-d"/>
      </object_component>
      <object_component id="oc-11d">
         <name>.data</name>
         <load_address>0x200004a4</load_address>
         <run_address>0x200004a4</run_address>
         <size>0x8</size>
         <input_file_ref idref="fl-138"/>
      </object_component>
      <object_component id="oc-a0">
         <name>.data</name>
         <load_address>0x200004b4</load_address>
         <run_address>0x200004b4</run_address>
         <size>0x4</size>
         <input_file_ref idref="fl-141"/>
      </object_component>
      <object_component id="oc-11a">
         <name>.data</name>
         <load_address>0x2000049c</load_address>
         <run_address>0x2000049c</run_address>
         <size>0x8</size>
         <input_file_ref idref="fl-14a"/>
      </object_component>
      <object_component id="oc-2a2">
         <name>.debug_info</name>
         <load_address>0x0</load_address>
         <run_address>0x0</run_address>
         <size>0x178</size>
         <input_file_ref idref="fl-2"/>
      </object_component>
      <object_component id="oc-249">
         <name>.debug_info</name>
         <load_address>0x178</load_address>
         <run_address>0x178</run_address>
         <size>0x18e</size>
         <input_file_ref idref="fl-2"/>
      </object_component>
      <object_component id="oc-f1">
         <name>.debug_info</name>
         <load_address>0x306</load_address>
         <run_address>0x306</run_address>
         <size>0x84</size>
         <input_file_ref idref="fl-2"/>
      </object_component>
      <object_component id="oc-ad">
         <name>.debug_info</name>
         <load_address>0x38a</load_address>
         <run_address>0x38a</run_address>
         <size>0x18b</size>
         <input_file_ref idref="fl-2"/>
      </object_component>
      <object_component id="oc-1ff">
         <name>.debug_info</name>
         <load_address>0x515</load_address>
         <run_address>0x515</run_address>
         <size>0x4e</size>
         <input_file_ref idref="fl-2"/>
      </object_component>
      <object_component id="oc-d2">
         <name>.debug_info</name>
         <load_address>0x563</load_address>
         <run_address>0x563</run_address>
         <size>0x61c</size>
         <input_file_ref idref="fl-3"/>
      </object_component>
      <object_component id="oc-d6">
         <name>.debug_info</name>
         <load_address>0xb7f</load_address>
         <run_address>0xb7f</run_address>
         <size>0xd7</size>
         <input_file_ref idref="fl-3"/>
      </object_component>
      <object_component id="oc-338">
         <name>.debug_info</name>
         <load_address>0xc56</load_address>
         <run_address>0xc56</run_address>
         <size>0x111</size>
         <input_file_ref idref="fl-3"/>
      </object_component>
      <object_component id="oc-49">
         <name>.debug_info</name>
         <load_address>0xd67</load_address>
         <run_address>0xd67</run_address>
         <size>0x1f4</size>
         <input_file_ref idref="fl-3"/>
      </object_component>
      <object_component id="oc-3b3">
         <name>.debug_info</name>
         <load_address>0xf5b</load_address>
         <run_address>0xf5b</run_address>
         <size>0x15b</size>
         <input_file_ref idref="fl-3"/>
      </object_component>
      <object_component id="oc-393">
         <name>.debug_info</name>
         <load_address>0x10b6</load_address>
         <run_address>0x10b6</run_address>
         <size>0x16d</size>
         <input_file_ref idref="fl-3"/>
      </object_component>
      <object_component id="oc-315">
         <name>.debug_info</name>
         <load_address>0x1223</load_address>
         <run_address>0x1223</run_address>
         <size>0x122</size>
         <input_file_ref idref="fl-3"/>
      </object_component>
      <object_component id="oc-243">
         <name>.debug_info</name>
         <load_address>0x1345</load_address>
         <run_address>0x1345</run_address>
         <size>0x204</size>
         <input_file_ref idref="fl-3"/>
      </object_component>
      <object_component id="oc-4f">
         <name>.debug_info</name>
         <load_address>0x1549</load_address>
         <run_address>0x1549</run_address>
         <size>0x11f</size>
         <input_file_ref idref="fl-3"/>
      </object_component>
      <object_component id="oc-127">
         <name>.debug_info</name>
         <load_address>0x1668</load_address>
         <run_address>0x1668</run_address>
         <size>0x8b</size>
         <input_file_ref idref="fl-3"/>
      </object_component>
      <object_component id="oc-26f">
         <name>.debug_info</name>
         <load_address>0x16f3</load_address>
         <run_address>0x16f3</run_address>
         <size>0x228</size>
         <input_file_ref idref="fl-4"/>
      </object_component>
      <object_component id="oc-323">
         <name>.debug_info</name>
         <load_address>0x191b</load_address>
         <run_address>0x191b</run_address>
         <size>0x125</size>
         <input_file_ref idref="fl-4"/>
      </object_component>
      <object_component id="oc-31d">
         <name>.debug_info</name>
         <load_address>0x1a40</load_address>
         <run_address>0x1a40</run_address>
         <size>0x128</size>
         <input_file_ref idref="fl-4"/>
      </object_component>
      <object_component id="oc-25d">
         <name>.debug_info</name>
         <load_address>0x1b68</load_address>
         <run_address>0x1b68</run_address>
         <size>0x14b</size>
         <input_file_ref idref="fl-4"/>
      </object_component>
      <object_component id="oc-329">
         <name>.debug_info</name>
         <load_address>0x1cb3</load_address>
         <run_address>0x1cb3</run_address>
         <size>0x114</size>
         <input_file_ref idref="fl-4"/>
      </object_component>
      <object_component id="oc-19b">
         <name>.debug_info</name>
         <load_address>0x1dc7</load_address>
         <run_address>0x1dc7</run_address>
         <size>0x121</size>
         <input_file_ref idref="fl-4"/>
      </object_component>
      <object_component id="oc-251">
         <name>.debug_info</name>
         <load_address>0x1ee8</load_address>
         <run_address>0x1ee8</run_address>
         <size>0x1a3</size>
         <input_file_ref idref="fl-4"/>
      </object_component>
      <object_component id="oc-330">
         <name>.debug_info</name>
         <load_address>0x208b</load_address>
         <run_address>0x208b</run_address>
         <size>0x1bd</size>
         <input_file_ref idref="fl-4"/>
      </object_component>
      <object_component id="oc-33f">
         <name>.debug_info</name>
         <load_address>0x2248</load_address>
         <run_address>0x2248</run_address>
         <size>0x19b</size>
         <input_file_ref idref="fl-4"/>
      </object_component>
      <object_component id="oc-257">
         <name>.debug_info</name>
         <load_address>0x23e3</load_address>
         <run_address>0x23e3</run_address>
         <size>0x145</size>
         <input_file_ref idref="fl-4"/>
      </object_component>
      <object_component id="oc-269">
         <name>.debug_info</name>
         <load_address>0x2528</load_address>
         <run_address>0x2528</run_address>
         <size>0x127</size>
         <input_file_ref idref="fl-4"/>
      </object_component>
      <object_component id="oc-1a1">
         <name>.debug_info</name>
         <load_address>0x264f</load_address>
         <run_address>0x264f</run_address>
         <size>0x1c1</size>
         <input_file_ref idref="fl-4"/>
      </object_component>
      <object_component id="oc-101">
         <name>.debug_info</name>
         <load_address>0x2810</load_address>
         <run_address>0x2810</run_address>
         <size>0x2c</size>
         <input_file_ref idref="fl-5"/>
      </object_component>
      <object_component id="oc-1d5">
         <name>.debug_info</name>
         <load_address>0x283c</load_address>
         <run_address>0x283c</run_address>
         <size>0x1ca</size>
         <input_file_ref idref="fl-6"/>
      </object_component>
      <object_component id="oc-278">
         <name>.debug_info</name>
         <load_address>0x2a06</load_address>
         <run_address>0x2a06</run_address>
         <size>0xd0</size>
         <input_file_ref idref="fl-6"/>
      </object_component>
      <object_component id="oc-212">
         <name>.debug_info</name>
         <load_address>0x2ad6</load_address>
         <run_address>0x2ad6</run_address>
         <size>0x1db</size>
         <input_file_ref idref="fl-6"/>
      </object_component>
      <object_component id="oc-1c9">
         <name>.debug_info</name>
         <load_address>0x2cb1</load_address>
         <run_address>0x2cb1</run_address>
         <size>0x173</size>
         <input_file_ref idref="fl-6"/>
      </object_component>
      <object_component id="oc-218">
         <name>.debug_info</name>
         <load_address>0x2e24</load_address>
         <run_address>0x2e24</run_address>
         <size>0x165</size>
         <input_file_ref idref="fl-6"/>
      </object_component>
      <object_component id="oc-18f">
         <name>.debug_info</name>
         <load_address>0x2f89</load_address>
         <run_address>0x2f89</run_address>
         <size>0x2a9</size>
         <input_file_ref idref="fl-6"/>
      </object_component>
      <object_component id="oc-1cf">
         <name>.debug_info</name>
         <load_address>0x3232</load_address>
         <run_address>0x3232</run_address>
         <size>0x186</size>
         <input_file_ref idref="fl-6"/>
      </object_component>
      <object_component id="oc-145">
         <name>.debug_info</name>
         <load_address>0x33b8</load_address>
         <run_address>0x33b8</run_address>
         <size>0x171</size>
         <input_file_ref idref="fl-6"/>
      </object_component>
      <object_component id="oc-ec">
         <name>.debug_info</name>
         <load_address>0x3529</load_address>
         <run_address>0x3529</run_address>
         <size>0x451</size>
         <input_file_ref idref="fl-8"/>
      </object_component>
      <object_component id="oc-14b">
         <name>.debug_info</name>
         <load_address>0x397a</load_address>
         <run_address>0x397a</run_address>
         <size>0x18f</size>
         <input_file_ref idref="fl-8"/>
      </object_component>
      <object_component id="oc-e6">
         <name>.debug_info</name>
         <load_address>0x3b09</load_address>
         <run_address>0x3b09</run_address>
         <size>0x143</size>
         <input_file_ref idref="fl-8"/>
      </object_component>
      <object_component id="oc-5b">
         <name>.debug_info</name>
         <load_address>0x3c4c</load_address>
         <run_address>0x3c4c</run_address>
         <size>0x184</size>
         <input_file_ref idref="fl-8"/>
      </object_component>
      <object_component id="oc-195">
         <name>.debug_info</name>
         <load_address>0x3dd0</load_address>
         <run_address>0x3dd0</run_address>
         <size>0x1cf</size>
         <input_file_ref idref="fl-8"/>
      </object_component>
      <object_component id="oc-62">
         <name>.debug_info</name>
         <load_address>0x3f9f</load_address>
         <run_address>0x3f9f</run_address>
         <size>0x1be</size>
         <input_file_ref idref="fl-9"/>
      </object_component>
      <object_component id="oc-10">
         <name>.debug_info</name>
         <load_address>0x415d</load_address>
         <run_address>0x415d</run_address>
         <size>0xdd</size>
         <input_file_ref idref="fl-9"/>
      </object_component>
      <object_component id="oc-2b">
         <name>.debug_info</name>
         <load_address>0x423a</load_address>
         <run_address>0x423a</run_address>
         <size>0x10d</size>
         <input_file_ref idref="fl-9"/>
      </object_component>
      <object_component id="oc-31">
         <name>.debug_info</name>
         <load_address>0x4347</load_address>
         <run_address>0x4347</run_address>
         <size>0xfe</size>
         <input_file_ref idref="fl-9"/>
      </object_component>
      <object_component id="oc-37">
         <name>.debug_info</name>
         <load_address>0x4445</load_address>
         <run_address>0x4445</run_address>
         <size>0x104</size>
         <input_file_ref idref="fl-9"/>
      </object_component>
      <object_component id="oc-3d">
         <name>.debug_info</name>
         <load_address>0x4549</load_address>
         <run_address>0x4549</run_address>
         <size>0x116</size>
         <input_file_ref idref="fl-9"/>
      </object_component>
      <object_component id="oc-a9">
         <name>.debug_info</name>
         <load_address>0x465f</load_address>
         <run_address>0x465f</run_address>
         <size>0x46f</size>
         <input_file_ref idref="fl-a"/>
      </object_component>
      <object_component id="oc-55">
         <name>.debug_info</name>
         <load_address>0x4ace</load_address>
         <run_address>0x4ace</run_address>
         <size>0x10e</size>
         <input_file_ref idref="fl-a"/>
      </object_component>
      <object_component id="oc-17d">
         <name>.debug_info</name>
         <load_address>0x4bdc</load_address>
         <run_address>0x4bdc</run_address>
         <size>0x14c</size>
         <input_file_ref idref="fl-a"/>
      </object_component>
      <object_component id="oc-43">
         <name>.debug_info</name>
         <load_address>0x4d28</load_address>
         <run_address>0x4d28</run_address>
         <size>0x140</size>
         <input_file_ref idref="fl-a"/>
      </object_component>
      <object_component id="oc-263">
         <name>.debug_info</name>
         <load_address>0x4e68</load_address>
         <run_address>0x4e68</run_address>
         <size>0x18e</size>
         <input_file_ref idref="fl-a"/>
      </object_component>
      <object_component id="oc-1a7">
         <name>.debug_info</name>
         <load_address>0x4ff6</load_address>
         <run_address>0x4ff6</run_address>
         <size>0x161</size>
         <input_file_ref idref="fl-a"/>
      </object_component>
      <object_component id="oc-113">
         <name>.debug_info</name>
         <load_address>0x5157</load_address>
         <run_address>0x5157</run_address>
         <size>0x27a</size>
         <input_file_ref idref="fl-a"/>
      </object_component>
      <object_component id="oc-2d4">
         <name>.debug_info</name>
         <load_address>0x53d1</load_address>
         <run_address>0x53d1</run_address>
         <size>0x372</size>
         <input_file_ref idref="fl-c"/>
      </object_component>
      <object_component id="oc-206">
         <name>.debug_info</name>
         <load_address>0x5743</load_address>
         <run_address>0x5743</run_address>
         <size>0x26e</size>
         <input_file_ref idref="fl-c"/>
      </object_component>
      <object_component id="oc-2dd">
         <name>.debug_info</name>
         <load_address>0x59b1</load_address>
         <run_address>0x59b1</run_address>
         <size>0x17b</size>
         <input_file_ref idref="fl-c"/>
      </object_component>
      <object_component id="oc-1fe">
         <name>.debug_info</name>
         <load_address>0x5b2c</load_address>
         <run_address>0x5b2c</run_address>
         <size>0x105</size>
         <input_file_ref idref="fl-d"/>
      </object_component>
      <object_component id="oc-28e">
         <name>.debug_info</name>
         <load_address>0x5c31</load_address>
         <run_address>0x5c31</run_address>
         <size>0xec</size>
         <input_file_ref idref="fl-d"/>
      </object_component>
      <object_component id="oc-28b">
         <name>.debug_info</name>
         <load_address>0x5d1d</load_address>
         <run_address>0x5d1d</run_address>
         <size>0x142</size>
         <input_file_ref idref="fl-d"/>
      </object_component>
      <object_component id="oc-1f1">
         <name>.debug_info</name>
         <load_address>0x5e5f</load_address>
         <run_address>0x5e5f</run_address>
         <size>0x22b</size>
         <input_file_ref idref="fl-d"/>
      </object_component>
      <object_component id="oc-295">
         <name>.debug_info</name>
         <load_address>0x608a</load_address>
         <run_address>0x608a</run_address>
         <size>0x1c8</size>
         <input_file_ref idref="fl-d"/>
      </object_component>
      <object_component id="oc-290">
         <name>.debug_info</name>
         <load_address>0x6252</load_address>
         <run_address>0x6252</run_address>
         <size>0x227</size>
         <input_file_ref idref="fl-d"/>
      </object_component>
      <object_component id="oc-1f8">
         <name>.debug_info</name>
         <load_address>0x6479</load_address>
         <run_address>0x6479</run_address>
         <size>0x328</size>
         <input_file_ref idref="fl-d"/>
      </object_component>
      <object_component id="oc-183">
         <name>.debug_info</name>
         <load_address>0x67a1</load_address>
         <run_address>0x67a1</run_address>
         <size>0x193</size>
         <input_file_ref idref="fl-d"/>
      </object_component>
      <object_component id="oc-26">
         <name>.debug_info</name>
         <load_address>0x6934</load_address>
         <run_address>0x6934</run_address>
         <size>0x134</size>
         <input_file_ref idref="fl-134"/>
      </object_component>
      <object_component id="oc-6e">
         <name>.debug_info</name>
         <load_address>0x6a68</load_address>
         <run_address>0x6a68</run_address>
         <size>0x121</size>
         <input_file_ref idref="fl-135"/>
      </object_component>
      <object_component id="oc-14">
         <name>.debug_info</name>
         <load_address>0x6b89</load_address>
         <run_address>0x6b89</run_address>
         <size>0x1c0</size>
         <input_file_ref idref="fl-135"/>
      </object_component>
      <object_component id="oc-69">
         <name>.debug_info</name>
         <load_address>0x6d49</load_address>
         <run_address>0x6d49</run_address>
         <size>0x46</size>
         <input_file_ref idref="fl-135"/>
      </object_component>
      <object_component id="oc-f7">
         <name>.debug_info</name>
         <load_address>0x6d8f</load_address>
         <run_address>0x6d8f</run_address>
         <size>0x2c</size>
         <input_file_ref idref="fl-135"/>
      </object_component>
      <object_component id="oc-76">
         <name>.debug_info</name>
         <load_address>0x6dbb</load_address>
         <run_address>0x6dbb</run_address>
         <size>0x115</size>
         <input_file_ref idref="fl-136"/>
      </object_component>
      <object_component id="oc-70">
         <name>.debug_info</name>
         <load_address>0x6ed0</load_address>
         <run_address>0x6ed0</run_address>
         <size>0x228</size>
         <input_file_ref idref="fl-136"/>
      </object_component>
      <object_component id="oc-19">
         <name>.debug_info</name>
         <load_address>0x70f8</load_address>
         <run_address>0x70f8</run_address>
         <size>0x192</size>
         <input_file_ref idref="fl-136"/>
      </object_component>
      <object_component id="oc-77">
         <name>.debug_info</name>
         <load_address>0x728a</load_address>
         <run_address>0x728a</run_address>
         <size>0x39</size>
         <input_file_ref idref="fl-136"/>
      </object_component>
      <object_component id="oc-87">
         <name>.debug_info</name>
         <load_address>0x72c3</load_address>
         <run_address>0x72c3</run_address>
         <size>0x110</size>
         <input_file_ref idref="fl-137"/>
      </object_component>
      <object_component id="oc-1f">
         <name>.debug_info</name>
         <load_address>0x73d3</load_address>
         <run_address>0x73d3</run_address>
         <size>0x18b</size>
         <input_file_ref idref="fl-137"/>
      </object_component>
      <object_component id="oc-82">
         <name>.debug_info</name>
         <load_address>0x755e</load_address>
         <run_address>0x755e</run_address>
         <size>0x46</size>
         <input_file_ref idref="fl-137"/>
      </object_component>
      <object_component id="oc-121">
         <name>.debug_info</name>
         <load_address>0x75a4</load_address>
         <run_address>0x75a4</run_address>
         <size>0x172</size>
         <input_file_ref idref="fl-138"/>
      </object_component>
      <object_component id="oc-11e">
         <name>.debug_info</name>
         <load_address>0x7716</load_address>
         <run_address>0x7716</run_address>
         <size>0x117</size>
         <input_file_ref idref="fl-138"/>
      </object_component>
      <object_component id="oc-9d">
         <name>.debug_info</name>
         <load_address>0x782d</load_address>
         <run_address>0x782d</run_address>
         <size>0x1ee</size>
         <input_file_ref idref="fl-138"/>
      </object_component>
      <object_component id="oc-66">
         <name>.debug_info</name>
         <load_address>0x7a1b</load_address>
         <run_address>0x7a1b</run_address>
         <size>0xf6</size>
         <input_file_ref idref="fl-13d"/>
      </object_component>
      <object_component id="oc-7f">
         <name>.debug_info</name>
         <load_address>0x7b11</load_address>
         <run_address>0x7b11</run_address>
         <size>0x124</size>
         <input_file_ref idref="fl-13e"/>
      </object_component>
      <object_component id="oc-8c">
         <name>.debug_info</name>
         <load_address>0x7c35</load_address>
         <run_address>0x7c35</run_address>
         <size>0x129</size>
         <input_file_ref idref="fl-140"/>
      </object_component>
      <object_component id="oc-a1">
         <name>.debug_info</name>
         <load_address>0x7d5e</load_address>
         <run_address>0x7d5e</run_address>
         <size>0xea</size>
         <input_file_ref idref="fl-141"/>
      </object_component>
      <object_component id="oc-29b">
         <name>.debug_info</name>
         <load_address>0x7e48</load_address>
         <run_address>0x7e48</run_address>
         <size>0x11f</size>
         <input_file_ref idref="fl-144"/>
      </object_component>
      <object_component id="oc-1bc">
         <name>.debug_info</name>
         <load_address>0x7f67</load_address>
         <run_address>0x7f67</run_address>
         <size>0x105</size>
         <input_file_ref idref="fl-14a"/>
      </object_component>
      <object_component id="oc-11b">
         <name>.debug_info</name>
         <load_address>0x806c</load_address>
         <run_address>0x806c</run_address>
         <size>0xf4</size>
         <input_file_ref idref="fl-14a"/>
      </object_component>
      <object_component id="oc-1b7">
         <name>.debug_info</name>
         <load_address>0x8160</load_address>
         <run_address>0x8160</run_address>
         <size>0x200</size>
         <input_file_ref idref="fl-14a"/>
      </object_component>
      <object_component id="oc-119">
         <name>.debug_info</name>
         <load_address>0x8360</load_address>
         <run_address>0x8360</run_address>
         <size>0x147</size>
         <input_file_ref idref="fl-14b"/>
      </object_component>
      <object_component id="oc-95">
         <name>.debug_info</name>
         <load_address>0x84a7</load_address>
         <run_address>0x84a7</run_address>
         <size>0x148</size>
         <input_file_ref idref="fl-14b"/>
      </object_component>
      <object_component id="oc-1af">
         <name>.debug_info</name>
         <load_address>0x85ef</load_address>
         <run_address>0x85ef</run_address>
         <size>0x5e</size>
         <input_file_ref idref="fl-14b"/>
      </object_component>
      <object_component id="oc-111">
         <name>.debug_info</name>
         <load_address>0x864d</load_address>
         <run_address>0x864d</run_address>
         <size>0x29e</size>
         <input_file_ref idref="fl-14c"/>
      </object_component>
      <object_component id="oc-8f">
         <name>.debug_info</name>
         <load_address>0x88eb</load_address>
         <run_address>0x88eb</run_address>
         <size>0x158</size>
         <input_file_ref idref="fl-14c"/>
      </object_component>
      <object_component id="oc-154">
         <name>.debug_info</name>
         <load_address>0x8a43</load_address>
         <run_address>0x8a43</run_address>
         <size>0x39</size>
         <input_file_ref idref="fl-14c"/>
      </object_component>
      <object_component id="oc-159">
         <name>.debug_info</name>
         <load_address>0x8a7c</load_address>
         <run_address>0x8a7c</run_address>
         <size>0xcd</size>
         <input_file_ref idref="fl-14c"/>
      </object_component>
      <object_component id="oc-151">
         <name>.debug_info</name>
         <load_address>0x8b49</load_address>
         <run_address>0x8b49</run_address>
         <size>0x1c1</size>
         <input_file_ref idref="fl-14d"/>
      </object_component>
      <object_component id="oc-10b">
         <name>.debug_info</name>
         <load_address>0x8d0a</load_address>
         <run_address>0x8d0a</run_address>
         <size>0x164</size>
         <input_file_ref idref="fl-14d"/>
      </object_component>
      <object_component id="oc-1da">
         <name>.debug_info</name>
         <load_address>0x8e6e</load_address>
         <run_address>0x8e6e</run_address>
         <size>0x2c</size>
         <input_file_ref idref="fl-14d"/>
      </object_component>
      <object_component id="oc-354">
         <name>.debug_info</name>
         <load_address>0x8e9a</load_address>
         <run_address>0x8e9a</run_address>
         <size>0x128</size>
         <input_file_ref idref="fl-154"/>
      </object_component>
      <object_component id="oc-12d">
         <name>.debug_info</name>
         <load_address>0x8fc2</load_address>
         <run_address>0x8fc2</run_address>
         <size>0x230</size>
         <input_file_ref idref="fl-15c"/>
      </object_component>
      <object_component id="oc-37f">
         <name>.debug_info</name>
         <load_address>0x91f2</load_address>
         <run_address>0x91f2</run_address>
         <size>0x167</size>
         <input_file_ref idref="fl-15c"/>
      </object_component>
      <object_component id="oc-382">
         <name>.debug_info</name>
         <load_address>0x9359</load_address>
         <run_address>0x9359</run_address>
         <size>0x169</size>
         <input_file_ref idref="fl-15c"/>
      </object_component>
      <object_component id="oc-360">
         <name>.debug_info</name>
         <load_address>0x94c2</load_address>
         <run_address>0x94c2</run_address>
         <size>0x15b</size>
         <input_file_ref idref="fl-15c"/>
      </object_component>
      <object_component id="oc-189">
         <name>.debug_info</name>
         <load_address>0x961d</load_address>
         <run_address>0x961d</run_address>
         <size>0x2a3</size>
         <input_file_ref idref="fl-15c"/>
      </object_component>
      <object_component id="oc-2d6">
         <name>.debug_info</name>
         <load_address>0x98c0</load_address>
         <run_address>0x98c0</run_address>
         <size>0x2b3</size>
         <input_file_ref idref="fl-15c"/>
      </object_component>
      <object_component id="oc-22b">
         <name>.debug_info</name>
         <load_address>0x9b73</load_address>
         <run_address>0x9b73</run_address>
         <size>0x316</size>
         <input_file_ref idref="fl-15c"/>
      </object_component>
      <object_component id="oc-2b6">
         <name>.debug_info</name>
         <load_address>0x9e89</load_address>
         <run_address>0x9e89</run_address>
         <size>0x2a9</size>
         <input_file_ref idref="fl-15c"/>
      </object_component>
      <object_component id="oc-20c">
         <name>.debug_info</name>
         <load_address>0xa132</load_address>
         <run_address>0xa132</run_address>
         <size>0x2b7</size>
         <input_file_ref idref="fl-15c"/>
      </object_component>
      <object_component id="oc-225">
         <name>.debug_info</name>
         <load_address>0xa3e9</load_address>
         <run_address>0xa3e9</run_address>
         <size>0x2b5</size>
         <input_file_ref idref="fl-15c"/>
      </object_component>
      <object_component id="oc-bf">
         <name>.debug_info</name>
         <load_address>0xa69e</load_address>
         <run_address>0xa69e</run_address>
         <size>0x27b</size>
         <input_file_ref idref="fl-15c"/>
      </object_component>
      <object_component id="oc-2b0">
         <name>.debug_info</name>
         <load_address>0xa919</load_address>
         <run_address>0xa919</run_address>
         <size>0x280</size>
         <input_file_ref idref="fl-15c"/>
      </object_component>
      <object_component id="oc-2e9">
         <name>.debug_info</name>
         <load_address>0xab99</load_address>
         <run_address>0xab99</run_address>
         <size>0x27e</size>
         <input_file_ref idref="fl-15c"/>
      </object_component>
      <object_component id="oc-231">
         <name>.debug_info</name>
         <load_address>0xae17</load_address>
         <run_address>0xae17</run_address>
         <size>0x2bb</size>
         <input_file_ref idref="fl-15c"/>
      </object_component>
      <object_component id="oc-b3">
         <name>.debug_info</name>
         <load_address>0xb0d2</load_address>
         <run_address>0xb0d2</run_address>
         <size>0x27f</size>
         <input_file_ref idref="fl-15c"/>
      </object_component>
      <object_component id="oc-237">
         <name>.debug_info</name>
         <load_address>0xb351</load_address>
         <run_address>0xb351</run_address>
         <size>0x2e8</size>
         <input_file_ref idref="fl-15c"/>
      </object_component>
      <object_component id="oc-23d">
         <name>.debug_info</name>
         <load_address>0xb639</load_address>
         <run_address>0xb639</run_address>
         <size>0x28f</size>
         <input_file_ref idref="fl-15c"/>
      </object_component>
      <object_component id="oc-b9">
         <name>.debug_info</name>
         <load_address>0xb8c8</load_address>
         <run_address>0xb8c8</run_address>
         <size>0x28d</size>
         <input_file_ref idref="fl-15c"/>
      </object_component>
      <object_component id="oc-389">
         <name>.debug_info</name>
         <load_address>0xbb55</load_address>
         <run_address>0xbb55</run_address>
         <size>0x20e</size>
         <input_file_ref idref="fl-15e"/>
      </object_component>
      <object_component id="oc-38b">
         <name>.debug_info</name>
         <load_address>0xbd63</load_address>
         <run_address>0xbd63</run_address>
         <size>0x210</size>
         <input_file_ref idref="fl-15e"/>
      </object_component>
      <object_component id="oc-386">
         <name>.debug_info</name>
         <load_address>0xbf73</load_address>
         <run_address>0xbf73</run_address>
         <size>0x157</size>
         <input_file_ref idref="fl-15e"/>
      </object_component>
      <object_component id="oc-2ef">
         <name>.debug_info</name>
         <load_address>0xc0ca</load_address>
         <run_address>0xc0ca</run_address>
         <size>0x2c1</size>
         <input_file_ref idref="fl-15e"/>
      </object_component>
      <object_component id="oc-cb">
         <name>.debug_info</name>
         <load_address>0xc38b</load_address>
         <run_address>0xc38b</run_address>
         <size>0x23e</size>
         <input_file_ref idref="fl-15e"/>
      </object_component>
      <object_component id="oc-c5">
         <name>.debug_info</name>
         <load_address>0xc5c9</load_address>
[...]
         <name>temperature</name>
         <value>0x20000444</value>
      </symbol>
      <symbol id="sm-c6">
         <name>checksum</name>
         <value>0x20000434</value>
      </symbol>
      <symbol id="sm-c7">
         <name>startDHT</name>
         <value>0xef9</value>
         <object_component_ref idref="oc-392"/>
      </symbol>
      <symbol id="sm-c8">
         <name>init_dht22</name>
         <value>0xd7d</value>
         <object_component_ref idref="oc-242"/>
      </symbol>
      <symbol id="sm-c9">
         <name>setDHTinput</name>
         <value>0x1909</value>
         <object_component_ref idref="oc-3b2"/>
      </symbol>
      <symbol id="sm-ca">
         <name>getTimer0ChAvalue</name>
         <value>0x1bed</value>
         <object_component_ref idref="oc-337"/>
      </symbol>
      <symbol id="sm-cb">
         <name>receivedBits</name>
         <value>0x2000036c</value>
         <object_component_ref idref="oc-d5"/>
      </symbol>
      <symbol id="sm-cc">
         <name>PortEIntHandler</name>
         <value>0x579</value>
         <object_component_ref idref="oc-48"/>
      </symbol>
      <symbol id="sm-cd">
         <name>read_dht22</name>
         <value>0x1651</value>
         <object_component_ref idref="oc-314"/>
      </symbol>
      <symbol id="sm-ce">
         <name>Timer0IntHandler</name>
         <value>0x1a29</value>
         <object_component_ref idref="oc-4e"/>
      </symbol>
      <symbol id="sm-143">
         <name>temp_ds1820</name>
         <value>0x2000044c</value>
      </symbol>
      <symbol id="sm-144">
         <name>set_mode_input</name>
         <value>0x1b65</value>
         <object_component_ref idref="oc-322"/>
      </symbol>
      <symbol id="sm-145">
         <name>reset_ds1820</name>
         <value>0x17c5</value>
         <object_component_ref idref="oc-250"/>
      </symbol>
      <symbol id="sm-146">
         <name>init_ds1820</name>
         <value>0x1b55</value>
         <object_component_ref idref="oc-19a"/>
      </symbol>
      <symbol id="sm-147">
         <name>get_line</name>
         <value>0x1ab5</value>
         <object_component_ref idref="oc-328"/>
      </symbol>
      <symbol id="sm-148">
         <name>set_line</name>
         <value>0x19bd</value>
         <object_component_ref idref="oc-25c"/>
      </symbol>
      <symbol id="sm-149">
         <name>read_scratchpad</name>
         <value>0x1279</value>
         <object_component_ref idref="oc-268"/>
      </symbol>
      <symbol id="sm-14a">
         <name>read_ds1820</name>
         <value>0x1549</value>
         <object_component_ref idref="oc-1a0"/>
      </symbol>
      <symbol id="sm-14b">
         <name>write_ds1820</name>
         <value>0x1711</value>
         <object_component_ref idref="oc-256"/>
      </symbol>
      <symbol id="sm-14c">
         <name>set_mode_output</name>
         <value>0x1b75</value>
         <object_component_ref idref="oc-31c"/>
      </symbol>
      <symbol id="sm-14d">
         <name>writeslot</name>
         <value>0x16d1</value>
         <object_component_ref idref="oc-32f"/>
      </symbol>
      <symbol id="sm-14e">
         <name>readslot</name>
         <value>0x1839</value>
         <object_component_ref idref="oc-33e"/>
      </symbol>
      <symbol id="sm-19c">
         <name>nokiaLCDtext</name>
         <value>0x1221</value>
         <object_component_ref idref="oc-1ce"/>
      </symbol>
      <symbol id="sm-19d">
         <name>nokiaLCDclear</name>
         <value>0x1611</value>
         <object_component_ref idref="oc-217"/>
      </symbol>
      <symbol id="sm-19e">
         <name>nokiaLCDwrite</name>
         <value>0x1469</value>
         <object_component_ref idref="oc-211"/>
      </symbol>
      <symbol id="sm-19f">
         <name>nokiaLCDinit</name>
         <value>0xad5</value>
         <object_component_ref idref="oc-18e"/>
      </symbol>
      <symbol id="sm-1a0">
         <name>nokiaLCDsetXY</name>
         <value>0x1991</value>
         <object_component_ref idref="oc-1c8"/>
      </symbol>
      <symbol id="sm-1a1">
         <name>lcd_puts_line1</name>
         <value>0x178b</value>
         <object_component_ref idref="oc-144"/>
      </symbol>
      <symbol id="sm-1df">
         <name>operating_mode</name>
         <value>0x2000044f</value>
      </symbol>
      <symbol id="sm-1e0">
         <name>init_sensors</name>
         <value>0x1329</value>
         <object_component_ref idref="oc-194"/>
      </symbol>
      <symbol id="sm-1e1">
         <name>threshold_humidity</name>
         <value>0x2000046c</value>
         <object_component_ref idref="oc-14a"/>
      </symbol>
      <symbol id="sm-1e2">
         <name>PortFIntHandler</name>
         <value>0x141d</value>
         <object_component_ref idref="oc-5a"/>
      </symbol>
      <symbol id="sm-1e3">
         <name>threshold_co2</name>
         <value>0x20000484</value>
         <object_component_ref idref="oc-14a"/>
      </symbol>
      <symbol id="sm-1e4">
         <name>threshold_temperature</name>
         <value>0x20000478</value>
         <object_component_ref idref="oc-14a"/>
      </symbol>
      <symbol id="sm-1e5">
         <name>change_mode</name>
         <value>0xb95</value>
         <object_component_ref idref="oc-e5"/>
      </symbol>
      <symbol id="sm-216">
         <name>ResetISR</name>
         <value>0x1c39</value>
         <object_component_ref idref="oc-2a"/>
      </symbol>
      <symbol id="sm-217">
         <name>g_pfnVectors</name>
         <value>0x0</value>
         <object_component_ref idref="oc-f"/>
      </symbol>
      <symbol id="sm-26f">
         <name>sys_tick_counter</name>
         <value>0x20000440</value>
      </symbol>
      <symbol id="sm-270">
         <name>SysTickIntHandler</name>
         <value>0x10a9</value>
         <object_component_ref idref="oc-42"/>
      </symbol>
      <symbol id="sm-271">
         <name>delay_us</name>
         <value>0x1939</value>
         <object_component_ref idref="oc-262"/>
      </symbol>
      <symbol id="sm-272">
         <name>main</name>
         <value>0x9e5</value>
         <object_component_ref idref="oc-112"/>
      </symbol>
      <symbol id="sm-273">
         <name>ConfigureUART</name>
         <value>0x11c9</value>
         <object_component_ref idref="oc-17c"/>
      </symbol>
      <symbol id="sm-274">
         <name>delay_seconds</name>
         <value>0x1a09</value>
         <object_component_ref idref="oc-1a6"/>
      </symbol>
      <symbol id="sm-275">
         <name>Timer1IntHandler</name>
         <value>0x17ff</value>
         <object_component_ref idref="oc-54"/>
      </symbol>
      <symbol id="sm-294">
         <name>SSI_write</name>
         <value>0x18d9</value>
         <object_component_ref idref="oc-2dc"/>
      </symbol>
      <symbol id="sm-295">
         <name>SSI_init</name>
         <value>0xced</value>
         <object_component_ref idref="oc-205"/>
      </symbol>
      <symbol id="sm-30d">
         <name>UARTStdioConfig</name>
         <value>0xe85</value>
         <object_component_ref idref="oc-1f0"/>
      </symbol>
      <symbol id="sm-30e">
         <name>UARTwrite</name>
         <value>0x116d</value>
         <object_component_ref idref="oc-294"/>
      </symbol>
      <symbol id="sm-30f">
         <name>UARTprintf</name>
         <value>0x19e5</value>
         <object_component_ref idref="oc-182"/>
      </symbol>
      <symbol id="sm-310">
         <name>UARTvprintf</name>
         <value>0x26d</value>
         <object_component_ref idref="oc-1f7"/>
      </symbol>
      <symbol id="sm-322">
         <name>_c_int00</name>
         <value>0x13cd</value>
         <object_component_ref idref="oc-24"/>
      </symbol>
      <symbol id="sm-323">
         <name>__stack</name>
         <value>0x2000026c</value>
         <object_component_ref idref="oc-29"/>
      </symbol>
      <symbol id="sm-33a">
         <name>__TI_decompress_none</name>
         <value>0x1ba1</value>
         <object_component_ref idref="oc-12"/>
      </symbol>
      <symbol id="sm-35d">
         <name>__TI_decompress_rle24</name>
         <value>0x1c51</value>
         <object_component_ref idref="oc-18"/>
      </symbol>
      <symbol id="sm-36f">
         <name>__TI_zero_init</name>
         <value>0x1bdf</value>
         <object_component_ref idref="oc-1e"/>
      </symbol>
      <symbol id="sm-38e">
         <name>C$$EXIT</name>
         <value>0x158d</value>
         <object_component_ref idref="oc-9a"/>
      </symbol>
      <symbol id="sm-38f">
         <name>abort</name>
         <value>0x1591</value>
         <object_component_ref idref="oc-9a"/>
      </symbol>
      <symbol id="sm-390">
         <name>exit</name>
         <value>0x1599</value>
         <object_component_ref idref="oc-9a"/>
      </symbol>
      <symbol id="sm-391">
         <name>__TI_dtors_ptr</name>
         <value>0x200004a8</value>
         <object_component_ref idref="oc-11d"/>
      </symbol>
      <symbol id="sm-392">
         <name>__TI_cleanup_ptr</name>
         <value>0x200004a4</value>
         <object_component_ref idref="oc-11d"/>
      </symbol>
      <symbol id="sm-3c4">
         <name>memcpy</name>
         <value>0xc51</value>
         <object_component_ref idref="oc-63"/>
      </symbol>
      <symbol id="sm-3c5">
         <name>__aeabi_memcpy</name>
         <value>0xc51</value>
         <object_component_ref idref="oc-63"/>
      </symbol>
      <symbol id="sm-3c6">
         <name>__aeabi_memcpy8</name>
         <value>0xc51</value>
         <object_component_ref idref="oc-63"/>
      </symbol>
      <symbol id="sm-3c7">
         <name>__aeabi_memcpy4</name>
         <value>0xc51</value>
         <object_component_ref idref="oc-63"/>
      </symbol>
      <symbol id="sm-3d6">
         <name>__aeabi_memset</name>
         <value>0xe0b</value>
         <object_component_ref idref="oc-7c"/>
      </symbol>
      <symbol id="sm-3d7">
         <name>memset</name>
         <value>0xe11</value>
         <object_component_ref idref="oc-7c"/>
      </symbol>
      <symbol id="sm-3d8">
         <name>__aeabi_memset8</name>
         <value>0xe0b</value>
         <object_component_ref idref="oc-7c"/>
      </symbol>
      <symbol id="sm-3d9">
         <name>__aeabi_memset4</name>
         <value>0xe0b</value>
         <object_component_ref idref="oc-7c"/>
      </symbol>
      <symbol id="sm-3da">
         <name>__aeabi_memclr8</name>
         <value>0xe09</value>
         <object_component_ref idref="oc-7c"/>
      </symbol>
      <symbol id="sm-3db">
         <name>__aeabi_memclr4</name>
         <value>0xe09</value>
         <object_component_ref idref="oc-7c"/>
      </symbol>
      <symbol id="sm-3dc">
         <name>__aeabi_memclr</name>
         <value>0xe09</value>
         <object_component_ref idref="oc-7c"/>
      </symbol>
      <symbol id="sm-3e7">
         <name>_system_pre_init</name>
         <value>0x1c5b</value>
         <object_component_ref idref="oc-88"/>
      </symbol>
      <symbol id="sm-3ef">
         <name>main_func_sp</name>
         <value>0x200004b4</value>
         <object_component_ref idref="oc-a0"/>
      </symbol>
      <symbol id="sm-403">
         <name>__aeabi_uidivmod</name>
         <value>0x1691</value>
         <object_component_ref idref="oc-29a"/>
      </symbol>
      <symbol id="sm-404">
         <name>__aeabi_uidiv</name>
         <value>0x1691</value>
         <object_component_ref idref="oc-29a"/>
      </symbol>
      <symbol id="sm-426">
         <name>_nop</name>
         <value>0x1ad7</value>
         <object_component_ref idref="oc-1b4"/>
      </symbol>
      <symbol id="sm-427">
         <name>_lock</name>
         <value>0x2000049c</value>
         <object_component_ref idref="oc-11a"/>
      </symbol>
      <symbol id="sm-428">
         <name>_unlock</name>
         <value>0x200004a0</value>
         <object_component_ref idref="oc-11a"/>
      </symbol>
      <symbol id="sm-429">
         <name>_register_lock</name>
         <value>0x1acf</value>
         <object_component_ref idref="oc-1b4"/>
      </symbol>
      <symbol id="sm-42a">
         <name>_register_unlock</name>
         <value>0x1ac9</value>
         <object_component_ref idref="oc-1b4"/>
      </symbol>
      <symbol id="sm-43f">
         <name>_args_main</name>
         <value>0x1a75</value>
         <object_component_ref idref="oc-94"/>
      </symbol>
      <symbol id="sm-465">
         <name>__TI_auto_init</name>
         <value>0xf69</value>
         <object_component_ref idref="oc-8e"/>
      </symbol>
      <symbol id="sm-47f">
         <name>copy_in</name>
         <value>0x14b5</value>
         <object_component_ref idref="oc-10a"/>
      </symbol>
      <symbol id="sm-4b1">
         <name>__aeabi_idiv0</name>
         <value>0x186f</value>
         <object_component_ref idref="oc-353"/>
      </symbol>
      <symbol id="sm-551">
         <name>GPIOIntRegister</name>
         <value>0x1a45</value>
         <object_component_ref idref="oc-236"/>
      </symbol>
      <symbol id="sm-552">
         <name>GPIOPinConfigure</name>
         <value>0x1501</value>
         <object_component_ref idref="oc-2af"/>
      </symbol>
      <symbol id="sm-553">
         <name>GPIOIntEnable</name>
         <value>0x1bc7</value>
         <object_component_ref idref="oc-23c"/>
      </symbol>
      <symbol id="sm-554">
         <name>GPIOIntTypeSet</name>
         <value>0x12d1</value>
         <object_component_ref idref="oc-230"/>
      </symbol>
      <symbol id="sm-555">
         <name>GPIOPinTypeGPIOInput</name>
         <value>0x1add</value>
         <object_component_ref idref="oc-224"/>
      </symbol>
      <symbol id="sm-556">
         <name>GPIOIntClear</name>
         <value>0x1c27</value>
         <object_component_ref idref="oc-b8"/>
      </symbol>
      <symbol id="sm-557">
         <name>GPIOIntStatus</name>
         <value>0x1b85</value>
         <object_component_ref idref="oc-b2"/>
      </symbol>
      <symbol id="sm-558">
         <name>GPIOPinTypeGPIOOutput</name>
         <value>0x1a5d</value>
         <object_component_ref idref="oc-20b"/>
      </symbol>
      <symbol id="sm-559">
         <name>GPIOPinRead</name>
         <value>0x1c2d</value>
         <object_component_ref idref="oc-be"/>
      </symbol>
      <symbol id="sm-55a">
         <name>GPIODirModeSet</name>
         <value>0x1967</value>
         <object_component_ref idref="oc-2d5"/>
      </symbol>
      <symbol id="sm-55b">
         <name>GPIOPinWrite</name>
         <value>0x1c33</value>
         <object_component_ref idref="oc-188"/>
      </symbol>
      <symbol id="sm-55c">
         <name>GPIOPadConfigSet</name>
         <value>0x6b9</value>
         <object_component_ref idref="oc-22a"/>
      </symbol>
      <symbol id="sm-55d">
         <name>GPIOPinTypeSSI</name>
         <value>0x1aef</value>
         <object_component_ref idref="oc-2b5"/>
      </symbol>
      <symbol id="sm-5a9">
         <name>IntEnable</name>
         <value>0x1041</value>
         <object_component_ref idref="oc-2f4"/>
      </symbol>
      <symbol id="sm-5aa">
         <name>IntRegister</name>
         <value>0x1871</value>
         <object_component_ref idref="oc-2ee"/>
      </symbol>
      <symbol id="sm-5ab">
         <name>IntMasterDisable</name>
         <value>0x1b25</value>
         <object_component_ref idref="oc-c4"/>
      </symbol>
      <symbol id="sm-5ac">
         <name>g_pfnRAMVectors</name>
         <value>0x20000000</value>
         <object_component_ref idref="oc-385"/>
      </symbol>
      <symbol id="sm-5ad">
         <name>IntMasterEnable</name>
         <value>0x1b35</value>
         <object_component_ref idref="oc-ca"/>
      </symbol>
      <symbol id="sm-5f6">
         <name>SSIDataPut</name>
         <value>0x1bf9</value>
         <object_component_ref idref="oc-36b"/>
      </symbol>
      <symbol id="sm-5f7">
         <name>SSIDataGet</name>
         <value>0x1bd3</value>
         <object_component_ref idref="oc-377"/>
      </symbol>
      <symbol id="sm-5f8">
         <name>SSIDataGetNonBlocking</name>
         <value>0x1b01</value>
         <object_component_ref idref="oc-2cd"/>
      </symbol>
      <symbol id="sm-5f9">
         <name>SSIConfigSetExpClk</name>
         <value>0x174f</value>
         <object_component_ref idref="oc-2c1"/>
      </symbol>
      <symbol id="sm-5fa">
         <name>SSIEnable</name>
         <value>0x1c0d</value>
         <object_component_ref idref="oc-2c7"/>
      </symbol>
      <symbol id="sm-5fb">
         <name>SSIClockSourceSet</name>
         <value>0x1c3f</value>
         <object_component_ref idref="oc-2bb"/>
      </symbol>
      <symbol id="sm-5fc">
         <name>SSIBusy</name>
         <value>0x1c17</value>
         <object_component_ref idref="oc-371"/>
      </symbol>
      <symbol id="sm-5fd">
         <name>SSIDisable</name>
         <value>0x1c03</value>
         <object_component_ref idref="oc-2a9"/>
      </symbol>
      <symbol id="sm-65a">
         <name>SysCtlClockSet</name>
         <value>0x8f5</value>
         <object_component_ref idref="oc-15e"/>
      </symbol>
      <symbol id="sm-65b">
         <name>SysCtlDelay</name>
         <value>0x1c45</value>
         <object_component_ref idref="oc-1df"/>
      </symbol>
      <symbol id="sm-65c">
         <name>SysCtlPeripheralEnable</name>
         <value>0x18a5</value>
         <object_component_ref idref="oc-21e"/>
      </symbol>
      <symbol id="sm-65d">
         <name>SysCtlClockGet</name>
         <value>0x7e9</value>
         <object_component_ref idref="oc-164"/>
      </symbol>
      <symbol id="sm-65e">
         <name>SysCtlPeripheralReset</name>
         <value>0x137d</value>
         <object_component_ref idref="oc-2a3"/>
      </symbol>
      <symbol id="sm-681">
         <name>SysTickEnable</name>
         <value>0x1a8d</value>
         <object_component_ref idref="oc-176"/>
      </symbol>
      <symbol id="sm-682">
         <name>SysTickIntEnable</name>
         <value>0x1aa1</value>
         <object_component_ref idref="oc-170"/>
      </symbol>
      <symbol id="sm-683">
         <name>SysTickPeriodSet</name>
         <value>0x1b45</value>
         <object_component_ref idref="oc-16a"/>
      </symbol>
      <symbol id="sm-6b7">
         <name>TimerLoadSet</name>
         <value>0x1b13</value>
         <object_component_ref idref="oc-302"/>
      </symbol>
      <symbol id="sm-6b8">
         <name>TimerEnable</name>
         <value>0x1b93</value>
         <object_component_ref idref="oc-30e"/>
      </symbol>
      <symbol id="sm-6b9">
         <name>TimerIntEnable</name>
         <value>0x1c1f</value>
         <object_component_ref idref="oc-308"/>
      </symbol>
      <symbol id="sm-6ba">
         <name>TimerConfigure</name>
         <value>0x110d</value>
         <object_component_ref idref="oc-2fc"/>
      </symbol>
      <symbol id="sm-6bb">
         <name>TimerIntClear</name>
         <value>0x1c57</value>
         <object_component_ref idref="oc-dd"/>
      </symbol>
      <symbol id="sm-6c8">
         <name>UARTClockSourceSet</name>
         <value>0x1c4b</value>
         <object_component_ref idref="oc-1ea"/>
      </symbol>
      <symbol id="sm-6da">
         <name>CPUcpsie</name>
         <value>0x1bbb</value>
         <object_component_ref idref="oc-137"/>
      </symbol>
      <symbol id="sm-6db">
         <name>CPUcpsid</name>
         <value>0x1baf</value>
         <object_component_ref idref="oc-130"/>
      </symbol>
      <symbol id="sm-6dc">
         <name>__TI_static_base__</name>
         <value>0x0</value>
      </symbol>
      <symbol id="sm-6df">
         <name>SHT$$INIT_ARRAY$$Limit</name>
         <value>0x0</value>
      </symbol>
      <symbol id="sm-6e0">
         <name>SHT$$INIT_ARRAY$$Base</name>
         <value>0x0</value>
      </symbol>
   </symbol_table>
   <title>Link successful</title>
</link_info>
