******************************************************************************
                  TI ARM Linker PC v5.2.5                      
******************************************************************************
>> Linked Sun Nov 29 14:19:00 2015

OUTPUT FILE NAME:   <TivaControlBoard.out>
ENTRY POINT SYMBOL: "_c_int00"  address: 00002685


MEMORY CONFIGURATION

         name            origin    length      used     unused   attr    fill
----------------------  --------  ---------  --------  --------  ----  --------
  FLASH                 00000000   00040000  00003a46  0003c5ba  R  X
  SRAM                  20000000   00008000  00000788  00007878  RW X


SEGMENT ALLOCATION MAP

run origin  load origin   length   init length attrs members
----------  ----------- ---------- ----------- ----- -------
00000000    00000000    00003a48   00003a48    r-x
  00000000    00000000    0000026c   0000026c    r-- .intvecs
  0000026c    0000026c    00003230   00003230    r-x .text
  0000349c    0000349c    000004fa   000004fa    r-- .const
  00003998    00003998    000000b0   000000b0    r-- .cinit
20000000    20000000    00000788   00000000    rw-
  20000000    20000000    0000026c   00000000    rw- .vtable
  2000026c    2000026c    00000254   00000000    rw- .bss
  200004c0    200004c0    00000200   00000000    rw- .stack
  200006c0    200006c0    000000c8   00000000    rw- .data


SECTION ALLOCATION MAP

 output                                  attributes/
section   page    origin      length       input sections
--------  ----  ----------  ----------   ----------------
.intvecs   0    00000000    0000026c     
                  00000000    0000026c     startup_ccs.obj (.intvecs)

.text      0    0000026c    00003230     
                  0000026c    00000323     esp8266.obj (.text:send_esp8266)
                  0000058f    00000001     --HOLE-- [fill = 0]
                  00000590    0000030c     uartstdio.obj (.text:UARTvprintf)
                  0000089c    000002d4     rtsv7M4_T_le_v4SPD16_eabi.lib : trgdrv.obj (.text)
                  00000b70    0000018a     rtc.obj (.text:getRtc)
                  00000cfa    00000002     startup_ccs.obj (.text:FaultISR)
                  00000cfc    00000150     dht22.obj (.text:PortEIntHandler)
                  00000e4c    00000134     timers.obj (.text:main)
                  00000f80    00000130     driverlib.lib : gpio.obj (.text:GPIOPadConfigSet)
                  000010b0    0000010c                   : sysctl.obj (.text:SysCtlClockGet)
                  000011bc    000000f0                   : sysctl.obj (.text:SysCtlClockSet)
                  000012ac    000000e0     lcd_nokia5510.obj (.text:nokiaLCDinit)
                  0000138c    000000dc     esp8266.obj (.text:esp8266_send)
                  00001468    000000d0     sensors.obj (.text:check_sensor1)
                  00001538    000000cc     rtc.obj (.text:compare_rtc)
                  00001604    000000bc     sensors.obj (.text:change_mode)
                  000016c0    000000b0     sensors.obj (.text:check_fan_timer)
                  00001770    000000a8     ds1820.obj (.text:read_scratchpad)
                  00001818    000000a4     esp8266.obj (.text:init_esp8266)
                  000018bc    000000a0     co2sensor.obj (.text:get_co2level)
                  0000195c    0000009c     rtsv7M4_T_le_v4SPD16_eabi.lib : memcpy_t2.obj (.text)
                  000019f8    00000094     utils.obj (.text:uitoa)
                  00001a8c    00000090     tiva_ssi.obj (.text:SSI_init)
                  00001b1c    0000008c     dht22.obj (.text:init_dht22)
                  00001ba8    00000084     rtc.obj (.text:init_limits_rtc)
                  00001c2c    00000080     utils.obj (.text:atoui)
                  00001cac    0000007c     sensors.obj (.text:check_sensor5)
                  00001d28    0000007a     rtsv7M4_T_le_v4SPD16_eabi.lib : memset_t2.obj (.text)
                  00001da2    00000002     startup_ccs.obj (.text:IntDefaultHandler)
                  00001da4    00000078     sensors.obj (.text:init_sensors)
                  00001e1c    00000078     ds1820.obj (.text:read_ds1820)
                  00001e94    00000074     uartstdio.obj (.text:UARTStdioConfig)
                  00001f08    00000070     dht22.obj (.text:startDHT)
                  00001f78    0000006c     timers.obj (.text:check_sensors)
                  00001fe4    0000006c     rtsv7M4_T_le_v4SPD16_eabi.lib : autoinit.obj (.text)
                  00002050    0000006a                                   : copy_decompress_rle.obj (.text)
                  000020ba    00000002     startup_ccs.obj (.text:NmiSR)
                  000020bc    00000068     driverlib.lib : interrupt.obj (.text:IntEnable)
                  00002124    00000068     sensors.obj (.text:check_sensor2)
                  0000218c    00000068     tiva_i2c.obj (.text:initI2C0)
                  000021f4    00000068     lcd_nokia5510.obj (.text:lcd_puts)
                  0000225c    00000068     rtsv7M4_T_le_v4SPD16_eabi.lib : trgmsg.obj (.text)
                  000022c4    00000060     driverlib.lib : timer.obj (.text:TimerConfigure)
                  00002324    00000060     tiva_i2c.obj (.text:readI2C0)
                  00002384    0000005c     uartstdio.obj (.text:UARTwrite)
                  000023e0    00000058     utils.obj (.text:ConfigureUART0)
                  00002438    00000058     lcd_nokia5510.obj (.text:nokiaLCDtext)
                  00002490    00000058     ds1820.obj (.text:writeslot)
                  000024e8    00000056     driverlib.lib : gpio.obj (.text:GPIOIntTypeSet)
                  0000253e    00000052     ds1820.obj (.text:reset_ds1820)
                  00002590    00000051     timers.obj (.text:init_system)
                  000025e1    00000001     --HOLE-- [fill = 0]
                  000025e2    00000002     rtsv7M4_T_le_v4SPD16_eabi.lib : i_div0.obj (.text)
                  000025e4    00000050     driverlib.lib : sysctl.obj (.text:SysCtlPeripheralReset)
                  00002634    00000050     co2sensor.obj (.text:init_co2sensor)
                  00002684    00000050     rtsv7M4_T_le_v4SPD16_eabi.lib : boot.obj (.text)
                  000026d4    0000004e     ds1820.obj (.text:readslot)
                  00002722    00000002     --HOLE-- [fill = 0]
                  00002724    0000004c     sensors.obj (.text:PortFIntHandler)
                  00002770    0000004c     rtc.obj (.text:isTimeToActuate)
                  000027bc    0000004c     lcd_nokia5510.obj (.text:nokiaLCDwrite)
                  00002808    0000004c     rtsv7M4_T_le_v4SPD16_eabi.lib : cpy_tbl.obj (.text)
                  00002854    0000004c                                   : rand.obj (.text)
                  000028a0    00000048     driverlib.lib : gpio.obj (.text:GPIOPinConfigure)
                  000028e8    00000048                   : i2c.obj (.text:I2CMasterInitExpClk)
                  00002930    00000048     sensors.obj (.text:check_sensor3)
                  00002978    00000048     sensors.obj (.text:check_sensor4)
                  000029c0    00000048     sensors.obj (.text:update_thingspeak)
                  00002a08    00000046     esp8266.obj (.text:esp8266_reset)
                  00002a4e    00000046     ds1820.obj (.text:write_ds1820)
                  00002a94    00000044     rtsv7M4_T_le_v4SPD16_eabi.lib : exit.obj (.text)
                  00002ad8    00000042     driverlib.lib : uart.obj (.text:UARTConfigSetExpClk)
                  00002b1a    00000002     --HOLE-- [fill = 0]
                  00002b1c    00000040                   : gpio.obj (.text:_GPIOIntNumberGet)
                  00002b5c    00000040     lcd_nokia5510.obj (.text:nokiaLCDclear)
                  00002b9c    00000040     utils.obj (.text:power)
                  00002bdc    00000040     dht22.obj (.text:read_dht22)
                  00002c1c    00000040     rtsv7M4_T_le_v4SPD16_eabi.lib : u_divt2.obj (.text)
                  00002c5c    0000003c     driverlib.lib : ssi.obj (.text:SSIConfigSetExpClk)
                  00002c98    0000003c     timers.obj (.text:WatchdogIntHandler)
                  00002cd4    00000038     timers.obj (.text:SysTickIntHandler)
                  00002d0c    00000038     actuators.obj (.text:init_actuators)
                  00002d44    00000038     ds1820.obj (.text:set_line)
                  00002d7c    00000034     driverlib.lib : interrupt.obj (.text:IntRegister)
                  00002db0    00000034                   : sysctl.obj (.text:SysCtlPeripheralEnable)
                  00002de4    00000034     dht22.obj (.text:dht22_readhumidity)
                  00002e18    00000034     dht22.obj (.text:dht22_readtemp)
                  00002e4c    00000034     rtsv7M4_T_le_v4SPD16_eabi.lib : strstr.obj (.text)
                  00002e80    00000034     esp8266.obj (.text:uart_send)
                  00002eb4    00000034     sensors.obj (.text:update_lcd)
                  00002ee8    00000030     tiva_ssi.obj (.text:SSI_write)
                  00002f18    00000030     sensors.obj (.text:check_rtcTimer)
                  00002f48    00000030     dht22.obj (.text:setDHTinput)
                  00002f78    0000002e     timers.obj (.text:delay_us)
                  00002fa6    0000002a     driverlib.lib : gpio.obj (.text:GPIODirModeSet)
                  00002fd0    0000002a     lcd_nokia5510.obj (.text:nokiaLCDsetXY)
                  00002ffa    00000028     rtsv7M4_T_le_v4SPD16_eabi.lib : strncat.obj (.text)
                  00003022    00000002     --HOLE-- [fill = 0]
                  00003024    00000028     actuators.obj (.text:set_actuator1)
                  0000304c    00000028     actuators.obj (.text:set_actuator2)
                  00003074    00000024     utils.obj (.text:LOGprintf)
                  00003098    00000022     rtc.obj (.text:init_limit)
                  000030ba    00000022     lcd_nokia5510.obj (.text:validate_char)
                  000030dc    0000001e     rtsv7M4_T_le_v4SPD16_eabi.lib : strcat.obj (.text)
                  000030fa    00000002     --HOLE-- [fill = 0]
                  000030fc    0000001c     dht22.obj (.text:Timer0IntHandler)
                  00003118    0000001c     driverlib.lib : uart.obj (.text:UARTDisable)
                  00003134    0000001c     ds1820.obj (.text:get_line)
                  00003150    0000001c     ds1820.obj (.text:set_mode_input)
                  0000316c    0000001c     ds1820.obj (.text:set_mode_output)
                  00003188    00000018     driverlib.lib : gpio.obj (.text:GPIOIntRegister)
                  000031a0    00000018                   : gpio.obj (.text:GPIOPinTypeGPIOOutput)
                  000031b8    00000018     ds1820.obj (.text:read_ds1820_1)
                  000031d0    00000018     ds1820.obj (.text:read_ds1820_2)
                  000031e8    00000018     rtsv7M4_T_le_v4SPD16_eabi.lib : args_main.obj (.text)
                  00003200    00000014     driverlib.lib : systick.obj (.text:SysTickEnable)
                  00003214    00000014                   : systick.obj (.text:SysTickIntEnable)
                  00003228    00000014                   : uart.obj (.text:UARTEnable)
                  0000323c    00000014     rtsv7M4_T_le_v4SPD16_eabi.lib : _lock.obj (.text)
                  00003250    00000014                                   : strcpy.obj (.text)
                  00003264    00000014                                   : strlen.obj (.text)
                  00003278    00000012     driverlib.lib : gpio.obj (.text:GPIOPinTypeGPIOInput)
                  0000328a    00000012                   : gpio.obj (.text:GPIOPinTypeI2C)
                  0000329c    00000012                   : gpio.obj (.text:GPIOPinTypeI2CSCL)
                  000032ae    00000012                   : gpio.obj (.text:GPIOPinTypeSSI)
                  000032c0    00000012                   : gpio.obj (.text:GPIOPinTypeUART)
                  000032d2    00000012                   : ssi.obj (.text:SSIDataGetNonBlocking)
                  000032e4    00000012                   : timer.obj (.text:TimerLoadSet)
                  000032f6    00000012     rtc.obj (.text:read_i2c)
                  00003308    00000010     driverlib.lib : interrupt.obj (.text:IntMasterDisable)
                  00003318    00000010                   : interrupt.obj (.text:IntMasterEnable)
                  00003328    00000010                   : systick.obj (.text:SysTickPeriodSet)
                  00003338    00000010     ds1820.obj (.text:init_ds1820)
                  00003348    0000000e     driverlib.lib : gpio.obj (.text:GPIOIntStatus)
                  00003356    0000000e                   : timer.obj (.text:TimerEnable)
                  00003364    0000000e                   : uart.obj (.text:UARTCharGetNonBlocking)
                  00003372    0000000e     rtsv7M4_T_le_v4SPD16_eabi.lib : copy_decompress_none.obj (.text:decompress:none)
                  00003380    0000000e                                   : time.obj (.text)
                  0000338e    0000000c     driverlib.lib : cpu.obj (.text:CPUcpsid)
                  0000339a    0000000c                   : cpu.obj (.text:CPUcpsie)
                  000033a6    0000000c                   : gpio.obj (.text:GPIOIntEnable)
                  000033b2    0000000c                   : ssi.obj (.text:SSIDataGet)
                  000033be    0000000c                   : uart.obj (.text:UARTCharsAvail)
                  000033ca    0000000c     rtsv7M4_T_le_v4SPD16_eabi.lib : copy_zero_init.obj (.text:decompress:ZI)
                  000033d6    00000002     --HOLE-- [fill = 0]
                  000033d8    0000000c     dht22.obj (.text:getTimer0ChAvalue)
                  000033e4    0000000c     rtc.obj (.text:init_RTC)
                  000033f0    0000000c     timers.obj (.text:kick_watchdog)
                  000033fc    0000000a     driverlib.lib : i2c.obj (.text:I2CMasterEnable)
                  00003406    0000000a                   : ssi.obj (.text:SSIDataPut)
                  00003410    0000000a                   : ssi.obj (.text:SSIDisable)
                  0000341a    0000000a                   : ssi.obj (.text:SSIEnable)
                  00003424    0000000a                   : uart.obj (.text:UARTCharGet)
                  0000342e    0000000a                   : uart.obj (.text:UARTCharPut)
                  00003438    00000008                   : i2c.obj (.text:I2CMasterBusy)
                  00003440    00000008                   : i2c.obj (.text:I2CMasterSlaveAddrSet)
                  00003448    00000008                   : ssi.obj (.text:SSIBusy)
                  00003450    00000008                   : timer.obj (.text:TimerIntEnable)
                  00003458    00000006                   : gpio.obj (.text:GPIOIntClear)
                  0000345e    00000006                   : gpio.obj (.text:GPIOPinRead)
                  00003464    00000006                   : gpio.obj (.text:GPIOPinWrite)
                  0000346a    00000006     startup_ccs.obj (.text:ResetISR)
                  00003470    00000006     driverlib.lib : ssi.obj (.text:SSIClockSourceSet)
                  00003476    00000006                   : sysctl.obj (.text:SysCtlDelay)
                  0000347c    00000006                   : uart.obj (.text:UARTClockSourceSet)
                  00003482    00000006     rtsv7M4_T_le_v4SPD16_eabi.lib : copy_decompress_rle.obj (.text:decompress:rle24)
                  00003488    00000004     driverlib.lib : i2c.obj (.text:I2CMasterControl)
                  0000348c    00000004                   : i2c.obj (.text:I2CMasterDataGet)
                  00003490    00000004                   : i2c.obj (.text:I2CMasterDataPut)
                  00003494    00000004                   : timer.obj (.text:TimerIntClear)
                  00003498    00000004     rtsv7M4_T_le_v4SPD16_eabi.lib : pre_init.obj (.text)

.const     0    0000349c    000004fa     
                  0000349c    000001e0     lcd_nokia5510.obj (.const:ASCII)
                  0000367c    000000c0     driverlib.lib : gpio.obj (.const:g_ppui32GPIOIntMapBlizzard)
                  0000373c    000000c0                   : gpio.obj (.const:g_ppui32GPIOIntMapSnowflake)
                  000037fc    00000090                   : gpio.obj (.const:g_pui32GPIOBaseAddrs)
                  0000388c    00000070                   : interrupt.obj (.const)
                  000038fc    0000006c                   : sysctl.obj (.const:g_pui32Xtals)
                  00003968    0000001c     uartstdio.obj (.const)
                  00003984    00000012     uartstdio.obj (.const:.string)

.cinit     0    00003998    000000b0     
                  00003998    00000076     (.cinit..data.load) [load image, compression = rle]
                  00003a0e    00000002     --HOLE-- [fill = 0]
                  00003a10    0000000c     (__TI_handler_table)
                  00003a1c    00000004     --HOLE-- [fill = 0]
                  00003a20    00000008     (.cinit..bss.load) [load image, compression = zero_init]
                  00003a28    00000008     (.cinit..vtable.load) [load image, compression = zero_init]
                  00003a30    00000018     (__TI_cinit_table)

.init_array 
*          0    00000000    00000000     UNINITIALIZED

.vtable    0    20000000    0000026c     UNINITIALIZED
                  20000000    0000026c     driverlib.lib : interrupt.obj (.vtable)

.bss       0    2000026c    00000254     UNINITIALIZED
                  2000026c    00000120     rtsv7M4_T_le_v4SPD16_eabi.lib : trgmsg.obj (.bss:__CIOBUF_)
                  2000038c    000000c8     dht22.obj (.bss:receivedBits)
                  20000454    0000001c     (.common:rtcLimitStart)
                  20000470    0000001c     (.common:rtcLimitStop)
                  2000048c    00000008     (.common:parmbuf)
                  20000494    00000007     (.common:rtcCurrent)
                  2000049b    00000001     (.common:dhtBit)
                  2000049c    00000004     (.common:checksum)
                  200004a0    00000004     (.common:dhtBitCount)
                  200004a4    00000004     (.common:g_ui32SecondsCounter)
                  200004a8    00000004     (.common:g_ui32SysTickCounter)
                  200004ac    00000004     (.common:humidity)
                  200004b0    00000004     (.common:temperature)
                  200004b4    00000004     (.common:timerACounter)
                  200004b8    00000002     (.common:temp_ds1820)
                  200004ba    00000001     (.common:ds1820_data_bit)
                  200004bb    00000001     (.common:dummy$1)
                  200004bc    00000001     (.common:fanControlledByTimer)
                  200004bd    00000001     (.common:operating_mode)
                  200004be    00000001     (.common:readDHT)
                  200004bf    00000001     (.common:waterControlledByTimer)

.TI.noinit 
*          0    2000026c    00000000     UNINITIALIZED

.stack     0    200004c0    00000200     UNINITIALIZED
                  200004c0    00000200     --HOLE--

.data      0    200006c0    000000c8     UNINITIALIZED
                  200006c0    00000079     sensors.obj (.data)
                  20000739    00000010     rtc.obj (.data)
                  20000749    00000003     --HOLE--
                  2000074c    00000010     timers.obj (.data)
                  2000075c    0000000c     dht22.obj (.data)
                  20000768    00000008     rtsv7M4_T_le_v4SPD16_eabi.lib : _lock.obj (.data)
                  20000770    00000008                                   : exit.obj (.data)
                  20000778    00000005     uartstdio.obj (.data)
                  2000077d    00000003     --HOLE--
                  20000780    00000004     rtsv7M4_T_le_v4SPD16_eabi.lib : rand.obj (.data)
                  20000784    00000004                                   : stkdepth_vars.obj (.data)

.TI.persistent 
*          0    200006c0    00000000     UNINITIALIZED


LINKER GENERATED COPY TABLES

__TI_cinit_table @ 00003a30 records: 3, size/record: 8, table size: 24
	.data: load addr=00003998, load size=00000076 bytes, run addr=200006c0, run size=000000c8 bytes, compression=rle
	.bss: load addr=00003a20, load size=00000008 bytes, run addr=2000026c, run size=00000254 bytes, compression=zero_init
	.vtable: load addr=00003a28, load size=00000008 bytes, run addr=20000000, run size=0000026c bytes, compression=zero_init


LINKER GENERATED HANDLER TABLE

__TI_handler_table @ 00003a10 records: 3, size/record: 4, table size: 12
	index: 0, handler: __TI_zero_init
	index: 1, handler: __TI_decompress_rle24
	index: 2, handler: __TI_decompress_none


GLOBAL SYMBOLS: SORTED ALPHABETICALLY BY Name 

address   name                     
-------   ----                     
00002a95  C$$EXIT                  
0000228b  C$$IO$$                  
0000338f  CPUcpsid                 
0000339b  CPUcpsie                 
000023e1  ConfigureUART0           
00002fa7  GPIODirModeSet           
00003459  GPIOIntClear             
000033a7  GPIOIntEnable            
00003189  GPIOIntRegister          
00003349  GPIOIntStatus            
000024e9  GPIOIntTypeSet           
00000f81  GPIOPadConfigSet         
000028a1  GPIOPinConfigure         
0000345f  GPIOPinRead              
00003279  GPIOPinTypeGPIOInput     
000031a1  GPIOPinTypeGPIOOutput    
0000328b  GPIOPinTypeI2C           
0000329d  GPIOPinTypeI2CSCL        
000032af  GPIOPinTypeSSI           
000032c1  GPIOPinTypeUART          
00003465  GPIOPinWrite             
00000b29  HOSTclock                
00000af1  HOSTclose                
00000ab3  HOSTgetenv               
00000a57  HOSTlseek                
00000a05  HOSTopen                 
000009b9  HOSTread                 
0000095b  HOSTrename               
00000921  HOSTtime                 
000008e9  HOSTunlink               
0000089d  HOSTwrite                
00003439  I2CMasterBusy            
00003489  I2CMasterControl         
0000348d  I2CMasterDataGet         
00003491  I2CMasterDataPut         
000033fd  I2CMasterEnable          
000028e9  I2CMasterInitExpClk      
00003441  I2CMasterSlaveAddrSet    
000020bd  IntEnable                
00003309  IntMasterDisable         
00003319  IntMasterEnable          
00002d7d  IntRegister              
00003075  LOGprintf                
00000cfd  PortEIntHandler          
00002725  PortFIntHandler          
0000346b  ResetISR                 
UNDEFED   SHT$$INIT_ARRAY$$Base    
UNDEFED   SHT$$INIT_ARRAY$$Limit   
00003449  SSIBusy                  
00003471  SSIClockSourceSet        
00002c5d  SSIConfigSetExpClk       
000033b3  SSIDataGet               
000032d3  SSIDataGetNonBlocking    
00003407  SSIDataPut               
00003411  SSIDisable               
0000341b  SSIEnable                
00001a8d  SSI_init                 
00002ee9  SSI_write                
000010b1  SysCtlClockGet           
000011bd  SysCtlClockSet           
00003477  SysCtlDelay              
00002db1  SysCtlPeripheralEnable   
000025e5  SysCtlPeripheralReset    
00003201  SysTickEnable            
00003215  SysTickIntEnable         
00002cd5  SysTickIntHandler        
00003329  SysTickPeriodSet         
000030fd  Timer0IntHandler         
000022c5  TimerConfigure           
00003357  TimerEnable              
00003495  TimerIntClear            
00003451  TimerIntEnable           
000032e5  TimerLoadSet             
00003425  UARTCharGet              
00003365  UARTCharGetNonBlocking   
0000342f  UARTCharPut              
000033bf  UARTCharsAvail           
0000347d  UARTClockSourceSet       
00002ad9  UARTConfigSetExpClk      
00003119  UARTDisable              
00003229  UARTEnable               
00001e95  UARTStdioConfig          
00000591  UARTvprintf              
00002385  UARTwrite                
00002c99  WatchdogIntHandler       
2000026c  __CIOBUF_                
200006c0  __STACK_END              
00000200  __STACK_SIZE             
200005c0  __STACK_TOP              
00003a30  __TI_CINIT_Base          
00003a48  __TI_CINIT_Limit         
00003a10  __TI_Handler_Table_Base  
00003a1c  __TI_Handler_Table_Limit 
00001fe5  __TI_auto_init           
20000770  __TI_cleanup_ptr         
00003373  __TI_decompress_none     
00003483  __TI_decompress_rle24    
20000774  __TI_dtors_ptr           
0000228f  __TI_readmsg             
00000000  __TI_static_base__       
0000225d  __TI_writemsg            
000033cb  __TI_zero_init           
000025e3  __aeabi_idiv0            
00001d29  __aeabi_memclr           
00001d29  __aeabi_memclr4          
00001d29  __aeabi_memclr8          
0000195d  __aeabi_memcpy           
0000195d  __aeabi_memcpy4          
0000195d  __aeabi_memcpy8          
00001d2b  __aeabi_memset           
00001d2b  __aeabi_memset4          
00001d2b  __aeabi_memset8          
00002c1d  __aeabi_uidiv            
00002c1d  __aeabi_uidivmod         
ffffffff  __binit__                
ffffffff  __c_args__               
200004c0  __stack                  
000031e9  _args_main               
00002685  _c_int00                 
20000768  _lock                    
0000324b  _nop                     
00003243  _register_lock           
0000323d  _register_unlock         
00003499  _system_pre_init         
2000076c  _unlock                  
00002a99  abort                    
00001c2d  atoui                    
ffffffff  binit                    
00001605  change_mode              
000016c1  check_fan_timer          
00002f19  check_rtcTimer           
00001469  check_sensor1            
00002125  check_sensor2            
00002931  check_sensor3            
00002979  check_sensor4            
00001cad  check_sensor5            
00001f79  check_sensors            
2000049c  checksum                 
00001539  compare_rtc              
00002809  copy_in                  
00002f79  delay_us                 
00002de5  dht22_readhumidity       
00002e19  dht22_readtemp           
2000049b  dhtBit                   
200004a0  dhtBitCount              
200004ba  ds1820_data_bit          
20000714  esp8266_data             
00002a09  esp8266_reset            
0000138d  esp8266_send             
00002aa1  exit                     
200004bc  fanControlledByTimer     
2000074c  g_bFeedWatchdog          
2000074d  g_bWatchdogTimeoutMsgSent
20000000  g_pfnRAMVectors          
00000000  g_pfnVectors             
200004a4  g_ui32SecondsCounter     
200004a8  g_ui32SysTickCounter     
00000b71  getRtc                   
000033d9  getTimer0ChAvalue        
000018bd  get_co2level             
00003135  get_line                 
200004ac  humidity                 
0000218d  initI2C0                 
000033e5  init_RTC                 
00002d0d  init_actuators           
00002635  init_co2sensor           
00001b1d  init_dht22               
00003339  init_ds1820              
00001819  init_esp8266             
00003099  init_limit               
00001ba9  init_limits_rtc          
00001da5  init_sensors             
00002591  init_system              
00002771  isTimeToActuate          
000033f1  kick_watchdog            
000021f5  lcd_puts                 
00000e4d  main                     
20000784  main_func_sp             
0000195d  memcpy                   
00001d31  memset                   
00002b5d  nokiaLCDclear            
000012ad  nokiaLCDinit             
00002fd1  nokiaLCDsetXY            
00002439  nokiaLCDtext             
000027bd  nokiaLCDwrite            
200004bd  operating_mode           
00002b9d  power                    
0000286b  rand                     
200004be  readDHT                  
00002325  readI2C0                 
00002bdd  read_dht22               
00001e1d  read_ds1820              
000031b9  read_ds1820_1            
000031d1  read_ds1820_2            
000032f7  read_i2c                 
00001771  read_scratchpad          
000026d5  readslot                 
2000038c  receivedBits             
0000253f  reset_ds1820             
20000494  rtcCurrent               
20000739  rtcLimitHourStart        
2000073d  rtcLimitHourStop         
20000741  rtcLimitMinuteStart      
20000745  rtcLimitMinuteStop       
20000454  rtcLimitStart            
20000470  rtcLimitStop             
0000026d  send_esp8266             
00002f49  setDHTinput              
00003025  set_actuator1            
0000304d  set_actuator2            
00002d45  set_line                 
00003151  set_mode_input           
0000316d  set_mode_output          
00002855  srand                    
00001f09  startDHT                 
000030dd  strcat                   
00003251  strcpy                   
00003265  strlen                   
00002ffb  strncat                  
00002e4d  strstr                   
200004b8  temp_ds1820              
200004b0  temperature              
20000708  threshold_co2            
200006f0  threshold_humidity       
200006fc  threshold_temperature    
00003381  time                     
200004b4  timerACounter            
00002e81  uart_send                
000019f9  uitoa                    
00002eb5  update_lcd               
000029c1  update_thingspeak        
000030bb  validate_char            
200004bf  waterControlledByTimer   
00002a4f  write_ds1820             
00002491  writeslot                


GLOBAL SYMBOLS: SORTED BY Symbol Address 

address   name                     
-------   ----                     
00000000  __TI_static_base__       
00000000  g_pfnVectors             
00000200  __STACK_SIZE             
0000026d  send_esp8266             
00000591  UARTvprintf              
0000089d  HOSTwrite                
000008e9  HOSTunlink               
00000921  HOSTtime                 
0000095b  HOSTrename               
000009b9  HOSTread                 
00000a05  HOSTopen                 
00000a57  HOSTlseek                
00000ab3  HOSTgetenv               
00000af1  HOSTclose                
00000b29  HOSTclock                
00000b71  getRtc                   
00000cfd  PortEIntHandler          
00000e4d  main                     
00000f81  GPIOPadConfigSet         
000010b1  SysCtlClockGet           
000011bd  SysCtlClockSet           
000012ad  nokiaLCDinit             
0000138d  esp8266_send             
00001469  check_sensor1            
00001539  compare_rtc              
00001605  change_mode              
000016c1  check_fan_timer          
00001771  read_scratchpad          
00001819  init_esp8266             
000018bd  get_co2level             
0000195d  __aeabi_memcpy           
0000195d  __aeabi_memcpy4          
0000195d  __aeabi_memcpy8          
0000195d  memcpy                   
000019f9  uitoa                    
00001a8d  SSI_init                 
00001b1d  init_dht22               
00001ba9  init_limits_rtc          
00001c2d  atoui                    
00001cad  check_sensor5            
00001d29  __aeabi_memclr           
00001d29  __aeabi_memclr4          
00001d29  __aeabi_memclr8          
00001d2b  __aeabi_memset           
00001d2b  __aeabi_memset4          
00001d2b  __aeabi_memset8          
00001d31  memset                   
00001da5  init_sensors             
00001e1d  read_ds1820              
00001e95  UARTStdioConfig          
00001f09  startDHT                 
00001f79  check_sensors            
00001fe5  __TI_auto_init           
000020bd  IntEnable                
00002125  check_sensor2            
0000218d  initI2C0                 
000021f5  lcd_puts                 
0000225d  __TI_writemsg            
0000228b  C$$IO$$                  
0000228f  __TI_readmsg             
000022c5  TimerConfigure           
00002325  readI2C0                 
00002385  UARTwrite                
000023e1  ConfigureUART0           
00002439  nokiaLCDtext             
00002491  writeslot                
000024e9  GPIOIntTypeSet           
0000253f  reset_ds1820             
00002591  init_system              
000025e3  __aeabi_idiv0            
000025e5  SysCtlPeripheralReset    
00002635  init_co2sensor           
00002685  _c_int00                 
000026d5  readslot                 
00002725  PortFIntHandler          
00002771  isTimeToActuate          
000027bd  nokiaLCDwrite            
00002809  copy_in                  
00002855  srand                    
0000286b  rand                     
000028a1  GPIOPinConfigure         
000028e9  I2CMasterInitExpClk      
00002931  check_sensor3            
00002979  check_sensor4            
000029c1  update_thingspeak        
00002a09  esp8266_reset            
00002a4f  write_ds1820             
00002a95  C$$EXIT                  
00002a99  abort                    
00002aa1  exit                     
00002ad9  UARTConfigSetExpClk      
00002b5d  nokiaLCDclear            
00002b9d  power                    
00002bdd  read_dht22               
00002c1d  __aeabi_uidiv            
00002c1d  __aeabi_uidivmod         
00002c5d  SSIConfigSetExpClk       
00002c99  WatchdogIntHandler       
00002cd5  SysTickIntHandler        
00002d0d  init_actuators           
00002d45  set_line                 
00002d7d  IntRegister              
00002db1  SysCtlPeripheralEnable   
00002de5  dht22_readhumidity       
00002e19  dht22_readtemp           
00002e4d  strstr                   
00002e81  uart_send                
00002eb5  update_lcd               
00002ee9  SSI_write                
00002f19  check_rtcTimer           
00002f49  setDHTinput              
00002f79  delay_us                 
00002fa7  GPIODirModeSet           
00002fd1  nokiaLCDsetXY            
00002ffb  strncat                  
00003025  set_actuator1            
0000304d  set_actuator2            
00003075  LOGprintf                
00003099  init_limit               
000030bb  validate_char            
000030dd  strcat                   
000030fd  Timer0IntHandler         
00003119  UARTDisable              
00003135  get_line                 
00003151  set_mode_input           
0000316d  set_mode_output          
00003189  GPIOIntRegister          
000031a1  GPIOPinTypeGPIOOutput    
000031b9  read_ds1820_1            
000031d1  read_ds1820_2            
000031e9  _args_main               
00003201  SysTickEnable            
00003215  SysTickIntEnable         
00003229  UARTEnable               
0000323d  _register_unlock         
00003243  _register_lock           
0000324b  _nop                     
00003251  strcpy                   
00003265  strlen                   
00003279  GPIOPinTypeGPIOInput     
0000328b  GPIOPinTypeI2C           
0000329d  GPIOPinTypeI2CSCL        
000032af  GPIOPinTypeSSI           
000032c1  GPIOPinTypeUART          
000032d3  SSIDataGetNonBlocking    
000032e5  TimerLoadSet             
000032f7  read_i2c                 
00003309  IntMasterDisable         
00003319  IntMasterEnable          
00003329  SysTickPeriodSet         
00003339  init_ds1820              
00003349  GPIOIntStatus            
00003357  TimerEnable              
00003365  UARTCharGetNonBlocking   
00003373  __TI_decompress_none     
00003381  time                     
0000338f  CPUcpsid                 
0000339b  CPUcpsie                 
000033a7  GPIOIntEnable            
000033b3  SSIDataGet               
000033bf  UARTCharsAvail           
000033cb  __TI_zero_init           
000033d9  getTimer0ChAvalue        
000033e5  init_RTC                 
000033f1  kick_watchdog            
000033fd  I2CMasterEnable          
00003407  SSIDataPut               
00003411  SSIDisable               
0000341b  SSIEnable                
00003425  UARTCharGet              
0000342f  UARTCharPut              
00003439  I2CMasterBusy            
00003441  I2CMasterSlaveAddrSet    
00003449  SSIBusy                  
00003451  TimerIntEnable           
00003459  GPIOIntClear             
0000345f  GPIOPinRead              
00003465  GPIOPinWrite             
0000346b  ResetISR                 
00003471  SSIClockSourceSet        
00003477  SysCtlDelay              
0000347d  UARTClockSourceSet       
00003483  __TI_decompress_rle24    
00003489  I2CMasterControl         
0000348d  I2CMasterDataGet         
00003491  I2CMasterDataPut         
00003495  TimerIntClear            
00003499  _system_pre_init         
00003a10  __TI_Handler_Table_Base  
00003a1c  __TI_Handler_Table_Limit 
00003a30  __TI_CINIT_Base          
00003a48  __TI_CINIT_Limit         
20000000  g_pfnRAMVectors          
2000026c  __CIOBUF_                
2000038c  receivedBits             
20000454  rtcLimitStart            
20000470  rtcLimitStop             
20000494  rtcCurrent               
2000049b  dhtBit                   
2000049c  checksum                 
200004a0  dhtBitCount              
200004a4  g_ui32SecondsCounter     
200004a8  g_ui32SysTickCounter     
200004ac  humidity                 
200004b0  temperature              
200004b4  timerACounter            
200004b8  temp_ds1820              
200004ba  ds1820_data_bit          
200004bc  fanControlledByTimer     
200004bd  operating_mode           
200004be  readDHT                  
200004bf  waterControlledByTimer   
200004c0  __stack                  
200005c0  __STACK_TOP              
200006c0  __STACK_END              
200006f0  threshold_humidity       
200006fc  threshold_temperature    
20000708  threshold_co2            
20000714  esp8266_data             
20000739  rtcLimitHourStart        
2000073d  rtcLimitHourStop         
20000741  rtcLimitMinuteStart      
20000745  rtcLimitMinuteStop       
2000074c  g_bFeedWatchdog          
2000074d  g_bWatchdogTimeoutMsgSent
20000768  _lock                    
2000076c  _unlock                  
20000770  __TI_cleanup_ptr         
20000774  __TI_dtors_ptr           
20000784  main_func_sp             
ffffffff  __binit__                
ffffffff  __c_args__               
ffffffff  binit                    
UNDEFED   SHT$$INIT_ARRAY$$Base    
UNDEFED   SHT$$INIT_ARRAY$$Limit   

[235 symbols]
