******************************************************************************
                  TI ARM Linker PC v5.2.5                      
******************************************************************************
>> Linked Thu Nov 05 13:11:26 2015

OUTPUT FILE NAME:   <TivaControlBoard.out>
ENTRY POINT SYMBOL: "_c_int00"  address: 000018f5


MEMORY CONFIGURATION

         name            origin    length      used     unused   attr    fill
----------------------  --------  ---------  --------  --------  ----  --------
  FLASH                 00000000   00040000  00002ac0  0003d540  R  X
  SRAM                  20000000   00008000  00000624  000079dc  RW X


SEGMENT ALLOCATION MAP

run origin  load origin   length   init length attrs members
----------  ----------- ---------- ----------- ----- -------
00000000    00000000    00002ac0   00002ac0    r-x
  00000000    00000000    0000026c   0000026c    r-- .intvecs
  0000026c    0000026c    000022e8   000022e8    r-x .text
  00002554    00002554    000004cc   000004cc    r-- .const
  00002a20    00002a20    000000a0   000000a0    r-- .cinit
20000000    20000000    00000624   00000000    rw-
  20000000    20000000    0000026c   00000000    rw- .vtable
  2000026c    2000026c    00000200   00000000    rw- .stack
  2000046c    2000046c    00000110   00000000    rw- .bss
  2000057c    2000057c    000000a8   00000000    rw- .data


SECTION ALLOCATION MAP

 output                                  attributes/
section   page    origin      length       input sections
--------  ----  ----------  ----------   ----------------
.intvecs   0    00000000    0000026c     
                  00000000    0000026c     startup_ccs.obj (.intvecs)

.text      0    0000026c    000022e8     
                  0000026c    00000272     esp8266.obj (.text:send_esp8266)
                  000004de    00000002     startup_ccs.obj (.text:FaultISR)
                  000004e0    00000140     dht22.obj (.text:PortEIntHandler)
                  00000620    00000130     driverlib.lib : gpio.obj (.text:GPIOPadConfigSet)
                  00000750    0000010c                   : sysctl.obj (.text:SysCtlClockGet)
                  0000085c    00000100     timers.obj (.text:main)
                  0000095c    000000f0     driverlib.lib : sysctl.obj (.text:SysCtlClockSet)
                  00000a4c    000000e0     lcd_nokia5510.obj (.text:nokiaLCDinit)
                  00000b2c    000000d8     esp8266.obj (.text:esp8266_send)
                  00000c04    000000bc     sensors.obj (.text:change_mode)
                  00000cc0    000000ac     sensors.obj (.text:check_sensor1)
                  00000d6c    000000a4     co2sensor.obj (.text:get_co2level)
                  00000e10    000000a4     esp8266.obj (.text:init_esp8266)
                  00000eb4    0000009c     rtsv7M4_T_le_v4SPD16_eabi.lib : memcpy_t2.obj (.text)
                  00000f50    00000094     utils.obj (.text:uitoa)
                  00000fe4    00000090     tiva_ssi.obj (.text:SSI_init)
                  00001074    0000008c     dht22.obj (.text:init_dht22)
                  00001100    00000084     sensors.obj (.text:check_fan_timer)
                  00001184    00000082     utils.obj (.text:atoui)
                  00001206    0000007a     rtsv7M4_T_le_v4SPD16_eabi.lib : memset_t2.obj (.text)
                  00001280    00000078     ds1820.obj (.text:read_ds1820)
                  000012f8    00000070     dht22.obj (.text:startDHT)
                  00001368    0000006c     rtsv7M4_T_le_v4SPD16_eabi.lib : autoinit.obj (.text)
                  000013d4    0000006a                                   : copy_decompress_rle.obj (.text)
                  0000143e    00000002     startup_ccs.obj (.text:IntDefaultHandler)
                  00001440    00000068     driverlib.lib : interrupt.obj (.text:IntEnable)
                  000014a8    00000068     sensors.obj (.text:check_sensor2)
                  00001510    00000068     timers.obj (.text:check_sensors)
                  00001578    00000068     lcd_nokia5510.obj (.text:lcd_puts)
                  000015e0    00000060     driverlib.lib : timer.obj (.text:TimerConfigure)
                  00001640    00000060     ds1820.obj (.text:read_scratchpad)
                  000016a0    0000005c     sensors.obj (.text:init_sensors)
                  000016fc    00000058     lcd_nokia5510.obj (.text:nokiaLCDtext)
                  00001754    00000058     ds1820.obj (.text:writeslot)
                  000017ac    00000056     driverlib.lib : gpio.obj (.text:GPIOIntTypeSet)
                  00001802    00000052     ds1820.obj (.text:reset_ds1820)
                  00001854    00000050     driverlib.lib : sysctl.obj (.text:SysCtlPeripheralReset)
                  000018a4    00000050     co2sensor.obj (.text:init_co2sensor)
                  000018f4    00000050     rtsv7M4_T_le_v4SPD16_eabi.lib : boot.obj (.text)
                  00001944    0000004e     ds1820.obj (.text:readslot)
                  00001992    00000002     startup_ccs.obj (.text:NmiSR)
                  00001994    0000004d     timers.obj (.text:init_system)
                  000019e1    00000003     --HOLE-- [fill = 0]
                  000019e4    0000004c     sensors.obj (.text:PortFIntHandler)
                  00001a30    0000004c     lcd_nokia5510.obj (.text:nokiaLCDwrite)
                  00001a7c    0000004c     rtsv7M4_T_le_v4SPD16_eabi.lib : cpy_tbl.obj (.text)
                  00001ac8    00000048     driverlib.lib : gpio.obj (.text:GPIOPinConfigure)
                  00001b10    00000048     sensors.obj (.text:check_sensor3)
                  00001b58    00000048     sensors.obj (.text:check_sensor4)
                  00001ba0    00000048     sensors.obj (.text:update_thingspeak)
                  00001be8    00000046     esp8266.obj (.text:esp8266_reset)
                  00001c2e    00000046     ds1820.obj (.text:write_ds1820)
                  00001c74    00000044     rtsv7M4_T_le_v4SPD16_eabi.lib : exit.obj (.text)
                  00001cb8    00000042     driverlib.lib : uart.obj (.text:UARTConfigSetExpClk)
                  00001cfa    00000002     --HOLE-- [fill = 0]
                  00001cfc    00000040                   : gpio.obj (.text:_GPIOIntNumberGet)
                  00001d3c    00000040     lcd_nokia5510.obj (.text:nokiaLCDclear)
                  00001d7c    00000040     utils.obj (.text:power)
                  00001dbc    00000040     dht22.obj (.text:read_dht22)
                  00001dfc    0000003c     driverlib.lib : ssi.obj (.text:SSIConfigSetExpClk)
                  00001e38    0000003c     timers.obj (.text:WatchdogIntHandler)
                  00001e74    00000038     timers.obj (.text:SysTickIntHandler)
                  00001eac    00000038     actuators.obj (.text:init_actuators)
                  00001ee4    00000038     ds1820.obj (.text:set_line)
                  00001f1c    00000034     driverlib.lib : interrupt.obj (.text:IntRegister)
                  00001f50    00000034                   : sysctl.obj (.text:SysCtlPeripheralEnable)
                  00001f84    00000034     sensors.obj (.text:check_sensor5)
                  00001fb8    00000034     dht22.obj (.text:dht22_readhumidity)
                  00001fec    00000034     dht22.obj (.text:dht22_readtemp)
                  00002020    00000034     rtsv7M4_T_le_v4SPD16_eabi.lib : strstr.obj (.text)
                  00002054    00000034     esp8266.obj (.text:uart_send)
                  00002088    00000034     sensors.obj (.text:update_lcd)
                  000020bc    00000030     tiva_ssi.obj (.text:SSI_write)
                  000020ec    00000030     dht22.obj (.text:setDHTinput)
                  0000211c    0000002e     timers.obj (.text:delay_us)
                  0000214a    0000002a     driverlib.lib : gpio.obj (.text:GPIODirModeSet)
                  00002174    0000002a     lcd_nokia5510.obj (.text:nokiaLCDsetXY)
                  0000219e    00000002     --HOLE-- [fill = 0]
                  000021a0    00000028     actuators.obj (.text:set_actuator1)
                  000021c8    00000028     actuators.obj (.text:set_actuator2)
                  000021f0    00000022     lcd_nokia5510.obj (.text:validate_char)
                  00002212    0000001e     rtsv7M4_T_le_v4SPD16_eabi.lib : strcat.obj (.text)
                  00002230    0000001c     dht22.obj (.text:Timer0IntHandler)
                  0000224c    0000001c     driverlib.lib : uart.obj (.text:UARTDisable)
                  00002268    0000001c     ds1820.obj (.text:get_line)
                  00002284    0000001c     ds1820.obj (.text:set_mode_input)
                  000022a0    0000001c     ds1820.obj (.text:set_mode_output)
                  000022bc    00000018     driverlib.lib : gpio.obj (.text:GPIOIntRegister)
                  000022d4    00000018                   : gpio.obj (.text:GPIOPinTypeGPIOOutput)
                  000022ec    00000018     ds1820.obj (.text:read_ds1820_1)
                  00002304    00000018     ds1820.obj (.text:read_ds1820_2)
                  0000231c    00000018     rtsv7M4_T_le_v4SPD16_eabi.lib : args_main.obj (.text)
                  00002334    00000014     driverlib.lib : systick.obj (.text:SysTickEnable)
                  00002348    00000014                   : systick.obj (.text:SysTickIntEnable)
                  0000235c    00000014                   : uart.obj (.text:UARTEnable)
                  00002370    00000014     rtsv7M4_T_le_v4SPD16_eabi.lib : _lock.obj (.text)
                  00002384    00000014                                   : strcpy.obj (.text)
                  00002398    00000014                                   : strlen.obj (.text)
                  000023ac    00000012     driverlib.lib : gpio.obj (.text:GPIOPinTypeGPIOInput)
                  000023be    00000012                   : gpio.obj (.text:GPIOPinTypeSSI)
                  000023d0    00000012                   : gpio.obj (.text:GPIOPinTypeUART)
                  000023e2    00000012                   : ssi.obj (.text:SSIDataGetNonBlocking)
                  000023f4    00000012                   : timer.obj (.text:TimerLoadSet)
                  00002406    00000010                   : interrupt.obj (.text:IntMasterDisable)
                  00002416    00000010                   : interrupt.obj (.text:IntMasterEnable)
                  00002426    00000002     --HOLE-- [fill = 0]
                  00002428    00000010                   : systick.obj (.text:SysTickPeriodSet)
                  00002438    00000010     ds1820.obj (.text:init_ds1820)
                  00002448    0000000e     driverlib.lib : gpio.obj (.text:GPIOIntStatus)
                  00002456    0000000e                   : timer.obj (.text:TimerEnable)
                  00002464    0000000e                   : uart.obj (.text:UARTCharGetNonBlocking)
                  00002472    0000000e     rtsv7M4_T_le_v4SPD16_eabi.lib : copy_decompress_none.obj (.text:decompress:none)
                  00002480    0000000c     driverlib.lib : cpu.obj (.text:CPUcpsid)
                  0000248c    0000000c                   : cpu.obj (.text:CPUcpsie)
                  00002498    0000000c                   : gpio.obj (.text:GPIOIntEnable)
                  000024a4    0000000c                   : ssi.obj (.text:SSIDataGet)
                  000024b0    0000000c                   : uart.obj (.text:UARTCharsAvail)
                  000024bc    0000000c     rtsv7M4_T_le_v4SPD16_eabi.lib : copy_zero_init.obj (.text:decompress:ZI)
                  000024c8    0000000c     dht22.obj (.text:getTimer0ChAvalue)
                  000024d4    0000000c     timers.obj (.text:kick_watchdog)
                  000024e0    0000000a     driverlib.lib : ssi.obj (.text:SSIDataPut)
                  000024ea    0000000a                   : ssi.obj (.text:SSIDisable)
                  000024f4    0000000a                   : ssi.obj (.text:SSIEnable)
                  000024fe    0000000a                   : uart.obj (.text:UARTCharGet)
                  00002508    0000000a                   : uart.obj (.text:UARTCharPut)
                  00002512    00000008                   : ssi.obj (.text:SSIBusy)
                  0000251a    00000008                   : timer.obj (.text:TimerIntEnable)
                  00002522    00000006                   : gpio.obj (.text:GPIOIntClear)
                  00002528    00000006                   : gpio.obj (.text:GPIOPinRead)
                  0000252e    00000006                   : gpio.obj (.text:GPIOPinWrite)
                  00002534    00000006     startup_ccs.obj (.text:ResetISR)
                  0000253a    00000006     driverlib.lib : ssi.obj (.text:SSIClockSourceSet)
                  00002540    00000006                   : sysctl.obj (.text:SysCtlDelay)
                  00002546    00000006     rtsv7M4_T_le_v4SPD16_eabi.lib : copy_decompress_rle.obj (.text:decompress:rle24)
                  0000254c    00000004     driverlib.lib : timer.obj (.text:TimerIntClear)
                  00002550    00000004     rtsv7M4_T_le_v4SPD16_eabi.lib : pre_init.obj (.text)

.const     0    00002554    000004cc     
                  00002554    000001e0     lcd_nokia5510.obj (.const:ASCII)
                  00002734    000000c0     driverlib.lib : gpio.obj (.const:g_ppui32GPIOIntMapBlizzard)
                  000027f4    000000c0                   : gpio.obj (.const:g_ppui32GPIOIntMapSnowflake)
                  000028b4    00000090                   : gpio.obj (.const:g_pui32GPIOBaseAddrs)
                  00002944    00000070                   : interrupt.obj (.const)
                  000029b4    0000006c                   : sysctl.obj (.const:g_pui32Xtals)

.cinit     0    00002a20    000000a0     
                  00002a20    00000065     (.cinit..data.load) [load image, compression = rle]
                  00002a85    00000003     --HOLE-- [fill = 0]
                  00002a88    0000000c     (__TI_handler_table)
                  00002a94    00000004     --HOLE-- [fill = 0]
                  00002a98    00000008     (.cinit..bss.load) [load image, compression = zero_init]
                  00002aa0    00000008     (.cinit..vtable.load) [load image, compression = zero_init]
                  00002aa8    00000018     (__TI_cinit_table)

.init_array 
*          0    00000000    00000000     UNINITIALIZED

.vtable    0    20000000    0000026c     UNINITIALIZED
                  20000000    0000026c     driverlib.lib : interrupt.obj (.vtable)

.stack     0    2000026c    00000200     UNINITIALIZED
                  2000026c    00000200     --HOLE--

.bss       0    2000046c    00000110     UNINITIALIZED
                  2000046c    000000c8     dht22.obj (.bss:receivedBits)
                  20000534    00000020     (.common:uart_data)
                  20000554    00000004     (.common:checksum)
                  20000558    00000004     (.common:dhtBitCount)
                  2000055c    00000004     (.common:g_ui32SecondsCounter)
                  20000560    00000004     (.common:g_ui32SysTickCounter)
                  20000564    00000004     (.common:humidity)
                  20000568    00000004     (.common:temp_secondsCounter$2)
                  2000056c    00000004     (.common:temperature)
                  20000570    00000004     (.common:timerACounter)
                  20000574    00000002     (.common:temp_ds1820)
                  20000576    00000001     (.common:dhtBit)
                  20000577    00000001     (.common:ds1820_data_bit)
                  20000578    00000001     (.common:dummy$1)
                  20000579    00000001     (.common:operating_mode)
                  2000057a    00000001     (.common:readDHT)
                  2000057b    00000001     (.common:uart_data_counter)

.TI.noinit 
*          0    2000046c    00000000     UNINITIALIZED

.data      0    2000057c    000000a8     UNINITIALIZED
                  2000057c    00000079     sensors.obj (.data)
                  200005f5    00000003     --HOLE--
                  200005f8    0000000c     dht22.obj (.data)
                  20000604    0000000c     timers.obj (.data)
                  20000610    00000008     rtsv7M4_T_le_v4SPD16_eabi.lib : _lock.obj (.data)
                  20000618    00000008                                   : exit.obj (.data)
                  20000620    00000004                                   : stkdepth_vars.obj (.data)

.TI.persistent 
*          0    2000057c    00000000     UNINITIALIZED


LINKER GENERATED COPY TABLES

__TI_cinit_table @ 00002aa8 records: 3, size/record: 8, table size: 24
	.data: load addr=00002a20, load size=00000065 bytes, run addr=2000057c, run size=000000a8 bytes, compression=rle
	.bss: load addr=00002a98, load size=00000008 bytes, run addr=2000046c, run size=00000110 bytes, compression=zero_init
	.vtable: load addr=00002aa0, load size=00000008 bytes, run addr=20000000, run size=0000026c bytes, compression=zero_init


LINKER GENERATED HANDLER TABLE

__TI_handler_table @ 00002a88 records: 3, size/record: 4, table size: 12
	index: 0, handler: __TI_zero_init
	index: 1, handler: __TI_decompress_rle24
	index: 2, handler: __TI_decompress_none


GLOBAL SYMBOLS: SORTED ALPHABETICALLY BY Name 

address   name                     
-------   ----                     
00001c75  C$$EXIT                  
00002481  CPUcpsid                 
0000248d  CPUcpsie                 
0000214b  GPIODirModeSet           
00002523  GPIOIntClear             
00002499  GPIOIntEnable            
000022bd  GPIOIntRegister          
00002449  GPIOIntStatus            
000017ad  GPIOIntTypeSet           
00000621  GPIOPadConfigSet         
00001ac9  GPIOPinConfigure         
00002529  GPIOPinRead              
000023ad  GPIOPinTypeGPIOInput     
000022d5  GPIOPinTypeGPIOOutput    
000023bf  GPIOPinTypeSSI           
000023d1  GPIOPinTypeUART          
0000252f  GPIOPinWrite             
00001441  IntEnable                
00002407  IntMasterDisable         
00002417  IntMasterEnable          
00001f1d  IntRegister              
000004e1  PortEIntHandler          
000019e5  PortFIntHandler          
00002535  ResetISR                 
UNDEFED   SHT$$INIT_ARRAY$$Base    
UNDEFED   SHT$$INIT_ARRAY$$Limit   
00002513  SSIBusy                  
0000253b  SSIClockSourceSet        
00001dfd  SSIConfigSetExpClk       
000024a5  SSIDataGet               
000023e3  SSIDataGetNonBlocking    
000024e1  SSIDataPut               
000024eb  SSIDisable               
000024f5  SSIEnable                
00000fe5  SSI_init                 
000020bd  SSI_write                
00000751  SysCtlClockGet           
0000095d  SysCtlClockSet           
00002541  SysCtlDelay              
00001f51  SysCtlPeripheralEnable   
00001855  SysCtlPeripheralReset    
00002335  SysTickEnable            
00002349  SysTickIntEnable         
00001e75  SysTickIntHandler        
00002429  SysTickPeriodSet         
00002231  Timer0IntHandler         
000015e1  TimerConfigure           
00002457  TimerEnable              
0000254d  TimerIntClear            
0000251b  TimerIntEnable           
000023f5  TimerLoadSet             
000024ff  UARTCharGet              
00002465  UARTCharGetNonBlocking   
00002509  UARTCharPut              
000024b1  UARTCharsAvail           
00001cb9  UARTConfigSetExpClk      
0000224d  UARTDisable              
0000235d  UARTEnable               
00001e39  WatchdogIntHandler       
2000046c  __STACK_END              
00000200  __STACK_SIZE             
2000036c  __STACK_TOP              
00002aa8  __TI_CINIT_Base          
00002ac0  __TI_CINIT_Limit         
00002a88  __TI_Handler_Table_Base  
00002a94  __TI_Handler_Table_Limit 
00001369  __TI_auto_init           
20000618  __TI_cleanup_ptr         
00002473  __TI_decompress_none     
00002547  __TI_decompress_rle24    
2000061c  __TI_dtors_ptr           
00000000  __TI_static_base__       
000024bd  __TI_zero_init           
00001207  __aeabi_memclr           
00001207  __aeabi_memclr4          
00001207  __aeabi_memclr8          
00000eb5  __aeabi_memcpy           
00000eb5  __aeabi_memcpy4          
00000eb5  __aeabi_memcpy8          
00001209  __aeabi_memset           
00001209  __aeabi_memset4          
00001209  __aeabi_memset8          
ffffffff  __binit__                
ffffffff  __c_args__               
2000026c  __stack                  
0000231d  _args_main               
000018f5  _c_int00                 
20000610  _lock                    
0000237f  _nop                     
00002377  _register_lock           
00002371  _register_unlock         
00002551  _system_pre_init         
20000614  _unlock                  
00001c79  abort                    
00001185  atoui                    
ffffffff  binit                    
00000c05  change_mode              
00001101  check_fan_timer          
00000cc1  check_sensor1            
000014a9  check_sensor2            
00001b11  check_sensor3            
00001b59  check_sensor4            
00001f85  check_sensor5            
00001511  check_sensors            
20000554  checksum                 
00001a7d  copy_in                  
0000211d  delay_us                 
00001fb9  dht22_readhumidity       
00001fed  dht22_readtemp           
20000576  dhtBit                   
20000558  dhtBitCount              
20000577  ds1820_data_bit          
200005d0  esp8266_data             
00001be9  esp8266_reset            
00000b2d  esp8266_send             
00001c81  exit                     
20000604  g_bFeedWatchdog          
20000605  g_bWatchdogTimeoutMsgSent
20000000  g_pfnRAMVectors          
00000000  g_pfnVectors             
2000055c  g_ui32SecondsCounter     
20000560  g_ui32SysTickCounter     
000024c9  getTimer0ChAvalue        
00000d6d  get_co2level             
00002269  get_line                 
20000564  humidity                 
00001ead  init_actuators           
000018a5  init_co2sensor           
00001075  init_dht22               
00002439  init_ds1820              
00000e11  init_esp8266             
000016a1  init_sensors             
00001995  init_system              
000024d5  kick_watchdog            
00001579  lcd_puts                 
0000085d  main                     
20000620  main_func_sp             
00000eb5  memcpy                   
0000120f  memset                   
00001d3d  nokiaLCDclear            
00000a4d  nokiaLCDinit             
00002175  nokiaLCDsetXY            
000016fd  nokiaLCDtext             
00001a31  nokiaLCDwrite            
20000579  operating_mode           
00001d7d  power                    
2000057a  readDHT                  
00001dbd  read_dht22               
00001281  read_ds1820              
000022ed  read_ds1820_1            
00002305  read_ds1820_2            
00001641  read_scratchpad          
00001945  readslot                 
2000046c  receivedBits             
00001803  reset_ds1820             
0000026d  send_esp8266             
000020ed  setDHTinput              
000021a1  set_actuator1            
000021c9  set_actuator2            
00001ee5  set_line                 
00002285  set_mode_input           
000022a1  set_mode_output          
000012f9  startDHT                 
00002213  strcat                   
00002385  strcpy                   
00002399  strlen                   
00002021  strstr                   
20000574  temp_ds1820              
2000056c  temperature              
200005c4  threshold_co2            
200005ac  threshold_humidity       
200005b8  threshold_temperature    
20000570  timerACounter            
20000534  uart_data                
2000057b  uart_data_counter        
00002055  uart_send                
00000f51  uitoa                    
00002089  update_lcd               
00001ba1  update_thingspeak        
000021f1  validate_char            
00001c2f  write_ds1820             
00001755  writeslot                


GLOBAL SYMBOLS: SORTED BY Symbol Address 

address   name                     
-------   ----                     
00000000  __TI_static_base__       
00000000  g_pfnVectors             
00000200  __STACK_SIZE             
0000026d  send_esp8266             
000004e1  PortEIntHandler          
00000621  GPIOPadConfigSet         
00000751  SysCtlClockGet           
0000085d  main                     
0000095d  SysCtlClockSet           
00000a4d  nokiaLCDinit             
00000b2d  esp8266_send             
00000c05  change_mode              
00000cc1  check_sensor1            
00000d6d  get_co2level             
00000e11  init_esp8266             
00000eb5  __aeabi_memcpy           
00000eb5  __aeabi_memcpy4          
00000eb5  __aeabi_memcpy8          
00000eb5  memcpy                   
00000f51  uitoa                    
00000fe5  SSI_init                 
00001075  init_dht22               
00001101  check_fan_timer          
00001185  atoui                    
00001207  __aeabi_memclr           
00001207  __aeabi_memclr4          
00001207  __aeabi_memclr8          
00001209  __aeabi_memset           
00001209  __aeabi_memset4          
00001209  __aeabi_memset8          
0000120f  memset                   
00001281  read_ds1820              
000012f9  startDHT                 
00001369  __TI_auto_init           
00001441  IntEnable                
000014a9  check_sensor2            
00001511  check_sensors            
00001579  lcd_puts                 
000015e1  TimerConfigure           
00001641  read_scratchpad          
000016a1  init_sensors             
000016fd  nokiaLCDtext             
00001755  writeslot                
000017ad  GPIOIntTypeSet           
00001803  reset_ds1820             
00001855  SysCtlPeripheralReset    
000018a5  init_co2sensor           
000018f5  _c_int00                 
00001945  readslot                 
00001995  init_system              
000019e5  PortFIntHandler          
00001a31  nokiaLCDwrite            
00001a7d  copy_in                  
00001ac9  GPIOPinConfigure         
00001b11  check_sensor3            
00001b59  check_sensor4            
00001ba1  update_thingspeak        
00001be9  esp8266_reset            
00001c2f  write_ds1820             
00001c75  C$$EXIT                  
00001c79  abort                    
00001c81  exit                     
00001cb9  UARTConfigSetExpClk      
00001d3d  nokiaLCDclear            
00001d7d  power                    
00001dbd  read_dht22               
00001dfd  SSIConfigSetExpClk       
00001e39  WatchdogIntHandler       
00001e75  SysTickIntHandler        
00001ead  init_actuators           
00001ee5  set_line                 
00001f1d  IntRegister              
00001f51  SysCtlPeripheralEnable   
00001f85  check_sensor5            
00001fb9  dht22_readhumidity       
00001fed  dht22_readtemp           
00002021  strstr                   
00002055  uart_send                
00002089  update_lcd               
000020bd  SSI_write                
000020ed  setDHTinput              
0000211d  delay_us                 
0000214b  GPIODirModeSet           
00002175  nokiaLCDsetXY            
000021a1  set_actuator1            
000021c9  set_actuator2            
000021f1  validate_char            
00002213  strcat                   
00002231  Timer0IntHandler         
0000224d  UARTDisable              
00002269  get_line                 
00002285  set_mode_input           
000022a1  set_mode_output          
000022bd  GPIOIntRegister          
000022d5  GPIOPinTypeGPIOOutput    
000022ed  read_ds1820_1            
00002305  read_ds1820_2            
0000231d  _args_main               
00002335  SysTickEnable            
00002349  SysTickIntEnable         
0000235d  UARTEnable               
00002371  _register_unlock         
00002377  _register_lock           
0000237f  _nop                     
00002385  strcpy                   
00002399  strlen                   
000023ad  GPIOPinTypeGPIOInput     
000023bf  GPIOPinTypeSSI           
000023d1  GPIOPinTypeUART          
000023e3  SSIDataGetNonBlocking    
000023f5  TimerLoadSet             
00002407  IntMasterDisable         
00002417  IntMasterEnable          
00002429  SysTickPeriodSet         
00002439  init_ds1820              
00002449  GPIOIntStatus            
00002457  TimerEnable              
00002465  UARTCharGetNonBlocking   
00002473  __TI_decompress_none     
00002481  CPUcpsid                 
0000248d  CPUcpsie                 
00002499  GPIOIntEnable            
000024a5  SSIDataGet               
000024b1  UARTCharsAvail           
000024bd  __TI_zero_init           
000024c9  getTimer0ChAvalue        
000024d5  kick_watchdog            
000024e1  SSIDataPut               
000024eb  SSIDisable               
000024f5  SSIEnable                
000024ff  UARTCharGet              
00002509  UARTCharPut              
00002513  SSIBusy                  
0000251b  TimerIntEnable           
00002523  GPIOIntClear             
00002529  GPIOPinRead              
0000252f  GPIOPinWrite             
00002535  ResetISR                 
0000253b  SSIClockSourceSet        
00002541  SysCtlDelay              
00002547  __TI_decompress_rle24    
0000254d  TimerIntClear            
00002551  _system_pre_init         
00002a88  __TI_Handler_Table_Base  
00002a94  __TI_Handler_Table_Limit 
00002aa8  __TI_CINIT_Base          
00002ac0  __TI_CINIT_Limit         
20000000  g_pfnRAMVectors          
2000026c  __stack                  
2000036c  __STACK_TOP              
2000046c  __STACK_END              
2000046c  receivedBits             
20000534  uart_data                
20000554  checksum                 
20000558  dhtBitCount              
2000055c  g_ui32SecondsCounter     
20000560  g_ui32SysTickCounter     
20000564  humidity                 
2000056c  temperature              
20000570  timerACounter            
20000574  temp_ds1820              
20000576  dhtBit                   
20000577  ds1820_data_bit          
20000579  operating_mode           
2000057a  readDHT                  
2000057b  uart_data_counter        
200005ac  threshold_humidity       
200005b8  threshold_temperature    
200005c4  threshold_co2            
200005d0  esp8266_data             
20000604  g_bFeedWatchdog          
20000605  g_bWatchdogTimeoutMsgSent
20000610  _lock                    
20000614  _unlock                  
20000618  __TI_cleanup_ptr         
2000061c  __TI_dtors_ptr           
20000620  main_func_sp             
ffffffff  __binit__                
ffffffff  __c_args__               
ffffffff  binit                    
UNDEFED   SHT$$INIT_ARRAY$$Base    
UNDEFED   SHT$$INIT_ARRAY$$Limit   

[182 symbols]
