******************************************************************************
                  TI ARM Linker PC v5.2.5                      
******************************************************************************
>> Linked Wed Oct 07 12:31:18 2015

OUTPUT FILE NAME:   <timers.out>
ENTRY POINT SYMBOL: "_c_int00"  address: 00000ead


MEMORY CONFIGURATION

         name            origin    length      used     unused   attr    fill
----------------------  --------  ---------  --------  --------  ----  --------
  FLASH                 00000000   00040000  0000154e  0003eab2  R  X
  SRAM                  20000000   00008000  00000272  00007d8e  RW X


SEGMENT ALLOCATION MAP

run origin  load origin   length   init length attrs members
----------  ----------- ---------- ----------- ----- -------
00000000    00000000    00001550   00001550    r-x
  00000000    00000000    0000026c   0000026c    r-- .intvecs
  0000026c    0000026c    00000ff0   00000ff0    r-x .text
  0000125c    0000125c    0000027a   0000027a    r-- .const
  000014d8    000014d8    00000078   00000078    r-- .cinit
20000000    20000000    00000274   00000000    rw-
  20000000    20000000    00000100   00000000    rw- .stack
  20000100    20000100    000000e6   00000000    rw- .bss
  200001e8    200001e8    0000008c   00000000    rw- .data


SECTION ALLOCATION MAP

 output                                  attributes/
section   page    origin      length       input sections
--------  ----  ----------  ----------   ----------------
.intvecs   0    00000000    0000026c     
                  00000000    0000026c     startup_ccs.obj (.intvecs)

.text      0    0000026c    00000ff0     
                  0000026c    0000030c     uartstdio.obj (.text:UARTvprintf)
                  00000578    00000140     dht22.obj (.text:PortEIntHandler)
                  000006b8    0000010c     driverlib.lib : sysctl.obj (.text:SysCtlClockGet)
                  000007c4    000000f8     timers.obj (.text:main)
                  000008bc    000000f0     driverlib.lib : sysctl.obj (.text:SysCtlClockSet)
                  000009ac    000000bc     sensors.obj (.text:change_mode)
                  00000a68    0000009c     rtsv7M4_T_le_v4SPD16_eabi.lib : memcpy_t2.obj (.text)
                  00000b04    0000007a                                   : memset_t2.obj (.text)
                  00000b7e    00000002     startup_ccs.obj (.text:FaultISR)
                  00000b80    00000074     uartstdio.obj (.text:UARTStdioConfig)
                  00000bf4    00000070     timers.obj (.text:WatchdogIntHandler)
                  00000c64    0000006c     rtsv7M4_T_le_v4SPD16_eabi.lib : autoinit.obj (.text)
                  00000cd0    0000006a                                   : copy_decompress_rle.obj (.text)
                  00000d3a    00000002     startup_ccs.obj (.text:IntDefaultHandler)
                  00000d3c    00000064     timers.obj (.text:SysTickIntHandler)
                  00000da0    0000005c     uartstdio.obj (.text:UARTwrite)
                  00000dfc    00000058     timers.obj (.text:ConfigureUART)
                  00000e54    00000058     lcd_nokia5510.obj (.text:nokiaLCDtext)
                  00000eac    00000050     rtsv7M4_T_le_v4SPD16_eabi.lib : boot.obj (.text)
                  00000efc    0000004c     sensors.obj (.text:PortFIntHandler)
                  00000f48    0000004c     lcd_nokia5510.obj (.text:nokiaLCDwrite)
                  00000f94    0000004c     rtsv7M4_T_le_v4SPD16_eabi.lib : cpy_tbl.obj (.text)
                  00000fe0    00000044                                   : exit.obj (.text)
                  00001024    00000040                                   : u_divt2.obj (.text)
                  00001064    0000003a     lcd_nokia5510.obj (.text:lcd_puts_line1)
                  0000109e    00000002     startup_ccs.obj (.text:NmiSR)
                  000010a0    00000030     tiva_ssi.obj (.text:SSI_write)
                  000010d0    0000002a     lcd_nokia5510.obj (.text:nokiaLCDsetXY)
                  000010fa    00000024     uartstdio.obj (.text:UARTprintf)
                  0000111e    00000002     rtsv7M4_T_le_v4SPD16_eabi.lib : i_div0.obj (.text)
                  00001120    0000001c     dht22.obj (.text:Timer0IntHandler)
                  0000113c    00000018     rtsv7M4_T_le_v4SPD16_eabi.lib : args_main.obj (.text)
                  00001154    00000014     driverlib.lib : systick.obj (.text:SysTickEnable)
                  00001168    00000014                   : systick.obj (.text:SysTickIntEnable)
                  0000117c    00000014     rtsv7M4_T_le_v4SPD16_eabi.lib : _lock.obj (.text)
                  00001190    00000010     driverlib.lib : interrupt.obj (.text:IntMasterDisable)
                  000011a0    00000010                   : interrupt.obj (.text:IntMasterEnable)
                  000011b0    00000010                   : systick.obj (.text:SysTickPeriodSet)
                  000011c0    0000000e                   : gpio.obj (.text:GPIOIntStatus)
                  000011ce    0000000e     rtsv7M4_T_le_v4SPD16_eabi.lib : copy_decompress_none.obj (.text:decompress:none)
                  000011dc    0000000c     driverlib.lib : cpu.obj (.text:CPUcpsid)
                  000011e8    0000000c                   : cpu.obj (.text:CPUcpsie)
                  000011f4    0000000c                   : ssi.obj (.text:SSIDataGet)
                  00001200    0000000c     rtsv7M4_T_le_v4SPD16_eabi.lib : copy_zero_init.obj (.text:decompress:ZI)
                  0000120c    0000000c     timers.obj (.text:kick_watchdog)
                  00001218    0000000a     driverlib.lib : ssi.obj (.text:SSIDataPut)
                  00001222    00000008                   : ssi.obj (.text:SSIBusy)
                  0000122a    00000006                   : gpio.obj (.text:GPIOIntClear)
                  00001230    00000006                   : gpio.obj (.text:GPIOPinRead)
                  00001236    00000006                   : gpio.obj (.text:GPIOPinWrite)
                  0000123c    00000006     startup_ccs.obj (.text:ResetISR)
                  00001242    00000006     driverlib.lib : sysctl.obj (.text:SysCtlDelay)
                  00001248    00000006                   : uart.obj (.text:UARTClockSourceSet)
                  0000124e    00000006     rtsv7M4_T_le_v4SPD16_eabi.lib : copy_decompress_rle.obj (.text:decompress:rle24)
                  00001254    00000004     driverlib.lib : timer.obj (.text:TimerIntClear)
                  00001258    00000004     rtsv7M4_T_le_v4SPD16_eabi.lib : pre_init.obj (.text)

.const     0    0000125c    0000027a     
                  0000125c    000001e0     lcd_nokia5510.obj (.const:ASCII)
                  0000143c    0000006c     driverlib.lib : sysctl.obj (.const:g_pui32Xtals)
                  000014a8    0000001c     uartstdio.obj (.const)
                  000014c4    00000012     uartstdio.obj (.const:.string)

.cinit     0    000014d8    00000078     
                  000014d8    00000053     (.cinit..data.load) [load image, compression = rle]
                  0000152b    00000001     --HOLE-- [fill = 0]
                  0000152c    0000000c     (__TI_handler_table)
                  00001538    00000008     (.cinit..bss.load) [load image, compression = zero_init]
                  00001540    00000010     (__TI_cinit_table)

.init_array 
*          0    00000000    00000000     UNINITIALIZED

.stack     0    20000000    00000100     UNINITIALIZED
                  20000000    00000100     --HOLE--

.bss       0    20000100    000000e6     UNINITIALIZED
                  20000100    000000c8     dht22.obj (.bss:receivedBits)
                  200001c8    00000004     (.common:checksum)
                  200001cc    00000004     (.common:dhtBitCount)
                  200001d0    00000004     (.common:g_ui32SysClock)
                  200001d4    00000004     (.common:humidity)
                  200001d8    00000004     (.common:sys_tick_counter)
                  200001dc    00000004     (.common:temperature)
                  200001e0    00000004     (.common:timerACounter)
                  200001e4    00000001     (.common:dhtBit)
                  200001e5    00000001     (.common:operating_mode)

.TI.noinit 
*          0    20000100    00000000     UNINITIALIZED

.data      0    200001e8    0000008c     UNINITIALIZED
                  200001e8    00000064     sensors.obj (.data)
                  2000024c    0000000c     dht22.obj (.data)
                  20000258    00000008     rtsv7M4_T_le_v4SPD16_eabi.lib : _lock.obj (.data)
                  20000260    00000008                                   : exit.obj (.data)
                  20000268    00000005     uartstdio.obj (.data)
                  2000026d    00000003     timers.obj (.data)
                  20000270    00000004     rtsv7M4_T_le_v4SPD16_eabi.lib : stkdepth_vars.obj (.data)

.TI.persistent 
*          0    200001e8    00000000     UNINITIALIZED


LINKER GENERATED COPY TABLES

__TI_cinit_table @ 00001540 records: 2, size/record: 8, table size: 16
	.data: load addr=000014d8, load size=00000053 bytes, run addr=200001e8, run size=0000008c bytes, compression=rle
	.bss: load addr=00001538, load size=00000008 bytes, run addr=20000100, run size=000000e6 bytes, compression=zero_init


LINKER GENERATED HANDLER TABLE

__TI_handler_table @ 0000152c records: 3, size/record: 4, table size: 12
	index: 0, handler: __TI_decompress_rle24
	index: 1, handler: __TI_decompress_none
	index: 2, handler: __TI_zero_init


GLOBAL SYMBOLS: SORTED ALPHABETICALLY BY Name 

address   name                     
-------   ----                     
00000fe1  C$$EXIT                  
000011dd  CPUcpsid                 
000011e9  CPUcpsie                 
00000dfd  ConfigureUART            
0000122b  GPIOIntClear             
000011c1  GPIOIntStatus            
00001231  GPIOPinRead              
00001237  GPIOPinWrite             
00001191  IntMasterDisable         
000011a1  IntMasterEnable          
00000579  PortEIntHandler          
00000efd  PortFIntHandler          
0000123d  ResetISR                 
UNDEFED   SHT$$INIT_ARRAY$$Base    
UNDEFED   SHT$$INIT_ARRAY$$Limit   
00001223  SSIBusy                  
000011f5  SSIDataGet               
00001219  SSIDataPut               
000010a1  SSI_write                
000006b9  SysCtlClockGet           
000008bd  SysCtlClockSet           
00001243  SysCtlDelay              
00001155  SysTickEnable            
00001169  SysTickIntEnable         
00000d3d  SysTickIntHandler        
000011b1  SysTickPeriodSet         
00001121  Timer0IntHandler         
00001255  TimerIntClear            
00001249  UARTClockSourceSet       
00000b81  UARTStdioConfig          
000010fb  UARTprintf               
0000026d  UARTvprintf              
00000da1  UARTwrite                
00000bf5  WatchdogIntHandler       
20000100  __STACK_END              
00000100  __STACK_SIZE             
20000100  __STACK_TOP              
00001540  __TI_CINIT_Base          
00001550  __TI_CINIT_Limit         
0000152c  __TI_Handler_Table_Base  
00001538  __TI_Handler_Table_Limit 
00000c65  __TI_auto_init           
20000260  __TI_cleanup_ptr         
000011cf  __TI_decompress_none     
0000124f  __TI_decompress_rle24    
20000264  __TI_dtors_ptr           
00000000  __TI_static_base__       
00001201  __TI_zero_init           
0000111f  __aeabi_idiv0            
00000b05  __aeabi_memclr           
00000b05  __aeabi_memclr4          
00000b05  __aeabi_memclr8          
00000a69  __aeabi_memcpy           
00000a69  __aeabi_memcpy4          
00000a69  __aeabi_memcpy8          
00000b07  __aeabi_memset           
00000b07  __aeabi_memset4          
00000b07  __aeabi_memset8          
00001025  __aeabi_uidiv            
00001025  __aeabi_uidivmod         
ffffffff  __binit__                
ffffffff  __c_args__               
20000000  __stack                  
0000113d  _args_main               
00000ead  _c_int00                 
20000258  _lock                    
0000118b  _nop                     
00001183  _register_lock           
0000117d  _register_unlock         
00001259  _system_pre_init         
2000025c  _unlock                  
00000fe5  abort                    
ffffffff  binit                    
000009ad  change_mode              
200001c8  checksum                 
00000f95  copy_in                  
200001e4  dhtBit                   
200001cc  dhtBitCount              
20000230  esp8266_data             
00000fed  exit                     
2000026d  g_bFeedWatchdog          
2000026e  g_bWatchdogTimeoutMsgSent
00000000  g_pfnVectors             
200001d0  g_ui32SysClock           
200001d4  humidity                 
0000120d  kick_watchdog            
00001065  lcd_puts_line1           
000007c5  main                     
20000270  main_func_sp             
00000a69  memcpy                   
00000b0d  memset                   
000010d1  nokiaLCDsetXY            
00000e55  nokiaLCDtext             
00000f49  nokiaLCDwrite            
200001e5  operating_mode           
20000100  receivedBits             
200001d8  sys_tick_counter         
200001dc  temperature              
20000224  threshold_co2            
2000020c  threshold_humidity       
20000218  threshold_temperature    
200001e0  timerACounter            


GLOBAL SYMBOLS: SORTED BY Symbol Address 

address   name                     
-------   ----                     
00000000  __TI_static_base__       
00000000  g_pfnVectors             
00000100  __STACK_SIZE             
0000026d  UARTvprintf              
00000579  PortEIntHandler          
000006b9  SysCtlClockGet           
000007c5  main                     
000008bd  SysCtlClockSet           
000009ad  change_mode              
00000a69  __aeabi_memcpy           
00000a69  __aeabi_memcpy4          
00000a69  __aeabi_memcpy8          
00000a69  memcpy                   
00000b05  __aeabi_memclr           
00000b05  __aeabi_memclr4          
00000b05  __aeabi_memclr8          
00000b07  __aeabi_memset           
00000b07  __aeabi_memset4          
00000b07  __aeabi_memset8          
00000b0d  memset                   
00000b81  UARTStdioConfig          
00000bf5  WatchdogIntHandler       
00000c65  __TI_auto_init           
00000d3d  SysTickIntHandler        
00000da1  UARTwrite                
00000dfd  ConfigureUART            
00000e55  nokiaLCDtext             
00000ead  _c_int00                 
00000efd  PortFIntHandler          
00000f49  nokiaLCDwrite            
00000f95  copy_in                  
00000fe1  C$$EXIT                  
00000fe5  abort                    
00000fed  exit                     
00001025  __aeabi_uidiv            
00001025  __aeabi_uidivmod         
00001065  lcd_puts_line1           
000010a1  SSI_write                
000010d1  nokiaLCDsetXY            
000010fb  UARTprintf               
0000111f  __aeabi_idiv0            
00001121  Timer0IntHandler         
0000113d  _args_main               
00001155  SysTickEnable            
00001169  SysTickIntEnable         
0000117d  _register_unlock         
00001183  _register_lock           
0000118b  _nop                     
00001191  IntMasterDisable         
000011a1  IntMasterEnable          
000011b1  SysTickPeriodSet         
000011c1  GPIOIntStatus            
000011cf  __TI_decompress_none     
000011dd  CPUcpsid                 
000011e9  CPUcpsie                 
000011f5  SSIDataGet               
00001201  __TI_zero_init           
0000120d  kick_watchdog            
00001219  SSIDataPut               
00001223  SSIBusy                  
0000122b  GPIOIntClear             
00001231  GPIOPinRead              
00001237  GPIOPinWrite             
0000123d  ResetISR                 
00001243  SysCtlDelay              
00001249  UARTClockSourceSet       
0000124f  __TI_decompress_rle24    
00001255  TimerIntClear            
00001259  _system_pre_init         
0000152c  __TI_Handler_Table_Base  
00001538  __TI_Handler_Table_Limit 
00001540  __TI_CINIT_Base          
00001550  __TI_CINIT_Limit         
20000000  __stack                  
20000100  __STACK_END              
20000100  __STACK_TOP              
20000100  receivedBits             
200001c8  checksum                 
200001cc  dhtBitCount              
200001d0  g_ui32SysClock           
200001d4  humidity                 
200001d8  sys_tick_counter         
200001dc  temperature              
200001e0  timerACounter            
200001e4  dhtBit                   
200001e5  operating_mode           
2000020c  threshold_humidity       
20000218  threshold_temperature    
20000224  threshold_co2            
20000230  esp8266_data             
20000258  _lock                    
2000025c  _unlock                  
20000260  __TI_cleanup_ptr         
20000264  __TI_dtors_ptr           
2000026d  g_bFeedWatchdog          
2000026e  g_bWatchdogTimeoutMsgSent
20000270  main_func_sp             
ffffffff  __binit__                
ffffffff  __c_args__               
ffffffff  binit                    
UNDEFED   SHT$$INIT_ARRAY$$Base    
UNDEFED   SHT$$INIT_ARRAY$$Limit   

[102 symbols]
