******************************************************************************
                  TI ARM Linker PC v5.2.6                      
******************************************************************************
>> Linked Thu Apr 28 12:50:05 2016

OUTPUT FILE NAME:   <TivaControlBoard.out>
ENTRY POINT SYMBOL: "_c_int00"  address: 00002e55


MEMORY CONFIGURATION

         name            origin    length      used     unused   attr    fill
----------------------  --------  ---------  --------  --------  ----  --------
  FLASH                 00000000   00040000  000046a0  0003b960  R  X
  SRAM                  20000000   00008000  00000efa  00007106  RW X


SEGMENT ALLOCATION MAP

run origin  load origin   length   init length attrs members
----------  ----------- ---------- ----------- ----- -------
00000000    00000000    000046a8   000046a8    r-x
  00000000    00000000    0000026c   0000026c    r-- .intvecs
  0000026c    0000026c    00003bea   00003bea    r-x .text
  00003e58    00003e58    00000752   00000752    r-- .const
  000045b0    000045b0    000000f8   000000f8    r-- .cinit
20000000    20000000    00000efc   00000000    rw-
  20000000    20000000    0000026c   00000000    rw- .vtable
  2000026c    2000026c    00000800   00000000    rw- .stack
  20000a6c    20000a6c    0000035a   00000000    rw- .bss
  20000dc8    20000dc8    00000134   00000000    rw- .data


SECTION ALLOCATION MAP

 output                                  attributes/
section   page    origin      length       input sections
--------  ----  ----------  ----------   ----------------
.intvecs   0    00000000    0000026c     
                  00000000    0000026c     startup_ccs.obj (.intvecs)

.text      0    0000026c    00003bea     
                  0000026c    0000032f     esp8266.obj (.text:send_esp8266)
                  0000059b    00000001     --HOLE-- [fill = 0]
                  0000059c    0000030c     uartstdio.obj (.text:UARTvprintf)
                  000008a8    000002d4     rtsv7M4_T_le_v4SPD16_eabi.lib : trgdrv.obj (.text)
                  00000b7c    000002a8                                   : mktime.obj (.text)
                  00000e24    00000184     rtc.obj (.text:getSecsSinceEpoch)
                  00000fa8    00000150     dht22.obj (.text:PortEIntHandler)
                  000010f8    00000134     timers.obj (.text:main)
                  0000122c    00000132     driverlib.lib : gpio.obj (.text:GPIOPadConfigSet)
                  0000135e    00000002     startup_ccs.obj (.text:FaultISR)
                  00001360    0000012c     esp8266.obj (.text:esp8266_executeTalkBack)
                  0000148c    00000110     driverlib.lib : sysctl.obj (.text:SysCtlClockGet)
                  0000159c    0000010e     rtc.obj (.text:timeGMTParse)
                  000016aa    00000002     startup_ccs.obj (.text:IntDefaultHandler)
                  000016ac    00000100     esp8266.obj (.text:esp8266_sendAndReturnResponse)
                  000017ac    000000f4     driverlib.lib : sysctl.obj (.text:SysCtlClockSet)
                  000018a0    000000f4     esp8266.obj (.text:esp8266_send)
                  00001994    000000e8     esp8266.obj (.text:esp8266_getTime)
                  00001a7c    000000e0     lcd_nokia5510.obj (.text:nokiaLCDinit)
                  00001b5c    000000d0     sensors.obj (.text:check_sensor1)
                  00001c2c    000000c8     rtc.obj (.text:compare_rtc)
                  00001cf4    000000bc     sensors.obj (.text:change_mode)
                  00001db0    000000b0     sensors.obj (.text:check_fan_timer)
                  00001e60    000000a8     esp8266.obj (.text:init_esp8266)
                  00001f08    000000a8     ds1820.obj (.text:read_scratchpad)
                  00001fb0    000000a0     co2sensor.obj (.text:get_co2level)
                  00002050    0000009e     esp8266.obj (.text:parseIPD)
                  000020ee    0000009c     rtsv7M4_T_le_v4SPD16_eabi.lib : memcpy_t2.obj (.text)
                  0000218a    00000094     utils.obj (.text:uitoa)
                  0000221e    00000002     startup_ccs.obj (.text:NmiSR)
                  00002220    00000090     tiva_ssi.obj (.text:SSI_init)
                  000022b0    0000008c     dht22.obj (.text:init_dht22)
                  0000233c    00000088     rtc.obj (.text:init_limits_rtc)
                  000023c4    00000080     utils.obj (.text:atoui)
                  00002444    00000080     timers.obj (.text:check_sensors)
                  000024c4    0000007c     sensors.obj (.text:check_sensor5)
                  00002540    0000007c     rtc.obj (.text:getRtc)
                  000025bc    0000007a     rtsv7M4_T_le_v4SPD16_eabi.lib : memset_t2.obj (.text)
                  00002636    00000002                                   : i_div0.obj (.text)
                  00002638    00000078     sensors.obj (.text:init_sensors)
                  000026b0    00000078     ds1820.obj (.text:read_ds1820)
                  00002728    00000074     uartstdio.obj (.text:UARTStdioConfig)
                  0000279c    00000070     dht22.obj (.text:startDHT)
                  0000280c    0000006e     esp8266.obj (.text:esp8266_reset)
                  0000287a    00000002     --HOLE-- [fill = 0]
                  0000287c    0000006c     rtsv7M4_T_le_v4SPD16_eabi.lib : autoinit.obj (.text)
                  000028e8    0000006a                                   : copy_decompress_rle.obj (.text)
                  00002952    00000002     --HOLE-- [fill = 0]
                  00002954    00000068     driverlib.lib : interrupt.obj (.text:IntEnable)
                  000029bc    00000068     sensors.obj (.text:check_sensor2)
                  00002a24    00000068     lcd_nokia5510.obj (.text:lcd_puts)
                  00002a8c    00000068     rtsv7M4_T_le_v4SPD16_eabi.lib : trgmsg.obj (.text)
                  00002af4    00000060     driverlib.lib : timer.obj (.text:TimerConfigure)
                  00002b54    0000005c     uartstdio.obj (.text:UARTwrite)
                  00002bb0    00000058     utils.obj (.text:ConfigureUART0)
                  00002c08    00000058     lcd_nokia5510.obj (.text:nokiaLCDtext)
                  00002c60    00000058     ds1820.obj (.text:writeslot)
                  00002cb8    00000056     driverlib.lib : gpio.obj (.text:GPIOIntTypeSet)
                  00002d0e    00000052     ds1820.obj (.text:reset_ds1820)
                  00002d60    00000051     timers.obj (.text:init_system)
                  00002db1    00000003     --HOLE-- [fill = 0]
                  00002db4    00000050     driverlib.lib : sysctl.obj (.text:SysCtlPeripheralReset)
                  00002e04    00000050     co2sensor.obj (.text:init_co2sensor)
                  00002e54    00000050     rtsv7M4_T_le_v4SPD16_eabi.lib : boot.obj (.text)
                  00002ea4    0000004e     ds1820.obj (.text:readslot)
                  00002ef2    00000002     --HOLE-- [fill = 0]
                  00002ef4    0000004c     sensors.obj (.text:PortFIntHandler)
                  00002f40    0000004c     lcd_nokia5510.obj (.text:nokiaLCDwrite)
                  00002f8c    0000004c     rtsv7M4_T_le_v4SPD16_eabi.lib : atoi.obj (.text)
                  00002fd8    0000004c                                   : cpy_tbl.obj (.text)
                  00003024    0000004c                                   : localtim.obj (.text)
                  00003070    0000004c                                   : rand.obj (.text)
                  000030bc    00000048     driverlib.lib : gpio.obj (.text:GPIOPinConfigure)
                  00003104    00000048                   : hibernate.obj (.text:HibernateClockConfig)
                  0000314c    00000048     sensors.obj (.text:check_sensor3)
                  00003194    00000048     sensors.obj (.text:check_sensor4)
                  000031dc    00000048     sensors.obj (.text:update_thingspeak)
                  00003224    00000046     driverlib.lib : uart.obj (.text:UARTConfigSetExpClk)
                  0000326a    00000046     ds1820.obj (.text:write_ds1820)
                  000032b0    00000044     rtsv7M4_T_le_v4SPD16_eabi.lib : exit.obj (.text)
                  000032f4    00000040     driverlib.lib : gpio.obj (.text:_GPIOIntNumberGet)
                  00003334    00000040     lcd_nokia5510.obj (.text:nokiaLCDclear)
                  00003374    00000040     utils.obj (.text:power)
                  000033b4    00000040     dht22.obj (.text:read_dht22)
                  000033f4    00000040     rtsv7M4_T_le_v4SPD16_eabi.lib : strtok.obj (.text)
                  00003434    00000040                                   : u_divt2.obj (.text)
                  00003474    0000003c     driverlib.lib : ssi.obj (.text:SSIConfigSetExpClk)
                  000034b0    0000003c     timers.obj (.text:WatchdogIntHandler)
                  000034ec    00000038     timers.obj (.text:SysTickIntHandler)
                  00003524    00000038     rtc.obj (.text:init_RTC)
                  0000355c    00000038     actuators.obj (.text:init_actuators)
                  00003594    00000038     ds1820.obj (.text:set_line)
                  000035cc    00000036     rtc.obj (.text:updateTime)
                  00003602    00000002     --HOLE-- [fill = 0]
                  00003604    00000034     driverlib.lib : interrupt.obj (.text:IntRegister)
                  00003638    00000034                   : sysctl.obj (.text:SysCtlPeripheralEnable)
                  0000366c    00000034     dht22.obj (.text:dht22_readhumidity)
                  000036a0    00000034     dht22.obj (.text:dht22_readtemp)
                  000036d4    00000034     rtsv7M4_T_le_v4SPD16_eabi.lib : strstr.obj (.text)
                  00003708    00000034     esp8266.obj (.text:uart_send)
                  0000373c    00000034     sensors.obj (.text:update_lcd)
                  00003770    00000030     tiva_ssi.obj (.text:SSI_write)
                  000037a0    00000030     sensors.obj (.text:check_rtcTimer)
                  000037d0    00000030     dht22.obj (.text:setDHTinput)
                  00003800    0000002e     timers.obj (.text:delay_us)
                  0000382e    00000002     --HOLE-- [fill = 0]
                  00003830    0000002c     driverlib.lib : hibernate.obj (.text:HibernateRTCSet)
                  0000385c    0000002a                   : gpio.obj (.text:GPIODirModeSet)
                  00003886    0000002a     rtc.obj (.text:isTimeToActuate)
                  000038b0    0000002a     lcd_nokia5510.obj (.text:nokiaLCDsetXY)
                  000038da    0000002a     rtsv7M4_T_le_v4SPD16_eabi.lib : strspn.obj (.text)
                  00003904    00000028     rtc.obj (.text:getMonthFromStr)
                  0000392c    00000028     rtsv7M4_T_le_v4SPD16_eabi.lib : strncat.obj (.text)
                  00003954    00000028     esp8266.obj (.text:setResetPinState)
                  0000397c    00000028     actuators.obj (.text:set_actuator1)
                  000039a4    00000028     actuators.obj (.text:set_actuator2)
                  000039cc    00000026     rtsv7M4_T_le_v4SPD16_eabi.lib : strncmp.obj (.text)
                  000039f2    00000024     utils.obj (.text:LOGprintf)
                  00003a16    00000024     rtsv7M4_T_le_v4SPD16_eabi.lib : strcspn.obj (.text)
                  00003a3a    00000002     --HOLE-- [fill = 0]
                  00003a3c    00000024     esp8266.obj (.text:setESP8266ResetPin)
                  00003a60    00000022     rtc.obj (.text:init_limit)
                  00003a82    00000022     lcd_nokia5510.obj (.text:validate_char)
                  00003aa4    00000020     driverlib.lib : uart.obj (.text:UARTDisable)
                  00003ac4    0000001e     rtsv7M4_T_le_v4SPD16_eabi.lib : strcat.obj (.text)
                  00003ae2    00000002     --HOLE-- [fill = 0]
                  00003ae4    0000001c     dht22.obj (.text:Timer0IntHandler)
                  00003b00    0000001c     ds1820.obj (.text:get_line)
                  00003b1c    0000001c     ds1820.obj (.text:set_mode_input)
                  00003b38    0000001c     ds1820.obj (.text:set_mode_output)
                  00003b54    00000018     driverlib.lib : gpio.obj (.text:GPIOIntRegister)
                  00003b6c    00000018                   : gpio.obj (.text:GPIOPinTypeGPIOOutput)
                  00003b84    00000018     ds1820.obj (.text:read_ds1820_1)
                  00003b9c    00000018     ds1820.obj (.text:read_ds1820_2)
                  00003bb4    00000018     rtsv7M4_T_le_v4SPD16_eabi.lib : args_main.obj (.text)
                  00003bcc    00000014     driverlib.lib : hibernate.obj (.text:HibernateEnableExpClk)
                  00003be0    00000014                   : hibernate.obj (.text:HibernateRTCEnable)
                  00003bf4    00000014                   : systick.obj (.text:SysTickEnable)
                  00003c08    00000014                   : systick.obj (.text:SysTickIntEnable)
                  00003c1c    00000014                   : uart.obj (.text:UARTEnable)
                  00003c30    00000014     rtsv7M4_T_le_v4SPD16_eabi.lib : _lock.obj (.text)
                  00003c44    00000014                                   : strcpy.obj (.text)
                  00003c58    00000014                                   : strlen.obj (.text)
                  00003c6c    00000012     driverlib.lib : gpio.obj (.text:GPIOPinTypeGPIOInput)
                  00003c7e    00000012                   : gpio.obj (.text:GPIOPinTypeSSI)
                  00003c90    00000012                   : gpio.obj (.text:GPIOPinTypeUART)
                  00003ca2    00000012                   : ssi.obj (.text:SSIDataGetNonBlocking)
                  00003cb4    00000012                   : timer.obj (.text:TimerLoadSet)
                  00003cc6    00000010                   : interrupt.obj (.text:IntMasterDisable)
                  00003cd6    00000010                   : interrupt.obj (.text:IntMasterEnable)
                  00003ce6    00000002     --HOLE-- [fill = 0]
                  00003ce8    00000010                   : systick.obj (.text:SysTickPeriodSet)
                  00003cf8    00000010                   : hibernate.obj (.text:_HibernateWriteComplete)
                  00003d08    00000010     ds1820.obj (.text:init_ds1820)
                  00003d18    00000010     rtsv7M4_T_le_v4SPD16_eabi.lib : isdigit.obj (.text)
                  00003d28    0000000e     driverlib.lib : gpio.obj (.text:GPIOIntStatus)
                  00003d36    0000000e                   : timer.obj (.text:TimerEnable)
                  00003d44    0000000e                   : uart.obj (.text:UARTCharGetNonBlocking)
                  00003d52    0000000e                   : uart.obj (.text:UARTCharsAvail)
                  00003d60    0000000e     rtsv7M4_T_le_v4SPD16_eabi.lib : copy_decompress_none.obj (.text:decompress:none)
                  00003d6e    0000000e                                   : time.obj (.text)
                  00003d7c    0000000c     driverlib.lib : cpu.obj (.text:CPUcpsid)
                  00003d88    0000000c                   : cpu.obj (.text:CPUcpsie)
                  00003d94    0000000c                   : gpio.obj (.text:GPIOIntEnable)
                  00003da0    0000000c                   : hibernate.obj (.text:HibernateRTCGet)
                  00003dac    0000000c                   : ssi.obj (.text:SSIDataGet)
                  00003db8    0000000c     rtsv7M4_T_le_v4SPD16_eabi.lib : copy_zero_init.obj (.text:decompress:ZI)
                  00003dc4    0000000c     dht22.obj (.text:getTimer0ChAvalue)
                  00003dd0    0000000c     timers.obj (.text:kick_watchdog)
                  00003ddc    0000000a     driverlib.lib : ssi.obj (.text:SSIDataPut)
                  00003de6    0000000a                   : ssi.obj (.text:SSIDisable)
                  00003df0    0000000a                   : ssi.obj (.text:SSIEnable)
                  00003dfa    0000000a                   : uart.obj (.text:UARTCharGet)
                  00003e04    0000000a                   : uart.obj (.text:UARTCharPut)
                  00003e0e    00000008                   : ssi.obj (.text:SSIBusy)
                  00003e16    00000008                   : timer.obj (.text:TimerIntEnable)
                  00003e1e    00000006                   : gpio.obj (.text:GPIOIntClear)
                  00003e24    00000006                   : gpio.obj (.text:GPIOPinRead)
                  00003e2a    00000006                   : gpio.obj (.text:GPIOPinWrite)
                  00003e30    00000006     startup_ccs.obj (.text:ResetISR)
                  00003e36    00000006     driverlib.lib : ssi.obj (.text:SSIClockSourceSet)
                  00003e3c    00000006                   : sysctl.obj (.text:SysCtlDelay)
                  00003e42    00000006                   : uart.obj (.text:UARTClockSourceSet)
                  00003e48    00000006     rtsv7M4_T_le_v4SPD16_eabi.lib : copy_decompress_rle.obj (.text:decompress:rle24)
                  00003e4e    00000004     driverlib.lib : timer.obj (.text:TimerIntClear)
                  00003e52    00000004     rtsv7M4_T_le_v4SPD16_eabi.lib : pre_init.obj (.text)

.const     0    00003e58    00000752     
                  00003e58    000001e0     lcd_nokia5510.obj (.const:ASCII)
                  00004038    00000101     rtsv7M4_T_le_v4SPD16_eabi.lib : ctype.obj (.const:.string:_ctypes_)
                  00004139    00000003     --HOLE-- [fill = 0]
                  0000413c    000000c0     driverlib.lib : gpio.obj (.const:g_ppui32GPIOIntMapBlizzard)
                  000041fc    000000c0                   : gpio.obj (.const:g_ppui32GPIOIntMapSnowflake)
                  000042bc    00000090                   : gpio.obj (.const:g_pui32GPIOBaseAddrs)
                  0000434c    00000070                   : interrupt.obj (.const)
                  000043bc    0000006c                   : sysctl.obj (.const:g_pui32Xtals)
                  00004428    00000060     rtc.obj (.const:_ytab)
                  00004488    00000060     rtsv7M4_T_le_v4SPD16_eabi.lib : mktime.obj (.const)
                  000044e8    0000003d     esp8266.obj (.const:.string)
                  00004525    00000003     --HOLE-- [fill = 0]
                  00004528    00000030     rtc.obj (.const:.string)
                  00004558    00000022     esp8266.obj (.const:.string:$P$T2$5)
                  0000457a    00000002     --HOLE-- [fill = 0]
                  0000457c    0000001c     uartstdio.obj (.const)
                  00004598    00000012     uartstdio.obj (.const:.string)

.cinit     0    000045b0    000000f8     
                  000045b0    000000c4     (.cinit..data.load) [load image, compression = rle]
                  00004674    0000000c     (__TI_handler_table)
                  00004680    00000008     (.cinit..bss.load) [load image, compression = zero_init]
                  00004688    00000008     (.cinit..vtable.load) [load image, compression = zero_init]
                  00004690    00000018     (__TI_cinit_table)

.init_array 
*          0    00000000    00000000     UNINITIALIZED

.vtable    0    20000000    0000026c     UNINITIALIZED
                  20000000    0000026c     driverlib.lib : interrupt.obj (.vtable)

.stack     0    2000026c    00000800     UNINITIALIZED
                  2000026c    00000800     --HOLE--

.bss       0    20000a6c    0000035a     UNINITIALIZED
                  20000a6c    00000120     rtsv7M4_T_le_v4SPD16_eabi.lib : trgmsg.obj (.bss:__CIOBUF_)
                  20000b8c    000000c8     dht22.obj (.bss:receivedBits)
                  20000c54    00000090     rtc.obj (.bss:rtcLimitStart)
                  20000ce4    00000090     rtc.obj (.bss:rtcLimitStop)
                  20000d74    00000024     rtc.obj (.bss:rtcCurrent)
                  20000d98    00000008     (.common:parmbuf)
                  20000da0    00000004     (.common:checksum)
                  20000da4    00000004     (.common:dhtBitCount)
                  20000da8    00000004     (.common:g_ui32SecondsCounter)
                  20000dac    00000004     (.common:g_ui32SysTickCounter)
                  20000db0    00000004     (.common:humidity)
                  20000db4    00000004     (.common:temperature)
                  20000db8    00000004     (.common:timerACounter)
                  20000dbc    00000002     (.common:temp_ds1820)
                  20000dbe    00000001     (.common:dhtBit)
                  20000dbf    00000001     (.common:ds1820_data_bit)
                  20000dc0    00000001     (.common:dummy$1)
                  20000dc1    00000001     (.common:dummy$2)
                  20000dc2    00000001     (.common:fanControlledByTimer)
                  20000dc3    00000001     (.common:operating_mode)
                  20000dc4    00000001     (.common:readDHT)
                  20000dc5    00000001     (.common:waterControlledByTimer)

.TI.noinit 
*          0    20000a6c    00000000     UNINITIALIZED

.data      0    20000dc8    00000134     UNINITIALIZED
                  20000dc8    00000079     sensors.obj (.data)
                  20000e41    00000003     --HOLE--
                  20000e44    00000030     rtc.obj (.data:months$1)
                  20000e74    00000024     rtsv7M4_T_le_v4SPD16_eabi.lib : localtim.obj (.data:local_tm)
                  20000e98    00000014     rtc.obj (.data)
                  20000eac    00000010     rtsv7M4_T_le_v4SPD16_eabi.lib : tmzone.obj (.data)
                  20000ebc    00000010     timers.obj (.data)
                  20000ecc    0000000c     dht22.obj (.data)
                  20000ed8    00000008     rtsv7M4_T_le_v4SPD16_eabi.lib : _lock.obj (.data)
                  20000ee0    00000008                                   : exit.obj (.data)
                  20000ee8    00000005     uartstdio.obj (.data)
                  20000eed    00000003     --HOLE--
                  20000ef0    00000004     rtsv7M4_T_le_v4SPD16_eabi.lib : rand.obj (.data)
                  20000ef4    00000004                                   : stkdepth_vars.obj (.data)
                  20000ef8    00000004                                   : strtok.obj (.data)

.TI.persistent 
*          0    20000dc8    00000000     UNINITIALIZED


LINKER GENERATED COPY TABLES

__TI_cinit_table @ 00004690 records: 3, size/record: 8, table size: 24
	.data: load addr=000045b0, load size=000000c4 bytes, run addr=20000dc8, run size=00000134 bytes, compression=rle
	.bss: load addr=00004680, load size=00000008 bytes, run addr=20000a6c, run size=0000035a bytes, compression=zero_init
	.vtable: load addr=00004688, load size=00000008 bytes, run addr=20000000, run size=0000026c bytes, compression=zero_init


LINKER GENERATED HANDLER TABLE

__TI_handler_table @ 00004674 records: 3, size/record: 4, table size: 12
	index: 0, handler: __TI_zero_init
	index: 1, handler: __TI_decompress_rle24
	index: 2, handler: __TI_decompress_none


GLOBAL SYMBOLS: SORTED ALPHABETICALLY BY Name 

address   name                         
-------   ----                         
000032b1  C$$EXIT                      
00002abb  C$$IO$$                      
00003d7d  CPUcpsid                     
00003d89  CPUcpsie                     
00002bb1  ConfigureUART0               
0000385d  GPIODirModeSet               
00003e1f  GPIOIntClear                 
00003d95  GPIOIntEnable                
00003b55  GPIOIntRegister              
00003d29  GPIOIntStatus                
00002cb9  GPIOIntTypeSet               
0000122d  GPIOPadConfigSet             
000030bd  GPIOPinConfigure             
00003e25  GPIOPinRead                  
00003c6d  GPIOPinTypeGPIOInput         
00003b6d  GPIOPinTypeGPIOOutput        
00003c7f  GPIOPinTypeSSI               
00003c91  GPIOPinTypeUART              
00003e2b  GPIOPinWrite                 
00000b35  HOSTclock                    
00000afd  HOSTclose                    
00000abf  HOSTgetenv                   
00000a63  HOSTlseek                    
00000a11  HOSTopen                     
000009c5  HOSTread                     
00000967  HOSTrename                   
0000092d  HOSTtime                     
000008f5  HOSTunlink                   
000008a9  HOSTwrite                    
00003105  HibernateClockConfig         
00003bcd  HibernateEnableExpClk        
00003be1  HibernateRTCEnable           
00003da1  HibernateRTCGet              
00003831  HibernateRTCSet              
00002955  IntEnable                    
00003cc7  IntMasterDisable             
00003cd7  IntMasterEnable              
00003605  IntRegister                  
000039f3  LOGprintf                    
00000fa9  PortEIntHandler              
00002ef5  PortFIntHandler              
00003e31  ResetISR                     
UNDEFED   SHT$$INIT_ARRAY$$Base        
UNDEFED   SHT$$INIT_ARRAY$$Limit       
00003e0f  SSIBusy                      
00003e37  SSIClockSourceSet            
00003475  SSIConfigSetExpClk           
00003dad  SSIDataGet                   
00003ca3  SSIDataGetNonBlocking        
00003ddd  SSIDataPut                   
00003de7  SSIDisable                   
00003df1  SSIEnable                    
00002221  SSI_init                     
00003771  SSI_write                    
0000148d  SysCtlClockGet               
000017ad  SysCtlClockSet               
00003e3d  SysCtlDelay                  
00003639  SysCtlPeripheralEnable       
00002db5  SysCtlPeripheralReset        
00003bf5  SysTickEnable                
00003c09  SysTickIntEnable             
000034ed  SysTickIntHandler            
00003ce9  SysTickPeriodSet             
00003ae5  Timer0IntHandler             
00002af5  TimerConfigure               
00003d37  TimerEnable                  
00003e4f  TimerIntClear                
00003e17  TimerIntEnable               
00003cb5  TimerLoadSet                 
00003dfb  UARTCharGet                  
00003d45  UARTCharGetNonBlocking       
00003e05  UARTCharPut                  
00003d53  UARTCharsAvail               
00003e43  UARTClockSourceSet           
00003225  UARTConfigSetExpClk          
00003aa5  UARTDisable                  
00003c1d  UARTEnable                   
00002729  UARTStdioConfig              
0000059d  UARTvprintf                  
00002b55  UARTwrite                    
000034b1  WatchdogIntHandler           
20000a6c  __CIOBUF_                    
20000a6c  __STACK_END                  
00000800  __STACK_SIZE                 
2000036c  __STACK_TOP                  
00004690  __TI_CINIT_Base              
000046a8  __TI_CINIT_Limit             
00004674  __TI_Handler_Table_Base      
00004680  __TI_Handler_Table_Limit     
0000287d  __TI_auto_init               
20000ee0  __TI_cleanup_ptr             
00003d61  __TI_decompress_none         
00003e49  __TI_decompress_rle24        
20000ee4  __TI_dtors_ptr               
00002abf  __TI_readmsg                 
00000000  __TI_static_base__           
00002a8d  __TI_writemsg                
00003db9  __TI_zero_init               
00002637  __aeabi_idiv0                
000025bd  __aeabi_memclr               
000025bd  __aeabi_memclr4              
000025bd  __aeabi_memclr8              
000020ef  __aeabi_memcpy               
000020ef  __aeabi_memcpy4              
000020ef  __aeabi_memcpy8              
000025bf  __aeabi_memset               
000025bf  __aeabi_memset4              
000025bf  __aeabi_memset8              
00003435  __aeabi_uidiv                
00003435  __aeabi_uidivmod             
ffffffff  __binit__                    
ffffffff  __c_args__                   
2000026c  __stack                      
00003bb5  _args_main                   
00002e55  _c_int00                     
00004038  _ctypes_                     
20000ed8  _lock                        
00003c3f  _nop                         
00003c37  _register_lock               
00003c31  _register_unlock             
00003e53  _system_pre_init             
20000eac  _tz                          
20000edc  _unlock                      
00004428  _ytab                        
000032b5  abort                        
00002f8d  atoi                         
000023c5  atoui                        
ffffffff  binit                        
00001cf5  change_mode                  
00001db1  check_fan_timer              
000037a1  check_rtcTimer               
00001b5d  check_sensor1                
000029bd  check_sensor2                
0000314d  check_sensor3                
00003195  check_sensor4                
000024c5  check_sensor5                
00002445  check_sensors                
20000da0  checksum                     
00001c2d  compare_rtc                  
00002fd9  copy_in                      
00003801  delay_us                     
0000366d  dht22_readhumidity           
000036a1  dht22_readtemp               
20000dbe  dhtBit                       
20000da4  dhtBitCount                  
20000dbf  ds1820_data_bit              
20000e1c  esp8266_data                 
00001361  esp8266_executeTalkBack      
00001995  esp8266_getTime              
0000280d  esp8266_reset                
000018a1  esp8266_send                 
000016ad  esp8266_sendAndReturnResponse
000032bd  exit                         
20000dc2  fanControlledByTimer         
20000ebc  g_bFeedWatchdog              
20000ebd  g_bWatchdogTimeoutMsgSent    
20000000  g_pfnRAMVectors              
00000000  g_pfnVectors                 
20000da8  g_ui32SecondsCounter         
20000dac  g_ui32SysTickCounter         
00003905  getMonthFromStr              
00002541  getRtc                       
00000e25  getSecsSinceEpoch            
00003dc5  getTimer0ChAvalue            
00001fb1  get_co2level                 
00003b01  get_line                     
20000db0  humidity                     
00003525  init_RTC                     
0000355d  init_actuators               
00002e05  init_co2sensor               
000022b1  init_dht22                   
00003d09  init_ds1820                  
00001e61  init_esp8266                 
00003a61  init_limit                   
0000233d  init_limits_rtc              
00002639  init_sensors                 
00002d61  init_system                  
00003887  isTimeToActuate              
00003d19  isdigit                      
00003dd1  kick_watchdog                
00002a25  lcd_puts                     
00003025  localtime                    
000010f9  main                         
20000ef4  main_func_sp                 
000020ef  memcpy                       
000025c5  memset                       
00000b7d  mktime                       
00003335  nokiaLCDclear                
00001a7d  nokiaLCDinit                 
000038b1  nokiaLCDsetXY                
00002c09  nokiaLCDtext                 
00002f41  nokiaLCDwrite                
20000dc3  operating_mode               
00002051  parseIPD                     
00003375  power                        
00003087  rand                         
20000dc4  readDHT                      
000033b5  read_dht22                   
000026b1  read_ds1820                  
00003b85  read_ds1820_1                
00003b9d  read_ds1820_2                
00001f09  read_scratchpad              
00002ea5  readslot                     
20000b8c  receivedBits                 
00002d0f  reset_ds1820                 
20000d74  rtcCurrent                   
20000e98  rtcLimitHourStart            
20000e9c  rtcLimitHourStop             
20000ea0  rtcLimitMinuteStart          
20000ea4  rtcLimitMinuteStop           
20000c54  rtcLimitStart                
20000ce4  rtcLimitStop                 
0000026d  send_esp8266                 
000037d1  setDHTinput                  
00003a3d  setESP8266ResetPin           
00003955  setResetPinState             
0000397d  set_actuator1                
000039a5  set_actuator2                
00003595  set_line                     
00003b1d  set_mode_input               
00003b39  set_mode_output              
00003071  srand                        
0000279d  startDHT                     
00003ac5  strcat                       
00003c45  strcpy                       
00003a17  strcspn                      
00003c59  strlen                       
0000392d  strncat                      
000039cd  strncmp                      
000038db  strspn                       
000036d5  strstr                       
000033f5  strtok                       
20000dbc  temp_ds1820                  
20000db4  temperature                  
20000e10  threshold_co2                
20000df8  threshold_humidity           
20000e04  threshold_temperature        
00003d6f  time                         
0000159d  timeGMTParse                 
20000db8  timerACounter                
00003709  uart_send                    
0000218b  uitoa                        
000035cd  updateTime                   
0000373d  update_lcd                   
000031dd  update_thingspeak            
00003a83  validate_char                
20000dc5  waterControlledByTimer       
0000326b  write_ds1820                 
00002c61  writeslot                    


GLOBAL SYMBOLS: SORTED BY Symbol Address 

address   name                         
-------   ----                         
00000000  __TI_static_base__           
00000000  g_pfnVectors                 
0000026d  send_esp8266                 
0000059d  UARTvprintf                  
00000800  __STACK_SIZE                 
000008a9  HOSTwrite                    
000008f5  HOSTunlink                   
0000092d  HOSTtime                     
00000967  HOSTrename                   
000009c5  HOSTread                     
00000a11  HOSTopen                     
00000a63  HOSTlseek                    
00000abf  HOSTgetenv                   
00000afd  HOSTclose                    
00000b35  HOSTclock                    
00000b7d  mktime                       
00000e25  getSecsSinceEpoch            
00000fa9  PortEIntHandler              
000010f9  main                         
0000122d  GPIOPadConfigSet             
00001361  esp8266_executeTalkBack      
0000148d  SysCtlClockGet               
0000159d  timeGMTParse                 
000016ad  esp8266_sendAndReturnResponse
000017ad  SysCtlClockSet               
000018a1  esp8266_send                 
00001995  esp8266_getTime              
00001a7d  nokiaLCDinit                 
00001b5d  check_sensor1                
00001c2d  compare_rtc                  
00001cf5  change_mode                  
00001db1  check_fan_timer              
00001e61  init_esp8266                 
00001f09  read_scratchpad              
00001fb1  get_co2level                 
00002051  parseIPD                     
000020ef  __aeabi_memcpy               
000020ef  __aeabi_memcpy4              
000020ef  __aeabi_memcpy8              
000020ef  memcpy                       
0000218b  uitoa                        
00002221  SSI_init                     
000022b1  init_dht22                   
0000233d  init_limits_rtc              
000023c5  atoui                        
00002445  check_sensors                
000024c5  check_sensor5                
00002541  getRtc                       
000025bd  __aeabi_memclr               
000025bd  __aeabi_memclr4              
000025bd  __aeabi_memclr8              
000025bf  __aeabi_memset               
000025bf  __aeabi_memset4              
000025bf  __aeabi_memset8              
000025c5  memset                       
00002637  __aeabi_idiv0                
00002639  init_sensors                 
000026b1  read_ds1820                  
00002729  UARTStdioConfig              
0000279d  startDHT                     
0000280d  esp8266_reset                
0000287d  __TI_auto_init               
00002955  IntEnable                    
000029bd  check_sensor2                
00002a25  lcd_puts                     
00002a8d  __TI_writemsg                
00002abb  C$$IO$$                      
00002abf  __TI_readmsg                 
00002af5  TimerConfigure               
00002b55  UARTwrite                    
00002bb1  ConfigureUART0               
00002c09  nokiaLCDtext                 
00002c61  writeslot                    
00002cb9  GPIOIntTypeSet               
00002d0f  reset_ds1820                 
00002d61  init_system                  
00002db5  SysCtlPeripheralReset        
00002e05  init_co2sensor               
00002e55  _c_int00                     
00002ea5  readslot                     
00002ef5  PortFIntHandler              
00002f41  nokiaLCDwrite                
00002f8d  atoi                         
00002fd9  copy_in                      
00003025  localtime                    
00003071  srand                        
00003087  rand                         
000030bd  GPIOPinConfigure             
00003105  HibernateClockConfig         
0000314d  check_sensor3                
00003195  check_sensor4                
000031dd  update_thingspeak            
00003225  UARTConfigSetExpClk          
0000326b  write_ds1820                 
000032b1  C$$EXIT                      
000032b5  abort                        
000032bd  exit                         
00003335  nokiaLCDclear                
00003375  power                        
000033b5  read_dht22                   
000033f5  strtok                       
00003435  __aeabi_uidiv                
00003435  __aeabi_uidivmod             
00003475  SSIConfigSetExpClk           
000034b1  WatchdogIntHandler           
000034ed  SysTickIntHandler            
00003525  init_RTC                     
0000355d  init_actuators               
00003595  set_line                     
000035cd  updateTime                   
00003605  IntRegister                  
00003639  SysCtlPeripheralEnable       
0000366d  dht22_readhumidity           
000036a1  dht22_readtemp               
000036d5  strstr                       
00003709  uart_send                    
0000373d  update_lcd                   
00003771  SSI_write                    
000037a1  check_rtcTimer               
000037d1  setDHTinput                  
00003801  delay_us                     
00003831  HibernateRTCSet              
0000385d  GPIODirModeSet               
00003887  isTimeToActuate              
000038b1  nokiaLCDsetXY                
000038db  strspn                       
00003905  getMonthFromStr              
0000392d  strncat                      
00003955  setResetPinState             
0000397d  set_actuator1                
000039a5  set_actuator2                
000039cd  strncmp                      
000039f3  LOGprintf                    
00003a17  strcspn                      
00003a3d  setESP8266ResetPin           
00003a61  init_limit                   
00003a83  validate_char                
00003aa5  UARTDisable                  
00003ac5  strcat                       
00003ae5  Timer0IntHandler             
00003b01  get_line                     
00003b1d  set_mode_input               
00003b39  set_mode_output              
00003b55  GPIOIntRegister              
00003b6d  GPIOPinTypeGPIOOutput        
00003b85  read_ds1820_1                
00003b9d  read_ds1820_2                
00003bb5  _args_main                   
00003bcd  HibernateEnableExpClk        
00003be1  HibernateRTCEnable           
00003bf5  SysTickEnable                
00003c09  SysTickIntEnable             
00003c1d  UARTEnable                   
00003c31  _register_unlock             
00003c37  _register_lock               
00003c3f  _nop                         
00003c45  strcpy                       
00003c59  strlen                       
00003c6d  GPIOPinTypeGPIOInput         
00003c7f  GPIOPinTypeSSI               
00003c91  GPIOPinTypeUART              
00003ca3  SSIDataGetNonBlocking        
00003cb5  TimerLoadSet                 
00003cc7  IntMasterDisable             
00003cd7  IntMasterEnable              
00003ce9  SysTickPeriodSet             
00003d09  init_ds1820                  
00003d19  isdigit                      
00003d29  GPIOIntStatus                
00003d37  TimerEnable                  
00003d45  UARTCharGetNonBlocking       
00003d53  UARTCharsAvail               
00003d61  __TI_decompress_none         
00003d6f  time                         
00003d7d  CPUcpsid                     
00003d89  CPUcpsie                     
00003d95  GPIOIntEnable                
00003da1  HibernateRTCGet              
00003dad  SSIDataGet                   
00003db9  __TI_zero_init               
00003dc5  getTimer0ChAvalue            
00003dd1  kick_watchdog                
00003ddd  SSIDataPut                   
00003de7  SSIDisable                   
00003df1  SSIEnable                    
00003dfb  UARTCharGet                  
00003e05  UARTCharPut                  
00003e0f  SSIBusy                      
00003e17  TimerIntEnable               
00003e1f  GPIOIntClear                 
00003e25  GPIOPinRead                  
00003e2b  GPIOPinWrite                 
00003e31  ResetISR                     
00003e37  SSIClockSourceSet            
00003e3d  SysCtlDelay                  
00003e43  UARTClockSourceSet           
00003e49  __TI_decompress_rle24        
00003e4f  TimerIntClear                
00003e53  _system_pre_init             
00004038  _ctypes_                     
00004428  _ytab                        
00004674  __TI_Handler_Table_Base      
00004680  __TI_Handler_Table_Limit     
00004690  __TI_CINIT_Base              
000046a8  __TI_CINIT_Limit             
20000000  g_pfnRAMVectors              
2000026c  __stack                      
2000036c  __STACK_TOP                  
20000a6c  __CIOBUF_                    
20000a6c  __STACK_END                  
20000b8c  receivedBits                 
20000c54  rtcLimitStart                
20000ce4  rtcLimitStop                 
20000d74  rtcCurrent                   
20000da0  checksum                     
20000da4  dhtBitCount                  
20000da8  g_ui32SecondsCounter         
20000dac  g_ui32SysTickCounter         
20000db0  humidity                     
20000db4  temperature                  
20000db8  timerACounter                
20000dbc  temp_ds1820                  
20000dbe  dhtBit                       
20000dbf  ds1820_data_bit              
20000dc2  fanControlledByTimer         
20000dc3  operating_mode               
20000dc4  readDHT                      
20000dc5  waterControlledByTimer       
20000df8  threshold_humidity           
20000e04  threshold_temperature        
20000e10  threshold_co2                
20000e1c  esp8266_data                 
20000e98  rtcLimitHourStart            
20000e9c  rtcLimitHourStop             
20000ea0  rtcLimitMinuteStart          
20000ea4  rtcLimitMinuteStop           
20000eac  _tz                          
20000ebc  g_bFeedWatchdog              
20000ebd  g_bWatchdogTimeoutMsgSent    
20000ed8  _lock                        
20000edc  _unlock                      
20000ee0  __TI_cleanup_ptr             
20000ee4  __TI_dtors_ptr               
20000ef4  main_func_sp                 
ffffffff  __binit__                    
ffffffff  __c_args__                   
ffffffff  binit                        
UNDEFED   SHT$$INIT_ARRAY$$Base        
UNDEFED   SHT$$INIT_ARRAY$$Limit       

[249 symbols]
