******************************************************************************
                  TI ARM Linker PC v5.2.5                      
******************************************************************************
>> Linked Wed Nov 04 18:29:40 2015

OUTPUT FILE NAME:   <TivaControlBoard.out>
ENTRY POINT SYMBOL: "_c_int00"  address: 000016c9


MEMORY CONFIGURATION

         name            origin    length      used     unused   attr    fill
----------------------  --------  ---------  --------  --------  ----  --------
  FLASH                 00000000   00040000  000027f8  0003d808  R  X
  SRAM                  20000000   00008000  00000618  000079e8  RW X


SEGMENT ALLOCATION MAP

run origin  load origin   length   init length attrs members
----------  ----------- ---------- ----------- ----- -------
00000000    00000000    000027f8   000027f8    r-x
  00000000    00000000    0000026c   0000026c    r-- .intvecs
  0000026c    0000026c    00002028   00002028    r-x .text
  00002294    00002294    000004cc   000004cc    r-- .const
  00002760    00002760    00000098   00000098    r-- .cinit
20000000    20000000    00000618   00000000    rw-
  20000000    20000000    0000026c   00000000    rw- .vtable
  2000026c    2000026c    00000200   00000000    rw- .stack
  2000046c    2000046c    00000110   00000000    rw- .bss
  2000057c    2000057c    0000009c   00000000    rw- .data


SECTION ALLOCATION MAP

 output                                  attributes/
section   page    origin      length       input sections
--------  ----  ----------  ----------   ----------------
.intvecs   0    00000000    0000026c     
                  00000000    0000026c     startup_ccs.obj (.intvecs)

.text      0    0000026c    00002028     
                  0000026c    00000256     esp8266.obj (.text:send_esp8266)
                  000004c2    00000002     startup_ccs.obj (.text:FaultISR)
                  000004c4    00000140     dht22.obj (.text:PortEIntHandler)
                  00000604    00000130     driverlib.lib : gpio.obj (.text:GPIOPadConfigSet)
                  00000734    0000010c                   : sysctl.obj (.text:SysCtlClockGet)
                  00000840    00000100     timers.obj (.text:main)
                  00000940    000000f0     driverlib.lib : sysctl.obj (.text:SysCtlClockSet)
                  00000a30    000000e0     lcd_nokia5510.obj (.text:nokiaLCDinit)
                  00000b10    000000d8     esp8266.obj (.text:esp8266_send)
                  00000be8    000000bc     sensors.obj (.text:change_mode)
                  00000ca4    000000ac     sensors.obj (.text:check_sensor1)
                  00000d50    000000a4     esp8266.obj (.text:init_esp8266)
                  00000df4    0000009c     rtsv7M4_T_le_v4SPD16_eabi.lib : memcpy_t2.obj (.text)
                  00000e90    00000090     tiva_ssi.obj (.text:SSI_init)
                  00000f20    0000008c     dht22.obj (.text:init_dht22)
                  00000fac    00000084     sensors.obj (.text:check_fan_timer)
                  00001030    0000007a     rtsv7M4_T_le_v4SPD16_eabi.lib : memset_t2.obj (.text)
                  000010aa    00000002     startup_ccs.obj (.text:IntDefaultHandler)
                  000010ac    00000078     ds1820.obj (.text:read_ds1820)
                  00001124    00000070     dht22.obj (.text:startDHT)
                  00001194    0000006c     rtsv7M4_T_le_v4SPD16_eabi.lib : autoinit.obj (.text)
                  00001200    0000006a                                   : copy_decompress_rle.obj (.text)
                  0000126a    00000002     startup_ccs.obj (.text:NmiSR)
                  0000126c    00000068     driverlib.lib : interrupt.obj (.text:IntEnable)
                  000012d4    00000068     sensors.obj (.text:check_sensor2)
                  0000133c    00000068     lcd_nokia5510.obj (.text:lcd_puts)
                  000013a4    00000064     timers.obj (.text:check_sensors)
                  00001408    00000060     driverlib.lib : timer.obj (.text:TimerConfigure)
                  00001468    00000060     ds1820.obj (.text:read_scratchpad)
                  000014c8    00000058     sensors.obj (.text:init_sensors)
                  00001520    00000058     lcd_nokia5510.obj (.text:nokiaLCDtext)
                  00001578    00000058     ds1820.obj (.text:writeslot)
                  000015d0    00000056     driverlib.lib : gpio.obj (.text:GPIOIntTypeSet)
                  00001626    00000052     ds1820.obj (.text:reset_ds1820)
                  00001678    00000050     driverlib.lib : sysctl.obj (.text:SysCtlPeripheralReset)
                  000016c8    00000050     rtsv7M4_T_le_v4SPD16_eabi.lib : boot.obj (.text)
                  00001718    0000004e     ds1820.obj (.text:readslot)
                  00001766    00000002     --HOLE-- [fill = 0]
                  00001768    0000004d     timers.obj (.text:init_system)
                  000017b5    00000003     --HOLE-- [fill = 0]
                  000017b8    0000004c     sensors.obj (.text:PortFIntHandler)
                  00001804    0000004c     lcd_nokia5510.obj (.text:nokiaLCDwrite)
                  00001850    0000004c     rtsv7M4_T_le_v4SPD16_eabi.lib : cpy_tbl.obj (.text)
                  0000189c    00000048     driverlib.lib : gpio.obj (.text:GPIOPinConfigure)
                  000018e4    00000048     sensors.obj (.text:check_sensor3)
                  0000192c    00000048     sensors.obj (.text:check_sensor4)
                  00001974    00000048     sensors.obj (.text:update_thingspeak)
                  000019bc    00000046     esp8266.obj (.text:esp8266_reset)
                  00001a02    00000046     ds1820.obj (.text:write_ds1820)
                  00001a48    00000044     rtsv7M4_T_le_v4SPD16_eabi.lib : exit.obj (.text)
                  00001a8c    00000042     driverlib.lib : uart.obj (.text:UARTConfigSetExpClk)
                  00001ace    00000002     --HOLE-- [fill = 0]
                  00001ad0    00000040                   : gpio.obj (.text:_GPIOIntNumberGet)
                  00001b10    00000040     lcd_nokia5510.obj (.text:nokiaLCDclear)
                  00001b50    00000040     dht22.obj (.text:read_dht22)
                  00001b90    0000003c     driverlib.lib : ssi.obj (.text:SSIConfigSetExpClk)
                  00001bcc    0000003c     timers.obj (.text:WatchdogIntHandler)
                  00001c08    00000038     timers.obj (.text:SysTickIntHandler)
                  00001c40    00000038     actuators.obj (.text:init_actuators)
                  00001c78    00000038     ds1820.obj (.text:set_line)
                  00001cb0    00000034     driverlib.lib : interrupt.obj (.text:IntRegister)
                  00001ce4    00000034                   : sysctl.obj (.text:SysCtlPeripheralEnable)
                  00001d18    00000034     dht22.obj (.text:dht22_readhumidity)
                  00001d4c    00000034     dht22.obj (.text:dht22_readtemp)
                  00001d80    00000034     rtsv7M4_T_le_v4SPD16_eabi.lib : strstr.obj (.text)
                  00001db4    00000034     esp8266.obj (.text:uart_send)
                  00001de8    00000030     tiva_ssi.obj (.text:SSI_write)
                  00001e18    00000030     dht22.obj (.text:setDHTinput)
                  00001e48    0000002e     timers.obj (.text:delay_us)
                  00001e76    0000002a     driverlib.lib : gpio.obj (.text:GPIODirModeSet)
                  00001ea0    0000002a     lcd_nokia5510.obj (.text:nokiaLCDsetXY)
                  00001eca    00000002     --HOLE-- [fill = 0]
                  00001ecc    00000028     actuators.obj (.text:set_actuator1)
                  00001ef4    00000028     actuators.obj (.text:set_actuator2)
                  00001f1c    00000028     sensors.obj (.text:update_lcd)
                  00001f44    00000022     lcd_nokia5510.obj (.text:validate_char)
                  00001f66    0000001e     rtsv7M4_T_le_v4SPD16_eabi.lib : strcat.obj (.text)
                  00001f84    0000001c     dht22.obj (.text:Timer0IntHandler)
                  00001fa0    0000001c     driverlib.lib : uart.obj (.text:UARTDisable)
                  00001fbc    0000001c     ds1820.obj (.text:get_line)
                  00001fd8    0000001c     ds1820.obj (.text:set_mode_input)
                  00001ff4    0000001c     ds1820.obj (.text:set_mode_output)
                  00002010    00000018     driverlib.lib : gpio.obj (.text:GPIOIntRegister)
                  00002028    00000018                   : gpio.obj (.text:GPIOPinTypeGPIOOutput)
                  00002040    00000018     ds1820.obj (.text:read_ds1820_1)
                  00002058    00000018     ds1820.obj (.text:read_ds1820_2)
                  00002070    00000018     rtsv7M4_T_le_v4SPD16_eabi.lib : args_main.obj (.text)
                  00002088    00000014     driverlib.lib : systick.obj (.text:SysTickEnable)
                  0000209c    00000014                   : systick.obj (.text:SysTickIntEnable)
                  000020b0    00000014                   : uart.obj (.text:UARTEnable)
                  000020c4    00000014     rtsv7M4_T_le_v4SPD16_eabi.lib : _lock.obj (.text)
                  000020d8    00000014                                   : strcpy.obj (.text)
                  000020ec    00000012     driverlib.lib : gpio.obj (.text:GPIOPinTypeGPIOInput)
                  000020fe    00000012                   : gpio.obj (.text:GPIOPinTypeSSI)
                  00002110    00000012                   : gpio.obj (.text:GPIOPinTypeUART)
                  00002122    00000012                   : ssi.obj (.text:SSIDataGetNonBlocking)
                  00002134    00000012                   : timer.obj (.text:TimerLoadSet)
                  00002146    00000010                   : interrupt.obj (.text:IntMasterDisable)
                  00002156    00000010                   : interrupt.obj (.text:IntMasterEnable)
                  00002166    00000002     --HOLE-- [fill = 0]
                  00002168    00000010                   : systick.obj (.text:SysTickPeriodSet)
                  00002178    00000010     ds1820.obj (.text:init_ds1820)
                  00002188    0000000e     driverlib.lib : gpio.obj (.text:GPIOIntStatus)
                  00002196    0000000e                   : timer.obj (.text:TimerEnable)
                  000021a4    0000000e                   : uart.obj (.text:UARTCharGetNonBlocking)
                  000021b2    0000000e     rtsv7M4_T_le_v4SPD16_eabi.lib : copy_decompress_none.obj (.text:decompress:none)
                  000021c0    0000000c     driverlib.lib : cpu.obj (.text:CPUcpsid)
                  000021cc    0000000c                   : cpu.obj (.text:CPUcpsie)
                  000021d8    0000000c                   : gpio.obj (.text:GPIOIntEnable)
                  000021e4    0000000c                   : ssi.obj (.text:SSIDataGet)
                  000021f0    0000000c                   : uart.obj (.text:UARTCharsAvail)
                  000021fc    0000000c     rtsv7M4_T_le_v4SPD16_eabi.lib : copy_zero_init.obj (.text:decompress:ZI)
                  00002208    0000000c     dht22.obj (.text:getTimer0ChAvalue)
                  00002214    0000000c     timers.obj (.text:kick_watchdog)
                  00002220    0000000a     driverlib.lib : ssi.obj (.text:SSIDataPut)
                  0000222a    0000000a                   : ssi.obj (.text:SSIDisable)
                  00002234    0000000a                   : ssi.obj (.text:SSIEnable)
                  0000223e    0000000a                   : uart.obj (.text:UARTCharGet)
                  00002248    0000000a                   : uart.obj (.text:UARTCharPut)
                  00002252    00000008                   : ssi.obj (.text:SSIBusy)
                  0000225a    00000008                   : timer.obj (.text:TimerIntEnable)
                  00002262    00000006                   : gpio.obj (.text:GPIOIntClear)
                  00002268    00000006                   : gpio.obj (.text:GPIOPinRead)
                  0000226e    00000006                   : gpio.obj (.text:GPIOPinWrite)
                  00002274    00000006     startup_ccs.obj (.text:ResetISR)
                  0000227a    00000006     driverlib.lib : ssi.obj (.text:SSIClockSourceSet)
                  00002280    00000006                   : sysctl.obj (.text:SysCtlDelay)
                  00002286    00000006     rtsv7M4_T_le_v4SPD16_eabi.lib : copy_decompress_rle.obj (.text:decompress:rle24)
                  0000228c    00000004     driverlib.lib : timer.obj (.text:TimerIntClear)
                  00002290    00000004     rtsv7M4_T_le_v4SPD16_eabi.lib : pre_init.obj (.text)

.const     0    00002294    000004cc     
                  00002294    000001e0     lcd_nokia5510.obj (.const:ASCII)
                  00002474    000000c0     driverlib.lib : gpio.obj (.const:g_ppui32GPIOIntMapBlizzard)
                  00002534    000000c0                   : gpio.obj (.const:g_ppui32GPIOIntMapSnowflake)
                  000025f4    00000090                   : gpio.obj (.const:g_pui32GPIOBaseAddrs)
                  00002684    00000070                   : interrupt.obj (.const)
                  000026f4    0000006c                   : sysctl.obj (.const:g_pui32Xtals)

.cinit     0    00002760    00000098     
                  00002760    0000005d     (.cinit..data.load) [load image, compression = rle]
                  000027bd    00000003     --HOLE-- [fill = 0]
                  000027c0    0000000c     (__TI_handler_table)
                  000027cc    00000004     --HOLE-- [fill = 0]
                  000027d0    00000008     (.cinit..bss.load) [load image, compression = zero_init]
                  000027d8    00000008     (.cinit..vtable.load) [load image, compression = zero_init]
                  000027e0    00000018     (__TI_cinit_table)

.init_array 
*          0    00000000    00000000     UNINITIALIZED

.vtable    0    20000000    0000026c     UNINITIALIZED
                  20000000    0000026c     driverlib.lib : interrupt.obj (.vtable)

.stack     0    2000026c    00000200     UNINITIALIZED
                  2000026c    00000200     --HOLE--

.bss       0    2000046c    00000110     UNINITIALIZED
                  2000046c    000000c8     dht22.obj (.bss:receivedBits)
                  20000534    00000020     (.common:uart_data)
                  20000554    00000004     (.common:checksum)
                  20000558    00000004     (.common:dhtBitCount)
                  2000055c    00000004     (.common:g_ui32SecondsCounter)
                  20000560    00000004     (.common:g_ui32SysTickCounter)
                  20000564    00000004     (.common:humidity)
                  20000568    00000004     (.common:temp_secondsCounter$2)
                  2000056c    00000004     (.common:temperature)
                  20000570    00000004     (.common:timerACounter)
                  20000574    00000002     (.common:temp_ds1820)
                  20000576    00000001     (.common:dhtBit)
                  20000577    00000001     (.common:ds1820_data_bit)
                  20000578    00000001     (.common:dummy$1)
                  20000579    00000001     (.common:operating_mode)
                  2000057a    00000001     (.common:readDHT)
                  2000057b    00000001     (.common:uart_data_counter)

.TI.noinit 
*          0    2000046c    00000000     UNINITIALIZED

.data      0    2000057c    0000009c     UNINITIALIZED
                  2000057c    0000006d     sensors.obj (.data)
                  200005e9    00000003     --HOLE--
                  200005ec    0000000c     dht22.obj (.data)
                  200005f8    0000000c     timers.obj (.data)
                  20000604    00000008     rtsv7M4_T_le_v4SPD16_eabi.lib : _lock.obj (.data)
                  2000060c    00000008                                   : exit.obj (.data)
                  20000614    00000004                                   : stkdepth_vars.obj (.data)

.TI.persistent 
*          0    2000057c    00000000     UNINITIALIZED


LINKER GENERATED COPY TABLES

__TI_cinit_table @ 000027e0 records: 3, size/record: 8, table size: 24
	.data: load addr=00002760, load size=0000005d bytes, run addr=2000057c, run size=0000009c bytes, compression=rle
	.bss: load addr=000027d0, load size=00000008 bytes, run addr=2000046c, run size=00000110 bytes, compression=zero_init
	.vtable: load addr=000027d8, load size=00000008 bytes, run addr=20000000, run size=0000026c bytes, compression=zero_init


LINKER GENERATED HANDLER TABLE

__TI_handler_table @ 000027c0 records: 3, size/record: 4, table size: 12
	index: 0, handler: __TI_zero_init
	index: 1, handler: __TI_decompress_rle24
	index: 2, handler: __TI_decompress_none


GLOBAL SYMBOLS: SORTED ALPHABETICALLY BY Name 

address   name                     
-------   ----                     
00001a49  C$$EXIT                  
000021c1  CPUcpsid                 
000021cd  CPUcpsie                 
00001e77  GPIODirModeSet           
00002263  GPIOIntClear             
000021d9  GPIOIntEnable            
00002011  GPIOIntRegister          
00002189  GPIOIntStatus            
000015d1  GPIOIntTypeSet           
00000605  GPIOPadConfigSet         
0000189d  GPIOPinConfigure         
00002269  GPIOPinRead              
000020ed  GPIOPinTypeGPIOInput     
00002029  GPIOPinTypeGPIOOutput    
000020ff  GPIOPinTypeSSI           
00002111  GPIOPinTypeUART          
0000226f  GPIOPinWrite             
0000126d  IntEnable                
00002147  IntMasterDisable         
00002157  IntMasterEnable          
00001cb1  IntRegister              
000004c5  PortEIntHandler          
000017b9  PortFIntHandler          
00002275  ResetISR                 
UNDEFED   SHT$$INIT_ARRAY$$Base    
UNDEFED   SHT$$INIT_ARRAY$$Limit   
00002253  SSIBusy                  
0000227b  SSIClockSourceSet        
00001b91  SSIConfigSetExpClk       
000021e5  SSIDataGet               
00002123  SSIDataGetNonBlocking    
00002221  SSIDataPut               
0000222b  SSIDisable               
00002235  SSIEnable                
00000e91  SSI_init                 
00001de9  SSI_write                
00000735  SysCtlClockGet           
00000941  SysCtlClockSet           
00002281  SysCtlDelay              
00001ce5  SysCtlPeripheralEnable   
00001679  SysCtlPeripheralReset    
00002089  SysTickEnable            
0000209d  SysTickIntEnable         
00001c09  SysTickIntHandler        
00002169  SysTickPeriodSet         
00001f85  Timer0IntHandler         
00001409  TimerConfigure           
00002197  TimerEnable              
0000228d  TimerIntClear            
0000225b  TimerIntEnable           
00002135  TimerLoadSet             
0000223f  UARTCharGet              
000021a5  UARTCharGetNonBlocking   
00002249  UARTCharPut              
000021f1  UARTCharsAvail           
00001a8d  UARTConfigSetExpClk      
00001fa1  UARTDisable              
000020b1  UARTEnable               
00001bcd  WatchdogIntHandler       
2000046c  __STACK_END              
00000200  __STACK_SIZE             
2000036c  __STACK_TOP              
000027e0  __TI_CINIT_Base          
000027f8  __TI_CINIT_Limit         
000027c0  __TI_Handler_Table_Base  
000027cc  __TI_Handler_Table_Limit 
00001195  __TI_auto_init           
2000060c  __TI_cleanup_ptr         
000021b3  __TI_decompress_none     
00002287  __TI_decompress_rle24    
20000610  __TI_dtors_ptr           
00000000  __TI_static_base__       
000021fd  __TI_zero_init           
00001031  __aeabi_memclr           
00001031  __aeabi_memclr4          
00001031  __aeabi_memclr8          
00000df5  __aeabi_memcpy           
00000df5  __aeabi_memcpy4          
00000df5  __aeabi_memcpy8          
00001033  __aeabi_memset           
00001033  __aeabi_memset4          
00001033  __aeabi_memset8          
ffffffff  __binit__                
ffffffff  __c_args__               
2000026c  __stack                  
00002071  _args_main               
000016c9  _c_int00                 
20000604  _lock                    
000020d3  _nop                     
000020cb  _register_lock           
000020c5  _register_unlock         
00002291  _system_pre_init         
20000608  _unlock                  
00001a4d  abort                    
ffffffff  binit                    
00000be9  change_mode              
00000fad  check_fan_timer          
00000ca5  check_sensor1            
000012d5  check_sensor2            
000018e5  check_sensor3            
0000192d  check_sensor4            
000013a5  check_sensors            
20000554  checksum                 
00001851  copy_in                  
00001e49  delay_us                 
00001d19  dht22_readhumidity       
00001d4d  dht22_readtemp           
20000576  dhtBit                   
20000558  dhtBitCount              
20000577  ds1820_data_bit          
200005c4  esp8266_data             
000019bd  esp8266_reset            
00000b11  esp8266_send             
00001a55  exit                     
200005f8  g_bFeedWatchdog          
200005f9  g_bWatchdogTimeoutMsgSent
20000000  g_pfnRAMVectors          
00000000  g_pfnVectors             
2000055c  g_ui32SecondsCounter     
20000560  g_ui32SysTickCounter     
00002209  getTimer0ChAvalue        
00001fbd  get_line                 
20000564  humidity                 
00001c41  init_actuators           
00000f21  init_dht22               
00002179  init_ds1820              
00000d51  init_esp8266             
000014c9  init_sensors             
00001769  init_system              
00002215  kick_watchdog            
0000133d  lcd_puts                 
00000841  main                     
20000614  main_func_sp             
00000df5  memcpy                   
00001039  memset                   
00001b11  nokiaLCDclear            
00000a31  nokiaLCDinit             
00001ea1  nokiaLCDsetXY            
00001521  nokiaLCDtext             
00001805  nokiaLCDwrite            
20000579  operating_mode           
2000057a  readDHT                  
00001b51  read_dht22               
000010ad  read_ds1820              
00002041  read_ds1820_1            
00002059  read_ds1820_2            
00001469  read_scratchpad          
00001719  readslot                 
2000046c  receivedBits             
00001627  reset_ds1820             
0000026d  send_esp8266             
00001e19  setDHTinput              
00001ecd  set_actuator1            
00001ef5  set_actuator2            
00001c79  set_line                 
00001fd9  set_mode_input           
00001ff5  set_mode_output          
00001125  startDHT                 
00001f67  strcat                   
000020d9  strcpy                   
00001d81  strstr                   
20000574  temp_ds1820              
2000056c  temperature              
200005b8  threshold_co2            
200005a0  threshold_humidity       
200005ac  threshold_temperature    
20000570  timerACounter            
20000534  uart_data                
2000057b  uart_data_counter        
00001db5  uart_send                
00001f1d  update_lcd               
00001975  update_thingspeak        
00001f45  validate_char            
00001a03  write_ds1820             
00001579  writeslot                


GLOBAL SYMBOLS: SORTED BY Symbol Address 

address   name                     
-------   ----                     
00000000  __TI_static_base__       
00000000  g_pfnVectors             
00000200  __STACK_SIZE             
0000026d  send_esp8266             
000004c5  PortEIntHandler          
00000605  GPIOPadConfigSet         
00000735  SysCtlClockGet           
00000841  main                     
00000941  SysCtlClockSet           
00000a31  nokiaLCDinit             
00000b11  esp8266_send             
00000be9  change_mode              
00000ca5  check_sensor1            
00000d51  init_esp8266             
00000df5  __aeabi_memcpy           
00000df5  __aeabi_memcpy4          
00000df5  __aeabi_memcpy8          
00000df5  memcpy                   
00000e91  SSI_init                 
00000f21  init_dht22               
00000fad  check_fan_timer          
00001031  __aeabi_memclr           
00001031  __aeabi_memclr4          
00001031  __aeabi_memclr8          
00001033  __aeabi_memset           
00001033  __aeabi_memset4          
00001033  __aeabi_memset8          
00001039  memset                   
000010ad  read_ds1820              
00001125  startDHT                 
00001195  __TI_auto_init           
0000126d  IntEnable                
000012d5  check_sensor2            
0000133d  lcd_puts                 
000013a5  check_sensors            
00001409  TimerConfigure           
00001469  read_scratchpad          
000014c9  init_sensors             
00001521  nokiaLCDtext             
00001579  writeslot                
000015d1  GPIOIntTypeSet           
00001627  reset_ds1820             
00001679  SysCtlPeripheralReset    
000016c9  _c_int00                 
00001719  readslot                 
00001769  init_system              
000017b9  PortFIntHandler          
00001805  nokiaLCDwrite            
00001851  copy_in                  
0000189d  GPIOPinConfigure         
000018e5  check_sensor3            
0000192d  check_sensor4            
00001975  update_thingspeak        
000019bd  esp8266_reset            
00001a03  write_ds1820             
00001a49  C$$EXIT                  
00001a4d  abort                    
00001a55  exit                     
00001a8d  UARTConfigSetExpClk      
00001b11  nokiaLCDclear            
00001b51  read_dht22               
00001b91  SSIConfigSetExpClk       
00001bcd  WatchdogIntHandler       
00001c09  SysTickIntHandler        
00001c41  init_actuators           
00001c79  set_line                 
00001cb1  IntRegister              
00001ce5  SysCtlPeripheralEnable   
00001d19  dht22_readhumidity       
00001d4d  dht22_readtemp           
00001d81  strstr                   
00001db5  uart_send                
00001de9  SSI_write                
00001e19  setDHTinput              
00001e49  delay_us                 
00001e77  GPIODirModeSet           
00001ea1  nokiaLCDsetXY            
00001ecd  set_actuator1            
00001ef5  set_actuator2            
00001f1d  update_lcd               
00001f45  validate_char            
00001f67  strcat                   
00001f85  Timer0IntHandler         
00001fa1  UARTDisable              
00001fbd  get_line                 
00001fd9  set_mode_input           
00001ff5  set_mode_output          
00002011  GPIOIntRegister          
00002029  GPIOPinTypeGPIOOutput    
00002041  read_ds1820_1            
00002059  read_ds1820_2            
00002071  _args_main               
00002089  SysTickEnable            
0000209d  SysTickIntEnable         
000020b1  UARTEnable               
000020c5  _register_unlock         
000020cb  _register_lock           
000020d3  _nop                     
000020d9  strcpy                   
000020ed  GPIOPinTypeGPIOInput     
000020ff  GPIOPinTypeSSI           
00002111  GPIOPinTypeUART          
00002123  SSIDataGetNonBlocking    
00002135  TimerLoadSet             
00002147  IntMasterDisable         
00002157  IntMasterEnable          
00002169  SysTickPeriodSet         
00002179  init_ds1820              
00002189  GPIOIntStatus            
00002197  TimerEnable              
000021a5  UARTCharGetNonBlocking   
000021b3  __TI_decompress_none     
000021c1  CPUcpsid                 
000021cd  CPUcpsie                 
000021d9  GPIOIntEnable            
000021e5  SSIDataGet               
000021f1  UARTCharsAvail           
000021fd  __TI_zero_init           
00002209  getTimer0ChAvalue        
00002215  kick_watchdog            
00002221  SSIDataPut               
0000222b  SSIDisable               
00002235  SSIEnable                
0000223f  UARTCharGet              
00002249  UARTCharPut              
00002253  SSIBusy                  
0000225b  TimerIntEnable           
00002263  GPIOIntClear             
00002269  GPIOPinRead              
0000226f  GPIOPinWrite             
00002275  ResetISR                 
0000227b  SSIClockSourceSet        
00002281  SysCtlDelay              
00002287  __TI_decompress_rle24    
0000228d  TimerIntClear            
00002291  _system_pre_init         
000027c0  __TI_Handler_Table_Base  
000027cc  __TI_Handler_Table_Limit 
000027e0  __TI_CINIT_Base          
000027f8  __TI_CINIT_Limit         
20000000  g_pfnRAMVectors          
2000026c  __stack                  
2000036c  __STACK_TOP              
2000046c  __STACK_END              
2000046c  receivedBits             
20000534  uart_data                
20000554  checksum                 
20000558  dhtBitCount              
2000055c  g_ui32SecondsCounter     
20000560  g_ui32SysTickCounter     
20000564  humidity                 
2000056c  temperature              
20000570  timerACounter            
20000574  temp_ds1820              
20000576  dhtBit                   
20000577  ds1820_data_bit          
20000579  operating_mode           
2000057a  readDHT                  
2000057b  uart_data_counter        
200005a0  threshold_humidity       
200005ac  threshold_temperature    
200005b8  threshold_co2            
200005c4  esp8266_data             
200005f8  g_bFeedWatchdog          
200005f9  g_bWatchdogTimeoutMsgSent
20000604  _lock                    
20000608  _unlock                  
2000060c  __TI_cleanup_ptr         
20000610  __TI_dtors_ptr           
20000614  main_func_sp             
ffffffff  __binit__                
ffffffff  __c_args__               
ffffffff  binit                    
UNDEFED   SHT$$INIT_ARRAY$$Base    
UNDEFED   SHT$$INIT_ARRAY$$Limit   

[175 symbols]
