******************************************************************************
                  TI ARM Linker PC v5.2.5                      
******************************************************************************
>> Linked Tue Oct 06 00:22:11 2015

OUTPUT FILE NAME:   <timers.out>
ENTRY POINT SYMBOL: "_c_int00"  address: 000013cd


MEMORY CONFIGURATION

         name            origin    length      used     unused   attr    fill
----------------------  --------  ---------  --------  --------  ----  --------
  FLASH                 00000000   00040000  000021d8  0003de28  R  X
  SRAM                  20000000   00008000  000004b5  00007b4b  RW X


SEGMENT ALLOCATION MAP

run origin  load origin   length   init length attrs members
----------  ----------- ---------- ----------- ----- -------
00000000    00000000    000021e0   000021e0    r-x
  00000000    00000000    0000026c   0000026c    r-- .intvecs
  0000026c    0000026c    000019f2   000019f2    r-x .text
  00001c60    00001c60    000004fa   000004fa    r-- .const
  00002160    00002160    00000080   00000080    r-- .cinit
20000000    20000000    000004b8   00000000    rw-
  20000000    20000000    0000026c   00000000    rw- .vtable
  2000026c    2000026c    00000100   00000000    rw- .stack
  2000036c    2000036c    000000e5   00000000    rw- .bss
  20000454    20000454    00000064   00000000    rw- .data


SECTION ALLOCATION MAP

 output                                  attributes/
section   page    origin      length       input sections
--------  ----  ----------  ----------   ----------------
.intvecs   0    00000000    0000026c     
                  00000000    0000026c     startup_ccs.obj (.intvecs)

.text      0    0000026c    000019f2     
                  0000026c    0000030c     uartstdio.obj (.text:UARTvprintf)
                  00000578    00000140     dht22.obj (.text:PortEIntHandler)
                  000006b8    00000130     driverlib.lib : gpio.obj (.text:GPIOPadConfigSet)
                  000007e8    0000010c                   : sysctl.obj (.text:SysCtlClockGet)
                  000008f4    000000f0                   : sysctl.obj (.text:SysCtlClockSet)
                  000009e4    000000f0     timers.obj (.text:main)
                  00000ad4    000000c0     lcd_nokia5510.obj (.text:nokiaLCDinit)
                  00000b94    000000bc     sensors.obj (.text:change_mode)
                  00000c50    0000009c     rtsv7M4_T_le_v4SPD16_eabi.lib : memcpy_t2.obj (.text)
                  00000cec    00000090     tiva_ssi.obj (.text:SSI_init)
                  00000d7c    0000008c     dht22.obj (.text:init_dht22)
                  00000e08    0000007a     rtsv7M4_T_le_v4SPD16_eabi.lib : memset_t2.obj (.text)
                  00000e82    00000002     startup_ccs.obj (.text:FaultISR)
                  00000e84    00000074     uartstdio.obj (.text:UARTStdioConfig)
                  00000ef8    00000070     dht22.obj (.text:startDHT)
                  00000f68    0000006c     rtsv7M4_T_le_v4SPD16_eabi.lib : autoinit.obj (.text)
                  00000fd4    0000006a                                   : copy_decompress_rle.obj (.text)
                  0000103e    00000002     startup_ccs.obj (.text:IntDefaultHandler)
                  00001040    00000068     driverlib.lib : interrupt.obj (.text:IntEnable)
                  000010a8    00000064     timers.obj (.text:SysTickIntHandler)
                  0000110c    00000060     driverlib.lib : timer.obj (.text:TimerConfigure)
                  0000116c    0000005c     uartstdio.obj (.text:UARTwrite)
                  000011c8    00000058     timers.obj (.text:ConfigureUART)
                  00001220    00000058     lcd_nokia5510.obj (.text:nokiaLCDtext)
                  00001278    00000058     ds1820.obj (.text:read_scratchpad)
                  000012d0    00000056     driverlib.lib : gpio.obj (.text:GPIOIntTypeSet)
                  00001326    00000002     startup_ccs.obj (.text:NmiSR)
                  00001328    00000054     sensors.obj (.text:init_sensors)
                  0000137c    00000050     driverlib.lib : sysctl.obj (.text:SysCtlPeripheralReset)
                  000013cc    00000050     rtsv7M4_T_le_v4SPD16_eabi.lib : boot.obj (.text)
                  0000141c    0000004c     sensors.obj (.text:PortFIntHandler)
                  00001468    0000004c     lcd_nokia5510.obj (.text:nokiaLCDwrite)
                  000014b4    0000004c     rtsv7M4_T_le_v4SPD16_eabi.lib : cpy_tbl.obj (.text)
                  00001500    00000048     driverlib.lib : gpio.obj (.text:GPIOPinConfigure)
                  00001548    00000044     ds1820.obj (.text:read_ds1820)
                  0000158c    00000044     rtsv7M4_T_le_v4SPD16_eabi.lib : exit.obj (.text)
                  000015d0    00000040     driverlib.lib : gpio.obj (.text:_GPIOIntNumberGet)
                  00001610    00000040     lcd_nokia5510.obj (.text:nokiaLCDclear)
                  00001650    00000040     dht22.obj (.text:read_dht22)
                  00001690    00000040     rtsv7M4_T_le_v4SPD16_eabi.lib : u_divt2.obj (.text)
                  000016d0    00000040     ds1820.obj (.text:writeslot)
                  00001710    0000003e     ds1820.obj (.text:write_ds1820)
                  0000174e    0000003c     driverlib.lib : ssi.obj (.text:SSIConfigSetExpClk)
                  0000178a    0000003a     lcd_nokia5510.obj (.text:lcd_puts_line1)
                  000017c4    0000003a     ds1820.obj (.text:reset_ds1820)
                  000017fe    00000002     timers.obj (.text:Timer1IntHandler)
                  00001800    00000038     actuators.obj (.text:init_actuators)
                  00001838    00000036     ds1820.obj (.text:readslot)
                  0000186e    00000002     rtsv7M4_T_le_v4SPD16_eabi.lib : i_div0.obj (.text)
                  00001870    00000034     driverlib.lib : interrupt.obj (.text:IntRegister)
                  000018a4    00000034                   : sysctl.obj (.text:SysCtlPeripheralEnable)
                  000018d8    00000030     tiva_ssi.obj (.text:SSI_write)
                  00001908    00000030     dht22.obj (.text:setDHTinput)
                  00001938    0000002e     timers.obj (.text:delay_us)
                  00001966    0000002a     driverlib.lib : gpio.obj (.text:GPIODirModeSet)
                  00001990    0000002a     lcd_nokia5510.obj (.text:nokiaLCDsetXY)
                  000019ba    00000002     --HOLE-- [fill = 0]
                  000019bc    00000028     ds1820.obj (.text:set_line)
                  000019e4    00000024     uartstdio.obj (.text:UARTprintf)
                  00001a08    0000001e     timers.obj (.text:delay_seconds)
                  00001a26    00000002     --HOLE-- [fill = 0]
                  00001a28    0000001c     dht22.obj (.text:Timer0IntHandler)
                  00001a44    00000018     driverlib.lib : gpio.obj (.text:GPIOIntRegister)
                  00001a5c    00000018                   : gpio.obj (.text:GPIOPinTypeGPIOOutput)
                  00001a74    00000018     rtsv7M4_T_le_v4SPD16_eabi.lib : args_main.obj (.text)
                  00001a8c    00000014     driverlib.lib : systick.obj (.text:SysTickEnable)
                  00001aa0    00000014                   : systick.obj (.text:SysTickIntEnable)
                  00001ab4    00000014     ds1820.obj (.text:get_line)
                  00001ac8    00000014     rtsv7M4_T_le_v4SPD16_eabi.lib : _lock.obj (.text)
                  00001adc    00000012     driverlib.lib : gpio.obj (.text:GPIOPinTypeGPIOInput)
                  00001aee    00000012                   : gpio.obj (.text:GPIOPinTypeSSI)
                  00001b00    00000012                   : ssi.obj (.text:SSIDataGetNonBlocking)
                  00001b12    00000012                   : timer.obj (.text:TimerLoadSet)
                  00001b24    00000010                   : interrupt.obj (.text:IntMasterDisable)
                  00001b34    00000010                   : interrupt.obj (.text:IntMasterEnable)
                  00001b44    00000010                   : systick.obj (.text:SysTickPeriodSet)
                  00001b54    00000010     ds1820.obj (.text:init_ds1820)
                  00001b64    00000010     ds1820.obj (.text:set_mode_input)
                  00001b74    00000010     ds1820.obj (.text:set_mode_output)
                  00001b84    0000000e     driverlib.lib : gpio.obj (.text:GPIOIntStatus)
                  00001b92    0000000e                   : timer.obj (.text:TimerEnable)
                  00001ba0    0000000e     rtsv7M4_T_le_v4SPD16_eabi.lib : copy_decompress_none.obj (.text:decompress:none)
                  00001bae    0000000c     driverlib.lib : cpu.obj (.text:CPUcpsid)
                  00001bba    0000000c                   : cpu.obj (.text:CPUcpsie)
                  00001bc6    0000000c                   : gpio.obj (.text:GPIOIntEnable)
                  00001bd2    0000000c                   : ssi.obj (.text:SSIDataGet)
                  00001bde    0000000c     rtsv7M4_T_le_v4SPD16_eabi.lib : copy_zero_init.obj (.text:decompress:ZI)
                  00001bea    00000002     --HOLE-- [fill = 0]
                  00001bec    0000000c     dht22.obj (.text:getTimer0ChAvalue)
                  00001bf8    0000000a     driverlib.lib : ssi.obj (.text:SSIDataPut)
                  00001c02    0000000a                   : ssi.obj (.text:SSIDisable)
                  00001c0c    0000000a                   : ssi.obj (.text:SSIEnable)
                  00001c16    00000008                   : ssi.obj (.text:SSIBusy)
                  00001c1e    00000008                   : timer.obj (.text:TimerIntEnable)
                  00001c26    00000006                   : gpio.obj (.text:GPIOIntClear)
                  00001c2c    00000006                   : gpio.obj (.text:GPIOPinRead)
                  00001c32    00000006                   : gpio.obj (.text:GPIOPinWrite)
                  00001c38    00000006     startup_ccs.obj (.text:ResetISR)
                  00001c3e    00000006     driverlib.lib : ssi.obj (.text:SSIClockSourceSet)
                  00001c44    00000006                   : sysctl.obj (.text:SysCtlDelay)
                  00001c4a    00000006                   : uart.obj (.text:UARTClockSourceSet)
                  00001c50    00000006     rtsv7M4_T_le_v4SPD16_eabi.lib : copy_decompress_rle.obj (.text:decompress:rle24)
                  00001c56    00000004     driverlib.lib : timer.obj (.text:TimerIntClear)
                  00001c5a    00000004     rtsv7M4_T_le_v4SPD16_eabi.lib : pre_init.obj (.text)

.const     0    00001c60    000004fa     
                  00001c60    000001e0     lcd_nokia5510.obj (.const:ASCII)
                  00001e40    000000c0     driverlib.lib : gpio.obj (.const:g_ppui32GPIOIntMapBlizzard)
                  00001f00    000000c0                   : gpio.obj (.const:g_ppui32GPIOIntMapSnowflake)
                  00001fc0    00000090                   : gpio.obj (.const:g_pui32GPIOBaseAddrs)
                  00002050    00000070                   : interrupt.obj (.const)
                  000020c0    0000006c                   : sysctl.obj (.const:g_pui32Xtals)
                  0000212c    0000001c     uartstdio.obj (.const)
                  00002148    00000012     uartstdio.obj (.const:.string)

.cinit     0    00002160    00000080     
                  00002160    00000047     (.cinit..data.load) [load image, compression = rle]
                  000021a7    00000001     --HOLE-- [fill = 0]
                  000021a8    0000000c     (__TI_handler_table)
                  000021b4    00000004     --HOLE-- [fill = 0]
                  000021b8    00000008     (.cinit..bss.load) [load image, compression = zero_init]
                  000021c0    00000008     (.cinit..vtable.load) [load image, compression = zero_init]
                  000021c8    00000018     (__TI_cinit_table)

.init_array 
*          0    00000000    00000000     UNINITIALIZED

.vtable    0    20000000    0000026c     UNINITIALIZED
                  20000000    0000026c     driverlib.lib : interrupt.obj (.vtable)

.stack     0    2000026c    00000100     UNINITIALIZED
                  2000026c    00000100     --HOLE--

.bss       0    2000036c    000000e5     UNINITIALIZED
                  2000036c    000000c8     dht22.obj (.bss:receivedBits)
                  20000434    00000004     (.common:checksum)
                  20000438    00000004     (.common:dhtBitCount)
                  2000043c    00000004     (.common:humidity)
                  20000440    00000004     (.common:sys_tick_counter)
                  20000444    00000004     (.common:temperature)
                  20000448    00000004     (.common:timerACounter)
                  2000044c    00000002     (.common:temp_ds1820)
                  2000044e    00000001     (.common:dhtBit)
                  2000044f    00000001     (.common:operating_mode)
                  20000450    00000001     (.common:readDHT)

.TI.noinit 
*          0    2000036c    00000000     UNINITIALIZED

.data      0    20000454    00000064     UNINITIALIZED
                  20000454    0000003c     sensors.obj (.data)
                  20000490    0000000c     dht22.obj (.data)
                  2000049c    00000008     rtsv7M4_T_le_v4SPD16_eabi.lib : _lock.obj (.data)
                  200004a4    00000008                                   : exit.obj (.data)
                  200004ac    00000005     uartstdio.obj (.data)
                  200004b1    00000001     timers.obj (.data)
                  200004b2    00000002     --HOLE--
                  200004b4    00000004     rtsv7M4_T_le_v4SPD16_eabi.lib : stkdepth_vars.obj (.data)

.TI.persistent 
*          0    20000454    00000000     UNINITIALIZED


LINKER GENERATED COPY TABLES

__TI_cinit_table @ 000021c8 records: 3, size/record: 8, table size: 24
	.data: load addr=00002160, load size=00000047 bytes, run addr=20000454, run size=00000064 bytes, compression=rle
	.bss: load addr=000021b8, load size=00000008 bytes, run addr=2000036c, run size=000000e5 bytes, compression=zero_init
	.vtable: load addr=000021c0, load size=00000008 bytes, run addr=20000000, run size=0000026c bytes, compression=zero_init


LINKER GENERATED HANDLER TABLE

__TI_handler_table @ 000021a8 records: 3, size/record: 4, table size: 12
	index: 0, handler: __TI_zero_init
	index: 1, handler: __TI_decompress_rle24
	index: 2, handler: __TI_decompress_none


GLOBAL SYMBOLS: SORTED ALPHABETICALLY BY Name 

address   name                    
-------   ----                    
0000158d  C$$EXIT                 
00001baf  CPUcpsid                
00001bbb  CPUcpsie                
000011c9  ConfigureUART           
00001967  GPIODirModeSet          
00001c27  GPIOIntClear            
00001bc7  GPIOIntEnable           
00001a45  GPIOIntRegister         
00001b85  GPIOIntStatus           
000012d1  GPIOIntTypeSet          
000006b9  GPIOPadConfigSet        
00001501  GPIOPinConfigure        
00001c2d  GPIOPinRead             
00001add  GPIOPinTypeGPIOInput    
00001a5d  GPIOPinTypeGPIOOutput   
00001aef  GPIOPinTypeSSI          
00001c33  GPIOPinWrite            
00001041  IntEnable               
00001b25  IntMasterDisable        
00001b35  IntMasterEnable         
00001871  IntRegister             
00000579  PortEIntHandler         
0000141d  PortFIntHandler         
00001c39  ResetISR                
UNDEFED   SHT$$INIT_ARRAY$$Base   
UNDEFED   SHT$$INIT_ARRAY$$Limit  
00001c17  SSIBusy                 
00001c3f  SSIClockSourceSet       
0000174f  SSIConfigSetExpClk      
00001bd3  SSIDataGet              
00001b01  SSIDataGetNonBlocking   
00001bf9  SSIDataPut              
00001c03  SSIDisable              
00001c0d  SSIEnable               
00000ced  SSI_init                
000018d9  SSI_write               
000007e9  SysCtlClockGet          
000008f5  SysCtlClockSet          
00001c45  SysCtlDelay             
000018a5  SysCtlPeripheralEnable  
0000137d  SysCtlPeripheralReset   
00001a8d  SysTickEnable           
00001aa1  SysTickIntEnable        
000010a9  SysTickIntHandler       
00001b45  SysTickPeriodSet        
00001a29  Timer0IntHandler        
000017ff  Timer1IntHandler        
0000110d  TimerConfigure          
00001b93  TimerEnable             
00001c57  TimerIntClear           
00001c1f  TimerIntEnable          
00001b13  TimerLoadSet            
00001c4b  UARTClockSourceSet      
00000e85  UARTStdioConfig         
000019e5  UARTprintf              
0000026d  UARTvprintf             
0000116d  UARTwrite               
2000036c  __STACK_END             
00000100  __STACK_SIZE            
2000036c  __STACK_TOP             
000021c8  __TI_CINIT_Base         
000021e0  __TI_CINIT_Limit        
000021a8  __TI_Handler_Table_Base 
000021b4  __TI_Handler_Table_Limit
00000f69  __TI_auto_init          
200004a4  __TI_cleanup_ptr        
00001ba1  __TI_decompress_none    
00001c51  __TI_decompress_rle24   
200004a8  __TI_dtors_ptr          
00000000  __TI_static_base__      
00001bdf  __TI_zero_init          
0000186f  __aeabi_idiv0           
00000e09  __aeabi_memclr          
00000e09  __aeabi_memclr4         
00000e09  __aeabi_memclr8         
00000c51  __aeabi_memcpy          
00000c51  __aeabi_memcpy4         
00000c51  __aeabi_memcpy8         
00000e0b  __aeabi_memset          
00000e0b  __aeabi_memset4         
00000e0b  __aeabi_memset8         
00001691  __aeabi_uidiv           
00001691  __aeabi_uidivmod        
ffffffff  __binit__               
ffffffff  __c_args__              
2000026c  __stack                 
00001a75  _args_main              
000013cd  _c_int00                
2000049c  _lock                   
00001ad7  _nop                    
00001acf  _register_lock          
00001ac9  _register_unlock        
00001c5b  _system_pre_init        
200004a0  _unlock                 
00001591  abort                   
ffffffff  binit                   
00000b95  change_mode             
20000434  checksum                
000014b5  copy_in                 
00001a09  delay_seconds           
00001939  delay_us                
2000044e  dhtBit                  
20000438  dhtBitCount             
00001599  exit                    
20000000  g_pfnRAMVectors         
00000000  g_pfnVectors            
00001bed  getTimer0ChAvalue       
00001ab5  get_line                
2000043c  humidity                
00001801  init_actuators          
00000d7d  init_dht22              
00001b55  init_ds1820             
00001329  init_sensors            
0000178b  lcd_puts_line1          
000009e5  main                    
200004b4  main_func_sp            
00000c51  memcpy                  
00000e11  memset                  
00001611  nokiaLCDclear           
00000ad5  nokiaLCDinit            
00001991  nokiaLCDsetXY           
00001221  nokiaLCDtext            
00001469  nokiaLCDwrite           
2000044f  operating_mode          
20000450  readDHT                 
00001651  read_dht22              
00001549  read_ds1820             
00001279  read_scratchpad         
00001839  readslot                
2000036c  receivedBits            
000017c5  reset_ds1820            
00001909  setDHTinput             
000019bd  set_line                
00001b65  set_mode_input          
00001b75  set_mode_output         
00000ef9  startDHT                
20000440  sys_tick_counter        
2000044c  temp_ds1820             
20000444  temperature             
20000484  threshold_co2           
2000046c  threshold_humidity      
20000478  threshold_temperature   
20000448  timerACounter           
00001711  write_ds1820            
000016d1  writeslot               


GLOBAL SYMBOLS: SORTED BY Symbol Address 

address   name                    
-------   ----                    
00000000  __TI_static_base__      
00000000  g_pfnVectors            
00000100  __STACK_SIZE            
0000026d  UARTvprintf             
00000579  PortEIntHandler         
000006b9  GPIOPadConfigSet        
000007e9  SysCtlClockGet          
000008f5  SysCtlClockSet          
000009e5  main                    
00000ad5  nokiaLCDinit            
00000b95  change_mode             
00000c51  __aeabi_memcpy          
00000c51  __aeabi_memcpy4         
00000c51  __aeabi_memcpy8         
00000c51  memcpy                  
00000ced  SSI_init                
00000d7d  init_dht22              
00000e09  __aeabi_memclr          
00000e09  __aeabi_memclr4         
00000e09  __aeabi_memclr8         
00000e0b  __aeabi_memset          
00000e0b  __aeabi_memset4         
00000e0b  __aeabi_memset8         
00000e11  memset                  
00000e85  UARTStdioConfig         
00000ef9  startDHT                
00000f69  __TI_auto_init          
00001041  IntEnable               
000010a9  SysTickIntHandler       
0000110d  TimerConfigure          
0000116d  UARTwrite               
000011c9  ConfigureUART           
00001221  nokiaLCDtext            
00001279  read_scratchpad         
000012d1  GPIOIntTypeSet          
00001329  init_sensors            
0000137d  SysCtlPeripheralReset   
000013cd  _c_int00                
0000141d  PortFIntHandler         
00001469  nokiaLCDwrite           
000014b5  copy_in                 
00001501  GPIOPinConfigure        
00001549  read_ds1820             
0000158d  C$$EXIT                 
00001591  abort                   
00001599  exit                    
00001611  nokiaLCDclear           
00001651  read_dht22              
00001691  __aeabi_uidiv           
00001691  __aeabi_uidivmod        
000016d1  writeslot               
00001711  write_ds1820            
0000174f  SSIConfigSetExpClk      
0000178b  lcd_puts_line1          
000017c5  reset_ds1820            
000017ff  Timer1IntHandler        
00001801  init_actuators          
00001839  readslot                
0000186f  __aeabi_idiv0           
00001871  IntRegister             
000018a5  SysCtlPeripheralEnable  
000018d9  SSI_write               
00001909  setDHTinput             
00001939  delay_us                
00001967  GPIODirModeSet          
00001991  nokiaLCDsetXY           
000019bd  set_line                
000019e5  UARTprintf              
00001a09  delay_seconds           
00001a29  Timer0IntHandler        
00001a45  GPIOIntRegister         
00001a5d  GPIOPinTypeGPIOOutput   
00001a75  _args_main              
00001a8d  SysTickEnable           
00001aa1  SysTickIntEnable        
00001ab5  get_line                
00001ac9  _register_unlock        
00001acf  _register_lock          
00001ad7  _nop                    
00001add  GPIOPinTypeGPIOInput    
00001aef  GPIOPinTypeSSI          
00001b01  SSIDataGetNonBlocking   
00001b13  TimerLoadSet            
00001b25  IntMasterDisable        
00001b35  IntMasterEnable         
00001b45  SysTickPeriodSet        
00001b55  init_ds1820             
00001b65  set_mode_input          
00001b75  set_mode_output         
00001b85  GPIOIntStatus           
00001b93  TimerEnable             
00001ba1  __TI_decompress_none    
00001baf  CPUcpsid                
00001bbb  CPUcpsie                
00001bc7  GPIOIntEnable           
00001bd3  SSIDataGet              
00001bdf  __TI_zero_init          
00001bed  getTimer0ChAvalue       
00001bf9  SSIDataPut              
00001c03  SSIDisable              
00001c0d  SSIEnable               
00001c17  SSIBusy                 
00001c1f  TimerIntEnable          
00001c27  GPIOIntClear            
00001c2d  GPIOPinRead             
00001c33  GPIOPinWrite            
00001c39  ResetISR                
00001c3f  SSIClockSourceSet       
00001c45  SysCtlDelay             
00001c4b  UARTClockSourceSet      
00001c51  __TI_decompress_rle24   
00001c57  TimerIntClear           
00001c5b  _system_pre_init        
000021a8  __TI_Handler_Table_Base 
000021b4  __TI_Handler_Table_Limit
000021c8  __TI_CINIT_Base         
000021e0  __TI_CINIT_Limit        
20000000  g_pfnRAMVectors         
2000026c  __stack                 
2000036c  __STACK_END             
2000036c  __STACK_TOP             
2000036c  receivedBits            
20000434  checksum                
20000438  dhtBitCount             
2000043c  humidity                
20000440  sys_tick_counter        
20000444  temperature             
20000448  timerACounter           
2000044c  temp_ds1820             
2000044e  dhtBit                  
2000044f  operating_mode          
20000450  readDHT                 
2000046c  threshold_humidity      
20000478  threshold_temperature   
20000484  threshold_co2           
2000049c  _lock                   
200004a0  _unlock                 
200004a4  __TI_cleanup_ptr        
200004a8  __TI_dtors_ptr          
200004b4  main_func_sp            
ffffffff  __binit__               
ffffffff  __c_args__              
ffffffff  binit                   
UNDEFED   SHT$$INIT_ARRAY$$Base   
UNDEFED   SHT$$INIT_ARRAY$$Limit  

[145 symbols]
