******************************************************************************
                  TI ARM Linker PC v5.2.5                      
******************************************************************************
>> Linked Sun Oct 18 09:39:50 2015

OUTPUT FILE NAME:   <timers.out>
ENTRY POINT SYMBOL: "_c_int00"  address: 0000166d


MEMORY CONFIGURATION

         name            origin    length      used     unused   attr    fill
----------------------  --------  ---------  --------  --------  ----  --------
  FLASH                 00000000   00040000  000027e8  0003d818  R  X
  SRAM                  20000000   00008000  00000618  000079e8  RW X


SEGMENT ALLOCATION MAP

run origin  load origin   length   init length attrs members
----------  ----------- ---------- ----------- ----- -------
00000000    00000000    000027e8   000027e8    r-x
  00000000    00000000    0000026c   0000026c    r-- .intvecs
  0000026c    0000026c    00002018   00002018    r-x .text
  00002284    00002284    000004cc   000004cc    r-- .const
  00002750    00002750    00000098   00000098    r-- .cinit
20000000    20000000    00000618   00000000    rw-
  20000000    20000000    0000026c   00000000    rw- .vtable
  2000026c    2000026c    00000200   00000000    rw- .stack
  2000046c    2000046c    00000110   00000000    rw- .bss
  2000057c    2000057c    0000009c   00000000    rw- .data


SECTION ALLOCATION MAP

 output                                  attributes/
section   page    origin      length       input sections
--------  ----  ----------  ----------   ----------------
.intvecs   0    00000000    0000026c     
                  00000000    0000026c     startup_ccs.obj (.intvecs)

.text      0    0000026c    00002018     
                  0000026c    00000256     esp8266.obj (.text:send_esp8266)
                  000004c2    00000002     startup_ccs.obj (.text:FaultISR)
                  000004c4    00000140     dht22.obj (.text:PortEIntHandler)
                  00000604    00000130     driverlib.lib : gpio.obj (.text:GPIOPadConfigSet)
                  00000734    0000010c                   : sysctl.obj (.text:SysCtlClockGet)
                  00000840    0000010c     timers.obj (.text:main)
                  0000094c    000000f0     driverlib.lib : sysctl.obj (.text:SysCtlClockSet)
                  00000a3c    000000e0     lcd_nokia5510.obj (.text:nokiaLCDinit)
                  00000b1c    000000d8     esp8266.obj (.text:esp8266_send)
                  00000bf4    000000bc     sensors.obj (.text:change_mode)
                  00000cb0    000000ac     sensors.obj (.text:check_sensor1)
                  00000d5c    000000a4     esp8266.obj (.text:init_esp8266)
                  00000e00    0000009c     rtsv7M4_T_le_v4SPD16_eabi.lib : memcpy_t2.obj (.text)
                  00000e9c    00000090     tiva_ssi.obj (.text:SSI_init)
                  00000f2c    0000008c     dht22.obj (.text:init_dht22)
                  00000fb8    00000084     sensors.obj (.text:check_fan_timer)
                  0000103c    0000007a     rtsv7M4_T_le_v4SPD16_eabi.lib : memset_t2.obj (.text)
                  000010b6    00000002     startup_ccs.obj (.text:IntDefaultHandler)
                  000010b8    00000078     ds1820.obj (.text:read_ds1820)
                  00001130    00000070     dht22.obj (.text:startDHT)
                  000011a0    0000006c     rtsv7M4_T_le_v4SPD16_eabi.lib : autoinit.obj (.text)
                  0000120c    0000006a                                   : copy_decompress_rle.obj (.text)
                  00001276    00000002     startup_ccs.obj (.text:NmiSR)
                  00001278    00000068     driverlib.lib : interrupt.obj (.text:IntEnable)
                  000012e0    00000068     sensors.obj (.text:check_sensor2)
                  00001348    00000064     timers.obj (.text:check_sensors)
                  000013ac    00000060     driverlib.lib : timer.obj (.text:TimerConfigure)
                  0000140c    00000060     ds1820.obj (.text:read_scratchpad)
                  0000146c    00000058     sensors.obj (.text:init_sensors)
                  000014c4    00000058     lcd_nokia5510.obj (.text:nokiaLCDtext)
                  0000151c    00000058     ds1820.obj (.text:writeslot)
                  00001574    00000056     driverlib.lib : gpio.obj (.text:GPIOIntTypeSet)
                  000015ca    00000052     ds1820.obj (.text:reset_ds1820)
                  0000161c    00000050     driverlib.lib : sysctl.obj (.text:SysCtlPeripheralReset)
                  0000166c    00000050     rtsv7M4_T_le_v4SPD16_eabi.lib : boot.obj (.text)
                  000016bc    0000004e     ds1820.obj (.text:readslot)
                  0000170a    00000002     --HOLE-- [fill = 0]
                  0000170c    0000004c     sensors.obj (.text:PortFIntHandler)
                  00001758    0000004c     lcd_nokia5510.obj (.text:nokiaLCDwrite)
                  000017a4    0000004c     rtsv7M4_T_le_v4SPD16_eabi.lib : cpy_tbl.obj (.text)
                  000017f0    00000048     driverlib.lib : gpio.obj (.text:GPIOPinConfigure)
                  00001838    00000048     sensors.obj (.text:check_sensor3)
                  00001880    00000048     sensors.obj (.text:check_sensor4)
                  000018c8    00000048     sensors.obj (.text:update_thingspeak)
                  00001910    00000046     esp8266.obj (.text:esp8266_reset)
                  00001956    00000046     ds1820.obj (.text:write_ds1820)
                  0000199c    00000044     rtsv7M4_T_le_v4SPD16_eabi.lib : exit.obj (.text)
                  000019e0    00000042     driverlib.lib : uart.obj (.text:UARTConfigSetExpClk)
                  00001a22    00000002     --HOLE-- [fill = 0]
                  00001a24    00000040                   : gpio.obj (.text:_GPIOIntNumberGet)
                  00001a64    00000040     lcd_nokia5510.obj (.text:nokiaLCDclear)
                  00001aa4    00000040     dht22.obj (.text:read_dht22)
                  00001ae4    0000003c     driverlib.lib : ssi.obj (.text:SSIConfigSetExpClk)
                  00001b20    0000003c     timers.obj (.text:WatchdogIntHandler)
                  00001b5c    0000003a     lcd_nokia5510.obj (.text:lcd_puts_line1)
                  00001b96    0000003a     lcd_nokia5510.obj (.text:lcd_puts_line2)
                  00001bd0    0000003a     lcd_nokia5510.obj (.text:lcd_puts_line3)
                  00001c0a    00000002     --HOLE-- [fill = 0]
                  00001c0c    00000038     timers.obj (.text:SysTickIntHandler)
                  00001c44    00000038     actuators.obj (.text:init_actuators)
                  00001c7c    00000038     ds1820.obj (.text:set_line)
                  00001cb4    00000034     driverlib.lib : interrupt.obj (.text:IntRegister)
                  00001ce8    00000034                   : sysctl.obj (.text:SysCtlPeripheralEnable)
                  00001d1c    00000034     dht22.obj (.text:dht22_readhumidity)
                  00001d50    00000034     dht22.obj (.text:dht22_readtemp)
                  00001d84    00000034     rtsv7M4_T_le_v4SPD16_eabi.lib : strstr.obj (.text)
                  00001db8    00000034     esp8266.obj (.text:uart_send)
                  00001dec    00000030     tiva_ssi.obj (.text:SSI_write)
                  00001e1c    00000030     dht22.obj (.text:setDHTinput)
                  00001e4c    0000002e     timers.obj (.text:delay_us)
                  00001e7a    0000002a     driverlib.lib : gpio.obj (.text:GPIODirModeSet)
                  00001ea4    0000002a     lcd_nokia5510.obj (.text:nokiaLCDsetXY)
                  00001ece    00000002     --HOLE-- [fill = 0]
                  00001ed0    00000028     actuators.obj (.text:set_actuator1)
                  00001ef8    00000028     actuators.obj (.text:set_actuator2)
                  00001f20    00000024     sensors.obj (.text:update_lcd)
                  00001f44    0000001e     rtsv7M4_T_le_v4SPD16_eabi.lib : strcat.obj (.text)
                  00001f62    00000002     --HOLE-- [fill = 0]
                  00001f64    0000001c     dht22.obj (.text:Timer0IntHandler)
                  00001f80    0000001c     driverlib.lib : uart.obj (.text:UARTDisable)
                  00001f9c    0000001c     ds1820.obj (.text:get_line)
                  00001fb8    0000001c     ds1820.obj (.text:set_mode_input)
                  00001fd4    0000001c     ds1820.obj (.text:set_mode_output)
                  00001ff0    00000018     driverlib.lib : gpio.obj (.text:GPIOIntRegister)
                  00002008    00000018                   : gpio.obj (.text:GPIOPinTypeGPIOOutput)
                  00002020    00000018     ds1820.obj (.text:read_ds1820_1)
                  00002038    00000018     ds1820.obj (.text:read_ds1820_2)
                  00002050    00000018     rtsv7M4_T_le_v4SPD16_eabi.lib : args_main.obj (.text)
                  00002068    00000014     driverlib.lib : systick.obj (.text:SysTickEnable)
                  0000207c    00000014                   : systick.obj (.text:SysTickIntEnable)
                  00002090    00000014                   : uart.obj (.text:UARTEnable)
                  000020a4    00000014     rtsv7M4_T_le_v4SPD16_eabi.lib : _lock.obj (.text)
                  000020b8    00000014                                   : strcpy.obj (.text)
                  000020cc    00000012     driverlib.lib : gpio.obj (.text:GPIOPinTypeGPIOInput)
                  000020de    00000012                   : gpio.obj (.text:GPIOPinTypeSSI)
                  000020f0    00000012                   : gpio.obj (.text:GPIOPinTypeUART)
                  00002102    00000012                   : ssi.obj (.text:SSIDataGetNonBlocking)
                  00002114    00000012                   : timer.obj (.text:TimerLoadSet)
                  00002126    00000010                   : interrupt.obj (.text:IntMasterDisable)
                  00002136    00000010                   : interrupt.obj (.text:IntMasterEnable)
                  00002146    00000002     --HOLE-- [fill = 0]
                  00002148    00000010                   : systick.obj (.text:SysTickPeriodSet)
                  00002158    00000010     ds1820.obj (.text:init_ds1820)
                  00002168    00000010     timers.obj (.text:init_system)
                  00002178    0000000e     driverlib.lib : gpio.obj (.text:GPIOIntStatus)
                  00002186    0000000e                   : timer.obj (.text:TimerEnable)
                  00002194    0000000e                   : uart.obj (.text:UARTCharGetNonBlocking)
                  000021a2    0000000e     rtsv7M4_T_le_v4SPD16_eabi.lib : copy_decompress_none.obj (.text:decompress:none)
                  000021b0    0000000c     driverlib.lib : cpu.obj (.text:CPUcpsid)
                  000021bc    0000000c                   : cpu.obj (.text:CPUcpsie)
                  000021c8    0000000c                   : gpio.obj (.text:GPIOIntEnable)
                  000021d4    0000000c                   : ssi.obj (.text:SSIDataGet)
                  000021e0    0000000c                   : uart.obj (.text:UARTCharsAvail)
                  000021ec    0000000c     rtsv7M4_T_le_v4SPD16_eabi.lib : copy_zero_init.obj (.text:decompress:ZI)
                  000021f8    0000000c     dht22.obj (.text:getTimer0ChAvalue)
                  00002204    0000000c     timers.obj (.text:kick_watchdog)
                  00002210    0000000a     driverlib.lib : ssi.obj (.text:SSIDataPut)
                  0000221a    0000000a                   : ssi.obj (.text:SSIDisable)
                  00002224    0000000a                   : ssi.obj (.text:SSIEnable)
                  0000222e    0000000a                   : uart.obj (.text:UARTCharGet)
                  00002238    0000000a                   : uart.obj (.text:UARTCharPut)
                  00002242    00000008                   : ssi.obj (.text:SSIBusy)
                  0000224a    00000008                   : timer.obj (.text:TimerIntEnable)
                  00002252    00000006                   : gpio.obj (.text:GPIOIntClear)
                  00002258    00000006                   : gpio.obj (.text:GPIOPinRead)
                  0000225e    00000006                   : gpio.obj (.text:GPIOPinWrite)
                  00002264    00000006     startup_ccs.obj (.text:ResetISR)
                  0000226a    00000006     driverlib.lib : ssi.obj (.text:SSIClockSourceSet)
                  00002270    00000006                   : sysctl.obj (.text:SysCtlDelay)
                  00002276    00000006     rtsv7M4_T_le_v4SPD16_eabi.lib : copy_decompress_rle.obj (.text:decompress:rle24)
                  0000227c    00000004     driverlib.lib : timer.obj (.text:TimerIntClear)
                  00002280    00000004     rtsv7M4_T_le_v4SPD16_eabi.lib : pre_init.obj (.text)

.const     0    00002284    000004cc     
                  00002284    000001e0     lcd_nokia5510.obj (.const:ASCII)
                  00002464    000000c0     driverlib.lib : gpio.obj (.const:g_ppui32GPIOIntMapBlizzard)
                  00002524    000000c0                   : gpio.obj (.const:g_ppui32GPIOIntMapSnowflake)
                  000025e4    00000090                   : gpio.obj (.const:g_pui32GPIOBaseAddrs)
                  00002674    00000070                   : interrupt.obj (.const)
                  000026e4    0000006c                   : sysctl.obj (.const:g_pui32Xtals)

.cinit     0    00002750    00000098     
                  00002750    0000005d     (.cinit..data.load) [load image, compression = rle]
                  000027ad    00000003     --HOLE-- [fill = 0]
                  000027b0    0000000c     (__TI_handler_table)
                  000027bc    00000004     --HOLE-- [fill = 0]
                  000027c0    00000008     (.cinit..bss.load) [load image, compression = zero_init]
                  000027c8    00000008     (.cinit..vtable.load) [load image, compression = zero_init]
                  000027d0    00000018     (__TI_cinit_table)

.init_array 
*          0    00000000    00000000     UNINITIALIZED

.vtable    0    20000000    0000026c     UNINITIALIZED
                  20000000    0000026c     driverlib.lib : interrupt.obj (.vtable)

.stack     0    2000026c    00000200     UNINITIALIZED
                  2000026c    00000200     --HOLE--

.bss       0    2000046c    00000110     UNINITIALIZED
                  2000046c    000000c8     dht22.obj (.bss:receivedBits)
                  20000534    00000020     (.common:uart_data)
                  20000554    00000004     (.common:checksum)
                  20000558    00000004     (.common:dhtBitCount)
                  2000055c    00000004     (.common:g_ui32SecondsCounter)
                  20000560    00000004     (.common:g_ui32SysTickCounter)
                  20000564    00000004     (.common:humidity)
                  20000568    00000004     (.common:temp_secondsCounter$2)
                  2000056c    00000004     (.common:temperature)
                  20000570    00000004     (.common:timerACounter)
                  20000574    00000002     (.common:temp_ds1820)
                  20000576    00000001     (.common:dhtBit)
                  20000577    00000001     (.common:ds1820_data_bit)
                  20000578    00000001     (.common:dummy$1)
                  20000579    00000001     (.common:operating_mode)
                  2000057a    00000001     (.common:readDHT)
                  2000057b    00000001     (.common:uart_data_counter)

.TI.noinit 
*          0    2000046c    00000000     UNINITIALIZED

.data      0    2000057c    0000009c     UNINITIALIZED
                  2000057c    0000006d     sensors.obj (.data)
                  200005e9    00000003     --HOLE--
                  200005ec    0000000c     dht22.obj (.data)
                  200005f8    0000000c     timers.obj (.data)
                  20000604    00000008     rtsv7M4_T_le_v4SPD16_eabi.lib : _lock.obj (.data)
                  2000060c    00000008                                   : exit.obj (.data)
                  20000614    00000004                                   : stkdepth_vars.obj (.data)

.TI.persistent 
*          0    2000057c    00000000     UNINITIALIZED


LINKER GENERATED COPY TABLES

__TI_cinit_table @ 000027d0 records: 3, size/record: 8, table size: 24
	.data: load addr=00002750, load size=0000005d bytes, run addr=2000057c, run size=0000009c bytes, compression=rle
	.bss: load addr=000027c0, load size=00000008 bytes, run addr=2000046c, run size=00000110 bytes, compression=zero_init
	.vtable: load addr=000027c8, load size=00000008 bytes, run addr=20000000, run size=0000026c bytes, compression=zero_init


LINKER GENERATED HANDLER TABLE

__TI_handler_table @ 000027b0 records: 3, size/record: 4, table size: 12
	index: 0, handler: __TI_zero_init
	index: 1, handler: __TI_decompress_rle24
	index: 2, handler: __TI_decompress_none


GLOBAL SYMBOLS: SORTED ALPHABETICALLY BY Name 

address   name                     
-------   ----                     
0000199d  C$$EXIT                  
000021b1  CPUcpsid                 
000021bd  CPUcpsie                 
00001e7b  GPIODirModeSet           
00002253  GPIOIntClear             
000021c9  GPIOIntEnable            
00001ff1  GPIOIntRegister          
00002179  GPIOIntStatus            
00001575  GPIOIntTypeSet           
00000605  GPIOPadConfigSet         
000017f1  GPIOPinConfigure         
00002259  GPIOPinRead              
000020cd  GPIOPinTypeGPIOInput     
00002009  GPIOPinTypeGPIOOutput    
000020df  GPIOPinTypeSSI           
000020f1  GPIOPinTypeUART          
0000225f  GPIOPinWrite             
00001279  IntEnable                
00002127  IntMasterDisable         
00002137  IntMasterEnable          
00001cb5  IntRegister              
000004c5  PortEIntHandler          
0000170d  PortFIntHandler          
00002265  ResetISR                 
UNDEFED   SHT$$INIT_ARRAY$$Base    
UNDEFED   SHT$$INIT_ARRAY$$Limit   
00002243  SSIBusy                  
0000226b  SSIClockSourceSet        
00001ae5  SSIConfigSetExpClk       
000021d5  SSIDataGet               
00002103  SSIDataGetNonBlocking    
00002211  SSIDataPut               
0000221b  SSIDisable               
00002225  SSIEnable                
00000e9d  SSI_init                 
00001ded  SSI_write                
00000735  SysCtlClockGet           
0000094d  SysCtlClockSet           
00002271  SysCtlDelay              
00001ce9  SysCtlPeripheralEnable   
0000161d  SysCtlPeripheralReset    
00002069  SysTickEnable            
0000207d  SysTickIntEnable         
00001c0d  SysTickIntHandler        
00002149  SysTickPeriodSet         
00001f65  Timer0IntHandler         
000013ad  TimerConfigure           
00002187  TimerEnable              
0000227d  TimerIntClear            
0000224b  TimerIntEnable           
00002115  TimerLoadSet             
0000222f  UARTCharGet              
00002195  UARTCharGetNonBlocking   
00002239  UARTCharPut              
000021e1  UARTCharsAvail           
000019e1  UARTConfigSetExpClk      
00001f81  UARTDisable              
00002091  UARTEnable               
00001b21  WatchdogIntHandler       
2000046c  __STACK_END              
00000200  __STACK_SIZE             
2000036c  __STACK_TOP              
000027d0  __TI_CINIT_Base          
000027e8  __TI_CINIT_Limit         
000027b0  __TI_Handler_Table_Base  
000027bc  __TI_Handler_Table_Limit 
000011a1  __TI_auto_init           
2000060c  __TI_cleanup_ptr         
000021a3  __TI_decompress_none     
00002277  __TI_decompress_rle24    
20000610  __TI_dtors_ptr           
00000000  __TI_static_base__       
000021ed  __TI_zero_init           
0000103d  __aeabi_memclr           
0000103d  __aeabi_memclr4          
0000103d  __aeabi_memclr8          
00000e01  __aeabi_memcpy           
00000e01  __aeabi_memcpy4          
00000e01  __aeabi_memcpy8          
0000103f  __aeabi_memset           
0000103f  __aeabi_memset4          
0000103f  __aeabi_memset8          
ffffffff  __binit__                
ffffffff  __c_args__               
2000026c  __stack                  
00002051  _args_main               
0000166d  _c_int00                 
20000604  _lock                    
000020b3  _nop                     
000020ab  _register_lock           
000020a5  _register_unlock         
00002281  _system_pre_init         
20000608  _unlock                  
000019a1  abort                    
ffffffff  binit                    
00000bf5  change_mode              
00000fb9  check_fan_timer          
00000cb1  check_sensor1            
000012e1  check_sensor2            
00001839  check_sensor3            
00001881  check_sensor4            
00001349  check_sensors            
20000554  checksum                 
000017a5  copy_in                  
00001e4d  delay_us                 
00001d1d  dht22_readhumidity       
00001d51  dht22_readtemp           
20000576  dhtBit                   
20000558  dhtBitCount              
20000577  ds1820_data_bit          
200005c4  esp8266_data             
00001911  esp8266_reset            
00000b1d  esp8266_send             
000019a9  exit                     
200005f8  g_bFeedWatchdog          
200005f9  g_bWatchdogTimeoutMsgSent
20000000  g_pfnRAMVectors          
00000000  g_pfnVectors             
2000055c  g_ui32SecondsCounter     
20000560  g_ui32SysTickCounter     
000021f9  getTimer0ChAvalue        
00001f9d  get_line                 
20000564  humidity                 
00001c45  init_actuators           
00000f2d  init_dht22               
00002159  init_ds1820              
00000d5d  init_esp8266             
0000146d  init_sensors             
00002169  init_system              
00002205  kick_watchdog            
00001b5d  lcd_puts_line1           
00001b97  lcd_puts_line2           
00001bd1  lcd_puts_line3           
00000841  main                     
20000614  main_func_sp             
00000e01  memcpy                   
00001045  memset                   
00001a65  nokiaLCDclear            
00000a3d  nokiaLCDinit             
00001ea5  nokiaLCDsetXY            
000014c5  nokiaLCDtext             
00001759  nokiaLCDwrite            
20000579  operating_mode           
2000057a  readDHT                  
00001aa5  read_dht22               
000010b9  read_ds1820              
00002021  read_ds1820_1            
00002039  read_ds1820_2            
0000140d  read_scratchpad          
000016bd  readslot                 
2000046c  receivedBits             
000015cb  reset_ds1820             
0000026d  send_esp8266             
00001e1d  setDHTinput              
00001ed1  set_actuator1            
00001ef9  set_actuator2            
00001c7d  set_line                 
00001fb9  set_mode_input           
00001fd5  set_mode_output          
00001131  startDHT                 
00001f45  strcat                   
000020b9  strcpy                   
00001d85  strstr                   
20000574  temp_ds1820              
2000056c  temperature              
200005b8  threshold_co2            
200005a0  threshold_humidity       
200005ac  threshold_temperature    
20000570  timerACounter            
20000534  uart_data                
2000057b  uart_data_counter        
00001db9  uart_send                
00001f21  update_lcd               
000018c9  update_thingspeak        
00001957  write_ds1820             
0000151d  writeslot                


GLOBAL SYMBOLS: SORTED BY Symbol Address 

address   name                     
-------   ----                     
00000000  __TI_static_base__       
00000000  g_pfnVectors             
00000200  __STACK_SIZE             
0000026d  send_esp8266             
000004c5  PortEIntHandler          
00000605  GPIOPadConfigSet         
00000735  SysCtlClockGet           
00000841  main                     
0000094d  SysCtlClockSet           
00000a3d  nokiaLCDinit             
00000b1d  esp8266_send             
00000bf5  change_mode              
00000cb1  check_sensor1            
00000d5d  init_esp8266             
00000e01  __aeabi_memcpy           
00000e01  __aeabi_memcpy4          
00000e01  __aeabi_memcpy8          
00000e01  memcpy                   
00000e9d  SSI_init                 
00000f2d  init_dht22               
00000fb9  check_fan_timer          
0000103d  __aeabi_memclr           
0000103d  __aeabi_memclr4          
0000103d  __aeabi_memclr8          
0000103f  __aeabi_memset           
0000103f  __aeabi_memset4          
0000103f  __aeabi_memset8          
00001045  memset                   
000010b9  read_ds1820              
00001131  startDHT                 
000011a1  __TI_auto_init           
00001279  IntEnable                
000012e1  check_sensor2            
00001349  check_sensors            
000013ad  TimerConfigure           
0000140d  read_scratchpad          
0000146d  init_sensors             
000014c5  nokiaLCDtext             
0000151d  writeslot                
00001575  GPIOIntTypeSet           
000015cb  reset_ds1820             
0000161d  SysCtlPeripheralReset    
0000166d  _c_int00                 
000016bd  readslot                 
0000170d  PortFIntHandler          
00001759  nokiaLCDwrite            
000017a5  copy_in                  
000017f1  GPIOPinConfigure         
00001839  check_sensor3            
00001881  check_sensor4            
000018c9  update_thingspeak        
00001911  esp8266_reset            
00001957  write_ds1820             
0000199d  C$$EXIT                  
000019a1  abort                    
000019a9  exit                     
000019e1  UARTConfigSetExpClk      
00001a65  nokiaLCDclear            
00001aa5  read_dht22               
00001ae5  SSIConfigSetExpClk       
00001b21  WatchdogIntHandler       
00001b5d  lcd_puts_line1           
00001b97  lcd_puts_line2           
00001bd1  lcd_puts_line3           
00001c0d  SysTickIntHandler        
00001c45  init_actuators           
00001c7d  set_line                 
00001cb5  IntRegister              
00001ce9  SysCtlPeripheralEnable   
00001d1d  dht22_readhumidity       
00001d51  dht22_readtemp           
00001d85  strstr                   
00001db9  uart_send                
00001ded  SSI_write                
00001e1d  setDHTinput              
00001e4d  delay_us                 
00001e7b  GPIODirModeSet           
00001ea5  nokiaLCDsetXY            
00001ed1  set_actuator1            
00001ef9  set_actuator2            
00001f21  update_lcd               
00001f45  strcat                   
00001f65  Timer0IntHandler         
00001f81  UARTDisable              
00001f9d  get_line                 
00001fb9  set_mode_input           
00001fd5  set_mode_output          
00001ff1  GPIOIntRegister          
00002009  GPIOPinTypeGPIOOutput    
00002021  read_ds1820_1            
00002039  read_ds1820_2            
00002051  _args_main               
00002069  SysTickEnable            
0000207d  SysTickIntEnable         
00002091  UARTEnable               
000020a5  _register_unlock         
000020ab  _register_lock           
000020b3  _nop                     
000020b9  strcpy                   
000020cd  GPIOPinTypeGPIOInput     
000020df  GPIOPinTypeSSI           
000020f1  GPIOPinTypeUART          
00002103  SSIDataGetNonBlocking    
00002115  TimerLoadSet             
00002127  IntMasterDisable         
00002137  IntMasterEnable          
00002149  SysTickPeriodSet         
00002159  init_ds1820              
00002169  init_system              
00002179  GPIOIntStatus            
00002187  TimerEnable              
00002195  UARTCharGetNonBlocking   
000021a3  __TI_decompress_none     
000021b1  CPUcpsid                 
000021bd  CPUcpsie                 
000021c9  GPIOIntEnable            
000021d5  SSIDataGet               
000021e1  UARTCharsAvail           
000021ed  __TI_zero_init           
000021f9  getTimer0ChAvalue        
00002205  kick_watchdog            
00002211  SSIDataPut               
0000221b  SSIDisable               
00002225  SSIEnable                
0000222f  UARTCharGet              
00002239  UARTCharPut              
00002243  SSIBusy                  
0000224b  TimerIntEnable           
00002253  GPIOIntClear             
00002259  GPIOPinRead              
0000225f  GPIOPinWrite             
00002265  ResetISR                 
0000226b  SSIClockSourceSet        
00002271  SysCtlDelay              
00002277  __TI_decompress_rle24    
0000227d  TimerIntClear            
00002281  _system_pre_init         
000027b0  __TI_Handler_Table_Base  
000027bc  __TI_Handler_Table_Limit 
000027d0  __TI_CINIT_Base          
000027e8  __TI_CINIT_Limit         
20000000  g_pfnRAMVectors          
2000026c  __stack                  
2000036c  __STACK_TOP              
2000046c  __STACK_END              
2000046c  receivedBits             
20000534  uart_data                
20000554  checksum                 
20000558  dhtBitCount              
2000055c  g_ui32SecondsCounter     
20000560  g_ui32SysTickCounter     
20000564  humidity                 
2000056c  temperature              
20000570  timerACounter            
20000574  temp_ds1820              
20000576  dhtBit                   
20000577  ds1820_data_bit          
20000579  operating_mode           
2000057a  readDHT                  
2000057b  uart_data_counter        
200005a0  threshold_humidity       
200005ac  threshold_temperature    
200005b8  threshold_co2            
200005c4  esp8266_data             
200005f8  g_bFeedWatchdog          
200005f9  g_bWatchdogTimeoutMsgSent
20000604  _lock                    
20000608  _unlock                  
2000060c  __TI_cleanup_ptr         
20000610  __TI_dtors_ptr           
20000614  main_func_sp             
ffffffff  __binit__                
ffffffff  __c_args__               
ffffffff  binit                    
UNDEFED   SHT$$INIT_ARRAY$$Base    
UNDEFED   SHT$$INIT_ARRAY$$Limit   

[176 symbols]
