******************************************************************************
                  MSP430 Linker PC v4.4.6                      
******************************************************************************
>> Linked Wed Oct 28 12:31:13 2015

OUTPUT FILE NAME:   <MSP-EXP430G2-Launchpad.out>
ENTRY POINT SYMBOL: "_c_int00_noinit_noargs_noexit"  address: 0000cb20


MEMORY CONFIGURATION

         name            origin    length      used     unused   attr    fill
----------------------  --------  ---------  --------  --------  ----  --------
  SFR                   00000000   00000010  00000000  00000010  RWIX
  PERIPHERALS_8BIT      00000010   000000f0  00000000  000000f0  RWIX
  PERIPHERALS_16BIT     00000100   00000100  00000000  00000100  RWIX
  RAM                   00000200   00000200  00000032  000001ce  RWIX
  INFOD                 00001000   00000040  00000000  00000040  RWIX
  INFOC                 00001040   00000040  00000000  00000040  RWIX
  INFOB                 00001080   00000040  00000000  00000040  RWIX
  INFOA                 000010c0   00000040  00000000  00000040  RWIX
  FLASH                 0000c000   00003fe0  00000b9a  00003446  RWIX
  INT00                 0000ffe0   00000002  00000000  00000002  RWIX
  INT01                 0000ffe2   00000002  00000000  00000002  RWIX
  INT02                 0000ffe4   00000002  00000002  00000000  RWIX
  INT03                 0000ffe6   00000002  00000002  00000000  RWIX
  INT04                 0000ffe8   00000002  00000000  00000002  RWIX
  INT05                 0000ffea   00000002  00000002  00000000  RWIX
  INT06                 0000ffec   00000002  00000002  00000000  RWIX
  INT07                 0000ffee   00000002  00000002  00000000  RWIX
  INT08                 0000fff0   00000002  00000002  00000000  RWIX
  INT09                 0000fff2   00000002  00000002  00000000  RWIX
  INT10                 0000fff4   00000002  00000002  00000000  RWIX
  INT11                 0000fff6   00000002  00000002  00000000  RWIX
  INT12                 0000fff8   00000002  00000002  00000000  RWIX
  INT13                 0000fffa   00000002  00000002  00000000  RWIX
  INT14                 0000fffc   00000002  00000002  00000000  RWIX
  RESET                 0000fffe   00000002  00000002  00000000  RWIX


SECTION ALLOCATION MAP

 output                                  attributes/
section   page    origin      length       input sections
--------  ----  ----------  ----------   ----------------
.stack     0    000003cc    00000032     UNINITIALIZED
                  000003cc    00000002     rts430_eabi.lib : boot.obj (.stack)
                  000003ce    00000030     --HOLE--

.text      0    0000c000    00000b92     
                  0000c000    000002f4     rts430_eabi.lib : frcmpyd.obj (.text:__TI_frcmpyd)
                  0000c2f4    0000026e                     : mpyd.obj (.text:__mspabi_mpyd)
                  0000c562    000000e6     main.obj (.text:uitoa)
                  0000c648    00000080     rts430_eabi.lib : fltuld.obj (.text:__mspabi_fltuld)
                  0000c6c8    00000074                     : fixdul.obj (.text:__mspabi_fixdul)
                  0000c73c    00000066     main.obj (.text:main)
                  0000c7a2    00000060     main.obj (.text:TransmitCO2)
                  0000c802    0000005c     rts430_eabi.lib : lsr32.obj (.text:l_lsr_const)
                  0000c85e    00000058                     : div32u.obj (.text)
                  0000c8b6    0000004c                     : lsr16.obj (.text)
                  0000c902    00000044     main.obj (.text:ConfigureADC)
                  0000c946    00000040     main.obj (.text:getAdcCo2Sensor)
                  0000c986    0000003e     rts430_eabi.lib : asr32.obj (.text:l_asr_const)
                  0000c9c4    0000003e                     : lsl32.obj (.text:l_lsl_const)
                  0000ca02    0000003a     main.obj (.text:TransmitUART)
                  0000ca3c    0000002c     rts430_eabi.lib : asr16.obj (.text)
                  0000ca68    0000002c                     : lsl16.obj (.text)
                  0000ca94    0000002a     main.obj (.text:ConfigureUART)
                  0000cabe    00000026     rts430_eabi.lib : mult32.obj (.text)
                  0000cae4    00000016                     : div16u.obj (.text)
                  0000cafa    00000014                     : memset.obj (.text:memset)
                  0000cb0e    00000012                     : fixdu.obj (.text:__mspabi_fixdu)
                  0000cb20    00000012                     : boot_special.obj (.text:_c_int00_noinit_noargs_noexit)
                  0000cb32    00000012                     : lsr32.obj (.text:l_lsr)
                  0000cb44    00000012                     : memcpy.obj (.text:memcpy)
                  0000cb56    00000010     main.obj (.text:USCI0RX_ISR)
                  0000cb66    00000010     rts430_eabi.lib : epilog.obj (.text)
                  0000cb76    00000008     main.obj (.text:ADC10_ISR)
                  0000cb7e    00000006     rts430_eabi.lib : fltud.obj (.text:__mspabi_fltud)
                  0000cb84    00000006                     : isr_trap.obj (.text:_isr:__TI_ISR_TRAP)
                  0000cb8a    00000004                     : pre_init.obj (.text:_system_pre_init)
                  0000cb8e    00000004                     : exit.obj (.text:abort)

.cinit     0    0000c000    00000000     UNINITIALIZED

.const     0    0000cb92    00000008     
                  0000cb92    00000005     main.obj (.const:.string:$P$T0$1)
                  0000cb97    00000001     --HOLE-- [fill = 0]
                  0000cb98    00000002     main.obj (.const:.string:$P$T1$2)

.init_array 
*          0    0000c000    00000000     UNINITIALIZED

PORT1      0    0000ffe4    00000002     
                  0000ffe4    00000002     rts430_eabi.lib : int02.obj (.int02)

PORT2      0    0000ffe6    00000002     
                  0000ffe6    00000002     rts430_eabi.lib : int03.obj (.int03)

ADC10      0    0000ffea    00000002     
                  0000ffea    00000002     main.obj (.int05)

USCIAB0TX 
*          0    0000ffec    00000002     
                  0000ffec    00000002     rts430_eabi.lib : int06.obj (.int06)

USCIAB0RX 
*          0    0000ffee    00000002     
                  0000ffee    00000002     main.obj (.int07)

TIMER0_A1 
*          0    0000fff0    00000002     
                  0000fff0    00000002     rts430_eabi.lib : int08.obj (.int08)

TIMER0_A0 
*          0    0000fff2    00000002     
                  0000fff2    00000002     rts430_eabi.lib : int09.obj (.int09)

WDT        0    0000fff4    00000002     
                  0000fff4    00000002     rts430_eabi.lib : int10.obj (.int10)

COMPARATORA 
*          0    0000fff6    00000002     
                  0000fff6    00000002     rts430_eabi.lib : int11.obj (.int11)

TIMER1_A1 
*          0    0000fff8    00000002     
                  0000fff8    00000002     rts430_eabi.lib : int12.obj (.int12)

TIMER1_A0 
*          0    0000fffa    00000002     
                  0000fffa    00000002     rts430_eabi.lib : int13.obj (.int13)

NMI        0    0000fffc    00000002     
                  0000fffc    00000002     rts430_eabi.lib : int14.obj (.int14)

.reset     0    0000fffe    00000002     
                  0000fffe    00000002     rts430_eabi.lib : boot.obj (.reset)


GLOBAL SYMBOLS: SORTED ALPHABETICALLY BY Name 

address   name                         
-------   ----                         
0000004a  ADC10AE0                     
000001b0  ADC10CTL0                    
000001b2  ADC10CTL1                    
00000048  ADC10DTC0                    
00000049  ADC10DTC1                    
000001b4  ADC10MEM                     
000001bc  ADC10SA                      
0000cb76  ADC10_ISR                    
00000057  BCSCTL1                      
00000058  BCSCTL2                      
00000053  BCSCTL3                      
0000cb8e  C$$EXIT                      
00000059  CACTL1                       
0000005a  CACTL2                       
000010fb  CALBC1_12MHZ                 
000010f9  CALBC1_16MHZ                 
000010ff  CALBC1_1MHZ                  
000010fd  CALBC1_8MHZ                  
000010fa  CALDCO_12MHZ                 
000010f8  CALDCO_16MHZ                 
000010fe  CALDCO_1MHZ                  
000010fc  CALDCO_8MHZ                  
0000005b  CAPD                         
0000c902  ConfigureADC                 
0000ca94  ConfigureUART                
00000056  DCOCTL                       
00000128  FCTL1                        
0000012a  FCTL2                        
0000012c  FCTL3                        
00000000  IE1                          
00000001  IE2                          
00000002  IFG1                         
00000003  IFG2                         
00000022  P1DIR                        
00000025  P1IE                         
00000024  P1IES                        
00000023  P1IFG                        
00000020  P1IN                         
00000021  P1OUT                        
00000027  P1REN                        
00000026  P1SEL                        
00000041  P1SEL2                       
0000002a  P2DIR                        
0000002d  P2IE                         
0000002c  P2IES                        
0000002b  P2IFG                        
00000028  P2IN                         
00000029  P2OUT                        
0000002f  P2REN                        
0000002e  P2SEL                        
00000042  P2SEL2                       
0000001a  P3DIR                        
00000018  P3IN                         
00000019  P3OUT                        
00000010  P3REN                        
0000001b  P3SEL                        
00000043  P3SEL2                       
00000172  TA0CCR0                      
00000174  TA0CCR1                      
00000176  TA0CCR2                      
00000162  TA0CCTL0                     
00000164  TA0CCTL1                     
00000166  TA0CCTL2                     
00000160  TA0CTL                       
0000012e  TA0IV                        
00000170  TA0R                         
00000192  TA1CCR0                      
00000194  TA1CCR1                      
00000196  TA1CCR2                      
00000182  TA1CCTL0                     
00000184  TA1CCTL1                     
00000186  TA1CCTL2                     
00000180  TA1CTL                       
0000011e  TA1IV                        
00000190  TA1R                         
000010db  TLV_ADC10_1_LEN              
000010da  TLV_ADC10_1_TAG              
000010c0  TLV_CHECKSUM                 
000010f7  TLV_DCO_30_LEN               
000010f6  TLV_DCO_30_TAG               
0000c7a2  TransmitCO2                  
0000ca02  TransmitUART                 
0000005d  UCA0ABCTL                    
00000062  UCA0BR0                      
00000063  UCA0BR1                      
00000060  UCA0CTL0                     
00000061  UCA0CTL1                     
0000005f  UCA0IRRCTL                   
0000005e  UCA0IRTCTL                   
00000064  UCA0MCTL                     
00000066  UCA0RXBUF                    
00000065  UCA0STAT                     
00000067  UCA0TXBUF                    
0000006a  UCB0BR0                      
0000006b  UCB0BR1                      
00000068  UCB0CTL0                     
00000069  UCB0CTL1                     
0000006c  UCB0I2CIE                    
00000118  UCB0I2COA                    
0000011a  UCB0I2CSA                    
0000006e  UCB0RXBUF                    
0000006d  UCB0STAT                     
0000006f  UCB0TXBUF                    
0000cb56  USCI0RX_ISR                  
00000120  WDTCTL                       
000003fe  __STACK_END                  
00000032  __STACK_SIZE                 
0000cb84  __TI_ISR_TRAP                
0000c000  __TI_frcmpyd                 
0000ffe4  __TI_int02                   
0000ffe6  __TI_int03                   
0000ffea  __TI_int05                   
0000ffec  __TI_int06                   
0000ffee  __TI_int07                   
0000fff0  __TI_int08                   
0000fff2  __TI_int09                   
0000fff4  __TI_int10                   
0000fff6  __TI_int11                   
0000fff8  __TI_int12                   
0000fffa  __TI_int13                   
0000fffc  __TI_int14                   
ffffffff  __binit__                    
ffffffff  __c_args__                   
0000cae4  __mspabi_divu                
0000c85e  __mspabi_divul               
0000cb0e  __mspabi_fixdu               
0000c6c8  __mspabi_fixdul              
0000cb7e  __mspabi_fltud               
0000c648  __mspabi_fltuld              
0000cb72  __mspabi_func_epilog_1       
0000cb70  __mspabi_func_epilog_2       
0000cb6e  __mspabi_func_epilog_3       
0000cb6c  __mspabi_func_epilog_4       
0000cb6a  __mspabi_func_epilog_5       
0000cb68  __mspabi_func_epilog_6       
0000cb66  __mspabi_func_epilog_7       
0000c2f4  __mspabi_mpyd                
0000cabe  __mspabi_mpyl                
0000cabe  __mspabi_mpyl_sw             
0000cae4  __mspabi_remu                
0000c85e  __mspabi_remul               
0000ca68  __mspabi_slli                
0000ca90  __mspabi_slli_1              
0000ca7e  __mspabi_slli_10             
0000ca7c  __mspabi_slli_11             
0000ca7a  __mspabi_slli_12             
0000ca78  __mspabi_slli_13             
0000ca76  __mspabi_slli_14             
0000ca74  __mspabi_slli_15             
0000ca8e  __mspabi_slli_2              
0000ca8c  __mspabi_slli_3              
0000ca8a  __mspabi_slli_4              
0000ca88  __mspabi_slli_5              
0000ca86  __mspabi_slli_6              
0000ca84  __mspabi_slli_7              
0000ca82  __mspabi_slli_8              
0000ca80  __mspabi_slli_9              
0000c9fc  __mspabi_slll_1              
0000c9d8  __mspabi_slll_10             
0000c9d4  __mspabi_slll_11             
0000c9d0  __mspabi_slll_12             
0000c9cc  __mspabi_slll_13             
0000c9c8  __mspabi_slll_14             
0000c9c4  __mspabi_slll_15             
0000c9f8  __mspabi_slll_2              
0000c9f4  __mspabi_slll_3              
0000c9f0  __mspabi_slll_4              
0000c9ec  __mspabi_slll_5              
0000c9e8  __mspabi_slll_6              
0000c9e4  __mspabi_slll_7              
0000c9e0  __mspabi_slll_8              
0000c9dc  __mspabi_slll_9              
0000ca3c  __mspabi_srai                
0000ca64  __mspabi_srai_1              
0000ca52  __mspabi_srai_10             
0000ca50  __mspabi_srai_11             
0000ca4e  __mspabi_srai_12             
0000ca4c  __mspabi_srai_13             
0000ca4a  __mspabi_srai_14             
0000ca48  __mspabi_srai_15             
0000ca62  __mspabi_srai_2              
0000ca60  __mspabi_srai_3              
0000ca5e  __mspabi_srai_4              
0000ca5c  __mspabi_srai_5              
0000ca5a  __mspabi_srai_6              
0000ca58  __mspabi_srai_7              
0000ca56  __mspabi_srai_8              
0000ca54  __mspabi_srai_9              
0000c9be  __mspabi_sral_1              
0000c99a  __mspabi_sral_10             
0000c996  __mspabi_sral_11             
0000c992  __mspabi_sral_12             
0000c98e  __mspabi_sral_13             
0000c98a  __mspabi_sral_14             
0000c986  __mspabi_sral_15             
0000c9ba  __mspabi_sral_2              
0000c9b6  __mspabi_sral_3              
0000c9b2  __mspabi_sral_4              
0000c9ae  __mspabi_sral_5              
0000c9aa  __mspabi_sral_6              
0000c9a6  __mspabi_sral_7              
0000c9a2  __mspabi_sral_8              
0000c99e  __mspabi_sral_9              
0000c8b6  __mspabi_srli                
0000c8fc  __mspabi_srli_1              
0000c8d8  __mspabi_srli_10             
0000c8d4  __mspabi_srli_11             
0000c8d0  __mspabi_srli_12             
0000c8cc  __mspabi_srli_13             
0000c8c8  __mspabi_srli_14             
0000c8c4  __mspabi_srli_15             
0000c8f8  __mspabi_srli_2              
0000c8f4  __mspabi_srli_3              
0000c8f0  __mspabi_srli_4              
0000c8ec  __mspabi_srli_5              
0000c8e8  __mspabi_srli_6              
0000c8e4  __mspabi_srli_7              
0000c8e0  __mspabi_srli_8              
0000c8dc  __mspabi_srli_9              
0000cb32  __mspabi_srll                
0000c856  __mspabi_srll_1              
0000c820  __mspabi_srll_10             
0000c81a  __mspabi_srll_11             
0000c814  __mspabi_srll_12             
0000c80e  __mspabi_srll_13             
0000c808  __mspabi_srll_14             
0000c802  __mspabi_srll_15             
0000c850  __mspabi_srll_2              
0000c84a  __mspabi_srll_3              
0000c844  __mspabi_srll_4              
0000c83e  __mspabi_srll_5              
0000c838  __mspabi_srll_6              
0000c832  __mspabi_srll_7              
0000c82c  __mspabi_srll_8              
0000c826  __mspabi_srll_9              
0000cb20  _c_int00_noinit_noargs_noexit
0000fffe  _reset_vector                
000003cc  _stack                       
0000cb8a  _system_pre_init             
0000cb8e  abort                        
ffffffff  binit                        
0000c946  getAdcCo2Sensor              
0000c73c  main                         
0000cb44  memcpy                       
0000cafa  memset                       
0000c562  uitoa                        


GLOBAL SYMBOLS: SORTED BY Symbol Address 

address   name                         
-------   ----                         
00000000  IE1                          
00000001  IE2                          
00000002  IFG1                         
00000003  IFG2                         
00000010  P3REN                        
00000018  P3IN                         
00000019  P3OUT                        
0000001a  P3DIR                        
0000001b  P3SEL                        
00000020  P1IN                         
00000021  P1OUT                        
00000022  P1DIR                        
00000023  P1IFG                        
00000024  P1IES                        
00000025  P1IE                         
00000026  P1SEL                        
00000027  P1REN                        
00000028  P2IN                         
00000029  P2OUT                        
0000002a  P2DIR                        
0000002b  P2IFG                        
0000002c  P2IES                        
0000002d  P2IE                         
0000002e  P2SEL                        
0000002f  P2REN                        
00000032  __STACK_SIZE                 
00000041  P1SEL2                       
00000042  P2SEL2                       
00000043  P3SEL2                       
00000048  ADC10DTC0                    
00000049  ADC10DTC1                    
0000004a  ADC10AE0                     
00000053  BCSCTL3                      
00000056  DCOCTL                       
00000057  BCSCTL1                      
00000058  BCSCTL2                      
00000059  CACTL1                       
0000005a  CACTL2                       
0000005b  CAPD                         
0000005d  UCA0ABCTL                    
0000005e  UCA0IRTCTL                   
0000005f  UCA0IRRCTL                   
00000060  UCA0CTL0                     
00000061  UCA0CTL1                     
00000062  UCA0BR0                      
00000063  UCA0BR1                      
00000064  UCA0MCTL                     
00000065  UCA0STAT                     
00000066  UCA0RXBUF                    
00000067  UCA0TXBUF                    
00000068  UCB0CTL0                     
00000069  UCB0CTL1                     
0000006a  UCB0BR0                      
0000006b  UCB0BR1                      
0000006c  UCB0I2CIE                    
0000006d  UCB0STAT                     
0000006e  UCB0RXBUF                    
0000006f  UCB0TXBUF                    
00000118  UCB0I2COA                    
0000011a  UCB0I2CSA                    
0000011e  TA1IV                        
00000120  WDTCTL                       
00000128  FCTL1                        
0000012a  FCTL2                        
0000012c  FCTL3                        
0000012e  TA0IV                        
00000160  TA0CTL                       
00000162  TA0CCTL0                     
00000164  TA0CCTL1                     
00000166  TA0CCTL2                     
00000170  TA0R                         
00000172  TA0CCR0                      
00000174  TA0CCR1                      
00000176  TA0CCR2                      
00000180  TA1CTL                       
00000182  TA1CCTL0                     
00000184  TA1CCTL1                     
00000186  TA1CCTL2                     
00000190  TA1R                         
00000192  TA1CCR0                      
00000194  TA1CCR1                      
00000196  TA1CCR2                      
000001b0  ADC10CTL0                    
000001b2  ADC10CTL1                    
000001b4  ADC10MEM                     
000001bc  ADC10SA                      
000003cc  _stack                       
000003fe  __STACK_END                  
000010c0  TLV_CHECKSUM                 
000010da  TLV_ADC10_1_TAG              
000010db  TLV_ADC10_1_LEN              
000010f6  TLV_DCO_30_TAG               
000010f7  TLV_DCO_30_LEN               
000010f8  CALDCO_16MHZ                 
000010f9  CALBC1_16MHZ                 
000010fa  CALDCO_12MHZ                 
000010fb  CALBC1_12MHZ                 
000010fc  CALDCO_8MHZ                  
000010fd  CALBC1_8MHZ                  
000010fe  CALDCO_1MHZ                  
000010ff  CALBC1_1MHZ                  
0000c000  __TI_frcmpyd                 
0000c2f4  __mspabi_mpyd                
0000c562  uitoa                        
0000c648  __mspabi_fltuld              
0000c6c8  __mspabi_fixdul              
0000c73c  main                         
0000c7a2  TransmitCO2                  
0000c802  __mspabi_srll_15             
0000c808  __mspabi_srll_14             
0000c80e  __mspabi_srll_13             
0000c814  __mspabi_srll_12             
0000c81a  __mspabi_srll_11             
0000c820  __mspabi_srll_10             
0000c826  __mspabi_srll_9              
0000c82c  __mspabi_srll_8              
0000c832  __mspabi_srll_7              
0000c838  __mspabi_srll_6              
0000c83e  __mspabi_srll_5              
0000c844  __mspabi_srll_4              
0000c84a  __mspabi_srll_3              
0000c850  __mspabi_srll_2              
0000c856  __mspabi_srll_1              
0000c85e  __mspabi_divul               
0000c85e  __mspabi_remul               
0000c8b6  __mspabi_srli                
0000c8c4  __mspabi_srli_15             
0000c8c8  __mspabi_srli_14             
0000c8cc  __mspabi_srli_13             
0000c8d0  __mspabi_srli_12             
0000c8d4  __mspabi_srli_11             
0000c8d8  __mspabi_srli_10             
0000c8dc  __mspabi_srli_9              
0000c8e0  __mspabi_srli_8              
0000c8e4  __mspabi_srli_7              
0000c8e8  __mspabi_srli_6              
0000c8ec  __mspabi_srli_5              
0000c8f0  __mspabi_srli_4              
0000c8f4  __mspabi_srli_3              
0000c8f8  __mspabi_srli_2              
0000c8fc  __mspabi_srli_1              
0000c902  ConfigureADC                 
0000c946  getAdcCo2Sensor              
0000c986  __mspabi_sral_15             
0000c98a  __mspabi_sral_14             
0000c98e  __mspabi_sral_13             
0000c992  __mspabi_sral_12             
0000c996  __mspabi_sral_11             
0000c99a  __mspabi_sral_10             
0000c99e  __mspabi_sral_9              
0000c9a2  __mspabi_sral_8              
0000c9a6  __mspabi_sral_7              
0000c9aa  __mspabi_sral_6              
0000c9ae  __mspabi_sral_5              
0000c9b2  __mspabi_sral_4              
0000c9b6  __mspabi_sral_3              
0000c9ba  __mspabi_sral_2              
0000c9be  __mspabi_sral_1              
0000c9c4  __mspabi_slll_15             
0000c9c8  __mspabi_slll_14             
0000c9cc  __mspabi_slll_13             
0000c9d0  __mspabi_slll_12             
0000c9d4  __mspabi_slll_11             
0000c9d8  __mspabi_slll_10             
0000c9dc  __mspabi_slll_9              
0000c9e0  __mspabi_slll_8              
0000c9e4  __mspabi_slll_7              
0000c9e8  __mspabi_slll_6              
0000c9ec  __mspabi_slll_5              
0000c9f0  __mspabi_slll_4              
0000c9f4  __mspabi_slll_3              
0000c9f8  __mspabi_slll_2              
0000c9fc  __mspabi_slll_1              
0000ca02  TransmitUART                 
0000ca3c  __mspabi_srai                
0000ca48  __mspabi_srai_15             
0000ca4a  __mspabi_srai_14             
0000ca4c  __mspabi_srai_13             
0000ca4e  __mspabi_srai_12             
0000ca50  __mspabi_srai_11             
0000ca52  __mspabi_srai_10             
0000ca54  __mspabi_srai_9              
0000ca56  __mspabi_srai_8              
0000ca58  __mspabi_srai_7              
0000ca5a  __mspabi_srai_6              
0000ca5c  __mspabi_srai_5              
0000ca5e  __mspabi_srai_4              
0000ca60  __mspabi_srai_3              
0000ca62  __mspabi_srai_2              
0000ca64  __mspabi_srai_1              
0000ca68  __mspabi_slli                
0000ca74  __mspabi_slli_15             
0000ca76  __mspabi_slli_14             
0000ca78  __mspabi_slli_13             
0000ca7a  __mspabi_slli_12             
0000ca7c  __mspabi_slli_11             
0000ca7e  __mspabi_slli_10             
0000ca80  __mspabi_slli_9              
0000ca82  __mspabi_slli_8              
0000ca84  __mspabi_slli_7              
0000ca86  __mspabi_slli_6              
0000ca88  __mspabi_slli_5              
0000ca8a  __mspabi_slli_4              
0000ca8c  __mspabi_slli_3              
0000ca8e  __mspabi_slli_2              
0000ca90  __mspabi_slli_1              
0000ca94  ConfigureUART                
0000cabe  __mspabi_mpyl                
0000cabe  __mspabi_mpyl_sw             
0000cae4  __mspabi_divu                
0000cae4  __mspabi_remu                
0000cafa  memset                       
0000cb0e  __mspabi_fixdu               
0000cb20  _c_int00_noinit_noargs_noexit
0000cb32  __mspabi_srll                
0000cb44  memcpy                       
0000cb56  USCI0RX_ISR                  
0000cb66  __mspabi_func_epilog_7       
0000cb68  __mspabi_func_epilog_6       
0000cb6a  __mspabi_func_epilog_5       
0000cb6c  __mspabi_func_epilog_4       
0000cb6e  __mspabi_func_epilog_3       
0000cb70  __mspabi_func_epilog_2       
0000cb72  __mspabi_func_epilog_1       
0000cb76  ADC10_ISR                    
0000cb7e  __mspabi_fltud               
0000cb84  __TI_ISR_TRAP                
0000cb8a  _system_pre_init             
0000cb8e  C$$EXIT                      
0000cb8e  abort                        
0000ffe4  __TI_int02                   
0000ffe6  __TI_int03                   
0000ffea  __TI_int05                   
0000ffec  __TI_int06                   
0000ffee  __TI_int07                   
0000fff0  __TI_int08                   
0000fff2  __TI_int09                   
0000fff4  __TI_int10                   
0000fff6  __TI_int11                   
0000fff8  __TI_int12                   
0000fffa  __TI_int13                   
0000fffc  __TI_int14                   
0000fffe  _reset_vector                
ffffffff  __binit__                    
ffffffff  __c_args__                   
ffffffff  binit                        

[246 symbols]
