******************************************************************************
                  MSP430 Linker PC v4.4.6                      
******************************************************************************
>> Linked Sat Nov 07 00:18:39 2015

OUTPUT FILE NAME:   <MSP-EXP430G2-Launchpad.out>
ENTRY POINT SYMBOL: "_c_int00_noargs_noexit"  address: 0000f090


MEMORY CONFIGURATION

         name            origin    length      used     unused   attr    fill
----------------------  --------  ---------  --------  --------  ----  --------
  SFR                   00000000   00000010  00000000  00000010  RWIX
  PERIPHERALS_8BIT      00000010   000000f0  00000000  000000f0  RWIX
  PERIPHERALS_16BIT     00000100   00000100  00000000  00000100  RWIX
  RAM                   00000200   00000200  0000017e  00000082  RWIX
  INFOD                 00001000   00000040  00000000  00000040  RWIX
  INFOC                 00001040   00000040  00000000  00000040  RWIX
  INFOB                 00001080   00000040  00000000  00000040  RWIX
  INFOA                 000010c0   00000040  00000000  00000040  RWIX
  FLASH                 0000c000   00003fe0  000032a8  00000d38  RWIX
  INT00                 0000ffe0   00000002  00000000  00000002  RWIX
  INT01                 0000ffe2   00000002  00000000  00000002  RWIX
  INT02                 0000ffe4   00000002  00000002  00000000  RWIX
  INT03                 0000ffe6   00000002  00000002  00000000  RWIX
  INT04                 0000ffe8   00000002  00000000  00000002  RWIX
  INT05                 0000ffea   00000002  00000002  00000000  RWIX
  INT06                 0000ffec   00000002  00000002  00000000  RWIX
  INT07                 0000ffee   00000002  00000002  00000000  RWIX
  INT08                 0000fff0   00000002  00000002  00000000  RWIX
  INT09                 0000fff2   00000002  00000002  00000000  RWIX
  INT10                 0000fff4   00000002  00000002  00000000  RWIX
  INT11                 0000fff6   00000002  00000002  00000000  RWIX
  INT12                 0000fff8   00000002  00000002  00000000  RWIX
  INT13                 0000fffa   00000002  00000002  00000000  RWIX
  INT14                 0000fffc   00000002  00000002  00000000  RWIX
  RESET                 0000fffe   00000002  00000002  00000000  RWIX


SECTION ALLOCATION MAP

 output                                  attributes/
section   page    origin      length       input sections
--------  ----  ----------  ----------   ----------------
.data      0    00000200    0000014c     UNINITIALIZED
                  00000200    00000080     rts430_eabi.lib : xvalues.obj (.data)
                  00000280    00000068                     : xfvalues.obj (.data)
                  000002e8    00000058                     : signal.obj (.data:sigtable)
                  00000340    00000006                     : feraiseexcept.obj (.data)
                  00000346    00000002                     : _lock.obj (.data:_lock)
                  00000348    00000002                     : _lock.obj (.data:_unlock)
                  0000034a    00000002                     : errno.obj (.data)

.stack     0    000003cc    00000032     UNINITIALIZED
                  000003cc    00000002     rts430_eabi.lib : boot.obj (.stack)
                  000003ce    00000030     --HOLE--

.text      0    0000c000    000031b8     
                  0000c000    000006b2     rts430_eabi.lib : pow.obj (.text:pow)
                  0000c6b2    00000462                     : frcdivd.obj (.text:__TI_frcdivd)
                  0000cb14    0000045a                     : xlog.obj (.text:_Log)
                  0000cf6e    0000039c                     : xexp.obj (.text:_Exp)
                  0000d30a    000002f4                     : frcmpyd.obj (.text:__TI_frcmpyd)
                  0000d5fe    000002e8                     : addd.obj (.text:__mspabi_addd)
                  0000d8e6    0000026e                     : mpyd.obj (.text:__mspabi_mpyd)
                  0000db54    00000260                     : frcaddd.obj (.text:__TI_frcaddd)
                  0000ddb4    00000238                     : divd.obj (.text:__mspabi_divd)
                  0000dfec    000001b4                     : xdscale.obj (.text:_Dscale)
                  0000e1a0    00000110                     : xdnorm.obj (.text:_Dnorm)
                  0000e2b0    000000e6     utils.obj (.text:uitoa)
                  0000e396    000000dc     rts430_eabi.lib : cmpd.obj (.text:__mspabi_cmpd)
                  0000e472    000000cc                     : xdint.obj (.text:_Dint)
                  0000e53e    000000be                     : renormd.obj (.text:__TI_renormd)
                  0000e5fc    000000a2                     : fltlid.obj (.text:__mspabi_fltlid)
                  0000e69e    000000a0     main.obj (.text:calculateCO2)
                  0000e73e    0000009a     rts430_eabi.lib : fs_div.obj (.text)
                  0000e7d8    0000008c                     : cvtdf.obj (.text:__mspabi_cvtdf)
                  0000e864    00000080                     : fltuld.obj (.text:__mspabi_fltuld)
                  0000e8e4    0000007c                     : xdunscal.obj (.text:_Dunscale)
                  0000e960    00000074                     : fixdul.obj (.text:__mspabi_fixdul)
                  0000e9d4    00000072                     : fixdli.obj (.text:__mspabi_fixdli)
                  0000ea46    00000068                     : cvtfd.obj (.text:__mspabi_cvtfd)
                  0000eaae    00000066     main.obj (.text:main)
                  0000eb14    00000064     rts430_eabi.lib : copy_decompress_rle.obj (.text:__TI_decompress_rle_core)
                  0000eb78    0000005c                     : lsr32.obj (.text:l_lsr_const)
                  0000ebd4    00000058                     : autoinit.obj (.text:_auto_init)
                  0000ec2c    00000058                     : div32u.obj (.text)
                  0000ec84    00000050     main.obj (.text:TransmitCO2)
                  0000ecd4    0000004e     main.obj (.text:getAdcCo2Sensor)
                  0000ed22    0000004c     rts430_eabi.lib : lsr16.obj (.text)
                  0000ed6e    00000044     main.obj (.text:ConfigureADC)
                  0000edb2    0000003e     rts430_eabi.lib : asr32.obj (.text:l_asr_const)
                  0000edf0    0000003e                     : lsl32.obj (.text:l_lsl_const)
                  0000ee2e    0000003a     main.obj (.text:TransmitUART)
                  0000ee68    00000038     rts430_eabi.lib : signal.obj (.text:signal)
                  0000eea0    00000036                     : fs_itof.obj (.text)
                  0000eed6    00000032                     : xferaise.obj (.text:_Feraise)
                  0000ef08    00000032                     : raise.obj (.text:raise)
                  0000ef3a    0000002e                     : subd.obj (.text:__mspabi_subd)
                  0000ef68    0000002e                     : feraiseexcept.obj (.text:feraiseexcept)
                  0000ef96    0000002c                     : asr16.obj (.text)
                  0000efc2    0000002c                     : lsl16.obj (.text)
                  0000efee    0000002a     main.obj (.text:ConfigureUART)
                  0000f018    0000002a     rts430_eabi.lib : negd.obj (.text:__mspabi_negd)
                  0000f042    00000028                     : fixdi.obj (.text:__mspabi_fixdi)
                  0000f06a    00000026                     : mult32.obj (.text)
                  0000f090    0000001a                     : boot_special.obj (.text:_c_int00_noargs_noexit)
                  0000f0aa    00000016                     : div16u.obj (.text)
                  0000f0c0    00000014                     : memset.obj (.text:memset)
                  0000f0d4    00000014                     : mult16.obj (.text)
                  0000f0e8    00000012                     : fixdu.obj (.text:__mspabi_fixdu)
                  0000f0fa    00000012                     : copy_decompress_none.obj (.text:decompress:none:__TI_decompress_none)
                  0000f10c    00000012                     : lsr32.obj (.text:l_lsr)
                  0000f11e    00000012                     : memcpy.obj (.text:memcpy)
                  0000f130    00000010     main.obj (.text:USCI0RX_ISR)
                  0000f140    00000010     rts430_eabi.lib : asr32.obj (.text:l_asr)
                  0000f150    00000010                     : lsl32.obj (.text:l_lsl)
                  0000f160    00000010                     : epilog.obj (.text)
                  0000f170    0000000e                     : log.obj (.text:log)
                  0000f17e    0000000c                     : fltid.obj (.text:__mspabi_fltid)
                  0000f18a    0000000a                     : fs_neg.obj (.text)
                  0000f194    00000008     main.obj (.text:ADC10_ISR)
                  0000f19c    00000006     rts430_eabi.lib : fltud.obj (.text:__mspabi_fltud)
                  0000f1a2    00000006                     : isr_trap.obj (.text:_isr:__TI_ISR_TRAP)
                  0000f1a8    00000006                     : copy_decompress_rle.obj (.text:decompress:rle24:__TI_decompress_rle24)
                  0000f1ae    00000004                     : pre_init.obj (.text:_system_pre_init)
                  0000f1b2    00000004                     : exit.obj (.text:abort)
                  0000f1b6    00000002                     : _lock.obj (.text:_nop)

.const     0    0000f1b8    0000008a     
                  0000f1b8    00000038     rts430_eabi.lib : xlog.obj (.const:p)
                  0000f1f0    00000020                     : xdint.obj (.const:mask$1)
                  0000f210    00000018                     : xexp.obj (.const:s)
                  0000f228    00000010                     : xexp.obj (.const:c)
                  0000f238    00000008                     : xdint.obj (.const:sub$2)
                  0000f240    00000002     main.obj (.const:.string:$P$T2$3)

.cinit     0    0000f242    00000066     
                  0000f242    0000005d     (.cinit..data.load) [load image, compression = rle]
                  0000f29f    00000001     --HOLE-- [fill = 0]
                  0000f2a0    00000004     (__TI_handler_table)
                  0000f2a4    00000004     (__TI_cinit_table)

.init_array 
*          0    0000c000    00000000     UNINITIALIZED

.TI.persistent 
*          0    00000200    00000000     UNINITIALIZED

PORT1      0    0000ffe4    00000002     
                  0000ffe4    00000002     rts430_eabi.lib : int02.obj (.int02)

PORT2      0    0000ffe6    00000002     
                  0000ffe6    00000002     rts430_eabi.lib : int03.obj (.int03)

ADC10      0    0000ffea    00000002     
                  0000ffea    00000002     main.obj (.int05)

USCIAB0TX 
*          0    0000ffec    00000002     
                  0000ffec    00000002     rts430_eabi.lib : int06.obj (.int06)

USCIAB0RX 
*          0    0000ffee    00000002     
                  0000ffee    00000002     main.obj (.int07)

TIMER0_A1 
*          0    0000fff0    00000002     
                  0000fff0    00000002     rts430_eabi.lib : int08.obj (.int08)

TIMER0_A0 
*          0    0000fff2    00000002     
                  0000fff2    00000002     rts430_eabi.lib : int09.obj (.int09)

WDT        0    0000fff4    00000002     
                  0000fff4    00000002     rts430_eabi.lib : int10.obj (.int10)

COMPARATORA 
*          0    0000fff6    00000002     
                  0000fff6    00000002     rts430_eabi.lib : int11.obj (.int11)

TIMER1_A1 
*          0    0000fff8    00000002     
                  0000fff8    00000002     rts430_eabi.lib : int12.obj (.int12)

TIMER1_A0 
*          0    0000fffa    00000002     
                  0000fffa    00000002     rts430_eabi.lib : int13.obj (.int13)

NMI        0    0000fffc    00000002     
                  0000fffc    00000002     rts430_eabi.lib : int14.obj (.int14)

.reset     0    0000fffe    00000002     
                  0000fffe    00000002     rts430_eabi.lib : boot.obj (.reset)


LINKER GENERATED COPY TABLES

__TI_cinit_table @ 0000f2a4 records: 1, size/record: 4, table size: 4
	.data: load addr=0000f242, load size=0000005d bytes, run addr=00000200, run size=0000014c bytes, compression=rle


LINKER GENERATED HANDLER TABLE

__TI_handler_table @ 0000f2a0 records: 2, size/record: 2, table size: 4
	index: 0, handler: __TI_decompress_rle24
	index: 1, handler: __TI_decompress_none


GLOBAL SYMBOLS: SORTED ALPHABETICALLY BY Name 

address   name                    
-------   ----                    
0000004a  ADC10AE0                
000001b0  ADC10CTL0               
000001b2  ADC10CTL1               
00000048  ADC10DTC0               
00000049  ADC10DTC1               
000001b4  ADC10MEM                
000001bc  ADC10SA                 
0000f194  ADC10_ISR               
00000057  BCSCTL1                 
00000058  BCSCTL2                 
00000053  BCSCTL3                 
0000f1b2  C$$EXIT                 
00000059  CACTL1                  
0000005a  CACTL2                  
000010fb  CALBC1_12MHZ            
000010f9  CALBC1_16MHZ            
000010ff  CALBC1_1MHZ             
000010fd  CALBC1_8MHZ             
000010fa  CALDCO_12MHZ            
000010f8  CALDCO_16MHZ            
000010fe  CALDCO_1MHZ             
000010fc  CALDCO_8MHZ             
0000005b  CAPD                    
0000ed6e  ConfigureADC            
0000efee  ConfigureUART           
00000056  DCOCTL                  
00000128  FCTL1                   
0000012a  FCTL2                   
0000012c  FCTL3                   
00000000  IE1                     
00000001  IE2                     
00000002  IFG1                    
00000003  IFG2                    
00000022  P1DIR                   
00000025  P1IE                    
00000024  P1IES                   
00000023  P1IFG                   
00000020  P1IN                    
00000021  P1OUT                   
00000027  P1REN                   
00000026  P1SEL                   
00000041  P1SEL2                  
0000002a  P2DIR                   
0000002d  P2IE                    
0000002c  P2IES                   
0000002b  P2IFG                   
00000028  P2IN                    
00000029  P2OUT                   
0000002f  P2REN                   
0000002e  P2SEL                   
00000042  P2SEL2                  
0000001a  P3DIR                   
00000018  P3IN                    
00000019  P3OUT                   
00000010  P3REN                   
0000001b  P3SEL                   
00000043  P3SEL2                  
00000172  TA0CCR0                 
00000174  TA0CCR1                 
00000176  TA0CCR2                 
00000162  TA0CCTL0                
00000164  TA0CCTL1                
00000166  TA0CCTL2                
00000160  TA0CTL                  
0000012e  TA0IV                   
00000170  TA0R                    
00000192  TA1CCR0                 
00000194  TA1CCR1                 
00000196  TA1CCR2                 
00000182  TA1CCTL0                
00000184  TA1CCTL1                
00000186  TA1CCTL2                
00000180  TA1CTL                  
0000011e  TA1IV                   
00000190  TA1R                    
000010db  TLV_ADC10_1_LEN         
000010da  TLV_ADC10_1_TAG         
000010c0  TLV_CHECKSUM            
000010f7  TLV_DCO_30_LEN          
000010f6  TLV_DCO_30_TAG          
0000ec84  TransmitCO2             
0000ee2e  TransmitUART            
0000005d  UCA0ABCTL               
00000062  UCA0BR0                 
00000063  UCA0BR1                 
00000060  UCA0CTL0                
00000061  UCA0CTL1                
0000005f  UCA0IRRCTL              
0000005e  UCA0IRTCTL              
00000064  UCA0MCTL                
00000066  UCA0RXBUF               
00000065  UCA0STAT                
00000067  UCA0TXBUF               
0000006a  UCB0BR0                 
0000006b  UCB0BR1                 
00000068  UCB0CTL0                
00000069  UCB0CTL1                
0000006c  UCB0I2CIE               
00000118  UCB0I2COA               
0000011a  UCB0I2CSA               
0000006e  UCB0RXBUF               
0000006d  UCB0STAT                
0000006f  UCB0TXBUF               
0000f130  USCI0RX_ISR             
00000120  WDTCTL                  
00000200  _Denorm                 
0000e472  _Dint                   
0000e1a0  _Dnorm                  
0000dfec  _Dscale                 
0000e8e4  _Dunscale               
00000210  _Eps                    
0000034a  _Errno                  
0000cf6e  _Exp                    
00000280  _FDenorm                
00000290  _FEps                   
000002a0  _FInf                   
000002b0  _FNan                   
000002d0  _FRteps                 
000002c0  _FSnan                  
000002e0  _FXbig                  
000002e4  _FZero                  
00000340  _Fenv                   
0000eed6  _Feraise                
00000220  _Hugeval                
00000230  _Inf                    
0000cb14  _Log                    
00000240  _Nan                    
00000260  _Rteps                  
00000250  _Snan                   
00000344  _Tls_setup__Fenv        
00000270  _Xbig                   
00000278  _Zero                   
000003fe  __STACK_END             
00000032  __STACK_SIZE            
0000f2a4  __TI_CINIT_Base         
0000f2a8  __TI_CINIT_Limit        
0000f2a0  __TI_Handler_Table_Base 
0000f2a4  __TI_Handler_Table_Limit
UNDEFED   __TI_INITARRAY_Base     
UNDEFED   __TI_INITARRAY_Limit    
0000f1a2  __TI_ISR_TRAP           
0000f0fa  __TI_decompress_none    
0000f1a8  __TI_decompress_rle24   
0000db54  __TI_frcaddd            
0000c6b2  __TI_frcdivd            
0000d30a  __TI_frcmpyd            
0000ffe4  __TI_int02              
0000ffe6  __TI_int03              
0000ffea  __TI_int05              
0000ffec  __TI_int06              
0000ffee  __TI_int07              
0000fff0  __TI_int08              
0000fff2  __TI_int09              
0000fff4  __TI_int10              
0000fff6  __TI_int11              
0000fff8  __TI_int12              
0000fffa  __TI_int13              
0000fffc  __TI_int14              
0000e53e  __TI_renormd            
ffffffff  __binit__               
ffffffff  __c_args__              
0000d5fe  __mspabi_addd           
0000e396  __mspabi_cmpd           
0000e7d8  __mspabi_cvtdf          
0000ea46  __mspabi_cvtfd          
0000ddb4  __mspabi_divd           
0000e73e  __mspabi_divf           
0000f0aa  __mspabi_divu           
0000ec2c  __mspabi_divul          
0000f042  __mspabi_fixdi          
0000e9d4  __mspabi_fixdli         
0000f0e8  __mspabi_fixdu          
0000e960  __mspabi_fixdul         
0000f17e  __mspabi_fltid          
0000eea0  __mspabi_fltif          
0000e5fc  __mspabi_fltlid         
0000f19c  __mspabi_fltud          
0000e864  __mspabi_fltuld         
0000f16c  __mspabi_func_epilog_1  
0000f16a  __mspabi_func_epilog_2  
0000f168  __mspabi_func_epilog_3  
0000f166  __mspabi_func_epilog_4  
0000f164  __mspabi_func_epilog_5  
0000f162  __mspabi_func_epilog_6  
0000f160  __mspabi_func_epilog_7  
0000d8e6  __mspabi_mpyd           
0000f0d4  __mspabi_mpyi           
0000f0d4  __mspabi_mpyi_sw        
0000f06a  __mspabi_mpyl           
0000f06a  __mspabi_mpyl_sw        
0000f018  __mspabi_negd           
0000f18a  __mspabi_negf           
0000f0aa  __mspabi_remu           
0000ec2c  __mspabi_remul          
0000efc2  __mspabi_slli           
0000efea  __mspabi_slli_1         
0000efd8  __mspabi_slli_10        
0000efd6  __mspabi_slli_11        
0000efd4  __mspabi_slli_12        
0000efd2  __mspabi_slli_13        
0000efd0  __mspabi_slli_14        
0000efce  __mspabi_slli_15        
0000efe8  __mspabi_slli_2         
0000efe6  __mspabi_slli_3         
0000efe4  __mspabi_slli_4         
0000efe2  __mspabi_slli_5         
0000efe0  __mspabi_slli_6         
0000efde  __mspabi_slli_7         
0000efdc  __mspabi_slli_8         
0000efda  __mspabi_slli_9         
0000f150  __mspabi_slll           
0000ee28  __mspabi_slll_1         
0000ee04  __mspabi_slll_10        
0000ee00  __mspabi_slll_11        
0000edfc  __mspabi_slll_12        
0000edf8  __mspabi_slll_13        
0000edf4  __mspabi_slll_14        
0000edf0  __mspabi_slll_15        
0000ee24  __mspabi_slll_2         
0000ee20  __mspabi_slll_3         
0000ee1c  __mspabi_slll_4         
0000ee18  __mspabi_slll_5         
0000ee14  __mspabi_slll_6         
0000ee10  __mspabi_slll_7         
0000ee0c  __mspabi_slll_8         
0000ee08  __mspabi_slll_9         
0000ef96  __mspabi_srai           
0000efbe  __mspabi_srai_1         
0000efac  __mspabi_srai_10        
0000efaa  __mspabi_srai_11        
0000efa8  __mspabi_srai_12        
0000efa6  __mspabi_srai_13        
0000efa4  __mspabi_srai_14        
0000efa2  __mspabi_srai_15        
0000efbc  __mspabi_srai_2         
0000efba  __mspabi_srai_3         
0000efb8  __mspabi_srai_4         
0000efb6  __mspabi_srai_5         
0000efb4  __mspabi_srai_6         
0000efb2  __mspabi_srai_7         
0000efb0  __mspabi_srai_8         
0000efae  __mspabi_srai_9         
0000f140  __mspabi_sral           
0000edea  __mspabi_sral_1         
0000edc6  __mspabi_sral_10        
0000edc2  __mspabi_sral_11        
0000edbe  __mspabi_sral_12        
0000edba  __mspabi_sral_13        
0000edb6  __mspabi_sral_14        
0000edb2  __mspabi_sral_15        
0000ede6  __mspabi_sral_2         
0000ede2  __mspabi_sral_3         
0000edde  __mspabi_sral_4         
0000edda  __mspabi_sral_5         
0000edd6  __mspabi_sral_6         
0000edd2  __mspabi_sral_7         
0000edce  __mspabi_sral_8         
0000edca  __mspabi_sral_9         
0000ed22  __mspabi_srli           
0000ed68  __mspabi_srli_1         
0000ed44  __mspabi_srli_10        
0000ed40  __mspabi_srli_11        
0000ed3c  __mspabi_srli_12        
0000ed38  __mspabi_srli_13        
0000ed34  __mspabi_srli_14        
0000ed30  __mspabi_srli_15        
0000ed64  __mspabi_srli_2         
0000ed60  __mspabi_srli_3         
0000ed5c  __mspabi_srli_4         
0000ed58  __mspabi_srli_5         
0000ed54  __mspabi_srli_6         
0000ed50  __mspabi_srli_7         
0000ed4c  __mspabi_srli_8         
0000ed48  __mspabi_srli_9         
0000f10c  __mspabi_srll           
0000ebcc  __mspabi_srll_1         
0000eb96  __mspabi_srll_10        
0000eb90  __mspabi_srll_11        
0000eb8a  __mspabi_srll_12        
0000eb84  __mspabi_srll_13        
0000eb7e  __mspabi_srll_14        
0000eb78  __mspabi_srll_15        
0000ebc6  __mspabi_srll_2         
0000ebc0  __mspabi_srll_3         
0000ebba  __mspabi_srll_4         
0000ebb4  __mspabi_srll_5         
0000ebae  __mspabi_srll_6         
0000eba8  __mspabi_srll_7         
0000eba2  __mspabi_srll_8         
0000eb9c  __mspabi_srll_9         
0000ef3a  __mspabi_subd           
0000ebd4  _auto_init              
0000f090  _c_int00_noargs_noexit  
00000346  _lock                   
0000f1b6  _nop                    
0000fffe  _reset_vector           
000003cc  _stack                  
0000f1ae  _system_pre_init        
00000348  _unlock                 
0000f1b2  abort                   
ffffffff  binit                   
0000e69e  calculateCO2            
0000ef68  feraiseexcept           
0000ecd4  getAdcCo2Sensor         
0000f170  log                     
0000eaae  main                    
0000f11e  memcpy                  
0000f0c0  memset                  
0000c000  pow                     
0000ef08  raise                   
0000ee68  signal                  
0000e2b0  uitoa                   


GLOBAL SYMBOLS: SORTED BY Symbol Address 

address   name                    
-------   ----                    
00000000  IE1                     
00000001  IE2                     
00000002  IFG1                    
00000003  IFG2                    
00000010  P3REN                   
00000018  P3IN                    
00000019  P3OUT                   
0000001a  P3DIR                   
0000001b  P3SEL                   
00000020  P1IN                    
00000021  P1OUT                   
00000022  P1DIR                   
00000023  P1IFG                   
00000024  P1IES                   
00000025  P1IE                    
00000026  P1SEL                   
00000027  P1REN                   
00000028  P2IN                    
00000029  P2OUT                   
0000002a  P2DIR                   
0000002b  P2IFG                   
0000002c  P2IES                   
0000002d  P2IE                    
0000002e  P2SEL                   
0000002f  P2REN                   
00000032  __STACK_SIZE            
00000041  P1SEL2                  
00000042  P2SEL2                  
00000043  P3SEL2                  
00000048  ADC10DTC0               
00000049  ADC10DTC1               
0000004a  ADC10AE0                
00000053  BCSCTL3                 
00000056  DCOCTL                  
00000057  BCSCTL1                 
00000058  BCSCTL2                 
00000059  CACTL1                  
0000005a  CACTL2                  
0000005b  CAPD                    
0000005d  UCA0ABCTL               
0000005e  UCA0IRTCTL              
0000005f  UCA0IRRCTL              
00000060  UCA0CTL0                
00000061  UCA0CTL1                
00000062  UCA0BR0                 
00000063  UCA0BR1                 
00000064  UCA0MCTL                
00000065  UCA0STAT                
00000066  UCA0RXBUF               
00000067  UCA0TXBUF               
00000068  UCB0CTL0                
00000069  UCB0CTL1                
0000006a  UCB0BR0                 
0000006b  UCB0BR1                 
0000006c  UCB0I2CIE               
0000006d  UCB0STAT                
0000006e  UCB0RXBUF               
0000006f  UCB0TXBUF               
00000118  UCB0I2COA               
0000011a  UCB0I2CSA               
0000011e  TA1IV                   
00000120  WDTCTL                  
00000128  FCTL1                   
0000012a  FCTL2                   
0000012c  FCTL3                   
0000012e  TA0IV                   
00000160  TA0CTL                  
00000162  TA0CCTL0                
00000164  TA0CCTL1                
00000166  TA0CCTL2                
00000170  TA0R                    
00000172  TA0CCR0                 
00000174  TA0CCR1                 
00000176  TA0CCR2                 
00000180  TA1CTL                  
00000182  TA1CCTL0                
00000184  TA1CCTL1                
00000186  TA1CCTL2                
00000190  TA1R                    
00000192  TA1CCR0                 
00000194  TA1CCR1                 
00000196  TA1CCR2                 
000001b0  ADC10CTL0               
000001b2  ADC10CTL1               
000001b4  ADC10MEM                
000001bc  ADC10SA                 
00000200  _Denorm                 
00000210  _Eps                    
00000220  _Hugeval                
00000230  _Inf                    
00000240  _Nan                    
00000250  _Snan                   
00000260  _Rteps                  
00000270  _Xbig                   
00000278  _Zero                   
00000280  _FDenorm                
00000290  _FEps                   
000002a0  _FInf                   
000002b0  _FNan                   
000002c0  _FSnan                  
000002d0  _FRteps                 
000002e0  _FXbig                  
000002e4  _FZero                  
00000340  _Fenv                   
00000344  _Tls_setup__Fenv        
00000346  _lock                   
00000348  _unlock                 
0000034a  _Errno                  
000003cc  _stack                  
000003fe  __STACK_END             
000010c0  TLV_CHECKSUM            
000010da  TLV_ADC10_1_TAG         
000010db  TLV_ADC10_1_LEN         
000010f6  TLV_DCO_30_TAG          
000010f7  TLV_DCO_30_LEN          
000010f8  CALDCO_16MHZ            
000010f9  CALBC1_16MHZ            
000010fa  CALDCO_12MHZ            
000010fb  CALBC1_12MHZ            
000010fc  CALDCO_8MHZ             
000010fd  CALBC1_8MHZ             
000010fe  CALDCO_1MHZ             
000010ff  CALBC1_1MHZ             
0000c000  pow                     
0000c6b2  __TI_frcdivd            
0000cb14  _Log                    
0000cf6e  _Exp                    
0000d30a  __TI_frcmpyd            
0000d5fe  __mspabi_addd           
0000d8e6  __mspabi_mpyd           
0000db54  __TI_frcaddd            
0000ddb4  __mspabi_divd           
0000dfec  _Dscale                 
0000e1a0  _Dnorm                  
0000e2b0  uitoa                   
0000e396  __mspabi_cmpd           
0000e472  _Dint                   
0000e53e  __TI_renormd            
0000e5fc  __mspabi_fltlid         
0000e69e  calculateCO2            
0000e73e  __mspabi_divf           
0000e7d8  __mspabi_cvtdf          
0000e864  __mspabi_fltuld         
0000e8e4  _Dunscale               
0000e960  __mspabi_fixdul         
0000e9d4  __mspabi_fixdli         
0000ea46  __mspabi_cvtfd          
0000eaae  main                    
0000eb78  __mspabi_srll_15        
0000eb7e  __mspabi_srll_14        
0000eb84  __mspabi_srll_13        
0000eb8a  __mspabi_srll_12        
0000eb90  __mspabi_srll_11        
0000eb96  __mspabi_srll_10        
0000eb9c  __mspabi_srll_9         
0000eba2  __mspabi_srll_8         
0000eba8  __mspabi_srll_7         
0000ebae  __mspabi_srll_6         
0000ebb4  __mspabi_srll_5         
0000ebba  __mspabi_srll_4         
0000ebc0  __mspabi_srll_3         
0000ebc6  __mspabi_srll_2         
0000ebcc  __mspabi_srll_1         
0000ebd4  _auto_init              
0000ec2c  __mspabi_divul          
0000ec2c  __mspabi_remul          
0000ec84  TransmitCO2             
0000ecd4  getAdcCo2Sensor         
0000ed22  __mspabi_srli           
0000ed30  __mspabi_srli_15        
0000ed34  __mspabi_srli_14        
0000ed38  __mspabi_srli_13        
0000ed3c  __mspabi_srli_12        
0000ed40  __mspabi_srli_11        
0000ed44  __mspabi_srli_10        
0000ed48  __mspabi_srli_9         
0000ed4c  __mspabi_srli_8         
0000ed50  __mspabi_srli_7         
0000ed54  __mspabi_srli_6         
0000ed58  __mspabi_srli_5         
0000ed5c  __mspabi_srli_4         
0000ed60  __mspabi_srli_3         
0000ed64  __mspabi_srli_2         
0000ed68  __mspabi_srli_1         
0000ed6e  ConfigureADC            
0000edb2  __mspabi_sral_15        
0000edb6  __mspabi_sral_14        
0000edba  __mspabi_sral_13        
0000edbe  __mspabi_sral_12        
0000edc2  __mspabi_sral_11        
0000edc6  __mspabi_sral_10        
0000edca  __mspabi_sral_9         
0000edce  __mspabi_sral_8         
0000edd2  __mspabi_sral_7         
0000edd6  __mspabi_sral_6         
0000edda  __mspabi_sral_5         
0000edde  __mspabi_sral_4         
0000ede2  __mspabi_sral_3         
0000ede6  __mspabi_sral_2         
0000edea  __mspabi_sral_1         
0000edf0  __mspabi_slll_15        
0000edf4  __mspabi_slll_14        
0000edf8  __mspabi_slll_13        
0000edfc  __mspabi_slll_12        
0000ee00  __mspabi_slll_11        
0000ee04  __mspabi_slll_10        
0000ee08  __mspabi_slll_9         
0000ee0c  __mspabi_slll_8         
0000ee10  __mspabi_slll_7         
0000ee14  __mspabi_slll_6         
0000ee18  __mspabi_slll_5         
0000ee1c  __mspabi_slll_4         
0000ee20  __mspabi_slll_3         
0000ee24  __mspabi_slll_2         
0000ee28  __mspabi_slll_1         
0000ee2e  TransmitUART            
0000ee68  signal                  
0000eea0  __mspabi_fltif          
0000eed6  _Feraise                
0000ef08  raise                   
0000ef3a  __mspabi_subd           
0000ef68  feraiseexcept           
0000ef96  __mspabi_srai           
0000efa2  __mspabi_srai_15        
0000efa4  __mspabi_srai_14        
0000efa6  __mspabi_srai_13        
0000efa8  __mspabi_srai_12        
0000efaa  __mspabi_srai_11        
0000efac  __mspabi_srai_10        
0000efae  __mspabi_srai_9         
0000efb0  __mspabi_srai_8         
0000efb2  __mspabi_srai_7         
0000efb4  __mspabi_srai_6         
0000efb6  __mspabi_srai_5         
0000efb8  __mspabi_srai_4         
0000efba  __mspabi_srai_3         
0000efbc  __mspabi_srai_2         
0000efbe  __mspabi_srai_1         
0000efc2  __mspabi_slli           
0000efce  __mspabi_slli_15        
0000efd0  __mspabi_slli_14        
0000efd2  __mspabi_slli_13        
0000efd4  __mspabi_slli_12        
0000efd6  __mspabi_slli_11        
0000efd8  __mspabi_slli_10        
0000efda  __mspabi_slli_9         
0000efdc  __mspabi_slli_8         
0000efde  __mspabi_slli_7         
0000efe0  __mspabi_slli_6         
0000efe2  __mspabi_slli_5         
0000efe4  __mspabi_slli_4         
0000efe6  __mspabi_slli_3         
0000efe8  __mspabi_slli_2         
0000efea  __mspabi_slli_1         
0000efee  ConfigureUART           
0000f018  __mspabi_negd           
0000f042  __mspabi_fixdi          
0000f06a  __mspabi_mpyl           
0000f06a  __mspabi_mpyl_sw        
0000f090  _c_int00_noargs_noexit  
0000f0aa  __mspabi_divu           
0000f0aa  __mspabi_remu           
0000f0c0  memset                  
0000f0d4  __mspabi_mpyi           
0000f0d4  __mspabi_mpyi_sw        
0000f0e8  __mspabi_fixdu          
0000f0fa  __TI_decompress_none    
0000f10c  __mspabi_srll           
0000f11e  memcpy                  
0000f130  USCI0RX_ISR             
0000f140  __mspabi_sral           
0000f150  __mspabi_slll           
0000f160  __mspabi_func_epilog_7  
0000f162  __mspabi_func_epilog_6  
0000f164  __mspabi_func_epilog_5  
0000f166  __mspabi_func_epilog_4  
0000f168  __mspabi_func_epilog_3  
0000f16a  __mspabi_func_epilog_2  
0000f16c  __mspabi_func_epilog_1  
0000f170  log                     
0000f17e  __mspabi_fltid          
0000f18a  __mspabi_negf           
0000f194  ADC10_ISR               
0000f19c  __mspabi_fltud          
0000f1a2  __TI_ISR_TRAP           
0000f1a8  __TI_decompress_rle24   
0000f1ae  _system_pre_init        
0000f1b2  C$$EXIT                 
0000f1b2  abort                   
0000f1b6  _nop                    
0000f2a0  __TI_Handler_Table_Base 
0000f2a4  __TI_CINIT_Base         
0000f2a4  __TI_Handler_Table_Limit
0000f2a8  __TI_CINIT_Limit        
0000ffe4  __TI_int02              
0000ffe6  __TI_int03              
0000ffea  __TI_int05              
0000ffec  __TI_int06              
0000ffee  __TI_int07              
0000fff0  __TI_int08              
0000fff2  __TI_int09              
0000fff4  __TI_int10              
0000fff6  __TI_int11              
0000fff8  __TI_int12              
0000fffa  __TI_int13              
0000fffc  __TI_int14              
0000fffe  _reset_vector           
ffffffff  __binit__               
ffffffff  __c_args__              
ffffffff  binit                   
UNDEFED   __TI_INITARRAY_Base     
UNDEFED   __TI_INITARRAY_Limit    

[312 symbols]
