<?xml version="1.0"?>
<link_info>
   <banner>MSP430 Linker PC v4.4.6</banner>
   <copyright>Copyright (c) 2003-2015 Texas Instruments Incorporated</copyright>
   <link_time>0x56323ff5</link_time>
   <link_errors>0x0</link_errors>
   <output_file>MSP-EXP430G2-Launchpad.out</output_file>
   <entry_point>
      <name>_c_int00_noargs_noexit</name>
      <address>0xf0d0</address>
   </entry_point>
   <input_file_list>
      <input_file id="fl-2">
         <path>.\</path>
         <kind>object</kind>
         <file>main.obj</file>
         <name>main.obj</name>
      </input_file>
      <input_file id="fl-31">
         <path>C:\ti\ccsv6\tools\compiler\ti-cgt-msp430_4.4.6\lib\</path>
         <kind>archive</kind>
         <file>rts430_eabi.lib</file>
         <name>addd.obj</name>
      </input_file>
      <input_file id="fl-32">
         <path>C:\ti\ccsv6\tools\compiler\ti-cgt-msp430_4.4.6\lib\</path>
         <kind>archive</kind>
         <file>rts430_eabi.lib</file>
         <name>asr16.obj</name>
      </input_file>
      <input_file id="fl-33">
         <path>C:\ti\ccsv6\tools\compiler\ti-cgt-msp430_4.4.6\lib\</path>
         <kind>archive</kind>
         <file>rts430_eabi.lib</file>
         <name>boot.obj</name>
      </input_file>
      <input_file id="fl-34">
         <path>C:\ti\ccsv6\tools\compiler\ti-cgt-msp430_4.4.6\lib\</path>
         <kind>archive</kind>
         <file>rts430_eabi.lib</file>
         <name>boot_special.obj</name>
      </input_file>
      <input_file id="fl-35">
         <path>C:\ti\ccsv6\tools\compiler\ti-cgt-msp430_4.4.6\lib\</path>
         <kind>archive</kind>
         <file>rts430_eabi.lib</file>
         <name>copy_decompress_none.obj</name>
      </input_file>
      <input_file id="fl-36">
         <path>C:\ti\ccsv6\tools\compiler\ti-cgt-msp430_4.4.6\lib\</path>
         <kind>archive</kind>
         <file>rts430_eabi.lib</file>
         <name>copy_decompress_rle.obj</name>
      </input_file>
      <input_file id="fl-37">
         <path>C:\ti\ccsv6\tools\compiler\ti-cgt-msp430_4.4.6\lib\</path>
         <kind>archive</kind>
         <file>rts430_eabi.lib</file>
         <name>copy_zero_init.obj</name>
      </input_file>
      <input_file id="fl-38">
         <path>C:\ti\ccsv6\tools\compiler\ti-cgt-msp430_4.4.6\lib\</path>
         <kind>archive</kind>
         <file>rts430_eabi.lib</file>
         <name>cvtdf.obj</name>
      </input_file>
      <input_file id="fl-39">
         <path>C:\ti\ccsv6\tools\compiler\ti-cgt-msp430_4.4.6\lib\</path>
         <kind>archive</kind>
         <file>rts430_eabi.lib</file>
         <name>cvtfd.obj</name>
      </input_file>
      <input_file id="fl-3a">
         <path>C:\ti\ccsv6\tools\compiler\ti-cgt-msp430_4.4.6\lib\</path>
         <kind>archive</kind>
         <file>rts430_eabi.lib</file>
         <name>div16u.obj</name>
      </input_file>
      <input_file id="fl-3b">
         <path>C:\ti\ccsv6\tools\compiler\ti-cgt-msp430_4.4.6\lib\</path>
         <kind>archive</kind>
         <file>rts430_eabi.lib</file>
         <name>div32u.obj</name>
      </input_file>
      <input_file id="fl-3c">
         <path>C:\ti\ccsv6\tools\compiler\ti-cgt-msp430_4.4.6\lib\</path>
         <kind>archive</kind>
         <file>rts430_eabi.lib</file>
         <name>epilog.obj</name>
      </input_file>
      <input_file id="fl-3d">
         <path>C:\ti\ccsv6\tools\compiler\ti-cgt-msp430_4.4.6\lib\</path>
         <kind>archive</kind>
         <file>rts430_eabi.lib</file>
         <name>exit.obj</name>
      </input_file>
      <input_file id="fl-3e">
         <path>C:\ti\ccsv6\tools\compiler\ti-cgt-msp430_4.4.6\lib\</path>
         <kind>archive</kind>
         <file>rts430_eabi.lib</file>
         <name>exit_gvars.obj</name>
      </input_file>
      <input_file id="fl-3f">
         <path>C:\ti\ccsv6\tools\compiler\ti-cgt-msp430_4.4.6\lib\</path>
         <kind>archive</kind>
         <file>rts430_eabi.lib</file>
         <name>fixdu.obj</name>
      </input_file>
      <input_file id="fl-40">
         <path>C:\ti\ccsv6\tools\compiler\ti-cgt-msp430_4.4.6\lib\</path>
         <kind>archive</kind>
         <file>rts430_eabi.lib</file>
         <name>fixdul.obj</name>
      </input_file>
      <input_file id="fl-41">
         <path>C:\ti\ccsv6\tools\compiler\ti-cgt-msp430_4.4.6\lib\</path>
         <kind>archive</kind>
         <file>rts430_eabi.lib</file>
         <name>fltud.obj</name>
      </input_file>
      <input_file id="fl-42">
         <path>C:\ti\ccsv6\tools\compiler\ti-cgt-msp430_4.4.6\lib\</path>
         <kind>archive</kind>
         <file>rts430_eabi.lib</file>
         <name>fltuld.obj</name>
      </input_file>
      <input_file id="fl-43">
         <path>C:\ti\ccsv6\tools\compiler\ti-cgt-msp430_4.4.6\lib\</path>
         <kind>archive</kind>
         <file>rts430_eabi.lib</file>
         <name>frcaddd.obj</name>
      </input_file>
      <input_file id="fl-44">
         <path>C:\ti\ccsv6\tools\compiler\ti-cgt-msp430_4.4.6\lib\</path>
         <kind>archive</kind>
         <file>rts430_eabi.lib</file>
         <name>fs_div.obj</name>
      </input_file>
      <input_file id="fl-45">
         <path>C:\ti\ccsv6\tools\compiler\ti-cgt-msp430_4.4.6\lib\</path>
         <kind>archive</kind>
         <file>rts430_eabi.lib</file>
         <name>fs_itof.obj</name>
      </input_file>
      <input_file id="fl-46">
         <path>C:\ti\ccsv6\tools\compiler\ti-cgt-msp430_4.4.6\lib\</path>
         <kind>archive</kind>
         <file>rts430_eabi.lib</file>
         <name>int02.obj</name>
      </input_file>
      <input_file id="fl-47">
         <path>C:\ti\ccsv6\tools\compiler\ti-cgt-msp430_4.4.6\lib\</path>
         <kind>archive</kind>
         <file>rts430_eabi.lib</file>
         <name>int03.obj</name>
      </input_file>
      <input_file id="fl-48">
         <path>C:\ti\ccsv6\tools\compiler\ti-cgt-msp430_4.4.6\lib\</path>
         <kind>archive</kind>
         <file>rts430_eabi.lib</file>
         <name>int06.obj</name>
      </input_file>
      <input_file id="fl-49">
         <path>C:\ti\ccsv6\tools\compiler\ti-cgt-msp430_4.4.6\lib\</path>
         <kind>archive</kind>
         <file>rts430_eabi.lib</file>
         <name>int08.obj</name>
      </input_file>
      <input_file id="fl-4a">
         <path>C:\ti\ccsv6\tools\compiler\ti-cgt-msp430_4.4.6\lib\</path>
         <kind>archive</kind>
         <file>rts430_eabi.lib</file>
         <name>int09.obj</name>
      </input_file>
      <input_file id="fl-4b">
         <path>C:\ti\ccsv6\tools\compiler\ti-cgt-msp430_4.4.6\lib\</path>
         <kind>archive</kind>
         <file>rts430_eabi.lib</file>
         <name>int10.obj</name>
      </input_file>
      <input_file id="fl-4c">
         <path>C:\ti\ccsv6\tools\compiler\ti-cgt-msp430_4.4.6\lib\</path>
         <kind>archive</kind>
         <file>rts430_eabi.lib</file>
         <name>int11.obj</name>
      </input_file>
      <input_file id="fl-4d">
         <path>C:\ti\ccsv6\tools\compiler\ti-cgt-msp430_4.4.6\lib\</path>
         <kind>archive</kind>
         <file>rts430_eabi.lib</file>
         <name>int12.obj</name>
      </input_file>
      <input_file id="fl-4e">
         <path>C:\ti\ccsv6\tools\compiler\ti-cgt-msp430_4.4.6\lib\</path>
         <kind>archive</kind>
         <file>rts430_eabi.lib</file>
         <name>int13.obj</name>
      </input_file>
      <input_file id="fl-4f">
         <path>C:\ti\ccsv6\tools\compiler\ti-cgt-msp430_4.4.6\lib\</path>
         <kind>archive</kind>
         <file>rts430_eabi.lib</file>
         <name>int14.obj</name>
      </input_file>
      <input_file id="fl-50">
         <path>C:\ti\ccsv6\tools\compiler\ti-cgt-msp430_4.4.6\lib\</path>
         <kind>archive</kind>
         <file>rts430_eabi.lib</file>
         <name>isr_trap.obj</name>
      </input_file>
      <input_file id="fl-51">
         <path>C:\ti\ccsv6\tools\compiler\ti-cgt-msp430_4.4.6\lib\</path>
         <kind>archive</kind>
         <file>rts430_eabi.lib</file>
         <name>lsl16.obj</name>
      </input_file>
      <input_file id="fl-52">
         <path>C:\ti\ccsv6\tools\compiler\ti-cgt-msp430_4.4.6\lib\</path>
         <kind>archive</kind>
         <file>rts430_eabi.lib</file>
         <name>lsl32.obj</name>
      </input_file>
      <input_file id="fl-53">
         <path>C:\ti\ccsv6\tools\compiler\ti-cgt-msp430_4.4.6\lib\</path>
         <kind>archive</kind>
         <file>rts430_eabi.lib</file>
         <name>lsr16.obj</name>
      </input_file>
      <input_file id="fl-54">
         <path>C:\ti\ccsv6\tools\compiler\ti-cgt-msp430_4.4.6\lib\</path>
         <kind>archive</kind>
         <file>rts430_eabi.lib</file>
         <name>lsr32.obj</name>
      </input_file>
      <input_file id="fl-55">
         <path>C:\ti\ccsv6\tools\compiler\ti-cgt-msp430_4.4.6\lib\</path>
         <kind>archive</kind>
         <file>rts430_eabi.lib</file>
         <name>memcpy.obj</name>
      </input_file>
      <input_file id="fl-56">
         <path>C:\ti\ccsv6\tools\compiler\ti-cgt-msp430_4.4.6\lib\</path>
         <kind>archive</kind>
         <file>rts430_eabi.lib</file>
         <name>memset.obj</name>
      </input_file>
      <input_file id="fl-57">
         <path>C:\ti\ccsv6\tools\compiler\ti-cgt-msp430_4.4.6\lib\</path>
         <kind>archive</kind>
         <file>rts430_eabi.lib</file>
         <name>mpu_init.obj</name>
      </input_file>
      <input_file id="fl-58">
         <path>C:\ti\ccsv6\tools\compiler\ti-cgt-msp430_4.4.6\lib\</path>
         <kind>archive</kind>
         <file>rts430_eabi.lib</file>
         <name>mpyd.obj</name>
      </input_file>
      <input_file id="fl-59">
         <path>C:\ti\ccsv6\tools\compiler\ti-cgt-msp430_4.4.6\lib\</path>
         <kind>archive</kind>
         <file>rts430_eabi.lib</file>
         <name>pow.obj</name>
      </input_file>
      <input_file id="fl-5a">
         <path>C:\ti\ccsv6\tools\compiler\ti-cgt-msp430_4.4.6\lib\</path>
         <kind>archive</kind>
         <file>rts430_eabi.lib</file>
         <name>pre_init.obj</name>
      </input_file>
      <input_file id="fl-5b">
         <path>C:\ti\ccsv6\tools\compiler\ti-cgt-msp430_4.4.6\lib\</path>
         <kind>archive</kind>
         <file>rts430_eabi.lib</file>
         <name>renormd.obj</name>
      </input_file>
      <input_file id="fl-5c">
         <path>C:\ti\ccsv6\tools\compiler\ti-cgt-msp430_4.4.6\lib\</path>
         <kind>archive</kind>
         <file>rts430_eabi.lib</file>
         <name>subd.obj</name>
      </input_file>
      <input_file id="fl-5d">
         <path>C:\ti\ccsv6\tools\compiler\ti-cgt-msp430_4.4.6\lib\</path>
         <kind>archive</kind>
         <file>rts430_eabi.lib</file>
         <name>xdint.obj</name>
      </input_file>
      <input_file id="fl-5e">
         <path>C:\ti\ccsv6\tools\compiler\ti-cgt-msp430_4.4.6\lib\</path>
         <kind>archive</kind>
         <file>rts430_eabi.lib</file>
         <name>xdunscal.obj</name>
      </input_file>
      <input_file id="fl-5f">
         <path>C:\ti\ccsv6\tools\compiler\ti-cgt-msp430_4.4.6\lib\</path>
         <kind>archive</kind>
         <file>rts430_eabi.lib</file>
         <name>xexp.obj</name>
      </input_file>
      <input_file id="fl-60">
         <path>C:\ti\ccsv6\tools\compiler\ti-cgt-msp430_4.4.6\lib\</path>
         <kind>archive</kind>
         <file>rts430_eabi.lib</file>
         <name>xferaise.obj</name>
      </input_file>
      <input_file id="fl-61">
         <path>C:\ti\ccsv6\tools\compiler\ti-cgt-msp430_4.4.6\lib\</path>
         <kind>archive</kind>
         <file>rts430_eabi.lib</file>
         <name>xvalues.obj</name>
      </input_file>
      <input_file id="fl-62">
         <path>C:\ti\ccsv6\tools\compiler\ti-cgt-msp430_4.4.6\lib\</path>
         <kind>archive</kind>
         <file>rts430_eabi.lib</file>
         <name>_lock.obj</name>
      </input_file>
      <input_file id="fl-63">
         <path>C:\ti\ccsv6\tools\compiler\ti-cgt-msp430_4.4.6\lib\</path>
         <kind>archive</kind>
         <file>rts430_eabi.lib</file>
         <name>args_main.obj</name>
      </input_file>
      <input_file id="fl-64">
         <path>C:\ti\ccsv6\tools\compiler\ti-cgt-msp430_4.4.6\lib\</path>
         <kind>archive</kind>
         <file>rts430_eabi.lib</file>
         <name>asr32.obj</name>
      </input_file>
      <input_file id="fl-65">
         <path>C:\ti\ccsv6\tools\compiler\ti-cgt-msp430_4.4.6\lib\</path>
         <kind>archive</kind>
         <file>rts430_eabi.lib</file>
         <name>autoinit.obj</name>
      </input_file>
      <input_file id="fl-66">
         <path>C:\ti\ccsv6\tools\compiler\ti-cgt-msp430_4.4.6\lib\</path>
         <kind>archive</kind>
         <file>rts430_eabi.lib</file>
         <name>cmpd.obj</name>
      </input_file>
      <input_file id="fl-67">
         <path>C:\ti\ccsv6\tools\compiler\ti-cgt-msp430_4.4.6\lib\</path>
         <kind>archive</kind>
         <file>rts430_eabi.lib</file>
         <name>divd.obj</name>
      </input_file>
      <input_file id="fl-68">
         <path>C:\ti\ccsv6\tools\compiler\ti-cgt-msp430_4.4.6\lib\</path>
         <kind>archive</kind>
         <file>rts430_eabi.lib</file>
         <name>errno.obj</name>
      </input_file>
      <input_file id="fl-69">
         <path>C:\ti\ccsv6\tools\compiler\ti-cgt-msp430_4.4.6\lib\</path>
         <kind>archive</kind>
         <file>rts430_eabi.lib</file>
         <name>feraiseexcept.obj</name>
      </input_file>
      <input_file id="fl-6a">
         <path>C:\ti\ccsv6\tools\compiler\ti-cgt-msp430_4.4.6\lib\</path>
         <kind>archive</kind>
         <file>rts430_eabi.lib</file>
         <name>fixdi.obj</name>
      </input_file>
      <input_file id="fl-6b">
         <path>C:\ti\ccsv6\tools\compiler\ti-cgt-msp430_4.4.6\lib\</path>
         <kind>archive</kind>
         <file>rts430_eabi.lib</file>
         <name>fixdli.obj</name>
      </input_file>
      <input_file id="fl-6c">
         <path>C:\ti\ccsv6\tools\compiler\ti-cgt-msp430_4.4.6\lib\</path>
         <kind>archive</kind>
         <file>rts430_eabi.lib</file>
         <name>fltid.obj</name>
      </input_file>
      <input_file id="fl-6d">
         <path>C:\ti\ccsv6\tools\compiler\ti-cgt-msp430_4.4.6\lib\</path>
         <kind>archive</kind>
         <file>rts430_eabi.lib</file>
         <name>fltlid.obj</name>
      </input_file>
      <input_file id="fl-6e">
         <path>C:\ti\ccsv6\tools\compiler\ti-cgt-msp430_4.4.6\lib\</path>
         <kind>archive</kind>
         <file>rts430_eabi.lib</file>
         <name>frcdivd.obj</name>
      </input_file>
      <input_file id="fl-6f">
         <path>C:\ti\ccsv6\tools\compiler\ti-cgt-msp430_4.4.6\lib\</path>
         <kind>archive</kind>
         <file>rts430_eabi.lib</file>
         <name>frcmpyd.obj</name>
      </input_file>
      <input_file id="fl-70">
         <path>C:\ti\ccsv6\tools\compiler\ti-cgt-msp430_4.4.6\lib\</path>
         <kind>archive</kind>
         <file>rts430_eabi.lib</file>
         <name>log.obj</name>
      </input_file>
      <input_file id="fl-71">
         <path>C:\ti\ccsv6\tools\compiler\ti-cgt-msp430_4.4.6\lib\</path>
         <kind>archive</kind>
         <file>rts430_eabi.lib</file>
         <name>mult16.obj</name>
      </input_file>
      <input_file id="fl-72">
         <path>C:\ti\ccsv6\tools\compiler\ti-cgt-msp430_4.4.6\lib\</path>
         <kind>archive</kind>
         <file>rts430_eabi.lib</file>
         <name>mult32.obj</name>
      </input_file>
      <input_file id="fl-73">
         <path>C:\ti\ccsv6\tools\compiler\ti-cgt-msp430_4.4.6\lib\</path>
         <kind>archive</kind>
         <file>rts430_eabi.lib</file>
         <name>negd.obj</name>
      </input_file>
      <input_file id="fl-74">
         <path>C:\ti\ccsv6\tools\compiler\ti-cgt-msp430_4.4.6\lib\</path>
         <kind>archive</kind>
         <file>rts430_eabi.lib</file>
         <name>raise.obj</name>
      </input_file>
      <input_file id="fl-75">
         <path>C:\ti\ccsv6\tools\compiler\ti-cgt-msp430_4.4.6\lib\</path>
         <kind>archive</kind>
         <file>rts430_eabi.lib</file>
         <name>signal.obj</name>
      </input_file>
      <input_file id="fl-76">
         <path>C:\ti\ccsv6\tools\compiler\ti-cgt-msp430_4.4.6\lib\</path>
         <kind>archive</kind>
         <file>rts430_eabi.lib</file>
         <name>xdnorm.obj</name>
      </input_file>
      <input_file id="fl-77">
         <path>C:\ti\ccsv6\tools\compiler\ti-cgt-msp430_4.4.6\lib\</path>
         <kind>archive</kind>
         <file>rts430_eabi.lib</file>
         <name>xdscale.obj</name>
      </input_file>
      <input_file id="fl-78">
         <path>C:\ti\ccsv6\tools\compiler\ti-cgt-msp430_4.4.6\lib\</path>
         <kind>archive</kind>
         <file>rts430_eabi.lib</file>
         <name>xlog.obj</name>
      </input_file>
      <input_file id="fl-79">
         <path>C:\ti\ccsv6\tools\compiler\ti-cgt-msp430_4.4.6\lib\</path>
         <kind>archive</kind>
         <file>rts430_eabi.lib</file>
         <name>fs_neg.obj</name>
      </input_file>
      <input_file id="fl-7a">
         <path>C:\ti\ccsv6\tools\compiler\ti-cgt-msp430_4.4.6\lib\</path>
         <kind>archive</kind>
         <file>rts430_eabi.lib</file>
         <name>xfvalues.obj</name>
      </input_file>
   </input_file_list>
   <object_component_list>
      <object_component id="oc-89">
         <name>.stack</name>
         <uninitialized>true</uninitialized>
         <run_address>0x3cc</run_address>
         <size>0x2</size>
         <input_file_ref idref="fl-33"/>
      </object_component>
      <object_component id="oc-3a1">
         <name>.stack</name>
         <uninitialized>true</uninitialized>
         <run_address>0x3cc</run_address>
         <size>0x0</size>
      </object_component>
      <object_component id="oc-226">
         <name>.text:pow</name>
         <load_address>0xc000</load_address>
         <run_address>0xc000</run_address>
         <size>0x6b2</size>
         <input_file_ref idref="fl-59"/>
      </object_component>
      <object_component id="oc-2e6">
         <name>.text:__TI_frcdivd</name>
         <load_address>0xc6b2</load_address>
         <run_address>0xc6b2</run_address>
         <size>0x462</size>
         <input_file_ref idref="fl-6e"/>
      </object_component>
      <object_component id="oc-2df">
         <name>.text:_Log</name>
         <load_address>0xcb14</load_address>
         <run_address>0xcb14</run_address>
         <size>0x45a</size>
         <input_file_ref idref="fl-78"/>
      </object_component>
      <object_component id="oc-29a">
         <name>.text:_Exp</name>
         <load_address>0xcf6e</load_address>
         <run_address>0xcf6e</run_address>
         <size>0x39c</size>
         <input_file_ref idref="fl-5f"/>
      </object_component>
      <object_component id="oc-191">
         <name>.text:__TI_frcmpyd</name>
         <load_address>0xd30a</load_address>
         <run_address>0xd30a</run_address>
         <size>0x2f4</size>
         <input_file_ref idref="fl-6f"/>
      </object_component>
      <object_component id="oc-21a">
         <name>.text:__mspabi_addd</name>
         <load_address>0xd5fe</load_address>
         <run_address>0xd5fe</run_address>
         <size>0x2e8</size>
         <input_file_ref idref="fl-31"/>
      </object_component>
      <object_component id="oc-141">
         <name>.text:__mspabi_mpyd</name>
         <load_address>0xd8e6</load_address>
         <run_address>0xd8e6</run_address>
         <size>0x26e</size>
         <input_file_ref idref="fl-58"/>
      </object_component>
      <object_component id="oc-245">
         <name>.text:__TI_frcaddd</name>
         <load_address>0xdb54</load_address>
         <run_address>0xdb54</run_address>
         <size>0x260</size>
         <input_file_ref idref="fl-43"/>
      </object_component>
      <object_component id="oc-294">
         <name>.text:__mspabi_divd</name>
         <load_address>0xddb4</load_address>
         <run_address>0xddb4</run_address>
         <size>0x238</size>
         <input_file_ref idref="fl-67"/>
      </object_component>
      <object_component id="oc-2f4">
         <name>.text:_Dscale</name>
         <load_address>0xdfec</load_address>
         <run_address>0xdfec</run_address>
         <size>0x1b4</size>
         <input_file_ref idref="fl-77"/>
      </object_component>
      <object_component id="oc-2ba">
         <name>.text:_Dnorm</name>
         <load_address>0xe1a0</load_address>
         <run_address>0xe1a0</run_address>
         <size>0x110</size>
         <input_file_ref idref="fl-76"/>
      </object_component>
      <object_component id="oc-1b9">
         <name>.text:uitoa</name>
         <load_address>0xe2b0</load_address>
         <run_address>0xe2b0</run_address>
         <size>0xe6</size>
         <input_file_ref idref="fl-2"/>
      </object_component>
      <object_component id="oc-25b">
         <name>.text:__mspabi_cmpd</name>
         <load_address>0xe396</load_address>
         <run_address>0xe396</run_address>
         <size>0xdc</size>
         <input_file_ref idref="fl-66"/>
      </object_component>
      <object_component id="oc-255">
         <name>.text:_Dint</name>
         <load_address>0xe472</load_address>
         <run_address>0xe472</run_address>
         <size>0xcc</size>
         <input_file_ref idref="fl-5d"/>
      </object_component>
      <object_component id="oc-2ae">
         <name>.text:__TI_renormd</name>
         <load_address>0xe53e</load_address>
         <run_address>0xe53e</run_address>
         <size>0xbe</size>
         <input_file_ref idref="fl-5b"/>
      </object_component>
      <object_component id="oc-27c">
         <name>.text:__mspabi_fltlid</name>
         <load_address>0xe5fc</load_address>
         <run_address>0xe5fc</run_address>
         <size>0xa2</size>
         <input_file_ref idref="fl-6d"/>
      </object_component>
      <object_component id="oc-1c5">
         <name>.text:calculateCO2</name>
         <load_address>0xe69e</load_address>
         <run_address>0xe69e</run_address>
         <size>0xa0</size>
         <input_file_ref idref="fl-2"/>
      </object_component>
      <object_component id="oc-14d">
         <name>.text:TransmitCO2</name>
         <load_address>0xe73e</load_address>
         <run_address>0xe73e</run_address>
         <size>0x9e</size>
         <input_file_ref idref="fl-2"/>
      </object_component>
      <object_component id="oc-20f">
         <name>.text</name>
         <load_address>0xe7dc</load_address>
         <run_address>0xe7dc</run_address>
         <size>0x9a</size>
         <input_file_ref idref="fl-44"/>
      </object_component>
      <object_component id="oc-220">
         <name>.text:__mspabi_cvtdf</name>
         <load_address>0xe876</load_address>
         <run_address>0xe876</run_address>
         <size>0x8c</size>
         <input_file_ref idref="fl-38"/>
      </object_component>
      <object_component id="oc-185">
         <name>.text:__mspabi_fltuld</name>
         <load_address>0xe902</load_address>
         <run_address>0xe902</run_address>
         <size>0x80</size>
         <input_file_ref idref="fl-42"/>
      </object_component>
      <object_component id="oc-24f">
         <name>.text:_Dunscale</name>
         <load_address>0xe982</load_address>
         <run_address>0xe982</run_address>
         <size>0x7c</size>
         <input_file_ref idref="fl-5e"/>
      </object_component>
      <object_component id="oc-1a3">
         <name>.text:__mspabi_fixdul</name>
         <load_address>0xe9fe</load_address>
         <run_address>0xe9fe</run_address>
         <size>0x74</size>
         <input_file_ref idref="fl-40"/>
      </object_component>
      <object_component id="oc-276">
         <name>.text:__mspabi_fixdli</name>
         <load_address>0xea72</load_address>
         <run_address>0xea72</run_address>
         <size>0x72</size>
         <input_file_ref idref="fl-6b"/>
      </object_component>
      <object_component id="oc-214">
         <name>.text:__mspabi_cvtfd</name>
         <load_address>0xeae4</load_address>
         <run_address>0xeae4</run_address>
         <size>0x68</size>
         <input_file_ref idref="fl-39"/>
      </object_component>
      <object_component id="oc-df">
         <name>.text:main</name>
         <load_address>0xeb4c</load_address>
         <run_address>0xeb4c</run_address>
         <size>0x66</size>
         <input_file_ref idref="fl-2"/>
      </object_component>
      <object_component id="oc-9a">
         <name>.text:__TI_decompress_rle_core</name>
         <load_address>0xebb2</load_address>
         <run_address>0xebb2</run_address>
         <size>0x64</size>
         <input_file_ref idref="fl-36"/>
      </object_component>
      <object_component id="oc-1d9">
         <name>.text:l_lsr_const</name>
         <load_address>0xec16</load_address>
         <run_address>0xec16</run_address>
         <size>0x5c</size>
         <input_file_ref idref="fl-54"/>
      </object_component>
      <object_component id="oc-c5">
         <name>.text:_auto_init</name>
         <load_address>0xec72</load_address>
         <run_address>0xec72</run_address>
         <size>0x58</size>
         <input_file_ref idref="fl-65"/>
      </object_component>
      <object_component id="oc-203">
         <name>.text</name>
         <load_address>0xecca</load_address>
         <run_address>0xecca</run_address>
         <size>0x58</size>
         <input_file_ref idref="fl-3b"/>
      </object_component>
      <object_component id="oc-1f0">
         <name>.text</name>
         <load_address>0xed22</load_address>
         <run_address>0xed22</run_address>
         <size>0x4c</size>
         <input_file_ref idref="fl-53"/>
      </object_component>
      <object_component id="oc-129">
         <name>.text:ConfigureADC</name>
         <load_address>0xed6e</load_address>
         <run_address>0xed6e</run_address>
         <size>0x44</size>
         <input_file_ref idref="fl-2"/>
      </object_component>
      <object_component id="oc-135">
         <name>.text:getAdcCo2Sensor</name>
         <load_address>0xedb2</load_address>
         <run_address>0xedb2</run_address>
         <size>0x40</size>
         <input_file_ref idref="fl-2"/>
      </object_component>
      <object_component id="oc-1e6">
         <name>.text:l_asr_const</name>
         <load_address>0xedf2</load_address>
         <run_address>0xedf2</run_address>
         <size>0x3e</size>
         <input_file_ref idref="fl-64"/>
      </object_component>
      <object_component id="oc-1d4">
         <name>.text:l_lsl_const</name>
         <load_address>0xee30</load_address>
         <run_address>0xee30</run_address>
         <size>0x3e</size>
         <input_file_ref idref="fl-52"/>
      </object_component>
      <object_component id="oc-1bf">
         <name>.text:TransmitUART</name>
         <load_address>0xee6e</load_address>
         <run_address>0xee6e</run_address>
         <size>0x3a</size>
         <input_file_ref idref="fl-2"/>
      </object_component>
      <object_component id="oc-342">
         <name>.text:signal</name>
         <load_address>0xeea8</load_address>
         <run_address>0xeea8</run_address>
         <size>0x38</size>
         <input_file_ref idref="fl-75"/>
      </object_component>
      <object_component id="oc-20a">
         <name>.text</name>
         <load_address>0xeee0</load_address>
         <run_address>0xeee0</run_address>
         <size>0x36</size>
         <input_file_ref idref="fl-45"/>
      </object_component>
      <object_component id="oc-261">
         <name>.text:_Feraise</name>
         <load_address>0xef16</load_address>
         <run_address>0xef16</run_address>
         <size>0x32</size>
         <input_file_ref idref="fl-60"/>
      </object_component>
      <object_component id="oc-30d">
         <name>.text:raise</name>
         <load_address>0xef48</load_address>
         <run_address>0xef48</run_address>
         <size>0x32</size>
         <input_file_ref idref="fl-74"/>
      </object_component>
      <object_component id="oc-282">
         <name>.text:__mspabi_subd</name>
         <load_address>0xef7a</load_address>
         <run_address>0xef7a</run_address>
         <size>0x2e</size>
         <input_file_ref idref="fl-5c"/>
      </object_component>
      <object_component id="oc-2c7">
         <name>.text:feraiseexcept</name>
         <load_address>0xefa8</load_address>
         <run_address>0xefa8</run_address>
         <size>0x2e</size>
         <input_file_ref idref="fl-69"/>
      </object_component>
      <object_component id="oc-18c">
         <name>.text</name>
         <load_address>0xefd6</load_address>
         <run_address>0xefd6</run_address>
         <size>0x2c</size>
         <input_file_ref idref="fl-32"/>
      </object_component>
      <object_component id="oc-197">
         <name>.text</name>
         <load_address>0xf002</load_address>
         <run_address>0xf002</run_address>
         <size>0x2c</size>
         <input_file_ref idref="fl-51"/>
      </object_component>
      <object_component id="oc-12f">
         <name>.text:ConfigureUART</name>
         <load_address>0xf02e</load_address>
         <run_address>0xf02e</run_address>
         <size>0x2a</size>
         <input_file_ref idref="fl-2"/>
      </object_component>
      <object_component id="oc-26a">
         <name>.text:__mspabi_negd</name>
         <load_address>0xf058</load_address>
         <run_address>0xf058</run_address>
         <size>0x2a</size>
         <input_file_ref idref="fl-73"/>
      </object_component>
      <object_component id="oc-288">
         <name>.text:__mspabi_fixdi</name>
         <load_address>0xf082</load_address>
         <run_address>0xf082</run_address>
         <size>0x28</size>
         <input_file_ref idref="fl-6a"/>
      </object_component>
      <object_component id="oc-1e1">
         <name>.text</name>
         <load_address>0xf0aa</load_address>
         <run_address>0xf0aa</run_address>
         <size>0x26</size>
         <input_file_ref idref="fl-72"/>
      </object_component>
      <object_component id="oc-65">
         <name>.text:_c_int00_noargs_noexit</name>
         <load_address>0xf0d0</load_address>
         <run_address>0xf0d0</run_address>
         <size>0x1a</size>
         <input_file_ref idref="fl-34"/>
      </object_component>
      <object_component id="oc-17f">
         <name>.text</name>
         <load_address>0xf0ea</load_address>
         <run_address>0xf0ea</run_address>
         <size>0x16</size>
         <input_file_ref idref="fl-3a"/>
      </object_component>
      <object_component id="oc-1b3">
         <name>.text:memset</name>
         <load_address>0xf100</load_address>
         <run_address>0xf100</run_address>
         <size>0x14</size>
         <input_file_ref idref="fl-56"/>
      </object_component>
      <object_component id="oc-325">
         <name>.text</name>
         <load_address>0xf114</load_address>
         <run_address>0xf114</run_address>
         <size>0x14</size>
         <input_file_ref idref="fl-71"/>
      </object_component>
      <object_component id="oc-147">
         <name>.text:__mspabi_fixdu</name>
         <load_address>0xf128</load_address>
         <run_address>0xf128</run_address>
         <size>0x12</size>
         <input_file_ref idref="fl-3f"/>
      </object_component>
      <object_component id="oc-2f">
         <name>.text:decompress:none:__TI_decompress_none</name>
         <load_address>0xf13a</load_address>
         <run_address>0xf13a</run_address>
         <size>0x12</size>
         <input_file_ref idref="fl-35"/>
      </object_component>
      <object_component id="oc-1f5">
         <name>.text:l_lsr</name>
         <load_address>0xf14c</load_address>
         <run_address>0xf14c</run_address>
         <size>0x12</size>
         <input_file_ref idref="fl-54"/>
      </object_component>
      <object_component id="oc-8d">
         <name>.text:memcpy</name>
         <load_address>0xf15e</load_address>
         <run_address>0xf15e</run_address>
         <size>0x12</size>
         <input_file_ref idref="fl-55"/>
      </object_component>
      <object_component id="oc-b2">
         <name>.text:USCI0RX_ISR</name>
         <load_address>0xf170</load_address>
         <run_address>0xf170</run_address>
         <size>0x10</size>
         <input_file_ref idref="fl-2"/>
      </object_component>
      <object_component id="oc-2a9">
         <name>.text:l_asr</name>
         <load_address>0xf180</load_address>
         <run_address>0xf180</run_address>
         <size>0x10</size>
         <input_file_ref idref="fl-64"/>
      </object_component>
      <object_component id="oc-2a4">
         <name>.text:l_lsl</name>
         <load_address>0xf190</load_address>
         <run_address>0xf190</run_address>
         <size>0x10</size>
         <input_file_ref idref="fl-52"/>
      </object_component>
      <object_component id="oc-108">
         <name>.text</name>
         <load_address>0xf1a0</load_address>
         <run_address>0xf1a0</run_address>
         <size>0x10</size>
         <input_file_ref idref="fl-3c"/>
      </object_component>
      <object_component id="oc-28e">
         <name>.text:log</name>
         <load_address>0xf1b0</load_address>
         <run_address>0xf1b0</run_address>
         <size>0xe</size>
         <input_file_ref idref="fl-70"/>
      </object_component>
      <object_component id="oc-270">
         <name>.text:__mspabi_fltid</name>
         <load_address>0xf1be</load_address>
         <run_address>0xf1be</run_address>
         <size>0xc</size>
         <input_file_ref idref="fl-6c"/>
      </object_component>
      <object_component id="oc-31b">
         <name>.text</name>
         <load_address>0xf1ca</load_address>
         <run_address>0xf1ca</run_address>
         <size>0xa</size>
         <input_file_ref idref="fl-79"/>
      </object_component>
      <object_component id="oc-ac">
         <name>.text:ADC10_ISR</name>
         <load_address>0xf1d4</load_address>
         <run_address>0xf1d4</run_address>
         <size>0x8</size>
         <input_file_ref idref="fl-2"/>
      </object_component>
      <object_component id="oc-13b">
         <name>.text:__mspabi_fltud</name>
         <load_address>0xf1dc</load_address>
         <run_address>0xf1dc</run_address>
         <size>0x6</size>
         <input_file_ref idref="fl-41"/>
      </object_component>
      <object_component id="oc-a7">
         <name>.text:_isr:__TI_ISR_TRAP</name>
         <load_address>0xf1e2</load_address>
         <run_address>0xf1e2</run_address>
         <size>0x6</size>
         <input_file_ref idref="fl-50"/>
      </object_component>
      <object_component id="oc-35">
         <name>.text:decompress:rle24:__TI_decompress_rle24</name>
         <load_address>0xf1e8</load_address>
         <run_address>0xf1e8</run_address>
         <size>0x6</size>
         <input_file_ref idref="fl-36"/>
      </object_component>
      <object_component id="oc-bf">
         <name>.text:_system_pre_init</name>
         <load_address>0xf1ee</load_address>
         <run_address>0xf1ee</run_address>
         <size>0x4</size>
         <input_file_ref idref="fl-5a"/>
      </object_component>
      <object_component id="oc-e7">
         <name>.text:abort</name>
         <load_address>0xf1f2</load_address>
         <run_address>0xf1f2</run_address>
         <size>0x4</size>
         <input_file_ref idref="fl-3d"/>
      </object_component>
      <object_component id="oc-16b">
         <name>.text:_nop</name>
         <load_address>0xf1f6</load_address>
         <run_address>0xf1f6</run_address>
         <size>0x2</size>
         <input_file_ref idref="fl-62"/>
      </object_component>
      <object_component id="oc-3a0">
         <name>.cinit..data.load</name>
         <load_address>0xf28a</load_address>
         <run_address>0xf28a</run_address>
         <size>0x5d</size>
      </object_component>
      <object_component id="oc-39e">
         <name>__TI_handler_table</name>
         <load_address>0xf2e8</load_address>
         <run_address>0xf2e8</run_address>
         <size>0x4</size>
      </object_component>
      <object_component id="oc-39f">
         <name>__TI_cinit_table</name>
         <load_address>0xf2ec</load_address>
         <run_address>0xf2ec</run_address>
         <size>0x4</size>
      </object_component>
      <object_component id="oc-320">
         <name>.const:p</name>
         <load_address>0xf1f8</load_address>
         <run_address>0xf1f8</run_address>
         <size>0x38</size>
         <input_file_ref idref="fl-78"/>
      </object_component>
      <object_component id="oc-2c2">
         <name>.const:mask$1</name>
         <load_address>0xf230</load_address>
         <run_address>0xf230</run_address>
         <size>0x20</size>
         <input_file_ref idref="fl-5d"/>
      </object_component>
      <object_component id="oc-2ee">
         <name>.const:s</name>
         <load_address>0xf250</load_address>
         <run_address>0xf250</run_address>
         <size>0x18</size>
         <input_file_ref idref="fl-5f"/>
      </object_component>
      <object_component id="oc-2f1">
         <name>.const:c</name>
         <load_address>0xf268</load_address>
         <run_address>0xf268</run_address>
         <size>0x10</size>
         <input_file_ref idref="fl-5f"/>
      </object_component>
      <object_component id="oc-2c3">
         <name>.const:sub$2</name>
         <load_address>0xf278</load_address>
         <run_address>0xf278</run_address>
         <size>0x8</size>
         <input_file_ref idref="fl-5d"/>
      </object_component>
      <object_component id="oc-1aa">
         <name>.const:.string:$P$T0$1</name>
         <load_address>0xf280</load_address>
         <run_address>0xf280</run_address>
         <size>0x5</size>
         <input_file_ref idref="fl-2"/>
      </object_component>
      <object_component id="oc-1b0">
         <name>.const:.string:$P$T2$3</name>
         <load_address>0xf286</load_address>
         <run_address>0xf286</run_address>
         <size>0x2</size>
         <input_file_ref idref="fl-2"/>
      </object_component>
      <object_component id="oc-1ad">
         <name>.const:.string:$P$T1$2</name>
         <load_address>0xf288</load_address>
         <run_address>0xf288</run_address>
         <size>0x1</size>
         <input_file_ref idref="fl-2"/>
      </object_component>
      <object_component id="oc-3b">
         <name>.int02</name>
         <load_address>0xffe4</load_address>
         <run_address>0xffe4</run_address>
         <size>0x2</size>
         <input_file_ref idref="fl-46"/>
      </object_component>
      <object_component id="oc-3c">
         <name>.int03</name>
         <load_address>0xffe6</load_address>
         <run_address>0xffe6</run_address>
         <size>0x2</size>
         <input_file_ref idref="fl-47"/>
      </object_component>
      <object_component id="oc-3d">
         <name>.int05</name>
         <load_address>0xffea</load_address>
         <run_address>0xffea</run_address>
         <size>0x2</size>
         <input_file_ref idref="fl-2"/>
      </object_component>
      <object_component id="oc-3e">
         <name>.int06</name>
         <load_address>0xffec</load_address>
         <run_address>0xffec</run_address>
         <size>0x2</size>
         <input_file_ref idref="fl-48"/>
      </object_component>
      <object_component id="oc-3f">
         <name>.int07</name>
         <load_address>0xffee</load_address>
         <run_address>0xffee</run_address>
         <size>0x2</size>
         <input_file_ref idref="fl-2"/>
      </object_component>
      <object_component id="oc-40">
         <name>.int08</name>
         <load_address>0xfff0</load_address>
         <run_address>0xfff0</run_address>
         <size>0x2</size>
         <input_file_ref idref="fl-49"/>
      </object_component>
      <object_component id="oc-41">
         <name>.int09</name>
         <load_address>0xfff2</load_address>
         <run_address>0xfff2</run_address>
         <size>0x2</size>
         <input_file_ref idref="fl-4a"/>
      </object_component>
      <object_component id="oc-42">
         <name>.int10</name>
         <load_address>0xfff4</load_address>
         <run_address>0xfff4</run_address>
         <size>0x2</size>
         <input_file_ref idref="fl-4b"/>
      </object_component>
      <object_component id="oc-43">
         <name>.int11</name>
         <load_address>0xfff6</load_address>
         <run_address>0xfff6</run_address>
         <size>0x2</size>
         <input_file_ref idref="fl-4c"/>
      </object_component>
      <object_component id="oc-44">
         <name>.int12</name>
         <load_address>0xfff8</load_address>
         <run_address>0xfff8</run_address>
         <size>0x2</size>
         <input_file_ref idref="fl-4d"/>
      </object_component>
      <object_component id="oc-45">
         <name>.int13</name>
         <load_address>0xfffa</load_address>
         <run_address>0xfffa</run_address>
         <size>0x2</size>
         <input_file_ref idref="fl-4e"/>
      </object_component>
      <object_component id="oc-46">
         <name>.int14</name>
         <load_address>0xfffc</load_address>
         <run_address>0xfffc</run_address>
         <size>0x2</size>
         <input_file_ref idref="fl-4f"/>
      </object_component>
      <object_component id="oc-8c">
         <name>.reset</name>
         <load_address>0xfffe</load_address>
         <run_address>0xfffe</run_address>
         <size>0x2</size>
         <input_file_ref idref="fl-33"/>
      </object_component>
      <object_component id="oc-267">
         <name>.data</name>
         <load_address>0x200</load_address>
         <run_address>0x200</run_address>
         <size>0x80</size>
         <input_file_ref idref="fl-61"/>
      </object_component>
      <object_component id="oc-11a">
         <name>.data:_lock</name>
         <load_address>0x346</load_address>
         <run_address>0x346</run_address>
         <size>0x2</size>
         <input_file_ref idref="fl-62"/>
      </object_component>
      <object_component id="oc-123">
         <name>.data:_unlock</name>
         <load_address>0x348</load_address>
         <run_address>0x348</run_address>
         <size>0x2</size>
         <input_file_ref idref="fl-62"/>
      </object_component>
      <object_component id="oc-2cd">
         <name>.data</name>
         <load_address>0x34a</load_address>
         <run_address>0x34a</run_address>
         <size>0x2</size>
         <input_file_ref idref="fl-68"/>
      </object_component>
      <object_component id="oc-30a">
         <name>.data</name>
         <load_address>0x340</load_address>
         <run_address>0x340</run_address>
         <size>0x6</size>
         <input_file_ref idref="fl-69"/>
      </object_component>
      <object_component id="oc-358">
         <name>.data:sigtable</name>
         <load_address>0x2e8</load_address>
         <run_address>0x2e8</run_address>
         <size>0x58</size>
         <input_file_ref idref="fl-75"/>
      </object_component>
      <object_component id="oc-318">
         <name>.data</name>
         <load_address>0x280</load_address>
         <run_address>0x280</run_address>
         <size>0x68</size>
         <input_file_ref idref="fl-7a"/>
      </object_component>
      <object_component id="oc-1cc">
         <name>.debug_info</name>
         <load_address>0x0</load_address>
         <run_address>0x0</run_address>
         <size>0x553</size>
         <input_file_ref idref="fl-2"/>
      </object_component>
      <object_component id="oc-1ab">
         <name>.debug_info</name>
         <load_address>0x553</load_address>
         <run_address>0x553</run_address>
         <size>0x178</size>
         <input_file_ref idref="fl-2"/>
      </object_component>
      <object_component id="oc-1ae">
         <name>.debug_info</name>
         <load_address>0x6cb</load_address>
         <run_address>0x6cb</run_address>
         <size>0x178</size>
         <input_file_ref idref="fl-2"/>
      </object_component>
      <object_component id="oc-1b1">
         <name>.debug_info</name>
         <load_address>0x843</load_address>
         <run_address>0x843</run_address>
         <size>0x178</size>
         <input_file_ref idref="fl-2"/>
      </object_component>
      <object_component id="oc-1c6">
         <name>.debug_info</name>
         <load_address>0x9bb</load_address>
         <run_address>0x9bb</run_address>
         <size>0x3b1</size>
         <input_file_ref idref="fl-2"/>
      </object_component>
      <object_component id="oc-1ba">
         <name>.debug_info</name>
         <load_address>0xd6c</load_address>
         <run_address>0xd6c</run_address>
         <size>0x412</size>
         <input_file_ref idref="fl-2"/>
      </object_component>
      <object_component id="oc-1c0">
         <name>.debug_info</name>
         <load_address>0x117e</load_address>
         <run_address>0x117e</run_address>
         <size>0x30d</size>
         <input_file_ref idref="fl-2"/>
      </object_component>
      <object_component id="oc-14e">
         <name>.debug_info</name>
         <load_address>0x148b</load_address>
         <run_address>0x148b</run_address>
         <size>0x3f1</size>
         <input_file_ref idref="fl-2"/>
      </object_component>
      <object_component id="oc-130">
         <name>.debug_info</name>
         <load_address>0x187c</load_address>
         <run_address>0x187c</run_address>
         <size>0x2c9</size>
         <input_file_ref idref="fl-2"/>
      </object_component>
      <object_component id="oc-12a">
         <name>.debug_info</name>
         <load_address>0x1b45</load_address>
         <run_address>0x1b45</run_address>
         <size>0x331</size>
         <input_file_ref idref="fl-2"/>
      </object_component>
      <object_component id="oc-136">
         <name>.debug_info</name>
         <load_address>0x1e76</load_address>
         <run_address>0x1e76</run_address>
         <size>0x31d</size>
         <input_file_ref idref="fl-2"/>
      </object_component>
      <object_component id="oc-e0">
         <name>.debug_info</name>
         <load_address>0x2193</load_address>
         <run_address>0x2193</run_address>
         <size>0x364</size>
         <input_file_ref idref="fl-2"/>
      </object_component>
      <object_component id="oc-ad">
         <name>.debug_info</name>
         <load_address>0x24f7</load_address>
         <run_address>0x24f7</run_address>
         <size>0x2c2</size>
         <input_file_ref idref="fl-2"/>
      </object_component>
      <object_component id="oc-b3">
         <name>.debug_info</name>
         <load_address>0x27b9</load_address>
         <run_address>0x27b9</run_address>
         <size>0x2c6</size>
         <input_file_ref idref="fl-2"/>
      </object_component>
      <object_component id="oc-f5">
         <name>.debug_info</name>
         <load_address>0x2a7f</load_address>
         <run_address>0x2a7f</run_address>
         <size>0x84</size>
         <input_file_ref idref="fl-2"/>
      </object_component>
      <object_component id="oc-154">
         <name>.debug_info</name>
         <load_address>0x2b03</load_address>
         <run_address>0x2b03</run_address>
         <size>0x18b</size>
         <input_file_ref idref="fl-2"/>
      </object_component>
      <object_component id="oc-24c">
         <name>.debug_info</name>
         <load_address>0x2c8e</load_address>
         <run_address>0x2c8e</run_address>
         <size>0x173</size>
         <input_file_ref idref="fl-31"/>
      </object_component>
      <object_component id="oc-21b">
         <name>.debug_info</name>
         <load_address>0x2e01</load_address>
         <run_address>0x2e01</run_address>
         <size>0x234</size>
         <input_file_ref idref="fl-31"/>
      </object_component>
      <object_component id="oc-19e">
         <name>.debug_info</name>
         <load_address>0x3035</load_address>
         <run_address>0x3035</run_address>
         <size>0x94</size>
         <input_file_ref idref="fl-31"/>
      </object_component>
      <object_component id="oc-18d">
         <name>.debug_info</name>
         <load_address>0x30c9</load_address>
         <run_address>0x30c9</run_address>
         <size>0xfd</size>
         <input_file_ref idref="fl-32"/>
      </object_component>
      <object_component id="oc-8a">
         <name>.debug_info</name>
         <load_address>0x31c6</load_address>
         <run_address>0x31c6</run_address>
         <size>0xd6</size>
         <input_file_ref idref="fl-33"/>
      </object_component>
      <object_component id="oc-66">
         <name>.debug_info</name>
         <load_address>0x329c</load_address>
         <run_address>0x329c</run_address>
         <size>0x177</size>
         <input_file_ref idref="fl-34"/>
      </object_component>
      <object_component id="oc-99">
         <name>.debug_info</name>
         <load_address>0x3413</load_address>
         <run_address>0x3413</run_address>
         <size>0x193</size>
         <input_file_ref idref="fl-35"/>
      </object_component>
      <object_component id="oc-30">
         <name>.debug_info</name>
         <load_address>0x35a6</load_address>
         <run_address>0x35a6</run_address>
         <size>0x1c0</size>
         <input_file_ref idref="fl-35"/>
      </object_component>
      <object_component id="oc-94">
         <name>.debug_info</name>
         <load_address>0x3766</load_address>
         <run_address>0x3766</run_address>
         <size>0x46</size>
         <input_file_ref idref="fl-35"/>
      </object_component>
      <object_component id="oc-101">
         <name>.debug_info</name>
         <load_address>0x37ac</load_address>
         <run_address>0x37ac</run_address>
         <size>0x2c</size>
         <input_file_ref idref="fl-35"/>
      </object_component>
      <object_component id="oc-a1">
         <name>.debug_info</name>
         <load_address>0x37d8</load_address>
         <run_address>0x37d8</run_address>
         <size>0x155</size>
         <input_file_ref idref="fl-36"/>
      </object_component>
      <object_component id="oc-9b">
         <name>.debug_info</name>
         <load_address>0x392d</load_address>
         <run_address>0x392d</run_address>
         <size>0x21b</size>
         <input_file_ref idref="fl-36"/>
      </object_component>
      <object_component id="oc-36">
         <name>.debug_info</name>
         <load_address>0x3b48</load_address>
         <run_address>0x3b48</run_address>
         <size>0x192</size>
         <input_file_ref idref="fl-36"/>
      </object_component>
      <object_component id="oc-a2">
         <name>.debug_info</name>
         <load_address>0x3cda</load_address>
         <run_address>0x3cda</run_address>
         <size>0x39</size>
         <input_file_ref idref="fl-36"/>
      </object_component>
      <object_component id="oc-fc">
         <name>.debug_info</name>
         <load_address>0x3d13</load_address>
         <run_address>0x3d13</run_address>
         <size>0x2c</size>
         <input_file_ref idref="fl-37"/>
      </object_component>
      <object_component id="oc-24e">
         <name>.debug_info</name>
         <load_address>0x3d3f</load_address>
         <run_address>0x3d3f</run_address>
         <size>0x131</size>
         <input_file_ref idref="fl-38"/>
      </object_component>
      <object_component id="oc-221">
         <name>.debug_info</name>
         <load_address>0x3e70</load_address>
         <run_address>0x3e70</run_address>
         <size>0x1ae</size>
         <input_file_ref idref="fl-38"/>
      </object_component>
      <object_component id="oc-240">
         <name>.debug_info</name>
         <load_address>0x401e</load_address>
         <run_address>0x401e</run_address>
         <size>0xdb</size>
         <input_file_ref idref="fl-38"/>
      </object_component>
      <object_component id="oc-23f">
         <name>.debug_info</name>
         <load_address>0x40f9</load_address>
         <run_address>0x40f9</run_address>
         <size>0x154</size>
         <input_file_ref idref="fl-39"/>
      </object_component>
      <object_component id="oc-215">
         <name>.debug_info</name>
         <load_address>0x424d</load_address>
         <run_address>0x424d</run_address>
         <size>0x1a5</size>
         <input_file_ref idref="fl-39"/>
      </object_component>
      <object_component id="oc-182">
         <name>.debug_info</name>
         <load_address>0x43f2</load_address>
         <run_address>0x43f2</run_address>
         <size>0xfe</size>
         <input_file_ref idref="fl-3a"/>
      </object_component>
      <object_component id="oc-204">
         <name>.debug_info</name>
         <load_address>0x44f0</load_address>
         <run_address>0x44f0</run_address>
         <size>0x100</size>
         <input_file_ref idref="fl-3b"/>
      </object_component>
      <object_component id="oc-109">
         <name>.debug_info</name>
         <load_address>0x45f0</load_address>
         <run_address>0x45f0</run_address>
         <size>0x10b</size>
         <input_file_ref idref="fl-3c"/>
      </object_component>
      <object_component id="oc-e8">
         <name>.debug_info</name>
         <load_address>0x46fb</load_address>
         <run_address>0x46fb</run_address>
         <size>0xf8</size>
         <input_file_ref idref="fl-3d"/>
      </object_component>
      <object_component id="oc-148">
         <name>.debug_info</name>
         <load_address>0x47f3</load_address>
         <run_address>0x47f3</run_address>
         <size>0x141</size>
         <input_file_ref idref="fl-3f"/>
      </object_component>
      <object_component id="oc-1a4">
         <name>.debug_info</name>
         <load_address>0x4934</load_address>
         <run_address>0x4934</run_address>
         <size>0x196</size>
         <input_file_ref idref="fl-40"/>
      </object_component>
      <object_component id="oc-13e">
         <name>.debug_info</name>
         <load_address>0x4aca</load_address>
         <run_address>0x4aca</run_address>
         <size>0x13c</size>
         <input_file_ref idref="fl-41"/>
      </object_component>
      <object_component id="oc-1df">
         <name>.debug_info</name>
         <load_address>0x4c06</load_address>
         <run_address>0x4c06</run_address>
         <size>0x132</size>
         <input_file_ref idref="fl-42"/>
      </object_component>
      <object_component id="oc-186">
         <name>.debug_info</name>
         <load_address>0x4d38</load_address>
         <run_address>0x4d38</run_address>
         <size>0x1b9</size>
         <input_file_ref idref="fl-42"/>
      </object_component>
      <object_component id="oc-2b5">
         <name>.debug_info</name>
         <load_address>0x4ef1</load_address>
         <run_address>0x4ef1</run_address>
         <size>0x167</size>
         <input_file_ref idref="fl-43"/>
      </object_component>
      <object_component id="oc-248">
         <name>.debug_info</name>
         <load_address>0x5058</load_address>
         <run_address>0x5058</run_address>
         <size>0x2ff</size>
         <input_file_ref idref="fl-43"/>
      </object_component>
      <object_component id="oc-212">
         <name>.debug_info</name>
         <load_address>0x5357</load_address>
         <run_address>0x5357</run_address>
         <size>0xfe</size>
         <input_file_ref idref="fl-44"/>
      </object_component>
      <object_component id="oc-20b">
         <name>.debug_info</name>
         <load_address>0x5455</load_address>
         <run_address>0x5455</run_address>
         <size>0x107</size>
         <input_file_ref idref="fl-45"/>
      </object_component>
      <object_component id="oc-a8">
         <name>.debug_info</name>
         <load_address>0x555c</load_address>
         <run_address>0x555c</run_address>
         <size>0xec</size>
         <input_file_ref idref="fl-50"/>
      </object_component>
      <object_component id="oc-198">
         <name>.debug_info</name>
         <load_address>0x5648</load_address>
         <run_address>0x5648</run_address>
         <size>0xfd</size>
         <input_file_ref idref="fl-51"/>
      </object_component>
      <object_component id="oc-2a5">
         <name>.debug_info</name>
         <load_address>0x5745</load_address>
         <run_address>0x5745</run_address>
         <size>0xfd</size>
         <input_file_ref idref="fl-52"/>
      </object_component>
      <object_component id="oc-1d5">
         <name>.debug_info</name>
         <load_address>0x5842</load_address>
         <run_address>0x5842</run_address>
         <size>0x103</size>
         <input_file_ref idref="fl-52"/>
      </object_component>
      <object_component id="oc-1f1">
         <name>.debug_info</name>
         <load_address>0x5945</load_address>
         <run_address>0x5945</run_address>
         <size>0xfd</size>
         <input_file_ref idref="fl-53"/>
      </object_component>
      <object_component id="oc-1f6">
         <name>.debug_info</name>
         <load_address>0x5a42</load_address>
         <run_address>0x5a42</run_address>
         <size>0xfd</size>
         <input_file_ref idref="fl-54"/>
      </object_component>
      <object_component id="oc-1da">
         <name>.debug_info</name>
         <load_address>0x5b3f</load_address>
         <run_address>0x5b3f</run_address>
         <size>0x103</size>
         <input_file_ref idref="fl-54"/>
      </object_component>
      <object_component id="oc-fb">
         <name>.debug_info</name>
         <load_address>0x5c42</load_address>
         <run_address>0x5c42</run_address>
         <size>0x14e</size>
         <input_file_ref idref="fl-55"/>
      </object_component>
      <object_component id="oc-8e">
         <name>.debug_info</name>
         <load_address>0x5d90</load_address>
         <run_address>0x5d90</run_address>
         <size>0x172</size>
         <input_file_ref idref="fl-55"/>
      </object_component>
      <object_component id="oc-202">
         <name>.debug_info</name>
         <load_address>0x5f02</load_address>
         <run_address>0x5f02</run_address>
         <size>0x143</size>
         <input_file_ref idref="fl-56"/>
      </object_component>
      <object_component id="oc-1b5">
         <name>.debug_info</name>
         <load_address>0x6045</load_address>
         <run_address>0x6045</run_address>
         <size>0x227</size>
         <input_file_ref idref="fl-56"/>
      </object_component>
      <object_component id="oc-19d">
         <name>.debug_info</name>
         <load_address>0x626c</load_address>
         <run_address>0x626c</run_address>
         <size>0x16e</size>
         <input_file_ref idref="fl-58"/>
      </object_component>
      <object_component id="oc-142">
         <name>.debug_info</name>
         <load_address>0x63da</load_address>
         <run_address>0x63da</run_address>
         <size>0x2ac</size>
         <input_file_ref idref="fl-58"/>
      </object_component>
      <object_component id="oc-2a1">
         <name>.debug_info</name>
         <load_address>0x6686</load_address>
         <run_address>0x6686</run_address>
         <size>0x245</size>
         <input_file_ref idref="fl-59"/>
      </object_component>
      <object_component id="oc-227">
         <name>.debug_info</name>
         <load_address>0x68cb</load_address>
         <run_address>0x68cb</run_address>
         <size>0x7b3</size>
         <input_file_ref idref="fl-59"/>
      </object_component>
      <object_component id="oc-2d3">
         <name>.debug_info</name>
         <load_address>0x707e</load_address>
         <run_address>0x707e</run_address>
         <size>0x86</size>
         <input_file_ref idref="fl-59"/>
      </object_component>
      <object_component id="oc-c0">
         <name>.debug_info</name>
         <load_address>0x7104</load_address>
         <run_address>0x7104</run_address>
         <size>0x129</size>
         <input_file_ref idref="fl-5a"/>
      </object_component>
      <object_component id="oc-301">
         <name>.debug_info</name>
         <load_address>0x722d</load_address>
         <run_address>0x722d</run_address>
         <size>0x139</size>
         <input_file_ref idref="fl-5b"/>
      </object_component>
      <object_component id="oc-2af">
         <name>.debug_info</name>
         <load_address>0x7366</load_address>
         <run_address>0x7366</run_address>
         <size>0x1cf</size>
         <input_file_ref idref="fl-5b"/>
      </object_component>
      <object_component id="oc-283">
         <name>.debug_info</name>
         <load_address>0x7535</load_address>
         <run_address>0x7535</run_address>
         <size>0x163</size>
         <input_file_ref idref="fl-5c"/>
      </object_component>
      <object_component id="oc-2c5">
         <name>.debug_info</name>
         <load_address>0x7698</load_address>
         <run_address>0x7698</run_address>
         <size>0x162</size>
         <input_file_ref idref="fl-5d"/>
      </object_component>
      <object_component id="oc-256">
         <name>.debug_info</name>
         <load_address>0x77fa</load_address>
         <run_address>0x77fa</run_address>
         <size>0x1d4</size>
         <input_file_ref idref="fl-5d"/>
      </object_component>
      <object_component id="oc-2c1">
         <name>.debug_info</name>
         <load_address>0x79ce</load_address>
         <run_address>0x79ce</run_address>
         <size>0x16d</size>
         <input_file_ref idref="fl-5e"/>
      </object_component>
      <object_component id="oc-250">
         <name>.debug_info</name>
         <load_address>0x7b3b</load_address>
         <run_address>0x7b3b</run_address>
         <size>0x19b</size>
         <input_file_ref idref="fl-5e"/>
      </object_component>
      <object_component id="oc-2fb">
         <name>.debug_info</name>
         <load_address>0x7cd6</load_address>
         <run_address>0x7cd6</run_address>
         <size>0x1bb</size>
         <input_file_ref idref="fl-5f"/>
      </object_component>
      <object_component id="oc-2f2">
         <name>.debug_info</name>
         <load_address>0x7e91</load_address>
         <run_address>0x7e91</run_address>
         <size>0xcb</size>
         <input_file_ref idref="fl-5f"/>
      </object_component>
      <object_component id="oc-2ef">
         <name>.debug_info</name>
         <load_address>0x7f5c</load_address>
         <run_address>0x7f5c</run_address>
         <size>0xcb</size>
         <input_file_ref idref="fl-5f"/>
      </object_component>
      <object_component id="oc-29c">
         <name>.debug_info</name>
         <load_address>0x8027</load_address>
         <run_address>0x8027</run_address>
         <size>0x5e3</size>
         <input_file_ref idref="fl-5f"/>
      </object_component>
      <object_component id="oc-262">
         <name>.debug_info</name>
         <load_address>0x860a</load_address>
         <run_address>0x860a</run_address>
         <size>0x153</size>
         <input_file_ref idref="fl-60"/>
      </object_component>
      <object_component id="oc-268">
         <name>.debug_info</name>
         <load_address>0x875d</load_address>
         <run_address>0x875d</run_address>
         <size>0x1b5</size>
         <input_file_ref idref="fl-61"/>
      </object_component>
      <object_component id="oc-173">
         <name>.debug_info</name>
         <load_address>0x8912</load_address>
         <run_address>0x8912</run_address>
         <size>0x139</size>
         <input_file_ref idref="fl-62"/>
      </object_component>
      <object_component id="oc-11b">
         <name>.debug_info</name>
         <load_address>0x8a4b</load_address>
         <run_address>0x8a4b</run_address>
         <size>0xd5</size>
         <input_file_ref idref="fl-62"/>
      </object_component>
      <object_component id="oc-124">
         <name>.debug_info</name>
         <load_address>0x8b20</load_address>
         <run_address>0x8b20</run_address>
         <size>0xd9</size>
         <input_file_ref idref="fl-62"/>
      </object_component>
      <object_component id="oc-16e">
         <name>.debug_info</name>
         <load_address>0x8bf9</load_address>
         <run_address>0x8bf9</run_address>
         <size>0x104</size>
         <input_file_ref idref="fl-62"/>
      </object_component>
      <object_component id="oc-2aa">
         <name>.debug_info</name>
         <load_address>0x8cfd</load_address>
         <run_address>0x8cfd</run_address>
         <size>0xfd</size>
         <input_file_ref idref="fl-64"/>
      </object_component>
      <object_component id="oc-1e7">
         <name>.debug_info</name>
         <load_address>0x8dfa</load_address>
         <run_address>0x8dfa</run_address>
         <size>0x103</size>
         <input_file_ref idref="fl-64"/>
      </object_component>
      <object_component id="oc-117">
         <name>.debug_info</name>
         <load_address>0x8efd</load_address>
         <run_address>0x8efd</run_address>
         <size>0x2ca</size>
         <input_file_ref idref="fl-65"/>
      </object_component>
      <object_component id="oc-c6">
         <name>.debug_info</name>
         <load_address>0x91c7</load_address>
         <run_address>0x91c7</run_address>
         <size>0x17c</size>
         <input_file_ref idref="fl-65"/>
      </object_component>
      <object_component id="oc-15f">
         <name>.debug_info</name>
         <load_address>0x9343</load_address>
         <run_address>0x9343</run_address>
         <size>0x39</size>
         <input_file_ref idref="fl-65"/>
      </object_component>
      <object_component id="oc-25c">
         <name>.debug_info</name>
         <load_address>0x937c</load_address>
         <run_address>0x937c</run_address>
         <size>0x185</size>
         <input_file_ref idref="fl-66"/>
      </object_component>
      <object_component id="oc-2ed">
         <name>.debug_info</name>
         <load_address>0x9501</load_address>
         <run_address>0x9501</run_address>
         <size>0x16e</size>
         <input_file_ref idref="fl-67"/>
      </object_component>
      <object_component id="oc-297">
         <name>.debug_info</name>
         <load_address>0x966f</load_address>
         <run_address>0x966f</run_address>
         <size>0x260</size>
         <input_file_ref idref="fl-67"/>
      </object_component>
      <object_component id="oc-2ce">
         <name>.debug_info</name>
         <load_address>0x98cf</load_address>
         <run_address>0x98cf</run_address>
         <size>0xd6</size>
         <input_file_ref idref="fl-68"/>
      </object_component>
      <object_component id="oc-341">
         <name>.debug_info</name>
         <load_address>0x99a5</load_address>
         <run_address>0x99a5</run_address>
         <size>0x160</size>
         <input_file_ref idref="fl-69"/>
      </object_component>
      <object_component id="oc-30b">
         <name>.debug_info</name>
         <load_address>0x9b05</load_address>
         <run_address>0x9b05</run_address>
         <size>0x10e</size>
         <input_file_ref idref="fl-69"/>
      </object_component>
      <object_component id="oc-2c8">
         <name>.debug_info</name>
         <load_address>0x9c13</load_address>
         <run_address>0x9c13</run_address>
         <size>0x16f</size>
         <input_file_ref idref="fl-69"/>
      </object_component>
      <object_component id="oc-33c">
         <name>.debug_info</name>
         <load_address>0x9d82</load_address>
         <run_address>0x9d82</run_address>
         <size>0x6f</size>
         <input_file_ref idref="fl-69"/>
      </object_component>
      <object_component id="oc-289">
         <name>.debug_info</name>
         <load_address>0x9df1</load_address>
         <run_address>0x9df1</run_address>
         <size>0x147</size>
         <input_file_ref idref="fl-6a"/>
      </object_component>
      <object_component id="oc-277">
         <name>.debug_info</name>
         <load_address>0x9f38</load_address>
         <run_address>0x9f38</run_address>
         <size>0x196</size>
         <input_file_ref idref="fl-6b"/>
      </object_component>
      <object_component id="oc-271">
         <name>.debug_info</name>
         <load_address>0xa0ce</load_address>
         <run_address>0xa0ce</run_address>
         <size>0x13c</size>
         <input_file_ref idref="fl-6c"/>
      </object_component>
      <object_component id="oc-2dc">
         <name>.debug_info</name>
         <load_address>0xa20a</load_address>
         <run_address>0xa20a</run_address>
         <size>0x132</size>
         <input_file_ref idref="fl-6d"/>
      </object_component>
      <object_component id="oc-27d">
         <name>.debug_info</name>
         <load_address>0xa33c</load_address>
         <run_address>0xa33c</run_address>
         <size>0x1f1</size>
         <input_file_ref idref="fl-6d"/>
      </object_component>
      <object_component id="oc-32b">
         <name>.debug_info</name>
         <load_address>0xa52d</load_address>
         <run_address>0xa52d</run_address>
         <size>0x139</size>
         <input_file_ref idref="fl-6e"/>
      </object_component>
      <object_component id="oc-2e9">
         <name>.debug_info</name>
         <load_address>0xa666</load_address>
         <run_address>0xa666</run_address>
         <size>0x5bf</size>
         <input_file_ref idref="fl-6e"/>
      </object_component>
      <object_component id="oc-1ec">
         <name>.debug_info</name>
         <load_address>0xac25</load_address>
         <run_address>0xac25</run_address>
         <size>0x155</size>
         <input_file_ref idref="fl-6f"/>
      </object_component>
      <object_component id="oc-194">
         <name>.debug_info</name>
         <load_address>0xad7a</load_address>
         <run_address>0xad7a</run_address>
         <size>0x3ad</size>
         <input_file_ref idref="fl-6f"/>
      </object_component>
      <object_component id="oc-290">
         <name>.debug_info</name>
         <load_address>0xb127</load_address>
         <run_address>0xb127</run_address>
         <size>0x11a</size>
         <input_file_ref idref="fl-70"/>
      </object_component>
      <object_component id="oc-327">
         <name>.debug_info</name>
         <load_address>0xb241</load_address>
         <run_address>0xb241</run_address>
         <size>0xfe</size>
         <input_file_ref idref="fl-71"/>
      </object_component>
      <object_component id="oc-1e2">
         <name>.debug_info</name>
         <load_address>0xb33f</load_address>
         <run_address>0xb33f</run_address>
         <size>0xfe</size>
         <input_file_ref idref="fl-72"/>
      </object_component>
      <object_component id="oc-26b">
         <name>.debug_info</name>
         <load_address>0xb43d</load_address>
         <run_address>0xb43d</run_address>
         <size>0x12e</size>
         <input_file_ref idref="fl-73"/>
      </object_component>
      <object_component id="oc-349">
         <name>.debug_info</name>
         <load_address>0xb56b</load_address>
         <run_address>0xb56b</run_address>
         <size>0x16f</size>
         <input_file_ref idref="fl-74"/>
      </object_component>
      <object_component id="oc-30e">
         <name>.debug_info</name>
         <load_address>0xb6da</load_address>
         <run_address>0xb6da</run_address>
         <size>0x15a</size>
         <input_file_ref idref="fl-74"/>
      </object_component>
      <object_component id="oc-35f">
         <name>.debug_info</name>
         <load_address>0xb834</load_address>
         <run_address>0xb834</run_address>
         <size>0x2c</size>
         <input_file_ref idref="fl-74"/>
      </object_component>
      <object_component id="oc-35c">
         <name>.debug_info</name>
         <load_address>0xb860</load_address>
         <run_address>0xb860</run_address>
         <size>0x18f</size>
         <input_file_ref idref="fl-75"/>
      </object_component>
      <object_component id="oc-359">
         <name>.debug_info</name>
         <load_address>0xb9ef</load_address>
         <run_address>0xb9ef</run_address>
         <size>0xdb</size>
         <input_file_ref idref="fl-75"/>
      </object_component>
      <object_component id="oc-343">
         <name>.debug_info</name>
         <load_address>0xbaca</load_address>
         <run_address>0xbaca</run_address>
         <size>0x16a</size>
         <input_file_ref idref="fl-75"/>
      </object_component>
      <object_component id="oc-305">
         <name>.debug_info</name>
         <load_address>0xbc34</load_address>
         <run_address>0xbc34</run_address>
         <size>0x138</size>
         <input_file_ref idref="fl-76"/>
      </object_component>
      <object_component id="oc-2bb">
         <name>.debug_info</name>
         <load_address>0xbd6c</load_address>
         <run_address>0xbd6c</run_address>
         <size>0x1d7</size>
         <input_file_ref idref="fl-76"/>
      </object_component>
      <object_component id="oc-333">
         <name>.debug_info</name>
         <load_address>0xbf43</load_address>
         <run_address>0xbf43</run_address>
         <size>0x183</size>
         <input_file_ref idref="fl-77"/>
      </object_component>
      <object_component id="oc-2f5">
         <name>.debug_info</name>
         <load_address>0xc0c6</load_address>
         <run_address>0xc0c6</run_address>
         <size>0x275</size>
         <input_file_ref idref="fl-77"/>
      </object_component>
      <object_component id="oc-324">
         <name>.debug_info</name>
         <load_address>0xc33b</load_address>
         <run_address>0xc33b</run_address>
         <size>0x1d6</size>
         <input_file_ref idref="fl-78"/>
      </object_component>
      <object_component id="oc-321">
         <name>.debug_info</name>
         <load_address>0xc511</load_address>
         <run_address>0xc511</run_address>
         <size>0xcb</size>
         <input_file_ref idref="fl-78"/>
      </object_component>
      <object_component id="oc-2e0">
         <name>.debug_info</name>
         <load_address>0xc5dc</load_address>
         <run_address>0xc5dc</run_address>
         <size>0x602</size>
         <input_file_ref idref="fl-78"/>
      </object_component>
      <object_component id="oc-31d">
         <name>.debug_info</name>
         <load_address>0xcbde</load_address>
         <run_address>0xcbde</run_address>
         <size>0xfe</size>
         <input_file_ref idref="fl-79"/>
      </object_component>
      <object_component id="oc-319">
         <name>.debug_info</name>
         <load_address>0xccdc</load_address>
         <run_address>0xccdc</run_address>
         <size>0x1a5</size>
         <input_file_ref idref="fl-7a"/>
      </object_component>
      <object_component id="oc-3a2">
         <name>.debug_info</name>
         <load_address>0xce81</load_address>
         <run_address>0xce81</run_address>
         <size>0xc4</size>
      </object_component>
      <object_component id="oc-22e">
         <name>.debug_line</name>
         <load_address>0x0</load_address>
         <run_address>0x0</run_address>
         <size>0x177</size>
         <input_file_ref idref="fl-2"/>
      </object_component>
      <object_component id="oc-1fc">
         <name>.debug_line</name>
         <load_address>0x177</load_address>
         <run_address>0x177</run_address>
         <size>0xba</size>
         <input_file_ref idref="fl-2"/>
      </object_component>
      <object_component id="oc-1fe">
         <name>.debug_line</name>
         <load_address>0x231</load_address>
         <run_address>0x231</run_address>
         <size>0xba</size>
         <input_file_ref idref="fl-2"/>
      </object_component>
      <object_component id="oc-200">
         <name>.debug_line</name>
         <load_address>0x2eb</load_address>
         <run_address>0x2eb</run_address>
         <size>0xba</size>
         <input_file_ref idref="fl-2"/>
      </object_component>
      <object_component id="oc-1c9">
         <name>.debug_line</name>
         <load_address>0x3a5</load_address>
         <run_address>0x3a5</run_address>
         <size>0xd5</size>
         <input_file_ref idref="fl-2"/>
      </object_component>
      <object_component id="oc-1bd">
         <name>.debug_line</name>
         <load_address>0x47a</load_address>
         <run_address>0x47a</run_address>
         <size>0xf1</size>
         <input_file_ref idref="fl-2"/>
      </object_component>
      <object_component id="oc-1c3">
         <name>.debug_line</name>
         <load_address>0x56b</load_address>
         <run_address>0x56b</run_address>
         <size>0xe1</size>
         <input_file_ref idref="fl-2"/>
      </object_component>
      <object_component id="oc-151">
         <name>.debug_line</name>
         <load_address>0x64c</load_address>
         <run_address>0x64c</run_address>
         <size>0xe1</size>
         <input_file_ref idref="fl-2"/>
      </object_component>
      <object_component id="oc-133">
         <name>.debug_line</name>
         <load_address>0x72d</load_address>
         <run_address>0x72d</run_address>
         <size>0xd7</size>
         <input_file_ref idref="fl-2"/>
      </object_component>
      <object_component id="oc-12d">
         <name>.debug_line</name>
         <load_address>0x804</load_address>
         <run_address>0x804</run_address>
         <size>0xde</size>
         <input_file_ref idref="fl-2"/>
      </object_component>
      <object_component id="oc-139">
         <name>.debug_line</name>
         <load_address>0x8e2</load_address>
         <run_address>0x8e2</run_address>
         <size>0xe7</size>
         <input_file_ref idref="fl-2"/>
      </object_component>
      <object_component id="oc-e3">
         <name>.debug_line</name>
[...]
         <value>0xf016</value>
         <object_component_ref idref="oc-197"/>
      </symbol>
      <symbol id="sm-2d3">
         <name>__mspabi_slli_10</name>
         <value>0xf018</value>
         <object_component_ref idref="oc-197"/>
      </symbol>
      <symbol id="sm-2e3">
         <name>__mspabi_slll_9</name>
         <value>0xee48</value>
         <object_component_ref idref="oc-1d4"/>
      </symbol>
      <symbol id="sm-2e4">
         <name>__mspabi_slll_8</name>
         <value>0xee4c</value>
         <object_component_ref idref="oc-1d4"/>
      </symbol>
      <symbol id="sm-2e5">
         <name>__mspabi_slll_7</name>
         <value>0xee50</value>
         <object_component_ref idref="oc-1d4"/>
      </symbol>
      <symbol id="sm-2e6">
         <name>__mspabi_slll_6</name>
         <value>0xee54</value>
         <object_component_ref idref="oc-1d4"/>
      </symbol>
      <symbol id="sm-2e7">
         <name>__mspabi_slll_5</name>
         <value>0xee58</value>
         <object_component_ref idref="oc-1d4"/>
      </symbol>
      <symbol id="sm-2e8">
         <name>__mspabi_slll_4</name>
         <value>0xee5c</value>
         <object_component_ref idref="oc-1d4"/>
      </symbol>
      <symbol id="sm-2e9">
         <name>__mspabi_slll_3</name>
         <value>0xee60</value>
         <object_component_ref idref="oc-1d4"/>
      </symbol>
      <symbol id="sm-2ea">
         <name>__mspabi_slll_2</name>
         <value>0xee64</value>
         <object_component_ref idref="oc-1d4"/>
      </symbol>
      <symbol id="sm-2eb">
         <name>__mspabi_slll_1</name>
         <value>0xee68</value>
         <object_component_ref idref="oc-1d4"/>
      </symbol>
      <symbol id="sm-2ec">
         <name>__mspabi_slll</name>
         <value>0xf190</value>
         <object_component_ref idref="oc-2a4"/>
      </symbol>
      <symbol id="sm-2ed">
         <name>__mspabi_slll_15</name>
         <value>0xee30</value>
         <object_component_ref idref="oc-1d4"/>
      </symbol>
      <symbol id="sm-2ee">
         <name>__mspabi_slll_14</name>
         <value>0xee34</value>
         <object_component_ref idref="oc-1d4"/>
      </symbol>
      <symbol id="sm-2ef">
         <name>__mspabi_slll_13</name>
         <value>0xee38</value>
         <object_component_ref idref="oc-1d4"/>
      </symbol>
      <symbol id="sm-2f0">
         <name>__mspabi_slll_12</name>
         <value>0xee3c</value>
         <object_component_ref idref="oc-1d4"/>
      </symbol>
      <symbol id="sm-2f1">
         <name>__mspabi_slll_11</name>
         <value>0xee40</value>
         <object_component_ref idref="oc-1d4"/>
      </symbol>
      <symbol id="sm-2f2">
         <name>__mspabi_slll_10</name>
         <value>0xee44</value>
         <object_component_ref idref="oc-1d4"/>
      </symbol>
      <symbol id="sm-2fa">
         <name>__mspabi_srli_8</name>
         <value>0xed4c</value>
         <object_component_ref idref="oc-1f0"/>
      </symbol>
      <symbol id="sm-2fb">
         <name>__mspabi_srli_9</name>
         <value>0xed48</value>
         <object_component_ref idref="oc-1f0"/>
      </symbol>
      <symbol id="sm-2fc">
         <name>__mspabi_srli_6</name>
         <value>0xed54</value>
         <object_component_ref idref="oc-1f0"/>
      </symbol>
      <symbol id="sm-2fd">
         <name>__mspabi_srli_7</name>
         <value>0xed50</value>
         <object_component_ref idref="oc-1f0"/>
      </symbol>
      <symbol id="sm-2fe">
         <name>__mspabi_srli_4</name>
         <value>0xed5c</value>
         <object_component_ref idref="oc-1f0"/>
      </symbol>
      <symbol id="sm-2ff">
         <name>__mspabi_srli_5</name>
         <value>0xed58</value>
         <object_component_ref idref="oc-1f0"/>
      </symbol>
      <symbol id="sm-300">
         <name>__mspabi_srli_2</name>
         <value>0xed64</value>
         <object_component_ref idref="oc-1f0"/>
      </symbol>
      <symbol id="sm-301">
         <name>__mspabi_srli_3</name>
         <value>0xed60</value>
         <object_component_ref idref="oc-1f0"/>
      </symbol>
      <symbol id="sm-302">
         <name>__mspabi_srli_1</name>
         <value>0xed68</value>
         <object_component_ref idref="oc-1f0"/>
      </symbol>
      <symbol id="sm-303">
         <name>__mspabi_srli</name>
         <value>0xed22</value>
         <object_component_ref idref="oc-1f0"/>
      </symbol>
      <symbol id="sm-304">
         <name>__mspabi_srli_15</name>
         <value>0xed30</value>
         <object_component_ref idref="oc-1f0"/>
      </symbol>
      <symbol id="sm-305">
         <name>__mspabi_srli_14</name>
         <value>0xed34</value>
         <object_component_ref idref="oc-1f0"/>
      </symbol>
      <symbol id="sm-306">
         <name>__mspabi_srli_13</name>
         <value>0xed38</value>
         <object_component_ref idref="oc-1f0"/>
      </symbol>
      <symbol id="sm-307">
         <name>__mspabi_srli_12</name>
         <value>0xed3c</value>
         <object_component_ref idref="oc-1f0"/>
      </symbol>
      <symbol id="sm-308">
         <name>__mspabi_srli_11</name>
         <value>0xed40</value>
         <object_component_ref idref="oc-1f0"/>
      </symbol>
      <symbol id="sm-309">
         <name>__mspabi_srli_10</name>
         <value>0xed44</value>
         <object_component_ref idref="oc-1f0"/>
      </symbol>
      <symbol id="sm-319">
         <name>__mspabi_srll_8</name>
         <value>0xec40</value>
         <object_component_ref idref="oc-1d9"/>
      </symbol>
      <symbol id="sm-31a">
         <name>__mspabi_srll_9</name>
         <value>0xec3a</value>
         <object_component_ref idref="oc-1d9"/>
      </symbol>
      <symbol id="sm-31b">
         <name>__mspabi_srll_6</name>
         <value>0xec4c</value>
         <object_component_ref idref="oc-1d9"/>
      </symbol>
      <symbol id="sm-31c">
         <name>__mspabi_srll_7</name>
         <value>0xec46</value>
         <object_component_ref idref="oc-1d9"/>
      </symbol>
      <symbol id="sm-31d">
         <name>__mspabi_srll_4</name>
         <value>0xec58</value>
         <object_component_ref idref="oc-1d9"/>
      </symbol>
      <symbol id="sm-31e">
         <name>__mspabi_srll_5</name>
         <value>0xec52</value>
         <object_component_ref idref="oc-1d9"/>
      </symbol>
      <symbol id="sm-31f">
         <name>__mspabi_srll_2</name>
         <value>0xec64</value>
         <object_component_ref idref="oc-1d9"/>
      </symbol>
      <symbol id="sm-320">
         <name>__mspabi_srll_3</name>
         <value>0xec5e</value>
         <object_component_ref idref="oc-1d9"/>
      </symbol>
      <symbol id="sm-321">
         <name>__mspabi_srll_1</name>
         <value>0xec6a</value>
         <object_component_ref idref="oc-1d9"/>
      </symbol>
      <symbol id="sm-322">
         <name>__mspabi_srll_15</name>
         <value>0xec16</value>
         <object_component_ref idref="oc-1d9"/>
      </symbol>
      <symbol id="sm-323">
         <name>__mspabi_srll_14</name>
         <value>0xec1c</value>
         <object_component_ref idref="oc-1d9"/>
      </symbol>
      <symbol id="sm-324">
         <name>__mspabi_srll_13</name>
         <value>0xec22</value>
         <object_component_ref idref="oc-1d9"/>
      </symbol>
      <symbol id="sm-325">
         <name>__mspabi_srll_12</name>
         <value>0xec28</value>
         <object_component_ref idref="oc-1d9"/>
      </symbol>
      <symbol id="sm-326">
         <name>__mspabi_srll_11</name>
         <value>0xec2e</value>
         <object_component_ref idref="oc-1d9"/>
      </symbol>
      <symbol id="sm-327">
         <name>__mspabi_srll_10</name>
         <value>0xec34</value>
         <object_component_ref idref="oc-1d9"/>
      </symbol>
      <symbol id="sm-328">
         <name>__mspabi_srll</name>
         <value>0xf14c</value>
         <object_component_ref idref="oc-1f5"/>
      </symbol>
      <symbol id="sm-336">
         <name>memcpy</name>
         <value>0xf15e</value>
         <object_component_ref idref="oc-8d"/>
      </symbol>
      <symbol id="sm-344">
         <name>memset</name>
         <value>0xf100</value>
         <object_component_ref idref="oc-1b3"/>
      </symbol>
      <symbol id="sm-367">
         <name>__mspabi_mpyd</name>
         <value>0xd8e6</value>
         <object_component_ref idref="oc-141"/>
      </symbol>
      <symbol id="sm-3b1">
         <name>pow</name>
         <value>0xc000</value>
         <object_component_ref idref="oc-226"/>
      </symbol>
      <symbol id="sm-3ba">
         <name>_system_pre_init</name>
         <value>0xf1ee</value>
         <object_component_ref idref="oc-bf"/>
      </symbol>
      <symbol id="sm-3cd">
         <name>__TI_renormd</name>
         <value>0xe53e</value>
         <object_component_ref idref="oc-2ae"/>
      </symbol>
      <symbol id="sm-3d6">
         <name>__mspabi_subd</name>
         <value>0xef7a</value>
         <object_component_ref idref="oc-282"/>
      </symbol>
      <symbol id="sm-3f0">
         <name>_Dint</name>
         <value>0xe472</value>
         <object_component_ref idref="oc-255"/>
      </symbol>
      <symbol id="sm-401">
         <name>_Dunscale</name>
         <value>0xe982</value>
         <object_component_ref idref="oc-24f"/>
      </symbol>
      <symbol id="sm-42a">
         <name>_Exp</name>
         <value>0xcf6e</value>
         <object_component_ref idref="oc-29a"/>
      </symbol>
      <symbol id="sm-436">
         <name>_Feraise</name>
         <value>0xef16</value>
         <object_component_ref idref="oc-261"/>
      </symbol>
      <symbol id="sm-43d">
         <name>_Rteps</name>
         <value>0x260</value>
         <object_component_ref idref="oc-267"/>
      </symbol>
      <symbol id="sm-43e">
         <name>_Zero</name>
         <value>0x278</value>
         <object_component_ref idref="oc-267"/>
      </symbol>
      <symbol id="sm-43f">
         <name>_Hugeval</name>
         <value>0x220</value>
         <object_component_ref idref="oc-267"/>
      </symbol>
      <symbol id="sm-440">
         <name>_Snan</name>
         <value>0x250</value>
         <object_component_ref idref="oc-267"/>
      </symbol>
      <symbol id="sm-441">
         <name>_Nan</name>
         <value>0x240</value>
         <object_component_ref idref="oc-267"/>
      </symbol>
      <symbol id="sm-442">
         <name>_Inf</name>
         <value>0x230</value>
         <object_component_ref idref="oc-267"/>
      </symbol>
      <symbol id="sm-443">
         <name>_Xbig</name>
         <value>0x270</value>
         <object_component_ref idref="oc-267"/>
      </symbol>
      <symbol id="sm-444">
         <name>_Eps</name>
         <value>0x210</value>
         <object_component_ref idref="oc-267"/>
      </symbol>
      <symbol id="sm-445">
         <name>_Denorm</name>
         <value>0x200</value>
         <object_component_ref idref="oc-267"/>
      </symbol>
      <symbol id="sm-45b">
         <name>_nop</name>
         <value>0xf1f6</value>
         <object_component_ref idref="oc-16b"/>
      </symbol>
      <symbol id="sm-45c">
         <name>_lock</name>
         <value>0x346</value>
         <object_component_ref idref="oc-11a"/>
      </symbol>
      <symbol id="sm-45d">
         <name>_unlock</name>
         <value>0x348</value>
         <object_component_ref idref="oc-123"/>
      </symbol>
      <symbol id="sm-46f">
         <name>__mspabi_sral</name>
         <value>0xf180</value>
         <object_component_ref idref="oc-2a9"/>
      </symbol>
      <symbol id="sm-470">
         <name>__mspabi_sral_15</name>
         <value>0xedf2</value>
         <object_component_ref idref="oc-1e6"/>
      </symbol>
      <symbol id="sm-471">
         <name>__mspabi_sral_14</name>
         <value>0xedf6</value>
         <object_component_ref idref="oc-1e6"/>
      </symbol>
      <symbol id="sm-472">
         <name>__mspabi_sral_13</name>
         <value>0xedfa</value>
         <object_component_ref idref="oc-1e6"/>
      </symbol>
      <symbol id="sm-473">
         <name>__mspabi_sral_12</name>
         <value>0xedfe</value>
         <object_component_ref idref="oc-1e6"/>
      </symbol>
      <symbol id="sm-474">
         <name>__mspabi_sral_11</name>
         <value>0xee02</value>
         <object_component_ref idref="oc-1e6"/>
      </symbol>
      <symbol id="sm-475">
         <name>__mspabi_sral_10</name>
         <value>0xee06</value>
         <object_component_ref idref="oc-1e6"/>
      </symbol>
      <symbol id="sm-476">
         <name>__mspabi_sral_8</name>
         <value>0xee0e</value>
         <object_component_ref idref="oc-1e6"/>
      </symbol>
      <symbol id="sm-477">
         <name>__mspabi_sral_9</name>
         <value>0xee0a</value>
         <object_component_ref idref="oc-1e6"/>
      </symbol>
      <symbol id="sm-478">
         <name>__mspabi_sral_6</name>
         <value>0xee16</value>
         <object_component_ref idref="oc-1e6"/>
      </symbol>
      <symbol id="sm-479">
         <name>__mspabi_sral_7</name>
         <value>0xee12</value>
         <object_component_ref idref="oc-1e6"/>
      </symbol>
      <symbol id="sm-47a">
         <name>__mspabi_sral_4</name>
         <value>0xee1e</value>
         <object_component_ref idref="oc-1e6"/>
      </symbol>
      <symbol id="sm-47b">
         <name>__mspabi_sral_5</name>
         <value>0xee1a</value>
         <object_component_ref idref="oc-1e6"/>
      </symbol>
      <symbol id="sm-47c">
         <name>__mspabi_sral_2</name>
         <value>0xee26</value>
         <object_component_ref idref="oc-1e6"/>
      </symbol>
      <symbol id="sm-47d">
         <name>__mspabi_sral_3</name>
         <value>0xee22</value>
         <object_component_ref idref="oc-1e6"/>
      </symbol>
      <symbol id="sm-47e">
         <name>__mspabi_sral_1</name>
         <value>0xee2a</value>
         <object_component_ref idref="oc-1e6"/>
      </symbol>
      <symbol id="sm-495">
         <name>_auto_init</name>
         <value>0xec72</value>
         <object_component_ref idref="oc-c5"/>
      </symbol>
      <symbol id="sm-4af">
         <name>__mspabi_cmpd</name>
         <value>0xe396</value>
         <object_component_ref idref="oc-25b"/>
      </symbol>
      <symbol id="sm-4d0">
         <name>__mspabi_divd</name>
         <value>0xddb4</value>
         <object_component_ref idref="oc-294"/>
      </symbol>
      <symbol id="sm-4d7">
         <name>_Errno</name>
         <value>0x34a</value>
         <object_component_ref idref="oc-2cd"/>
      </symbol>
      <symbol id="sm-4ef">
         <name>feraiseexcept</name>
         <value>0xefa8</value>
         <object_component_ref idref="oc-2c7"/>
      </symbol>
      <symbol id="sm-4f0">
         <name>_Tls_setup__Fenv</name>
         <value>0x344</value>
         <object_component_ref idref="oc-30a"/>
      </symbol>
      <symbol id="sm-4f1">
         <name>_Fenv</name>
         <value>0x340</value>
         <object_component_ref idref="oc-30a"/>
      </symbol>
      <symbol id="sm-4fe">
         <name>__mspabi_fixdi</name>
         <value>0xf082</value>
         <object_component_ref idref="oc-288"/>
      </symbol>
      <symbol id="sm-50d">
         <name>__mspabi_fixdli</name>
         <value>0xea72</value>
         <object_component_ref idref="oc-276"/>
      </symbol>
      <symbol id="sm-516">
         <name>__mspabi_fltid</name>
         <value>0xf1be</value>
         <object_component_ref idref="oc-270"/>
      </symbol>
      <symbol id="sm-52d">
         <name>__mspabi_fltlid</name>
         <value>0xe5fc</value>
         <object_component_ref idref="oc-27c"/>
      </symbol>
      <symbol id="sm-548">
         <name>__TI_frcdivd</name>
         <value>0xc6b2</value>
         <object_component_ref idref="oc-2e6"/>
      </symbol>
      <symbol id="sm-559">
         <name>__TI_frcmpyd</name>
         <value>0xd30a</value>
         <object_component_ref idref="oc-191"/>
      </symbol>
      <symbol id="sm-562">
         <name>log</name>
         <value>0xf1b0</value>
         <object_component_ref idref="oc-28e"/>
      </symbol>
      <symbol id="sm-56c">
         <name>__mspabi_mpyi_sw</name>
         <value>0xf114</value>
         <object_component_ref idref="oc-325"/>
      </symbol>
      <symbol id="sm-56d">
         <name>__mspabi_mpyi</name>
         <value>0xf114</value>
         <object_component_ref idref="oc-325"/>
      </symbol>
      <symbol id="sm-577">
         <name>__mspabi_mpyl_sw</name>
         <value>0xf0aa</value>
         <object_component_ref idref="oc-1e1"/>
      </symbol>
      <symbol id="sm-578">
         <name>__mspabi_mpyl</name>
         <value>0xf0aa</value>
         <object_component_ref idref="oc-1e1"/>
      </symbol>
      <symbol id="sm-581">
         <name>__mspabi_negd</name>
         <value>0xf058</value>
         <object_component_ref idref="oc-26a"/>
      </symbol>
      <symbol id="sm-594">
         <name>raise</name>
         <value>0xef48</value>
         <object_component_ref idref="oc-30d"/>
      </symbol>
      <symbol id="sm-5a8">
         <name>signal</name>
         <value>0xeea8</value>
         <object_component_ref idref="oc-342"/>
      </symbol>
      <symbol id="sm-5bb">
         <name>_Dnorm</name>
         <value>0xe1a0</value>
         <object_component_ref idref="oc-2ba"/>
      </symbol>
      <symbol id="sm-5d8">
         <name>_Dscale</name>
         <value>0xdfec</value>
         <object_component_ref idref="oc-2f4"/>
      </symbol>
      <symbol id="sm-601">
         <name>_Log</name>
         <value>0xcb14</value>
         <object_component_ref idref="oc-2df"/>
      </symbol>
      <symbol id="sm-60b">
         <name>__mspabi_negf</name>
         <value>0xf1ca</value>
         <object_component_ref idref="oc-31b"/>
      </symbol>
      <symbol id="sm-612">
         <name>_FZero</name>
         <value>0x2e4</value>
         <object_component_ref idref="oc-318"/>
      </symbol>
      <symbol id="sm-613">
         <name>_FRteps</name>
         <value>0x2d0</value>
         <object_component_ref idref="oc-318"/>
      </symbol>
      <symbol id="sm-614">
         <name>_FSnan</name>
         <value>0x2c0</value>
         <object_component_ref idref="oc-318"/>
      </symbol>
      <symbol id="sm-615">
         <name>_FNan</name>
         <value>0x2b0</value>
         <object_component_ref idref="oc-318"/>
      </symbol>
      <symbol id="sm-616">
         <name>_FInf</name>
         <value>0x2a0</value>
         <object_component_ref idref="oc-318"/>
      </symbol>
      <symbol id="sm-617">
         <name>_FEps</name>
         <value>0x290</value>
         <object_component_ref idref="oc-318"/>
      </symbol>
      <symbol id="sm-618">
         <name>_FXbig</name>
         <value>0x2e0</value>
         <object_component_ref idref="oc-318"/>
      </symbol>
      <symbol id="sm-619">
         <name>_FDenorm</name>
         <value>0x280</value>
         <object_component_ref idref="oc-318"/>
      </symbol>
      <symbol id="sm-61b">
         <name>__TI_INITARRAY_Base</name>
         <value>0x0</value>
      </symbol>
      <symbol id="sm-61c">
         <name>__TI_INITARRAY_Limit</name>
         <value>0x0</value>
      </symbol>
   </symbol_table>
   <title>Link successful</title>
</link_info>
